12-27 11:10:59.022 14624 15146 E ActivityManagerWrapper:  mainTaskId=14497   userId=0   windowMode=1   baseIntent=Intent { act=android.intent.action.MAIN flag=287309824 cmp=ComponentInfo{com.google.android.youtube/com.google.android.youtube.app.honeycomb.Shell$HomeActivity} }
12-27 11:10:59.022 14624 15146 E ActivityManagerWrapper:  mainTaskId=14495   userId=0   windowMode=1   baseIntent=Intent { act=android.intent.action.MAIN flag=287309824 cmp=ComponentInfo{com.android.chrome/com.google.android.apps.chrome.Main} }
12-27 11:10:59.031  1816  1853 E WindowManager: setClientVisible ActivityRecord{8b42779 u0 com.aagah/.MainActivity t14503} true
12-27 11:10:59.031  1816  1853 E TransitionController: Collecting Transition (#12667) is not collecting. state=2
12-27 11:10:59.031  1816  1853 E TransitionController: android.util.Log$TerribleFailure: Collecting Transition (#12667) is not collecting. state=2
12-27 11:10:59.031  1816  1853 E TransitionController: 	at android.util.Log.wtf(Log.java:338)
12-27 11:10:59.031  1816  1853 E TransitionController: 	at android.util.Slog.wtfStack(Slog.java:248)
12-27 11:10:59.031  1816  1853 E TransitionController: 	at com.android.server.wm.TransitionController.getCollectingTransition(TransitionController.java:460)
12-27 11:10:59.031  1816  1853 E TransitionController: 	at com.android.server.wm.Transition.calculateTargets(Transition.java:3206)
12-27 11:10:59.031  1816  1853 E TransitionController: 	at com.android.server.wm.Transition.onTransactionReady(Transition.java:2206)
12-27 11:10:59.031  1816  1853 E TransitionController: 	at com.android.server.wm.BLASTSyncEngine$SyncGroup.finishNow(BLASTSyncEngine.java:345)
12-27 11:10:59.031  1816  1853 E TransitionController: 	at com.android.server.wm.BLASTSyncEngine$SyncGroup.tryFinish(BLASTSyncEngine.java:274)
12-27 11:10:59.031  1816  1853 E TransitionController: 	at com.android.server.wm.BLASTSyncEngine$SyncGroup.-$$Nest$mtryFinish(Unknown Source:0)
12-27 11:10:59.031  1816  1853 E TransitionController: 	at com.android.server.wm.BLASTSyncEngine.onSurfacePlacement(BLASTSyncEngine.java:674)
12-27 11:10:59.031  1816  1853 E TransitionController: 	at com.android.server.wm.RootWindowContainer.performSurfacePlacementNoTrace(RootWindowContainer.java:944)
12-27 11:10:59.031  1816  1853 E TransitionController: 	at com.android.server.wm.RootWindowContainer.performSurfacePlacement(RootWindowContainer.java:889)
12-27 11:10:59.031  1816  1853 E TransitionController: 	at com.android.server.wm.WindowSurfacePlacer.performSurfacePlacementLoop(WindowSurfacePlacer.java:200)
12-27 11:10:59.031  1816  1853 E TransitionController: 	at com.android.server.wm.WindowSurfacePlacer.performSurfacePlacement(WindowSurfacePlacer.java:149)
12-27 11:10:59.031  1816  1853 E TransitionController: 	at com.android.server.wm.WindowSurfacePlacer.performSurfacePlacement(WindowSurfacePlacer.java:138)
12-27 11:10:59.031  1816  1853 E TransitionController: 	at com.android.server.wm.WindowSurfacePlacer$Traverser.run(WindowSurfacePlacer.java:80)
12-27 11:10:59.031  1816  1853 E TransitionController: 	at android.os.Handler.handleCallback(Handler.java:959)
12-27 11:10:59.031  1816  1853 E TransitionController: 	at android.os.Handler.dispatchMessage(Handler.java:100)
12-27 11:10:59.031  1816  1853 E TransitionController: 	at android.os.Looper.loopOnce(Looper.java:249)
--
12-27 11:10:59.035  1816  1853 E TransitionController: 	at android.os.Looper.loop(Looper.java:337)
12-27 11:10:59.035  1816  1853 E TransitionController: 	at android.os.HandlerThread.run(HandlerThread.java:85)
12-27 11:10:59.035  1816  1853 E TransitionController: 	at com.android.server.ServiceThread.run(ServiceThread.java:46)
12-27 11:10:59.044  2955  3057 E KeyguardTransitionHandlerImpl: activityCount = 0
12-27 11:10:59.049 14624 15644 E WindowTransitionCompat: startAnimation isFastLaunch = false
12-27 11:10:59.050 14624 15171 E WindowTransitionCompat: printLeash::index = 0, root = Surface(name=Transition Root #12667: Task=14503#149614)/@0xd51362c
12-27 11:10:59.050 14624 15171 E WindowTransitionCompat: 0, check isClosingType type = 1, mode = 1
12-27 11:10:59.050 14624 15171 E WindowTransitionCompat: 1, check isClosingType type = 2, mode = 4
12-27 11:10:59.059 14624 14624 E WindowAnimParamsProvider: getWindowTargetBounds    bounds=Rect(0, 0 - 720, 1600)
12-27 11:10:59.059 14624 14624 E ClipAnimationHelper: updateSourceStack  mSourceInsets=Rect(0, 0 - 0, 0), mSourceStackBounds=Rect(0, 0 - 720, 1600)
12-27 11:10:59.059 14624 14624 E ClipAnimationHelper: updateHomeStack  mSourceInsets=Rect(0, 0 - 0, 0), mHomeStackBounds=Rect(0, 0 - 720, 1600)
12-27 11:10:59.059 14624 14624 E ClipAnimationHelper: updateTargetRect  mSourceRect=RectF(0.0, 0.0, 720.0, 1600.0)   mTargetRect=RectF(0.0, 0.0, 720.0, 1600.0)   mSourceWindowClipInsets=RectF(0.0, 0.0, 0.0, 0.0)   mHomeStackBounds=Rect(0, 0 - 720, 1600)   targetRect=Rect(0, 0 - 720, 1600)
12-27 11:10:59.060 14624 15105 E MultiSpringDynamicAnimation58b3ca3: ERROR Not Found Bundle Radius
12-27 11:10:59.060 14624 15105 E MultiSpringDynamicAnimation58b3ca3: ERROR Not Found Bundle SurfaceExtAlpha
12-27 11:10:59.060 14624 15105 E MultiSpringDynamicAnimation58b3ca3: ERROR Not Found Bundle SurfaceExtAlpha
12-27 11:10:59.061 14624 15105 E MultiSpringDynamicAnimation58b3ca3: ERROR Not Found Bundle SurfaceExtAlpha
12-27 11:10:59.061 14624 14624 E Launcher.application: setClickAppWaitForCallback = false
12-27 11:10:59.074 14624 15146 E ActivityManagerWrapper: get all recent tasks force including 14503
12-27 11:10:59.076  1816  1834 E ApplicationHelper: Fail to get PackageManager
12-27 11:10:59.079 14624 15146 E ActivityManagerWrapper: getRecentTasksForceIncludingTaskIdIfValid: getRecentTasks: size=4
12-27 11:10:59.079 14624 15146 E ActivityManagerWrapper:  mainTaskId=14503   userId=0   windowMode=1   baseIntent=Intent { act=android.intent.action.MAIN flag=270532608 cmp=ComponentInfo{com.aagah/com.aagah.MainActivity} }
12-27 11:10:59.079 14624 15146 E ActivityManagerWrapper:  mainTaskId=14502   userId=0   windowMode=1   baseIntent=Intent { act=null flag=276889600 cmp=ComponentInfo{com.miui.thirdappassistant/com.miui.thirdappassistant.ui.NotificationDetailActivity} }
12-27 11:10:59.079 14624 15146 E ActivityManagerWrapper:  mainTaskId=14497   userId=0   windowMode=1   baseIntent=Intent { act=android.intent.action.MAIN flag=287309824 cmp=ComponentInfo{com.google.android.youtube/com.google.android.youtube.app.honeycomb.Shell$HomeActivity} }
12-27 11:10:59.079 14624 15146 E ActivityManagerWrapper:  mainTaskId=14495   userId=0   windowMode=1   baseIntent=Intent { act=android.intent.action.MAIN flag=287309824 cmp=ComponentInfo{com.android.chrome/com.google.android.apps.chrome.Main} }
12-27 11:10:59.089  1120  1198 E HfLooper: light_data = 4.000000, raw_data = 0.000000, ir_data =-33.000000, gain =1
12-27 11:10:59.116  1180  1180 E MI-SF   : surfaceflinger setAffinity success
12-27 11:10:59.116  1180  1180 E MI-SF   : surfaceflinger setAffinity success
12-27 11:10:59.189  1120  1198 E HfLooper: light_data = 2.000000, raw_data = 0.000000, ir_data =-33.000000, gain =1
12-27 11:10:59.259 14624 14624 E WindowTransitionCompat: com.android.systemui.shared.recents.system.WindowTransitionCompat@3c043bf finishTransition toHome = false
12-27 11:10:59.262  1816  8322 E WindowManager: setClientVisible ActivityRecord{1e770ee u0 com.miui.home/.launcher.Launcher t12785} false
12-27 11:10:59.263  1816  8322 E WindowManager: setClientVisible WallpaperWindowToken{bfdeabe token=android.os.Binder@56fad79} false
12-27 11:10:59.263  1816  8322 E WindowManager: setClientVisible WallpaperWindowToken{f51222b token=android.os.Binder@1316fb3} false
12-27 11:10:59.270  1180  1180 E MI-SF   : surfaceflinger setAffinity success
12-27 11:10:59.273  1816  1853 E WindowManager: setClientVisible WallpaperWindowToken{f51222b token=android.os.Binder@1316fb3} false
12-27 11:10:59.274  1816  1853 E WindowManager: setClientVisible WallpaperWindowToken{bfdeabe token=android.os.Binder@56fad79} false
12-27 11:10:59.283  1816  1816 E MBrainLocalService: notifyAppSwitch failed
12-27 11:10:59.288 14624 15146 E ActivityManagerWrapper: get all recent tasks force including 14503
12-27 11:10:59.290  1816  4264 E WindowManager: setClientVisible WallpaperWindowToken{f51222b token=android.os.Binder@1316fb3} false
12-27 11:10:59.290  1816  4264 E WindowManager: setClientVisible WallpaperWindowToken{bfdeabe token=android.os.Binder@56fad79} false
12-27 11:10:59.290  1120  1198 E HfLooper: light_data = 3.000000, raw_data = 0.000000, ir_data =-33.000000, gain =1
12-27 11:10:59.292 14624 15146 E ActivityManagerWrapper: getRecentTasksForceIncludingTaskIdIfValid: getRecentTasks: size=4
12-27 11:10:59.292 14624 15146 E ActivityManagerWrapper:  mainTaskId=14503   userId=0   windowMode=1   baseIntent=Intent { act=android.intent.action.MAIN flag=270532608 cmp=ComponentInfo{com.aagah/com.aagah.MainActivity} }
12-27 11:10:59.292 14624 15146 E ActivityManagerWrapper:  mainTaskId=14502   userId=0   windowMode=1   baseIntent=Intent { act=null flag=276889600 cmp=ComponentInfo{com.miui.thirdappassistant/com.miui.thirdappassistant.ui.NotificationDetailActivity} }
12-27 11:10:59.292 14624 15146 E ActivityManagerWrapper:  mainTaskId=14497   userId=0   windowMode=1   baseIntent=Intent { act=android.intent.action.MAIN flag=287309824 cmp=ComponentInfo{com.google.android.youtube/com.google.android.youtube.app.honeycomb.Shell$HomeActivity} }
12-27 11:10:59.292 14624 15146 E ActivityManagerWrapper:  mainTaskId=14495   userId=0   windowMode=1   baseIntent=Intent { act=android.intent.action.MAIN flag=287309824 cmp=ComponentInfo{com.android.chrome/com.google.android.apps.chrome.Main} }
12-27 11:10:59.292  3924 17314 E BluetoothAdapterService: getActiveDevices: LeAudioService is null
12-27 11:10:59.296  1816  1853 E WindowManager: setClientVisible WallpaperWindowToken{f51222b token=android.os.Binder@1316fb3} false
12-27 11:10:59.296  1816  1853 E WindowManager: setClientVisible WallpaperWindowToken{bfdeabe token=android.os.Binder@56fad79} false
12-27 11:10:59.305 10073 10115 E QT      : [QT]file does not exist
12-27 11:10:59.370 10073 10073 E TransactionExecutor: Failed to execute the transaction: tId:-2101043896 ClientTransaction{
12-27 11:10:59.370 10073 10073 E TransactionExecutor: tId:-2101043896   transactionItems=[
12-27 11:10:59.370 10073 10073 E TransactionExecutor: tId:-2101043896     LaunchActivityItem{activityToken=android.os.BinderProxy@469264d,intent=Intent { act=android.intent.action.MAIN cat=[android.intent.category.LAUNCHER] flg=0x10200000 cmp=com.aagah/.MainActivity bnds=[31,32][137,138] (has extras) },ident=146024313,info=ActivityInfo{a5288ff com.aagah.MainActivity},curConfig={1.0 405mcc856mnc [en_IN] ldltr sw360dp w360dp h800dp 320dpi nrml long port night finger -keyb/v/h -nav/h winConfig={ mBounds=Rect(0, 0 - 720, 1600) mAppBounds=Rect(0, 0 - 720, 1600) mMaxBounds=Rect(0, 0 - 720, 1600) mDisplayRotation=ROTATION_0 mWindowingMode=fullscreen mActivityType=undefined mAlwaysOnTop=undefined mRotation=ROTATION_0 mInSplitScreen=false letterBoxed=false foScaled=false isSpecificEmbedded=false screenType=0} s.8462 fontWeightAdjustment=0/d themeChanged=0 themeChangedFlags=0 extraData = Bundle[EMPTY_PARCEL] screenType=0/0},overrideConfig={1.0 405mcc856mnc [en_IN] ldltr sw360dp w360dp h800dp 320dpi nrml long port night finger -keyb/v/h -nav/h winConfig={ mBounds=Rect(0, 0 - 720, 1600) mAppBounds=Rect(0, 0 - 720, 1600) mMaxBounds=Rect(0, 0 - 720, 1600) mDisplayRotation=ROTATION_0 mWindowingMode=fullscreen mActivityType=standard mAlwaysOnTop=undefined mRotation=ROTATION_0 mInSplitScreen=false letterBoxed=false foScaled=false isSpecificEmbedded=false screenType=0} s.2 fontWeightAdjustment=0/d themeChanged=0 themeChangedFlags=0 extraData = Bundle[{}] screenType=0/0},deviceId=0,referrer=com.miui.home,procState=2,state=null,persistentState=null,pendingResults=null,pendingNewIntents=null,sceneTransitionInfo=null,profilerInfo=null,assistToken=android.os.BinderProxy@8cb0a0,shareableActivityToken=android.os.BinderProxy@5782459,activityWindowInfo=ActivityWindowInfo{isEmbedded=false, taskBounds=Rect(0, 0 - 720, 1600), taskFragmentBounds=Rect(0, 0 - 720, 1600)}}
12-27 11:10:59.370 10073 10073 E TransactionExecutor: tId:-2101043896     ResumeActivityItem{mActivityToken=android.os.BinderProxy@469264d,procState=-1,updateProcState=false,isForward=true,shouldSendCompatFakeFocus=false}
12-27 11:10:59.370 10073 10073 E TransactionExecutor: tId:-2101043896     Target activity: com.aagah.MainActivity
12-27 11:10:59.370 10073 10073 E TransactionExecutor: tId:-2101043896   ]
12-27 11:10:59.370 10073 10073 E TransactionExecutor: tId:-2101043896 }
12-27 11:10:59.371 10073 10073 E AndroidRuntime: FATAL EXCEPTION: main
12-27 11:10:59.371 10073 10073 E AndroidRuntime: Process: com.aagah, PID: 10073
12-27 11:10:59.371 10073 10073 E AndroidRuntime: java.lang.RuntimeException: Unable to resume activity {com.aagah/com.aagah.MainActivity}: java.lang.NullPointerException: Attempt to invoke virtual method 'boolean com.ninty.system.setting.SystemSetting$VolumeBroadcastReceiver.isRegistered()' on a null object reference
12-27 11:10:59.371 10073 10073 E AndroidRuntime: 	at android.app.ActivityThread.performResumeActivity(ActivityThread.java:5725)
12-27 11:10:59.371 10073 10073 E AndroidRuntime: 	at android.app.ActivityThread.handleResumeActivity(ActivityThread.java:5758)
12-27 11:10:59.371 10073 10073 E AndroidRuntime: 	at android.app.servertransaction.ResumeActivityItem.execute(ResumeActivityItem.java:57)
12-27 11:10:59.371 10073 10073 E AndroidRuntime: 	at android.app.servertransaction.ActivityTransactionItem.execute(ActivityTransactionItem.java:60)
12-27 11:10:59.371 10073 10073 E AndroidRuntime: 	at android.app.servertransaction.TransactionExecutor.executeLifecycleItem(TransactionExecutor.java:237)
12-27 11:10:59.371 10073 10073 E AndroidRuntime: 	at android.app.servertransaction.TransactionExecutor.executeTransactionItems(TransactionExecutor.java:110)
12-27 11:10:59.371 10073 10073 E AndroidRuntime: 	at android.app.servertransaction.TransactionExecutor.execute(TransactionExecutor.java:84)
12-27 11:10:59.371 10073 10073 E AndroidRuntime: 	at android.app.ActivityThread$H.handleMessage(ActivityThread.java:2878)
12-27 11:10:59.371 10073 10073 E AndroidRuntime: 	at android.os.Handler.dispatchMessage(Handler.java:107)
12-27 11:10:59.371 10073 10073 E AndroidRuntime: 	at android.os.Looper.loopOnce(Looper.java:249)
12-27 11:10:59.371 10073 10073 E AndroidRuntime: 	at android.os.Looper.loop(Looper.java:337)
12-27 11:10:59.371 10073 10073 E AndroidRuntime: 	at android.app.ActivityThread.main(ActivityThread.java:9469)
12-27 11:10:59.371 10073 10073 E AndroidRuntime: 	at java.lang.reflect.Method.invoke(Native Method)
12-27 11:10:59.371 10073 10073 E AndroidRuntime: 	at com.android.internal.os.RuntimeInit$MethodAndArgsCaller.run(RuntimeInit.java:636)
12-27 11:10:59.371 10073 10073 E AndroidRuntime: 	at com.android.internal.os.ZygoteInit.main(ZygoteInit.java:1005)
12-27 11:10:59.371 10073 10073 E AndroidRuntime: Caused by: java.lang.NullPointerException: Attempt to invoke virtual method 'boolean com.ninty.system.setting.SystemSetting$VolumeBroadcastReceiver.isRegistered()' on a null object reference
12-27 11:10:59.371 10073 10073 E AndroidRuntime: 	at com.ninty.system.setting.SystemSetting.registerVolumeReceiver(SystemSetting.java:68)
12-27 11:10:59.371 10073 10073 E AndroidRuntime: 	at com.ninty.system.setting.SystemSetting.onHostResume(SystemSetting.java:535)
12-27 11:10:59.371 10073 10073 E AndroidRuntime: 	at com.facebook.react.bridge.ReactContext.onHostResume(ReactContext.java:255)
12-27 11:10:59.371 10073 10073 E AndroidRuntime: 	at com.facebook.react.runtime.ReactLifecycleStateManager.moveToOnHostResume(ReactLifecycleStateManager.kt:38)
12-27 11:10:59.371 10073 10073 E AndroidRuntime: 	at com.facebook.react.runtime.ReactHostImpl.onHostResume(ReactHostImpl.kt:251)
12-27 11:10:59.371 10073 10073 E AndroidRuntime: 	at com.facebook.react.runtime.ReactHostImpl.onHostResume(ReactHostImpl.kt:241)
12-27 11:10:59.371 10073 10073 E AndroidRuntime: 	at com.facebook.react.ReactDelegate.onHostResume(ReactDelegate.kt:130)
12-27 11:10:59.371 10073 10073 E AndroidRuntime: 	at com.facebook.react.ReactActivityDelegate.onResume(ReactActivityDelegate.java:200)
12-27 11:10:59.371 10073 10073 E AndroidRuntime: 	at com.facebook.react.ReactActivity.onResume(ReactActivity.java:76)
12-27 11:10:59.371 10073 10073 E AndroidRuntime: 	at android.app.Instrumentation.callActivityOnResume(Instrumentation.java:1733)
12-27 11:10:59.371 10073 10073 E AndroidRuntime: 	at android.app.Activity.performResume(Activity.java:9378)
12-27 11:10:59.371 10073 10073 E AndroidRuntime: 	at android.app.ActivityThread.performResumeActivity(ActivityThread.java:5712)
12-27 11:10:59.371 10073 10073 E AndroidRuntime: 	... 14 more
12-27 11:10:59.376  7581  8098 E JavaExceptionHandler: Process: com.aagah, PID: 10073
12-27 11:10:59.376  7581  8098 E JavaExceptionHandler: java.lang.RuntimeException: Unable to resume activity {com.aagah/com.aagah.MainActivity}: java.lang.NullPointerException: Attempt to invoke virtual method 'boolean com.ninty.system.setting.SystemSetting$VolumeBroadcastReceiver.isRegistered()' on a null object reference
12-27 11:10:59.376  7581  8098 E JavaExceptionHandler: 	at android.app.ActivityThread.performResumeActivity(ActivityThread.java:5725)
12-27 11:10:59.376  7581  8098 E JavaExceptionHandler: 	at android.app.ActivityThread.handleResumeActivity(ActivityThread.java:5758)
12-27 11:10:59.376  7581  8098 E JavaExceptionHandler: 	at android.app.servertransaction.ResumeActivityItem.execute(ResumeActivityItem.java:57)
12-27 11:10:59.376  7581  8098 E JavaExceptionHandler: 	at android.app.servertransaction.ActivityTransactionItem.execute(ActivityTransactionItem.java:60)
12-27 11:10:59.376  7581  8098 E JavaExceptionHandler: 	at android.app.servertransaction.TransactionExecutor.executeLifecycleItem(TransactionExecutor.java:237)
12-27 11:10:59.376  7581  8098 E JavaExceptionHandler: 	at android.app.servertransaction.TransactionExecutor.executeTransactionItems(TransactionExecutor.java:110)
12-27 11:10:59.376  7581  8098 E JavaExceptionHandler: 	at android.app.servertransaction.TransactionExecutor.execute(TransactionExecutor.java:84)
12-27 11:10:59.376  7581  8098 E JavaExceptionHandler: 	at android.app.ActivityThread$H.handleMessage(ActivityThread.java:2878)
12-27 11:10:59.376  7581  8098 E JavaExceptionHandler: 	at android.os.Handler.dispatchMessage(Handler.java:107)
12-27 11:10:59.376  7581  8098 E JavaExceptionHandler: 	at android.os.Looper.loopOnce(Looper.java:249)
12-27 11:10:59.376  7581  8098 E JavaExceptionHandler: 	at android.os.Looper.loop(Looper.java:337)
12-27 11:10:59.376  7581  8098 E JavaExceptionHandler: 	at android.app.ActivityThread.main(ActivityThread.java:9469)
12-27 11:10:59.376  7581  8098 E JavaExceptionHandler: 	at java.lang.reflect.Method.invoke(Native Method)
12-27 11:10:59.376  7581  8098 E JavaExceptionHandler: 	at com.android.internal.os.RuntimeInit$MethodAndArgsCaller.run(RuntimeInit.java:636)
12-27 11:10:59.376  7581  8098 E JavaExceptionHandler: 	at com.android.internal.os.ZygoteInit.main(ZygoteInit.java:1005)
12-27 11:10:59.376  7581  8098 E JavaExceptionHandler: Caused by: java.lang.NullPointerException: Attempt to invoke virtual method 'boolean com.ninty.system.setting.SystemSetting$VolumeBroadcastReceiver.isRegistered()' on a null object reference
12-27 11:10:59.376  7581  8098 E JavaExceptionHandler: 	at com.ninty.system.setting.SystemSetting.registerVolumeReceiver(SystemSetting.java:68)
12-27 11:10:59.376  7581  8098 E JavaExceptionHandler: 	at com.ninty.system.setting.SystemSetting.onHostResume(SystemSetting.java:535)
12-27 11:10:59.376  7581  8098 E JavaExceptionHandler: 	at com.facebook.react.bridge.ReactContext.onHostResume(ReactContext.java:255)
12-27 11:10:59.376  7581  8098 E JavaExceptionHandler: 	at com.facebook.react.runtime.ReactLifecycleStateManager.moveToOnHostResume(ReactLifecycleStateManager.kt:38)
12-27 11:10:59.376  7581  8098 E JavaExceptionHandler: 	at com.facebook.react.runtime.ReactHostImpl.onHostResume(ReactHostImpl.kt:251)
12-27 11:10:59.376  7581  8098 E JavaExceptionHandler: 	at com.facebook.react.runtime.ReactHostImpl.onHostResume(ReactHostImpl.kt:241)
12-27 11:10:59.376  7581  8098 E JavaExceptionHandler: 	at com.facebook.react.ReactDelegate.onHostResume(ReactDelegate.kt:130)
12-27 11:10:59.376  7581  8098 E JavaExceptionHandler: 	at com.facebook.react.ReactActivityDelegate.onResume(ReactActivityDelegate.java:200)
12-27 11:10:59.376  7581  8098 E JavaExceptionHandler: 	at com.facebook.react.ReactActivity.onResume(ReactActivity.java:76)
12-27 11:10:59.376  7581  8098 E JavaExceptionHandler: 	at android.app.Instrumentation.callActivityOnResume(Instrumentation.java:1733)
12-27 11:10:59.376  7581  8098 E JavaExceptionHandler: 	at android.app.Activity.performResume(Activity.java:9378)
12-27 11:10:59.376  7581  8098 E JavaExceptionHandler: 	at android.app.ActivityThread.performResumeActivity(ActivityThread.java:5712)
12-27 11:10:59.376  7581  8098 E JavaExceptionHandler: 	... 14 more
12-27 11:10:59.382  1816  1816 E MBrainLocalService: notifyAppSwitch failed
12-27 11:10:59.382  1816  3006 E WindowManager: setClientVisible ActivityRecord{1e770ee u0 com.miui.home/.launcher.Launcher t12785} true
12-27 11:10:59.383  1816  3006 E WindowManager: setClientVisible WallpaperWindowToken{f51222b token=android.os.Binder@1316fb3} false
12-27 11:10:59.383  1816  3006 E WindowManager: setClientVisible WallpaperWindowToken{bfdeabe token=android.os.Binder@56fad79} false
12-27 11:10:59.389  1120  1198 E HfLooper: light_data = 3.000000, raw_data = 0.000000, ir_data =-33.000000, gain =1
12-27 11:10:59.391 14624 15146 E ActivityManagerWrapper: get all recent tasks force including 14497
12-27 11:10:59.402  1816  3525 E WindowManager: setClientVisible WallpaperWindowToken{f51222b token=android.os.Binder@1316fb3} true
12-27 11:10:59.403  1816  3525 E WindowManager: setClientVisible WallpaperWindowToken{bfdeabe token=android.os.Binder@56fad79} true
12-27 11:10:59.413 14624 15146 E ActivityManagerWrapper: getRecentTasksForceIncludingTaskIdIfValid: getRecentTasks: size=4
12-27 11:10:59.413 14624 15146 E ActivityManagerWrapper:  mainTaskId=14503   userId=0   windowMode=1   baseIntent=Intent { act=android.intent.action.MAIN flag=270532608 cmp=ComponentInfo{com.aagah/com.aagah.MainActivity} }
12-27 11:10:59.413 14624 15146 E ActivityManagerWrapper:  mainTaskId=14502   userId=0   windowMode=1   baseIntent=Intent { act=null flag=276889600 cmp=ComponentInfo{com.miui.thirdappassistant/com.miui.thirdappassistant.ui.NotificationDetailActivity} }
12-27 11:10:59.413 14624 15146 E ActivityManagerWrapper:  mainTaskId=14497   userId=0   windowMode=1   baseIntent=Intent { act=android.intent.action.MAIN flag=287309824 cmp=ComponentInfo{com.google.android.youtube/com.google.android.youtube.app.honeycomb.Shell$HomeActivity} }
12-27 11:10:59.413 14624 15146 E ActivityManagerWrapper:  mainTaskId=14495   userId=0   windowMode=1   baseIntent=Intent { act=android.intent.action.MAIN flag=287309824 cmp=ComponentInfo{com.android.chrome/com.google.android.apps.chrome.Main} }
12-27 11:10:59.426 14624 31973 E FrameEvents: addRelease: Did not find frame.
12-27 11:10:59.433  9833  9920 E chbox:googleapp: DynamicFPS DF open fail: Permission denied
12-27 11:10:59.433  9833  9920 E chbox:googleapp: FrameInsert open fail: Permission denied
12-27 11:10:59.447  9833  9845 E FrameEvents: addRelease: Did not find frame.
12-27 11:10:59.477  7581  8098 E OOMEventManager: oom event isSystemApp = false isSystem = false isSupportedTestProc = false
12-27 11:10:59.479  1816  1834 E ApplicationHelper: Fail to get PackageManager
12-27 11:10:59.479  1816  1834 E ApplicationHelper: Fail to get PackageManager
12-27 11:10:59.489  1120  1198 E HfLooper: light_data = 4.000000, raw_data = 0.000000, ir_data =-33.000000, gain =1
12-27 11:10:59.517  6893  9037 E SmartAppAssistant: SystemUtil get  applicationInfo fail
12-27 11:10:59.519 10073 10131 E ReactNativeJS: [runtime not ready]: Error: The package 'react-native-sound' doesn't seem to be linked. Make sure: 
12-27 11:10:59.519 10073 10131 E ReactNativeJS: 
12-27 11:10:59.519 10073 10131 E ReactNativeJS: - You rebuilt the app after installing the package
12-27 11:10:59.519 10073 10131 E ReactNativeJS: - You are not using Expo Go
12-27 11:10:59.522 10073 10131 E libc++abi: terminating due to uncaught exception of type facebook::jni::JniException: com.facebook.react.common.JavascriptException: [runtime not ready]: Error: The package 'react-native-sound' doesn't seem to be linked. Make sure: 
12-27 11:10:59.522 10073 10131 E libc++abi: 
12-27 11:10:59.522 10073 10131 E libc++abi: - You rebuilt the app after installing the package
12-27 11:10:59.522 10073 10131 E libc++abi: - You are not using Expo Go
--
12-27 11:10:59.522 10073 10131 E libc++abi: NativeEventEmitter@1:321229
12-27 11:10:59.522 10073 10131 E libc++abi: anonymous@1:1982419
12-27 11:10:59.522 10073 10131 E libc++abi: loadModuleImplementation@1:46949
12-27 11:10:59.522 10073 10131 E libc++abi: guardedLoadModule@1:46473
12-27 11:10:59.522 10073 10131 E libc++abi: metroRequire@1:46069
12-27 11:10:59.522 10073 10131 E libc++abi: anonymous@1:793034
12-27 11:10:59.522 10073 10131 E libc++abi: loadModuleImplementation@1:46949
12-27 11:10:59.522 10073 10131 E libc++abi: guardedLoadModule@1:46473
12-27 11:10:59.522 10073 10131 E libc++abi: metroRequire@1:46069
12-27 11:10:59.522 10073 10131 E libc++abi: anonymous@1:53604
12-27 11:10:59.522 10073 10131 E libc++abi: loadModuleImplementation@1:46949
12-27 11:10:59.522 10073 10131 E libc++abi: guardedLoadModule@1:46430
12-27 11:10:59.522 10073 10131 E libc++abi: metroRequire@1:46069
12-27 11:10:59.522 10073 10131 E libc++abi: global@1:45591
12-27 11:10:59.522 10073 10131 E libc++abi: 
12-27 11:10:59.522 10073 10131 E libc++abi: 	at com.facebook.react.modules.core.ExceptionsManagerModule.reportException(ExceptionsManagerModule.kt:52)
12-27 11:10:59.522 10073 10131 E libc++abi: 	at com.facebook.react.runtime.ReactInstance$ReactJsExceptionHandlerImpl.reportJsException(ReactInstance.kt:291)
12-27 11:10:59.522 10073 10131 E libc++abi: 	at com.facebook.jni.NativeRunnable.run(Native Method)
12-27 11:10:59.522 10073 10131 E libc++abi: 	at android.os.Handler.handleCallback(Handler.java:959)
12-27 11:10:59.522 10073 10131 E libc++abi: 	at android.os.Handler.dis
12-27 11:10:59.522 10073 10131 F libc    : Fatal signal 6 (SIGABRT), code -1 (SI_QUEUE) in tid 10131 (mqt_v_js), pid 10073 (com.aagah)
12-27 11:10:59.540 10145 10145 E Zygote  : process_name_ptr:10145 com.miui.thirdappassistant:persistent
12-27 11:10:59.540 10145 10145 E Zygote  : SetMemoryProtected process_name_ptr:10145 com.miui.thirdappassistant:persistent
12-27 11:10:59.556 10145 10145 E tant:persistent: Not starting debugger since process cannot load the jdwp agent.
12-27 11:10:59.566 10150 10150 E crash_dump64: failed to get the guest state header for thread 10073: Bad address
12-27 11:10:59.567 10150 10150 E crash_dump64: failed to get the guest state header for thread 10075: Bad address
12-27 11:10:59.567 10150 10150 E crash_dump64: failed to get the guest state header for thread 10076: Bad address
12-27 11:10:59.568 10150 10150 E crash_dump64: failed to get the guest state header for thread 10077: Bad address
12-27 11:10:59.568 10150 10150 E crash_dump64: failed to get the guest state header for thread 10078: Bad address
12-27 11:10:59.569 10150 10150 E crash_dump64: failed to get the guest state header for thread 10079: Bad address
12-27 11:10:59.569 10150 10150 E crash_dump64: failed to get the guest state header for thread 10081: Bad address
12-27 11:10:59.570 10150 10150 E crash_dump64: failed to get the guest state header for thread 10082: Bad address
12-27 11:10:59.571 10150 10150 E crash_dump64: failed to get the guest state header for thread 10084: Bad address
12-27 11:10:59.571 10150 10150 E crash_dump64: failed to get the guest state header for thread 10085: Bad address
12-27 11:10:59.572 10150 10150 E crash_dump64: failed to get the guest state header for thread 10086: Bad address
12-27 11:10:59.572 10150 10150 E crash_dump64: failed to get the guest state header for thread 10087: Bad address
12-27 11:10:59.573 10150 10150 E crash_dump64: failed to get the guest state header for thread 10088: Bad address
12-27 11:10:59.573 10150 10150 E crash_dump64: failed to get the guest state header for thread 10089: Bad address
12-27 11:10:59.573 10150 10150 E crash_dump64: failed to get the guest state header for thread 10093: Bad address
12-27 11:10:59.575 10150 10150 E crash_dump64: failed to get the guest state header for thread 10094: Bad address
12-27 11:10:59.576 10150 10150 E crash_dump64: failed to get the guest state header for thread 10095: Bad address
--
12-27 11:10:59.899  1816  1852 E TransitionController: 	at com.android.server.wm.Transition.onTransactionReady(Transition.java:2215)
12-27 11:10:59.899  1816  1852 E TransitionController: 	at com.android.server.wm.BLASTSyncEngine$SyncGroup.finishNow(BLASTSyncEngine.java:345)
12-27 11:10:59.899  1816  1852 E TransitionController: 	at com.android.server.wm.BLASTSyncEngine$SyncGroup.tryFinish(BLASTSyncEngine.java:274)
12-27 11:10:59.899  1816  1852 E TransitionController: 	at com.android.server.wm.BLASTSyncEngine$SyncGroup.-$$Nest$mtryFinish(Unknown Source:0)
12-27 11:10:59.899  1816  1852 E TransitionController: 	at com.android.server.wm.BLASTSyncEngine.onSurfacePlacement(BLASTSyncEngine.java:674)
12-27 11:10:59.899  1816  1852 E TransitionController: 	at com.android.server.wm.RootWindowContainer.performSurfacePlacementNoTrace(RootWindowContainer.java:944)
12-27 11:10:59.899  1816  1852 E TransitionController: 	at com.android.server.wm.RootWindowContainer.performSurfacePlacement(RootWindowContainer.java:889)
12-27 11:10:59.899  1816  1852 E TransitionController: 	at com.android.server.wm.WindowSurfacePlacer.performSurfacePlacementLoop(WindowSurfacePlacer.java:200)
12-27 11:10:59.899  1816  1852 E TransitionController: 	at com.android.server.wm.WindowSurfacePlacer.performSurfacePlacement(WindowSurfacePlacer.java:149)
12-27 11:10:59.899  1816  1852 E TransitionController: 	at com.android.server.wm.WindowSurfacePlacer.performSurfacePlacement(WindowSurfacePlacer.java:138)
12-27 11:10:59.899  1816  1852 E TransitionController: 	at com.android.server.wm.WindowSurfacePlacer.continueLayout(WindowSurfacePlacer.java:120)
12-27 11:10:59.899  1816  1852 E TransitionController: 	at com.android.server.wm.ActivityTaskManagerService.continueWindowLayout(ActivityTaskManagerService.java:5627)
12-27 11:10:59.899  1816  1852 E TransitionController: 	at com.android.server.wm.ActivityRecord.activityPaused(ActivityRecord.java:7816)
12-27 11:10:59.899  1816  1852 E TransitionController: 	at com.android.server.wm.ActivityRecord$1.run(ActivityRecord.java:1255)
12-27 11:10:59.899  1816  1852 E TransitionController: 	at android.os.Handler.handleCallback(Handler.java:959)
12-27 11:10:59.899  1816  1852 E TransitionController: 	at android.os.Handler.dispatchMessage(Handler.java:100)
12-27 11:10:59.899  1816  1852 E TransitionController: 	at android.os.Looper.loopOnce(Looper.java:249)
12-27 11:10:59.899  1816  1852 E TransitionController: 	at android.os.Looper.loop(Looper.java:337)
12-27 11:10:59.899  1816  1852 E TransitionController: 	at android.os.HandlerThread.run(HandlerThread.java:85)
12-27 11:10:59.899  1816  1852 E TransitionController: 	at com.android.server.ServiceThread.run(ServiceThread.java:46)
12-27 11:10:59.904  1816  1852 E WindowManager:  source = Task{4c6c235 #14503 type=standard A=10400:com.aagah} excludeMiuiNavBar = true excludeMiuiStatusBar = true excludeIme = false excludeNavBar = true miuiNavSurfaceControl = Surface(name=Miui Fake NavBar#48)/@0x97cc389 miuiStatusSurfaceControl = Surface(name=Miui Fake StatusBar#47)/@0xe8e1553
12-27 11:10:59.908  2955  3057 E KeyguardTransitionHandlerImpl: activityCount = 0
12-27 11:10:59.908  2955  3057 E KeyguardTransitionHandlerImpl: activityCount = 0
12-27 11:10:59.912  1180  1180 E SurfaceFlinger: Out of order buffers detected for RequestedLayerState{com.miui.home/com.miui.home.launcher.Launcher#149569 parentId=49134} producedId=1192 frameNumber=25 -> producedId=1192 frameNumber=2
12-27 11:10:59.915 14624 14624 E WindowTransitionCompat: TransitionTest wrapRemoteTransition
12-27 11:10:59.915 14624 14624 E WindowTransitionCompat: startAnimation isFastLaunch = false
12-27 11:10:59.915 14624 15171 E WindowTransitionCompat: printLeash::index = 0, root = Surface(name=Transition Root #12668: Task=12784#149629)/@0x6b7ca1
12-27 11:10:59.915 14624 15171 E WindowTransitionCompat: 0, check isClosingType type = 2, mode = 3
12-27 11:10:59.915 14624 15171 E WindowTransitionCompat: 1, check isClosingType type = 1, mode = 2
12-27 11:10:59.921 14624 15146 E ActivityManagerWrapper: get all recent tasks force including 14497
12-27 11:10:59.927 14624 15146 E ActivityManagerWrapper: getRecentTasksForceIncludingTaskIdIfValid: getRecentTasks: size=3
12-27 11:10:59.927 14624 15146 E ActivityManagerWrapper:  mainTaskId=14503   userId=0   windowMode=1   baseIntent=Intent { act=android.intent.action.MAIN flag=270532608 cmp=ComponentInfo{com.aagah/com.aagah.MainActivity} }
12-27 11:10:59.927 14624 15146 E ActivityManagerWrapper:  mainTaskId=14497   userId=0   windowMode=1   baseIntent=Intent { act=android.intent.action.MAIN flag=287309824 cmp=ComponentInfo{com.google.android.youtube/com.google.android.youtube.app.honeycomb.Shell$HomeActivity} }
12-27 11:10:59.927 14624 15146 E ActivityManagerWrapper:  mainTaskId=14495   userId=0   windowMode=1   baseIntent=Intent { act=android.intent.action.MAIN flag=287309824 cmp=ComponentInfo{com.android.chrome/com.google.android.apps.chrome.Main} }
12-27 11:10:59.928  3924 17314 E BluetoothAdapterService: getActiveDevices: LeAudioService is null
12-27 11:10:59.935  1816  1834 E ApplicationHelper: Fail to get PackageManager
12-27 11:10:59.935  1816  1834 E ApplicationHelper: Fail to get PackageManager
12-27 11:10:59.935  1816  1834 E ApplicationHelper: Fail to get PackageManager
12-27 11:10:59.935  1816  1834 E ApplicationHelper: Fail to get PackageManager
12-27 11:10:59.935  1816  1834 E ApplicationHelper: Fail to get PackageManager
12-27 11:10:59.935  1816  1834 E ApplicationHelper: Fail to get PackageManager
12-27 11:10:59.935  1816  1834 E ApplicationHelper: Fail to get PackageManager
12-27 11:10:59.935  1816  1834 E ApplicationHelper: Fail to get PackageManager
12-27 11:10:59.937 14624 14624 E WindowAnimParamsProvider: getWindowTargetBounds    bounds=Rect(0, 0 - 720, 1600)
12-27 11:10:59.941 14624 15146 E ActivityManagerWrapper: get all recent tasks force including 14497
12-27 11:10:59.942 14624 14747 E StateNotifyUtils: sendFsStateBroadCast state=closeWindow   channel=navigation_bar   packageName=
12-27 11:10:59.944 14624 15146 E ActivityManagerWrapper: getRecentTasksForceIncludingTaskIdIfValid: getRecentTasks: size=3
12-27 11:10:59.944 14624 15146 E ActivityManagerWrapper:  mainTaskId=14503   userId=0   windowMode=1   baseIntent=Intent { act=android.intent.action.MAIN flag=270532608 cmp=ComponentInfo{com.aagah/com.aagah.MainActivity} }
12-27 11:10:59.944 14624 15146 E ActivityManagerWrapper:  mainTaskId=14497   userId=0   windowMode=1   baseIntent=Intent { act=android.intent.action.MAIN flag=287309824 cmp=ComponentInfo{com.google.android.youtube/com.google.android.youtube.app.honeycomb.Shell$HomeActivity} }
12-27 11:10:59.944 14624 15146 E ActivityManagerWrapper:  mainTaskId=14495   userId=0   windowMode=1   baseIntent=Intent { act=android.intent.action.MAIN flag=287309824 cmp=ComponentInfo{com.android.chrome/com.google.android.apps.chrome.Main} }
12-27 11:10:59.945 14624 14624 E ClipAnimationHelper: updateSourceStack  mSourceInsets=Rect(0, 0 - 0, 0), mSourceStackBounds=Rect(0, 0 - 720, 1600)
12-27 11:10:59.945 14624 14624 E ClipAnimationHelper: updateHomeStack  mSourceInsets=Rect(0, 0 - 0, 0), mHomeStackBounds=Rect(0, 0 - 720, 1600)
12-27 11:10:59.945 14624 14624 E ClipAnimationHelper: updateTargetRect  mSourceRect=RectF(0.0, 0.0, 720.0, 1600.0)   mTargetRect=RectF(0.0, 0.0, 720.0, 1600.0)   mSourceWindowClipInsets=RectF(0.0, 0.0, 0.0, 0.0)   mHomeStackBounds=Rect(0, 0 - 720, 1600)   targetRect=Rect(0, 0 - 720, 1600)
12-27 11:10:59.947 14624 15105 E MultiSpringDynamicAnimation8cd0e87: ERROR Not Found Bundle Radius
12-27 11:10:59.947 14624 15105 E MultiSpringDynamicAnimation8cd0e87: ERROR Not Found Bundle SurfaceExtAlpha
12-27 11:10:59.947 14624 15105 E MultiSpringDynamicAnimation8cd0e87: ERROR Not Found Bundle SurfaceExtAlpha
12-27 11:10:59.947 14624 15105 E MultiSpringDynamicAnimation8cd0e87: ERROR Not Found Bundle SurfaceExtAlpha
12-27 11:10:59.951  1816  2121 E JobScheduler: ResourceBudgetManagerInternal is null
12-27 11:10:59.955  1816  1834 E ApplicationHelper: Fail to get PackageManager
12-27 11:10:59.968  1816  1834 E ApplicationHelper: Fail to get PackageManager
12-27 11:10:59.972  1180  1180 E MI-SF   : surfaceflinger setAffinity success
12-27 11:10:59.972  1180  1180 E MI-SF   : surfaceflinger setAffinity success
12-27 11:10:59.989  1120  1198 E HfLooper: light_data = 4.000000, raw_data = 0.000000, ir_data =-33.000000, gain =1
12-27 11:10:59.997 14624 15146 E ActivityManagerWrapper: get all recent tasks force including 14497
12-27 11:11:00.000 14624 15146 E ActivityManagerWrapper: getRecentTasksForceIncludingTaskIdIfValid: getRecentTasks: size=3
12-27 11:11:00.000 14624 15146 E ActivityManagerWrapper:  mainTaskId=14503   userId=0   windowMode=1   baseIntent=Intent { act=android.intent.action.MAIN flag=270532608 cmp=ComponentInfo{com.aagah/com.aagah.MainActivity} }
12-27 11:11:00.000 14624 15146 E ActivityManagerWrapper:  mainTaskId=14497   userId=0   windowMode=1   baseIntent=Intent { act=android.intent.action.MAIN flag=287309824 cmp=ComponentInfo{com.google.android.youtube/com.google.android.youtube.app.honeycomb.Shell$HomeActivity} }
12-27 11:11:00.000 14624 15146 E ActivityManagerWrapper:  mainTaskId=14495   userId=0   windowMode=1   baseIntent=Intent { act=android.intent.action.MAIN flag=287309824 cmp=ComponentInfo{com.android.chrome/com.google.android.apps.chrome.Main} }
12-27 11:11:00.023  2955  2955 E AnimationHelper: updateTime mToAod:false mHasNotification: true, mClockType: classic
12-27 11:11:00.033 10150 10150 F DEBUG   : *** *** *** *** *** *** *** *** *** *** *** *** *** *** *** ***
12-27 11:11:00.033 10150 10150 F DEBUG   : Build fingerprint: 'Redmi/air_in/air:15/AP3A.240905.015.A2/OS2.0.204.0.VGQINXM:user/release-keys'
12-27 11:11:00.033 10150 10150 F DEBUG   : Revision: '0'
12-27 11:11:00.033 10150 10150 F DEBUG   : ABI: 'arm64'
12-27 11:11:00.033 10150 10150 F DEBUG   : Timestamp: 2025-12-27 11:10:59.645223482+0530
12-27 11:11:00.033 10150 10150 F DEBUG   : Process uptime: 1s
12-27 11:11:00.033 10150 10150 F DEBUG   : Cmdline: com.aagah
12-27 11:11:00.033 10150 10150 F DEBUG   : pid: 10073, tid: 10131, name: mqt_v_js  >>> com.aagah <<<
12-27 11:11:00.033 10150 10150 F DEBUG   : uid: 10400
12-27 11:11:00.033 10150 10150 F DEBUG   : tagged_addr_ctrl: 0000000000000001 (PR_TAGGED_ADDR_ENABLE)
12-27 11:11:00.033 10150 10150 F DEBUG   : signal 6 (SIGABRT), code -1 (SI_QUEUE), fault addr --------
12-27 11:11:00.033 10150 10150 F DEBUG   : Abort message: 'terminating due to uncaught exception of type facebook::jni::JniException: com.facebook.react.common.JavascriptException: [runtime not ready]: Error: The package 'react-native-sound' doesn't seem to be linked. Make sure: 
12-27 11:11:00.033 10150 10150 F DEBUG   : 
12-27 11:11:00.033 10150 10150 F DEBUG   : - You rebuilt the app after installing the package
12-27 11:11:00.033 10150 10150 F DEBUG   : - You are not using Expo Go
12-27 11:11:00.033 10150 10150 F DEBUG   : , stack:
12-27 11:11:00.033 10150 10150 F DEBUG   : get@1:1982584
12-27 11:11:00.033 10150 10150 F DEBUG   : NativeEventEmitter@1:321229
12-27 11:11:00.033 10150 10150 F DEBUG   : anonymous@1:1982419
12-27 11:11:00.033 10150 10150 F DEBUG   : loadModuleImplementation@1:46949
12-27 11:11:00.033 10150 10150 F DEBUG   : guardedLoadModule@1:46473
12-27 11:11:00.033 10150 10150 F DEBUG   : metroRequire@1:46069
12-27 11:11:00.033 10150 10150 F DEBUG   : anonymous@1:793034
12-27 11:11:00.033 10150 10150 F DEBUG   : loadModuleImplementation@1:46949
12-27 11:11:00.033 10150 10150 F DEBUG   : guardedLoadModule@1:46473
12-27 11:11:00.033 10150 10150 F DEBUG   : metroRequire@1:46069
12-27 11:11:00.033 10150 10150 F DEBUG   : anonymous@1:53604
12-27 11:11:00.033 10150 10150 F DEBUG   : loadModuleImplementation@1:46949
--
12-27 11:11:00.033 10150 10150 F DEBUG   : 	at android.os.Handler.dispatchMessage(Handler.java:100)
12-27 11:11:00.033 10150 10150 F DEBUG   : 	at com.facebook.react.bridge.queue.MessageQueueThreadHandler.dispatchMessage(MessageQueueThreadHandler.kt:21)
12-27 11:11:00.033 10150 10150 F DEBUG   : 	at android.os.Looper.loopOnce(Looper.java:249)
12-27 11:11:00.033 10150 10150 F DEBUG   : 	at android.os.Looper.loop(Looper.java:337)
12-27 11:11:00.033 10150 10150 F DEBUG   : 	at com.facebook.react.bridge.queue.MessageQueueThreadImpl$Companion.startNewBackgroundThread$lambda$0(MessageQueueThreadImpl.kt:152)
12-27 11:11:00.033 10150 10150 F DEBUG   : 	at com.facebook.react.bridge.queue.MessageQueueThreadImpl$Companion.$r8$lambda$YYXYCFexeoKtAeDpeNYkxZZlpbA(Unknown Source:0)
12-27 11:11:00.033 10150 10150 F DEBUG   : 	at com.facebook.react.bridge.queue.MessageQueueThreadImpl$Companion$$ExternalSyntheticLambda0.run(D8$$SyntheticClass:0)
12-27 11:11:00.033 10150 10150 F DEBUG   : 	at java.lang.Thread.run(Thread.java:1119)'
12-27 11:11:00.033 10150 10150 F DEBUG   :     x0  0000000000000000  x1  0000000000002793  x2  0000000000000006  x3  00000075a9b628c0
12-27 11:11:00.033 10150 10150 F DEBUG   :     x4  646277641f736766  x5  646277641f736766  x6  646277641f736766  x7  7f7f7f7f7f7f7f7f
12-27 11:11:00.033 10150 10150 F DEBUG   :     x8  00000000000000f0  x9  00000079c84ed548  x10 0000000000000001  x11 00000079c853f5a0
12-27 11:11:00.033 10150 10150 F DEBUG   :     x12 00000079cfe3f020  x13 000000007fffffff  x14 000000000d1ca25c  x15 00000ea9a2808f37
12-27 11:11:00.033 10150 10150 F DEBUG   :     x16 00000079c85a9008  x17 00000079c8593100  x18 00000075a9248000  x19 0000000000002759
12-27 11:11:00.033 10150 10150 F DEBUG   :     x20 0000000000002793  x21 00000000ffffffff  x22 00000075a9b629f0  x23 00000075a9b62a30
12-27 11:11:00.033 10150 10150 F DEBUG   :     x24 00000075a9b62ae0  x25 000000000000000f  x26 00000075bbdafbc9  x27 00000075bbdac843
12-27 11:11:00.033 10150 10150 F DEBUG   :     x28 00000075bbda6d59  x29 00000075a9b62940
12-27 11:11:00.033 10150 10150 F DEBUG   :     lr  00000079c8527e98  sp  00000075a9b628a0  pc  00000079c8527ec4  pst 0000000000001000
12-27 11:11:00.033 10150 10150 F DEBUG   : 47 total frames
12-27 11:11:00.033 10150 10150 F DEBUG   : backtrace:
12-27 11:11:00.033 10150 10150 F DEBUG   :       #00 pc 000000000005dec4  /apex/com.android.runtime/lib64/bionic/libc.so (abort+164) (BuildId: 2d643b9d04346862a8e0c7d49db87c66)
12-27 11:11:00.033 10150 10150 F DEBUG   :       #01 pc 00000000000a0210  /data/app/~~CWLi9S-uTjHC4-hKqP-JKg==/com.aagah-gXqi6X6Y2YP12KDcv3RS5A==/base.apk!libc++_shared.so (offset 0xbc4000) (BuildId: 6783a7f3a0d9c67c55a74cadc441ed55aaa493da)
12-27 11:11:00.033 10150 10150 F DEBUG   :       #02 pc 000000000009eeb0  /data/app/~~CWLi9S-uTjHC4-hKqP-JKg==/com.aagah-gXqi6X6Y2YP12KDcv3RS5A==/base.apk!libc++_shared.so (offset 0xbc4000) (BuildId: 6783a7f3a0d9c67c55a74cadc441ed55aaa493da)
12-27 11:11:00.033 10150 10150 F DEBUG   :       #03 pc 000000000009f374  /data/app/~~CWLi9S-uTjHC4-hKqP-JKg==/com.aagah-gXqi6X6Y2YP12KDcv3RS5A==/base.apk!libc++_shared.so (offset 0xbc4000) (BuildId: 6783a7f3a0d9c67c55a74cadc441ed55aaa493da)
12-27 11:11:00.033 10150 10150 F DEBUG   :       #04 pc 000000000009f314  /data/app/~~CWLi9S-uTjHC4-hKqP-JKg==/com.aagah-gXqi6X6Y2YP12KDcv3RS5A==/base.apk!libc++_shared.so (offset 0xbc4000) (std::terminate()+56) (BuildId: 6783a7f3a0d9c67c55a74cadc441ed55aaa493da)
12-27 11:11:00.033 10150 10150 F DEBUG   :       #05 pc 000000000027e224  /data/app/~~CWLi9S-uTjHC4-hKqP-JKg==/com.aagah-gXqi6X6Y2YP12KDcv3RS5A==/base.apk!libreactnative.so (offset 0x121c000) (BuildId: 691b347289c731b84861047df2aaafbd84f47080)
12-27 11:11:00.033 10150 10150 F DEBUG   :       #06 pc 00000000004bf374  /data/app/~~CWLi9S-uTjHC4-hKqP-JKg==/com.aagah-gXqi6X6Y2YP12KDcv3RS5A==/base.apk!libreactnative.so (offset 0x121c000) (BuildId: 691b347289c731b84861047df2aaafbd84f47080)
12-27 11:11:00.033 10150 10150 F DEBUG   :       #07 pc 00000000002db9e4  /data/app/~~CWLi9S-uTjHC4-hKqP-JKg==/com.aagah-gXqi6X6Y2YP12KDcv3RS5A==/base.apk!libreactnative.so (offset 0x121c000) (facebook::react::JsErrorHandler::handleErrorWithCppPipeline(facebook::jsi::Runtime&, facebook::jsi::JSError&, bool, bool)+7440) (BuildId: 691b347289c731b84861047df2aaafbd84f47080)
12-27 11:11:00.033 10150 10150 F DEBUG   :       #08 pc 00000000002d9988  /data/app/~~CWLi9S-uTjHC4-hKqP-JKg==/com.aagah-gXqi6X6Y2YP12KDcv3RS5A==/base.apk!libreactnative.so (offset 0x121c000) (facebook::react::JsErrorHandler::handleError(facebook::jsi::Runtime&, facebook::jsi::JSError&, bool, bool)+1684) (BuildId: 691b347289c731b84861047df2aaafbd84f47080)
12-27 11:11:00.033 10150 10150 F DEBUG   :       #09 pc 000000000028d420  /data/app/~~CWLi9S-uTjHC4-hKqP-JKg==/com.aagah-gXqi6X6Y2YP12KDcv3RS5A==/base.apk!libreactnative.so (offset 0x121c000) (BuildId: 691b347289c731b84861047df2aaafbd84f47080)
12-27 11:11:00.033 10150 10150 F DEBUG   :       #10 pc 00000000000abe48  /data/app/~~CWLi9S-uTjHC4-hKqP-JKg==/com.aagah-gXqi6X6Y2YP12KDcv3RS5A==/base.apk!libhermesvm.so (offset 0xd60000) (BuildId: 5ecc060199caaf24c191abad40cb4d0af7fb15d6)
12-27 11:11:00.033 10150 10150 F DEBUG   :       #11 pc 00000000000abb84  /data/app/~~CWLi9S-uTjHC4-hKqP-JKg==/com.aagah-gXqi6X6Y2YP12KDcv3RS5A==/base.apk!libhermesvm.so (offset 0xd60000) (BuildId: 5ecc060199caaf24c191abad40cb4d0af7fb15d6)
12-27 11:11:00.033 10150 10150 F DEBUG   :       #12 pc 00000000000b4370  /data/app/~~CWLi9S-uTjHC4-hKqP-JKg==/com.aagah-gXqi6X6Y2YP12KDcv3RS5A==/base.apk!libhermesvm.so (offset 0xd60000) (BuildId: 5ecc060199caaf24c191abad40cb4d0af7fb15d6)
12-27 11:11:00.033 10150 10150 F DEBUG   :       #13 pc 00000000000c6758  /data/app/~~CWLi9S-uTjHC4-hKqP-JKg==/com.aagah-gXqi6X6Y2YP12KDcv3RS5A==/base.apk!libhermesvm.so (offset 0xd60000) (BuildId: 5ecc060199caaf24c191abad40cb4d0af7fb15d6)
12-27 11:11:00.033 10150 10150 F DEBUG   :       #14 pc 00000000000c60b8  /data/app/~~CWLi9S-uTjHC4-hKqP-JKg==/com.aagah-gXqi6X6Y2YP12KDcv3RS5A==/base.apk!libhermesvm.so (offset 0xd60000) (BuildId: 5ecc060199caaf24c191abad40cb4d0af7fb15d6)
12-27 11:11:00.033 10150 10150 F DEBUG   :       #15 pc 00000000000f5b80  /data/app/~~CWLi9S-uTjHC4-hKqP-JKg==/com.aagah-gXqi6X6Y2YP12KDcv3RS5A==/base.apk!libhermesvm.so (offset 0xd60000) (BuildId: 5ecc060199caaf24c191abad40cb4d0af7fb15d6)
12-27 11:11:00.033 10150 10150 F DEBUG   :       #16 pc 00000000000a0cb0  /data/app/~~CWLi9S-uTjHC4-hKqP-JKg==/com.aagah-gXqi6X6Y2YP12KDcv3RS5A==/base.apk!libhermesvm.so (offset 0xd60000) (BuildId: 5ecc060199caaf24c191abad40cb4d0af7fb15d6)
12-27 11:11:00.033 10150 10150 F DEBUG   :       #17 pc 00000000000a70c4  /data/app/~~CWLi9S-uTjHC4-hKqP-JKg==/com.aagah-gXqi6X6Y2YP12KDcv3RS5A==/base.apk!libhermesvm.so (offset 0xd60000) (BuildId: 5ecc060199caaf24c191abad40cb4d0af7fb15d6)
12-27 11:11:00.033 10150 10150 F DEBUG   :       #18 pc 00000000000a0ab0  /data/app/~~CWLi9S-uTjHC4-hKqP-JKg==/com.aagah-gXqi6X6Y2YP12KDcv3RS5A==/base.apk!libhermesvm.so (offset 0xd60000) (BuildId: 5ecc060199caaf24c191abad40cb4d0af7fb15d6)
12-27 11:11:00.033 10150 10150 F DEBUG   :       #19 pc 0000000000288e3c  /data/app/~~CWLi9S-uTjHC4-hKqP-JKg==/com.aagah-gXqi6X6Y2YP12KDcv3RS5A==/base.apk!libreactnative.so (offset 0x121c000) (BuildId: 691b347289c731b84861047df2aaafbd84f47080)
12-27 11:11:00.033 10150 10150 F DEBUG   :       #20 pc 0000000000457ce4  /data/app/~~CWLi9S-uTjHC4-hKqP-JKg==/com.aagah-gXqi6X6Y2YP12KDcv3RS5A==/base.apk!libreactnative.so (offset 0x121c000) (facebook::react::Task::execute(facebook::jsi::Runtime&, bool)+312) (BuildId: 691b347289c731b84861047df2aaafbd84f47080)
12-27 11:11:00.033 10150 10150 F DEBUG   :       #21 pc 0000000000455e74  /data/app/~~CWLi9S-uTjHC4-hKqP-JKg==/com.aagah-gXqi6X6Y2YP12KDcv3RS5A==/base.apk!libreactnative.so (offset 0x121c000) (facebook::react::RuntimeScheduler_Modern::executeTask(facebook::jsi::Runtime&, facebook::react::Task&, bool) const+60) (BuildId: 691b347289c731b84861047df2aaafbd84f47080)
12-27 11:11:00.033 10150 10150 F DEBUG   :       #22 pc 0000000000456784  /data/app/~~CWLi9S-uTjHC4-hKqP-JKg==/com.aagah-gXqi6X6Y2YP12KDcv3RS5A==/base.apk!libreactnative.so (offset 0x121c000) (facebook::react::RuntimeScheduler_Modern::runEventLoopTick(facebook::jsi::Runtime&, facebook::react::Task&)+124) (BuildId: 691b347289c731b84861047df2aaafbd84f47080)
12-27 11:11:00.033 10150 10150 F DEBUG   :       #23 pc 0000000000456494  /data/app/~~CWLi9S-uTjHC4-hKqP-JKg==/com.aagah-gXqi6X6Y2YP12KDcv3RS5A==/base.apk!libreactnative.so (offset 0x121c000) (facebook::react::RuntimeScheduler_Modern::runEventLoop(facebook::jsi::Runtime&)+88) (BuildId: 691b347289c731b84861047df2aaafbd84f47080)
12-27 11:11:00.033 10150 10150 F DEBUG   :       #24 pc 00000000002869c4  /data/app/~~CWLi9S-uTjHC4-hKqP-JKg==/com.aagah-gXqi6X6Y2YP12KDcv3RS5A==/base.apk!libreactnative.so (offset 0x121c000) (BuildId: 691b347289c731b84861047df2aaafbd84f47080)
12-27 11:11:00.033 10150 10150 F DEBUG   :       #25 pc 000000000049671c  /data/app/~~CWLi9S-uTjHC4-hKqP-JKg==/com.aagah-gXqi6X6Y2YP12KDcv3RS5A==/base.apk!libreactnative.so (offset 0x121c000) (BuildId: 691b347289c731b84861047df2aaafbd84f47080)
