12-27 11:10:46.454  1816  1834 E ApplicationHelper: Fail to get PackageManager
12-27 11:10:46.454  1816  1834 E ApplicationHelper: Fail to get PackageManager
12-27 11:10:46.458  1816  1834 E ApplicationHelper: Fail to get PackageManager
12-27 11:10:46.459  1816  1834 E ApplicationHelper: Fail to get PackageManager
12-27 11:10:46.475  1816  1834 E ApplicationHelper: Fail to get PackageManager
12-27 11:10:46.477  1816  2602 E ProcessManager: error write exception log
12-27 11:10:46.532  1816  1834 E ApplicationHelper: Fail to get PackageManager
12-27 11:10:46.633  1816  1834 E ApplicationHelper: Fail to get PackageManager
12-27 11:10:46.633  1816  1834 E ApplicationHelper: Fail to get PackageManager
12-27 11:10:46.653  1816  1834 E ApplicationHelper: Fail to get PackageManager
12-27 11:10:46.661  1816  1834 E ApplicationHelper: Fail to get PackageManager
12-27 11:10:46.663  1816  2121 E JobScheduler.Background: Couldn't determine stopped state for unknown package: com.google.android.apps.turbo
12-27 11:10:46.663  1816  2121 E JobScheduler.Background: Couldn't determine stopped state for unknown package: com.google.android.apps.turbo
12-27 11:10:46.663  1816  2121 E JobScheduler.Background: Couldn't determine stopped state for unknown package: com.google.android.apps.turbo
12-27 11:10:46.663  1816  2121 E JobScheduler.Background: Couldn't determine stopped state for unknown package: com.google.android.apps.turbo
12-27 11:10:46.663  1816  2121 E JobScheduler.Background: Couldn't determine stopped state for unknown package: com.google.android.apps.turbo
12-27 11:10:46.666  1816  1834 E ApplicationHelper: Fail to get PackageManager
12-27 11:10:46.666  1816  1834 E ApplicationHelper: Fail to get PackageManager
12-27 11:10:46.666  1816  1834 E ApplicationHelper: Fail to get PackageManager
12-27 11:10:46.716  1816  1834 E ApplicationHelper: Fail to get PackageManager
12-27 11:10:46.973  1816  3525 E WindowManager: setClientVisible ActivityRecord{7a1ea4 u0 com.aagah/.MainActivity true
12-27 11:10:46.992  1816  1816 E MBrainLocalService: notifyAppSwitch failed
12-27 11:10:46.994  1816  3525 E WindowManager: setClientVisible ActivityRecord{7a1ea4 u0 com.aagah/.MainActivity t14501} true
12-27 11:10:47.017  1816  1834 E ApplicationHelper: Fail to get PackageManager
12-27 11:10:47.017  1816  1834 E ApplicationHelper: Fail to get PackageManager
12-27 11:10:47.018  1816  1834 E ApplicationHelper: Fail to get PackageManager
12-27 11:10:47.074  1816  1834 E ApplicationHelper: Fail to get PackageManager
12-27 11:10:47.074  1816  1834 E ApplicationHelper: Fail to get PackageManager
12-27 11:10:47.074  1816  1834 E ApplicationHelper: Fail to get PackageManager
12-27 11:10:47.074  1816  1834 E ApplicationHelper: Fail to get PackageManager
12-27 11:10:47.074  1816  1834 E ApplicationHelper: Fail to get PackageManager
12-27 11:10:47.074  1816  1834 E ApplicationHelper: Fail to get PackageManager
12-27 11:10:47.074  1816  1834 E ApplicationHelper: Fail to get PackageManager
12-27 11:10:47.074  1816  1834 E ApplicationHelper: Fail to get PackageManager
12-27 11:10:47.074  1816  1834 E ApplicationHelper: Fail to get PackageManager
12-27 11:10:47.115  1816  1834 E ApplicationHelper: Fail to get PackageManager
12-27 11:10:47.160  1816  1834 E ApplicationHelper: Fail to get PackageManager
12-27 11:10:47.160  1816  1834 E ApplicationHelper: Fail to get PackageManager
12-27 11:10:47.160  1816  1834 E ApplicationHelper: Fail to get PackageManager
12-27 11:10:47.179  1816  1853 E WindowManager: setClientVisible ActivityRecord{7a1ea4 u0 com.aagah/.MainActivity t14501} true
12-27 11:10:47.180  1816  1853 E TransitionController: Collecting Transition (#12661) is not collecting. state=2
12-27 11:10:47.180  1816  1853 E TransitionController: android.util.Log$TerribleFailure: Collecting Transition (#12661) is not collecting. state=2
12-27 11:10:47.180  1816  1853 E TransitionController: 	at android.util.Log.wtf(Log.java:338)
12-27 11:10:47.180  1816  1853 E TransitionController: 	at android.util.Slog.wtfStack(Slog.java:248)
12-27 11:10:47.180  1816  1853 E TransitionController: 	at com.android.server.wm.TransitionController.getCollectingTransition(TransitionController.java:460)
12-27 11:10:47.180  1816  1853 E TransitionController: 	at com.android.server.wm.Transition.calculateTargets(Transition.java:3206)
12-27 11:10:47.180  1816  1853 E TransitionController: 	at com.android.server.wm.Transition.onTransactionReady(Transition.java:2206)
12-27 11:10:47.180  1816  1853 E TransitionController: 	at com.android.server.wm.BLASTSyncEngine$SyncGroup.finishNow(BLASTSyncEngine.java:345)
12-27 11:10:47.180  1816  1853 E TransitionController: 	at com.android.server.wm.BLASTSyncEngine$SyncGroup.tryFinish(BLASTSyncEngine.java:274)
12-27 11:10:47.180  1816  1853 E TransitionController: 	at com.android.server.wm.BLASTSyncEngine$SyncGroup.-$$Nest$mtryFinish(Unknown Source:0)
12-27 11:10:47.180  1816  1853 E TransitionController: 	at com.android.server.wm.BLASTSyncEngine.onSurfacePlacement(BLASTSyncEngine.java:674)
12-27 11:10:47.180  1816  1853 E TransitionController: 	at com.android.server.wm.RootWindowContainer.performSurfacePlacementNoTrace(RootWindowContainer.java:944)
12-27 11:10:47.180  1816  1853 E TransitionController: 	at com.android.server.wm.RootWindowContainer.performSurfacePlacement(RootWindowContainer.java:889)
12-27 11:10:47.180  1816  1853 E TransitionController: 	at com.android.server.wm.WindowSurfacePlacer.performSurfacePlacementLoop(WindowSurfacePlacer.java:200)
12-27 11:10:47.180  1816  1853 E TransitionController: 	at com.android.server.wm.WindowSurfacePlacer.performSurfacePlacement(WindowSurfacePlacer.java:149)
12-27 11:10:47.180  1816  1853 E TransitionController: 	at com.android.server.wm.WindowSurfacePlacer.performSurfacePlacement(WindowSurfacePlacer.java:138)
12-27 11:10:47.180  1816  1853 E TransitionController: 	at com.android.server.wm.WindowSurfacePlacer$Traverser.run(WindowSurfacePlacer.java:80)
12-27 11:10:47.180  1816  1853 E TransitionController: 	at android.os.Handler.handleCallback(Handler.java:959)
12-27 11:10:47.180  1816  1853 E TransitionController: 	at android.os.Handler.dispatchMessage(Handler.java:100)
12-27 11:10:47.180  1816  1853 E TransitionController: 	at android.os.Looper.loopOnce(Looper.java:249)
--
12-27 11:10:47.691  1816  1852 E TransitionController: 	at com.android.server.wm.BLASTSyncEngine$SyncGroup.-$$Nest$mtryFinish(Unknown Source:0)
12-27 11:10:47.691  1816  1852 E TransitionController: 	at com.android.server.wm.BLASTSyncEngine.onSurfacePlacement(BLASTSyncEngine.java:674)
12-27 11:10:47.691  1816  1852 E TransitionController: 	at com.android.server.wm.RootWindowContainer.performSurfacePlacementNoTrace(RootWindowContainer.java:944)
12-27 11:10:47.691  1816  1852 E TransitionController: 	at com.android.server.wm.RootWindowContainer.performSurfacePlacement(RootWindowContainer.java:889)
12-27 11:10:47.691  1816  1852 E TransitionController: 	at com.android.server.wm.WindowSurfacePlacer.performSurfacePlacementLoop(WindowSurfacePlacer.java:200)
12-27 11:10:47.691  1816  1852 E TransitionController: 	at com.android.server.wm.WindowSurfacePlacer.performSurfacePlacement(WindowSurfacePlacer.java:149)
12-27 11:10:47.691  1816  1852 E TransitionController: 	at com.android.server.wm.WindowSurfacePlacer.performSurfacePlacement(WindowSurfacePlacer.java:138)
12-27 11:10:47.691  1816  1852 E TransitionController: 	at com.android.server.wm.WindowSurfacePlacer.continueLayout(WindowSurfacePlacer.java:120)
12-27 11:10:47.691  1816  1852 E TransitionController: 	at com.android.server.wm.ActivityTaskManagerService.continueWindowLayout(ActivityTaskManagerService.java:5627)
12-27 11:10:47.691  1816  1852 E TransitionController: 	at com.android.server.wm.WindowOrganizerController.applyTransaction(WindowOrganizerController.java:917)
12-27 11:10:47.691  1816  1852 E TransitionController: 	at com.android.server.wm.WindowOrganizerController.applyTransaction(WindowOrganizerController.java:667)
12-27 11:10:47.691  1816  1852 E TransitionController: 	at com.android.server.wm.WindowOrganizerController.lambda$startTransition$4(WindowOrganizerController.java:451)
12-27 11:10:47.691  1816  1852 E TransitionController: 	at com.android.server.wm.WindowOrganizerController.$r8$lambda$OxMmVYZeM4xJh7uJ-Y5zE6BDr8Y(Unknown Source:0)
12-27 11:10:47.691  1816  1852 E TransitionController: 	at com.android.server.wm.WindowOrganizerController$$ExternalSyntheticLambda12.run(D8$$SyntheticClass:0)
12-27 11:10:47.691  1816  1852 E TransitionController: 	at android.os.Handler.handleCallback(Handler.java:959)
12-27 11:10:47.691  1816  1852 E TransitionController: 	at android.os.Handler.dispatchMessage(Handler.java:100)
12-27 11:10:47.691  1816  1852 E TransitionController: 	at android.os.Looper.loopOnce(Looper.java:249)
12-27 11:10:47.691  1816  1852 E TransitionController: 	at android.os.Looper.loop(Looper.java:337)
12-27 11:10:47.691  1816  1852 E TransitionController: 	at android.os.HandlerThread.run(HandlerThread.java:85)
12-27 11:10:47.691  1816  1852 E TransitionController: 	at com.android.server.ServiceThread.run(ServiceThread.java:46)
12-27 11:10:47.743  9405  9521 F libc    : Fatal signal 6 (SIGABRT), code -1 (SI_QUEUE) in tid 9521 (mqt_v_js), pid 9405 (com.aagah)
12-27 11:10:47.799  1816  1834 E ApplicationHelper: Fail to get PackageManager
12-27 11:10:47.799  1816  1834 E ApplicationHelper: Fail to get PackageManager
12-27 11:10:48.043  1816  2602 E ProcessManager: error write exception log
12-27 11:10:48.116  1816  2602 E ProcessManager: error write exception log
12-27 11:10:48.316  1816  1834 E ApplicationHelper: Fail to get PackageManager
12-27 11:10:48.316  1816  1834 E ApplicationHelper: Fail to get PackageManager
12-27 11:10:48.316  1816  1834 E ApplicationHelper: Fail to get PackageManager
12-27 11:10:48.316  1816  1834 E ApplicationHelper: Fail to get PackageManager
12-27 11:10:48.316  1816  1834 E ApplicationHelper: Fail to get PackageManager
12-27 11:10:48.316  1816  1834 E ApplicationHelper: Fail to get PackageManager
12-27 11:10:48.316  1816  1834 E ApplicationHelper: Fail to get PackageManager
12-27 11:10:48.317  1816  1834 E ApplicationHelper: Fail to get PackageManager
12-27 11:10:48.345  1816  2602 E ProcessManager: error write exception log
12-27 11:10:48.389  2955  3057 E KeyguardTransitionHandlerImpl: activityCount = 0
12-27 11:10:48.389  2955  3057 E KeyguardTransitionHandlerImpl: activityCount = 0
12-27 11:10:48.400  1816  1834 E ApplicationHelper: Fail to get PackageManager
12-27 11:10:48.470  1816  1834 E ApplicationHelper: Fail to get PackageManager
12-27 11:10:48.597  1816  1834 E ApplicationHelper: Fail to get PackageManager
12-27 11:10:48.601  1816  1833 E JobScheduler: ResourceBudgetManagerInternal is null
12-27 11:10:48.605  1816  1834 E ApplicationHelper: Fail to get PackageManager
--
12-27 11:10:49.737  1816  1853 E TransitionController: 	at com.android.server.wm.WindowSurfacePlacer.performSurfacePlacementLoop(WindowSurfacePlacer.java:200)
12-27 11:10:49.737  1816  1853 E TransitionController: 	at com.android.server.wm.WindowSurfacePlacer.performSurfacePlacement(WindowSurfacePlacer.java:149)
12-27 11:10:49.737  1816  1853 E TransitionController: 	at com.android.server.wm.WindowSurfacePlacer.performSurfacePlacement(WindowSurfacePlacer.java:138)
12-27 11:10:49.737  1816  1853 E TransitionController: 	at com.android.server.wm.WindowSurfacePlacer$Traverser.run(WindowSurfacePlacer.java:80)
12-27 11:10:49.737  1816  1853 E TransitionController: 	at android.os.Handler.handleCallback(Handler.java:959)
12-27 11:10:49.737  1816  1853 E TransitionController: 	at android.os.Handler.dispatchMessage(Handler.java:100)
12-27 11:10:49.737  1816  1853 E TransitionController: 	at android.os.Looper.loopOnce(Looper.java:249)
12-27 11:10:49.737  1816  1853 E TransitionController: 	at android.os.Looper.loop(Looper.java:337)
12-27 11:10:49.737  1816  1853 E TransitionController: 	at android.os.HandlerThread.run(HandlerThread.java:85)
12-27 11:10:49.737  1816  1853 E TransitionController: 	at com.android.server.ServiceThread.run(ServiceThread.java:46)
12-27 11:10:49.751  2955  3057 E KeyguardTransitionHandlerImpl: activityCount = 0
12-27 11:10:49.751  2955  3057 E KeyguardTransitionHandlerImpl: activityCount = 0
12-27 11:10:49.993  1816  1834 E ApplicationHelper: Fail to get PackageManager
12-27 11:10:50.034  1816  1834 E ApplicationHelper: Fail to get PackageManager
12-27 11:10:50.086  9551  9551 F DEBUG   : *** *** *** *** *** *** *** *** *** *** *** *** *** *** *** ***
12-27 11:10:50.086  9551  9551 F DEBUG   : Build fingerprint: 'Redmi/air_in/air:15/AP3A.240905.015.A2/OS2.0.204.0.VGQINXM:user/release-keys'
12-27 11:10:50.086  9551  9551 F DEBUG   : Revision: '0'
12-27 11:10:50.086  9551  9551 F DEBUG   : ABI: 'arm64'
12-27 11:10:50.086  9551  9551 F DEBUG   : Timestamp: 2025-12-27 11:10:47.990542943+0530
12-27 11:10:50.086  9551  9551 F DEBUG   : Process uptime: 2s
12-27 11:10:50.086  9551  9551 F DEBUG   : Cmdline: com.aagah
12-27 11:10:50.086  9551  9551 F DEBUG   : pid: 9405, tid: 9521, name: mqt_v_js  >>> com.aagah <<<
12-27 11:10:50.087  9551  9551 F DEBUG   : uid: 10400
12-27 11:10:50.087  9551  9551 F DEBUG   : tagged_addr_ctrl: 0000000000000001 (PR_TAGGED_ADDR_ENABLE)
12-27 11:10:50.087  9551  9551 F DEBUG   : signal 6 (SIGABRT), code -1 (SI_QUEUE), fault addr --------
12-27 11:10:50.087  9551  9551 F DEBUG   : Abort message: 'terminating due to uncaught exception of type facebook::jni::JniException: com.facebook.react.common.JavascriptException: [runtime not ready]: Error: The package 'react-native-sound' doesn't seem to be linked. Make sure: 
12-27 11:10:50.087  9551  9551 F DEBUG   : 
12-27 11:10:50.087  9551  9551 F DEBUG   : - You rebuilt the app after installing the package
12-27 11:10:50.087  9551  9551 F DEBUG   : - You are not using Expo Go
12-27 11:10:50.087  9551  9551 F DEBUG   : , stack:
12-27 11:10:50.087  9551  9551 F DEBUG   : get@1:1982584
12-27 11:10:50.087  9551  9551 F DEBUG   : NativeEventEmitter@1:321229
12-27 11:10:50.087  9551  9551 F DEBUG   : anonymous@1:1982419
12-27 11:10:50.087  9551  9551 F DEBUG   : loadModuleImplementation@1:46949
12-27 11:10:50.087  9551  9551 F DEBUG   : guardedLoadModule@1:46473
12-27 11:10:50.087  9551  9551 F DEBUG   : metroRequire@1:46069
12-27 11:10:50.087  9551  9551 F DEBUG   : anonymous@1:793034
12-27 11:10:50.087  9551  9551 F DEBUG   : loadModuleImplementation@1:46949
12-27 11:10:50.087  9551  9551 F DEBUG   : guardedLoadModule@1:46473
12-27 11:10:50.087  9551  9551 F DEBUG   : metroRequire@1:46069
12-27 11:10:50.087  9551  9551 F DEBUG   : anonymous@1:53604
12-27 11:10:50.087  9551  9551 F DEBUG   : loadModuleImplementation@1:46949
--
12-27 11:10:50.087  9551  9551 F DEBUG   : 	at android.os.Handler.dispatchMessage(Handler.java:100)
12-27 11:10:50.087  9551  9551 F DEBUG   : 	at com.facebook.react.bridge.queue.MessageQueueThreadHandler.dispatchMessage(MessageQueueThreadHandler.kt:21)
12-27 11:10:50.087  9551  9551 F DEBUG   : 	at android.os.Looper.loopOnce(Looper.java:249)
12-27 11:10:50.087  9551  9551 F DEBUG   : 	at android.os.Looper.loop(Looper.java:337)
12-27 11:10:50.087  9551  9551 F DEBUG   : 	at com.facebook.react.bridge.queue.MessageQueueThreadImpl$Companion.startNewBackgroundThread$lambda$0(MessageQueueThreadImpl.kt:152)
12-27 11:10:50.087  9551  9551 F DEBUG   : 	at com.facebook.react.bridge.queue.MessageQueueThreadImpl$Companion.$r8$lambda$YYXYCFexeoKtAeDpeNYkxZZlpbA(Unknown Source:0)
12-27 11:10:50.087  9551  9551 F DEBUG   : 	at com.facebook.react.bridge.queue.MessageQueueThreadImpl$Companion$$ExternalSyntheticLambda0.run(D8$$SyntheticClass:0)
12-27 11:10:50.087  9551  9551 F DEBUG   : 	at java.lang.Thread.run(Thread.java:1119)'
12-27 11:10:50.087  9551  9551 F DEBUG   :     x0  0000000000000000  x1  0000000000002531  x2  0000000000000006  x3  00000075a60d68c0
12-27 11:10:50.087  9551  9551 F DEBUG   :     x4  646277641f736766  x5  646277641f736766  x6  646277641f736766  x7  7f7f7f7f7f7f7f7f
12-27 11:10:50.087  9551  9551 F DEBUG   :     x8  00000000000000f0  x9  00000079c84ed548  x10 0000000000000001  x11 00000079c853f5a0
12-27 11:10:50.087  9551  9551 F DEBUG   :     x12 00000079cfe3f020  x13 000000007fffffff  x14 000000000d1c8b7a  x15 00000ea9995f75bf
12-27 11:10:50.087  9551  9551 F DEBUG   :     x16 00000079c85a9008  x17 00000079c8593100  x18 00000075a5808000  x19 00000000000024bd
12-27 11:10:50.087  9551  9551 F DEBUG   :     x20 0000000000002531  x21 00000000ffffffff  x22 00000075a60d69f0  x23 00000075a60d6a30
12-27 11:10:50.087  9551  9551 F DEBUG   :     x24 00000075a60d6ae0  x25 000000000000000f  x26 0000007645b32bc9  x27 0000007645b2f843
12-27 11:10:50.087  9551  9551 F DEBUG   :     x28 0000007645b29d59  x29 00000075a60d6940
12-27 11:10:50.087  9551  9551 F DEBUG   :     lr  00000079c8527e98  sp  00000075a60d68a0  pc  00000079c8527ec4  pst 0000000000001000
12-27 11:10:50.087  9551  9551 F DEBUG   : 47 total frames
12-27 11:10:50.087  9551  9551 F DEBUG   : backtrace:
12-27 11:10:50.087  9551  9551 F DEBUG   :       #00 pc 000000000005dec4  /apex/com.android.runtime/lib64/bionic/libc.so (abort+164) (BuildId: 2d643b9d04346862a8e0c7d49db87c66)
12-27 11:10:50.087  9551  9551 F DEBUG   :       #01 pc 00000000000a0210  /data/app/~~CWLi9S-uTjHC4-hKqP-JKg==/com.aagah-gXqi6X6Y2YP12KDcv3RS5A==/base.apk!libc++_shared.so (offset 0xbc4000) (BuildId: 6783a7f3a0d9c67c55a74cadc441ed55aaa493da)
12-27 11:10:50.087  9551  9551 F DEBUG   :       #02 pc 000000000009eeb0  /data/app/~~CWLi9S-uTjHC4-hKqP-JKg==/com.aagah-gXqi6X6Y2YP12KDcv3RS5A==/base.apk!libc++_shared.so (offset 0xbc4000) (BuildId: 6783a7f3a0d9c67c55a74cadc441ed55aaa493da)
12-27 11:10:50.087  9551  9551 F DEBUG   :       #03 pc 000000000009f374  /data/app/~~CWLi9S-uTjHC4-hKqP-JKg==/com.aagah-gXqi6X6Y2YP12KDcv3RS5A==/base.apk!libc++_shared.so (offset 0xbc4000) (BuildId: 6783a7f3a0d9c67c55a74cadc441ed55aaa493da)
12-27 11:10:50.087  9551  9551 F DEBUG   :       #04 pc 000000000009f314  /data/app/~~CWLi9S-uTjHC4-hKqP-JKg==/com.aagah-gXqi6X6Y2YP12KDcv3RS5A==/base.apk!libc++_shared.so (offset 0xbc4000) (std::terminate()+56) (BuildId: 6783a7f3a0d9c67c55a74cadc441ed55aaa493da)
12-27 11:10:50.087  9551  9551 F DEBUG   :       #05 pc 000000000027e224  /data/app/~~CWLi9S-uTjHC4-hKqP-JKg==/com.aagah-gXqi6X6Y2YP12KDcv3RS5A==/base.apk!libreactnative.so (offset 0x121c000) (BuildId: 691b347289c731b84861047df2aaafbd84f47080)
12-27 11:10:50.087  9551  9551 F DEBUG   :       #06 pc 00000000004bf374  /data/app/~~CWLi9S-uTjHC4-hKqP-JKg==/com.aagah-gXqi6X6Y2YP12KDcv3RS5A==/base.apk!libreactnative.so (offset 0x121c000) (BuildId: 691b347289c731b84861047df2aaafbd84f47080)
12-27 11:10:50.087  9551  9551 F DEBUG   :       #07 pc 00000000002db9e4  /data/app/~~CWLi9S-uTjHC4-hKqP-JKg==/com.aagah-gXqi6X6Y2YP12KDcv3RS5A==/base.apk!libreactnative.so (offset 0x121c000) (facebook::react::JsErrorHandler::handleErrorWithCppPipeline(facebook::jsi::Runtime&, facebook::jsi::JSError&, bool, bool)+7440) (BuildId: 691b347289c731b84861047df2aaafbd84f47080)
12-27 11:10:50.087  9551  9551 F DEBUG   :       #08 pc 00000000002d9988  /data/app/~~CWLi9S-uTjHC4-hKqP-JKg==/com.aagah-gXqi6X6Y2YP12KDcv3RS5A==/base.apk!libreactnative.so (offset 0x121c000) (facebook::react::JsErrorHandler::handleError(facebook::jsi::Runtime&, facebook::jsi::JSError&, bool, bool)+1684) (BuildId: 691b347289c731b84861047df2aaafbd84f47080)
12-27 11:10:50.087  9551  9551 F DEBUG   :       #09 pc 000000000028d420  /data/app/~~CWLi9S-uTjHC4-hKqP-JKg==/com.aagah-gXqi6X6Y2YP12KDcv3RS5A==/base.apk!libreactnative.so (offset 0x121c000) (BuildId: 691b347289c731b84861047df2aaafbd84f47080)
12-27 11:10:50.087  9551  9551 F DEBUG   :       #10 pc 00000000000abe48  /data/app/~~CWLi9S-uTjHC4-hKqP-JKg==/com.aagah-gXqi6X6Y2YP12KDcv3RS5A==/base.apk!libhermesvm.so (offset 0xd60000) (BuildId: 5ecc060199caaf24c191abad40cb4d0af7fb15d6)
12-27 11:10:50.087  9551  9551 F DEBUG   :       #11 pc 00000000000abb84  /data/app/~~CWLi9S-uTjHC4-hKqP-JKg==/com.aagah-gXqi6X6Y2YP12KDcv3RS5A==/base.apk!libhermesvm.so (offset 0xd60000) (BuildId: 5ecc060199caaf24c191abad40cb4d0af7fb15d6)
12-27 11:10:50.087  9551  9551 F DEBUG   :       #12 pc 00000000000b4370  /data/app/~~CWLi9S-uTjHC4-hKqP-JKg==/com.aagah-gXqi6X6Y2YP12KDcv3RS5A==/base.apk!libhermesvm.so (offset 0xd60000) (BuildId: 5ecc060199caaf24c191abad40cb4d0af7fb15d6)
12-27 11:10:50.087  9551  9551 F DEBUG   :       #13 pc 00000000000c6758  /data/app/~~CWLi9S-uTjHC4-hKqP-JKg==/com.aagah-gXqi6X6Y2YP12KDcv3RS5A==/base.apk!libhermesvm.so (offset 0xd60000) (BuildId: 5ecc060199caaf24c191abad40cb4d0af7fb15d6)
12-27 11:10:50.087  9551  9551 F DEBUG   :       #14 pc 00000000000c60b8  /data/app/~~CWLi9S-uTjHC4-hKqP-JKg==/com.aagah-gXqi6X6Y2YP12KDcv3RS5A==/base.apk!libhermesvm.so (offset 0xd60000) (BuildId: 5ecc060199caaf24c191abad40cb4d0af7fb15d6)
12-27 11:10:50.087  9551  9551 F DEBUG   :       #15 pc 00000000000f5b80  /data/app/~~CWLi9S-uTjHC4-hKqP-JKg==/com.aagah-gXqi6X6Y2YP12KDcv3RS5A==/base.apk!libhermesvm.so (offset 0xd60000) (BuildId: 5ecc060199caaf24c191abad40cb4d0af7fb15d6)
12-27 11:10:50.087  9551  9551 F DEBUG   :       #16 pc 00000000000a0cb0  /data/app/~~CWLi9S-uTjHC4-hKqP-JKg==/com.aagah-gXqi6X6Y2YP12KDcv3RS5A==/base.apk!libhermesvm.so (offset 0xd60000) (BuildId: 5ecc060199caaf24c191abad40cb4d0af7fb15d6)
12-27 11:10:50.087  9551  9551 F DEBUG   :       #17 pc 00000000000a70c4  /data/app/~~CWLi9S-uTjHC4-hKqP-JKg==/com.aagah-gXqi6X6Y2YP12KDcv3RS5A==/base.apk!libhermesvm.so (offset 0xd60000) (BuildId: 5ecc060199caaf24c191abad40cb4d0af7fb15d6)
12-27 11:10:50.087  9551  9551 F DEBUG   :       #18 pc 00000000000a0ab0  /data/app/~~CWLi9S-uTjHC4-hKqP-JKg==/com.aagah-gXqi6X6Y2YP12KDcv3RS5A==/base.apk!libhermesvm.so (offset 0xd60000) (BuildId: 5ecc060199caaf24c191abad40cb4d0af7fb15d6)
12-27 11:10:50.087  9551  9551 F DEBUG   :       #19 pc 0000000000288e3c  /data/app/~~CWLi9S-uTjHC4-hKqP-JKg==/com.aagah-gXqi6X6Y2YP12KDcv3RS5A==/base.apk!libreactnative.so (offset 0x121c000) (BuildId: 691b347289c731b84861047df2aaafbd84f47080)
12-27 11:10:50.087  9551  9551 F DEBUG   :       #20 pc 0000000000457ce4  /data/app/~~CWLi9S-uTjHC4-hKqP-JKg==/com.aagah-gXqi6X6Y2YP12KDcv3RS5A==/base.apk!libreactnative.so (offset 0x121c000) (facebook::react::Task::execute(facebook::jsi::Runtime&, bool)+312) (BuildId: 691b347289c731b84861047df2aaafbd84f47080)
12-27 11:10:50.087  9551  9551 F DEBUG   :       #21 pc 0000000000455e74  /data/app/~~CWLi9S-uTjHC4-hKqP-JKg==/com.aagah-gXqi6X6Y2YP12KDcv3RS5A==/base.apk!libreactnative.so (offset 0x121c000) (facebook::react::RuntimeScheduler_Modern::executeTask(facebook::jsi::Runtime&, facebook::react::Task&, bool) const+60) (BuildId: 691b347289c731b84861047df2aaafbd84f47080)
12-27 11:10:50.087  9551  9551 F DEBUG   :       #22 pc 0000000000456784  /data/app/~~CWLi9S-uTjHC4-hKqP-JKg==/com.aagah-gXqi6X6Y2YP12KDcv3RS5A==/base.apk!libreactnative.so (offset 0x121c000) (facebook::react::RuntimeScheduler_Modern::runEventLoopTick(facebook::jsi::Runtime&, facebook::react::Task&)+124) (BuildId: 691b347289c731b84861047df2aaafbd84f47080)
12-27 11:10:50.087  9551  9551 F DEBUG   :       #23 pc 0000000000456494  /data/app/~~CWLi9S-uTjHC4-hKqP-JKg==/com.aagah-gXqi6X6Y2YP12KDcv3RS5A==/base.apk!libreactnative.so (offset 0x121c000) (facebook::react::RuntimeScheduler_Modern::runEventLoop(facebook::jsi::Runtime&)+88) (BuildId: 691b347289c731b84861047df2aaafbd84f47080)
12-27 11:10:50.087  9551  9551 F DEBUG   :       #24 pc 00000000002869c4  /data/app/~~CWLi9S-uTjHC4-hKqP-JKg==/com.aagah-gXqi6X6Y2YP12KDcv3RS5A==/base.apk!libreactnative.so (offset 0x121c000) (BuildId: 691b347289c731b84861047df2aaafbd84f47080)
12-27 11:10:50.087  9551  9551 F DEBUG   :       #25 pc 000000000049671c  /data/app/~~CWLi9S-uTjHC4-hKqP-JKg==/com.aagah-gXqi6X6Y2YP12KDcv3RS5A==/base.apk!libreactnative.so (offset 0x121c000) (BuildId: 691b347289c731b84861047df2aaafbd84f47080)
12-27 11:10:50.087  9551  9551 F DEBUG   :       #26 pc 0000000000017dd0  /data/app/~~CWLi9S-uTjHC4-hKqP-JKg==/com.aagah-gXqi6X6Y2YP12KDcv3RS5A==/base.apk!libfbjni.so (offset 0xd04000) (facebook::jni::detail::MethodWrapper<void (facebook::jni::JNativeRunnable::*)(), &facebook::jni::JNativeRunnable::run(), facebook::jni::JNativeRunnable, void>::dispatch(facebook::jni::alias_ref<facebook::jni::detail::JTypeFor<facebook::jni::HybridClass<facebook::jni::JNativeRunnable, facebook::jni::JRunnable>::JavaPart, facebook::jni::JRunnable, void>::_javaobject*>)+72) (BuildId: e438f6554af1d86b210a05412e96c4251e570157)
12-27 11:10:50.087  9551  9551 F DEBUG   :       #27 pc 0000000000017d10  /data/app/~~CWLi9S-uTjHC4-hKqP-JKg==/com.aagah-gXqi6X6Y2YP12KDcv3RS5A==/base.apk!libfbjni.so (offset 0xd04000) (facebook::jni::detail::FunctionWrapper<void (*)(facebook::jni::alias_ref<facebook::jni::detail::JTypeFor<facebook::jni::HybridClass<facebook::jni::JNativeRunnable, facebook::jni::JRunnable>::JavaPart, facebook::jni::JRunnable, void>::_javaobject*>), facebook::jni::detail::JTypeFor<facebook::jni::HybridClass<facebook::jni::JNativeRunnable, facebook::jni::JRunnable>::JavaPart, facebook::jni::JRunnable, void>::_javaobject*, void>::call(_JNIEnv*, _jobject*, void (*)(facebook::jni::alias_ref<facebook::jni::detail::JTypeFor<facebook::jni::HybridClass<facebook::jni::JNativeRunnable, facebook::jni::JRunnable>::JavaPart, facebook::jni::JRunnable, void>::_javaobject*>))+60) (BuildId: e438f6554af1d86b210a05412e96c4251e570157)
12-27 11:10:50.087  9551  9551 F DEBUG   :       #28 pc 0000000000f0bc10  /data/misc/apexdata/com.android.art/dalvik-cache/arm64/boot.oat (art_jni_trampoline+112)
12-27 11:10:50.087  9551  9551 F DEBUG   :       #29 pc 000000000098fe04  /data/misc/apexdata/com.android.art/dalvik-cache/arm64/boot.oat (android.os.Handler.dispatchMessage+68)
12-27 11:10:50.087  9551  9551 F DEBUG   :       #30 pc 000000000068a320  /apex/com.android.art/lib64/libart.so (nterp_helper+4016) (BuildId: eb4ec0f1d1c7267591d83fa87cb36390)
12-27 11:10:50.087  9551  9551 F DEBUG   :       #31 pc 0000000000bac972  /data/app/~~CWLi9S-uTjHC4-hKqP-JKg==/com.aagah-gXqi6X6Y2YP12KDcv3RS5A==/oat/arm64/base.vdex (com.facebook.react.bridge.queue.MessageQueueThreadHandler.dispatchMessage+10)
12-27 11:10:50.087  9551  9551 F DEBUG   :       #32 pc 0000000000993aa4  /data/misc/apexdata/com.android.art/dalvik-cache/arm64/boot.oat (android.os.Looper.loopOnce+1012)
12-27 11:10:50.087  9551  9551 F DEBUG   :       #33 pc 0000000000993608  /data/misc/apexdata/com.android.art/dalvik-cache/arm64/boot.oat (android.os.Looper.loop+632)
12-27 11:10:50.087  9551  9551 F DEBUG   :       #34 pc 0000000000689408  /apex/com.android.art/lib64/libart.so (nterp_helper+152) (BuildId: eb4ec0f1d1c7267591d83fa87cb36390)
12-27 11:10:50.087  9551  9551 F DEBUG   :       #35 pc 0000000000bacc1c  /data/app/~~CWLi9S-uTjHC4-hKqP-JKg==/com.aagah-gXqi6X6Y2YP12KDcv3RS5A==/oat/arm64/base.vdex (com.facebook.react.bridge.queue.MessageQueueThreadImpl$Companion.startNewBackgroundThread$lambda$0+28)
12-27 11:10:50.087  9551  9551 F DEBUG   :       #36 pc 0000000000689408  /apex/com.android.art/lib64/libart.so (nterp_helper+152) (BuildId: eb4ec0f1d1c7267591d83fa87cb36390)
12-27 11:10:50.087  9551  9551 F DEBUG   :       #37 pc 0000000000bacbb8  /data/app/~~CWLi9S-uTjHC4-hKqP-JKg==/com.aagah-gXqi6X6Y2YP12KDcv3RS5A==/oat/arm64/base.vdex (com.facebook.react.bridge.queue.MessageQueueThreadImpl$Companion.$r8$lambda$YYXYCFexeoKtAeDpeNYkxZZlpbA+0)
12-27 11:10:50.087  9551  9551 F DEBUG   :       #38 pc 0000000000689408  /apex/com.android.art/lib64/libart.so (nterp_helper+152) (BuildId: eb4ec0f1d1c7267591d83fa87cb36390)
12-27 11:10:50.087  9551  9551 F DEBUG   :       #39 pc 0000000000baca08  /data/app/~~CWLi9S-uTjHC4-hKqP-JKg==/com.aagah-gXqi6X6Y2YP12KDcv3RS5A==/oat/arm64/base.vdex (com.facebook.react.bridge.queue.MessageQueueThreadImpl$Companion$$ExternalSyntheticLambda0.run+4)
12-27 11:10:50.087  9551  9551 F DEBUG   :       #40 pc 000000000037d4f0  /data/misc/apexdata/com.android.art/dalvik-cache/arm64/boot.oat (java.lang.Thread.run+64)
12-27 11:10:50.087  9551  9551 F DEBUG   :       #41 pc 0000000000317194  /apex/com.android.art/lib64/libart.so (art_quick_invoke_stub+612) (BuildId: eb4ec0f1d1c7267591d83fa87cb36390)
12-27 11:10:50.087  9551  9551 F DEBUG   :       #42 pc 0000000000302838  /apex/com.android.art/lib64/libart.so (art::ArtMethod::Invoke(art::Thread*, unsigned int*, unsigned int, art::JValue*, char const*)+216) (BuildId: eb4ec0f1d1c7267591d83fa87cb36390)
12-27 11:10:50.087  9551  9551 F DEBUG   :       #43 pc 00000000004c8298  /apex/com.android.art/lib64/libart.so (art::Thread::CreateCallback(void*)+932) (BuildId: eb4ec0f1d1c7267591d83fa87cb36390)
12-27 11:10:50.087  9551  9551 F DEBUG   :       #44 pc 00000000004c7ee4  /apex/com.android.art/lib64/libart.so (art::Thread::CreateCallbackWithUffdGc(void*)+8) (BuildId: eb4ec0f1d1c7267591d83fa87cb36390)
12-27 11:10:50.087  9551  9551 F DEBUG   :       #45 pc 0000000000070668  /apex/com.android.runtime/lib64/bionic/libc.so (__pthread_start(void*)+200) (BuildId: 2d643b9d04346862a8e0c7d49db87c66)
12-27 11:10:50.087  9551  9551 F DEBUG   :       #46 pc 0000000000061a00  /apex/com.android.runtime/lib64/bionic/libc.so (__start_thread+64) (BuildId: 2d643b9d04346862a8e0c7d49db87c66)
12-27 11:10:50.160  1816  2602 E ProcessManager: error write exception log
12-27 11:10:50.181  1816  1834 E ApplicationHelper: Fail to get PackageManager
12-27 11:10:50.256  1816  1816 E MBrainLocalService: notifyAppSwitch failed
12-27 11:10:50.258  1816  9827 E WindowManager: setClientVisible ActivityRecord{1e770ee u0 com.miui.home/.launcher.Launcher t12785} true
12-27 11:10:50.259  1816  9827 E WindowManager: setClientVisible WallpaperWindowToken{f51222b token=android.os.Binder@1316fb3} false
12-27 11:10:50.259  1816  9827 E WindowManager: setClientVisible WallpaperWindowToken{bfdeabe token=android.os.Binder@56fad79} false
12-27 11:10:50.281  1816  1816 E MBrainLocalService: notifyAppSwitch failed
12-27 11:10:50.295  1816  1834 E ApplicationHelper: Fail to get PackageManager
12-27 11:10:50.341  1816  1834 E ApplicationHelper: Fail to get PackageManager
12-27 11:10:50.341  1816  1834 E ApplicationHelper: Fail to get PackageManager
12-27 11:10:50.341  1816  1834 E ApplicationHelper: Fail to get PackageManager
12-27 11:10:50.341  1816  1834 E ApplicationHelper: Fail to get PackageManager
12-27 11:10:50.341  1816  1834 E ApplicationHelper: Fail to get PackageManager
--
12-27 11:10:50.493  1816  1853 E TransitionController: 	at com.android.server.wm.Transition.assignLayers(Transition.java:1307)
12-27 11:10:50.493  1816  1853 E TransitionController: 	at com.android.server.wm.Transition.calculateTransitionRoots(Transition.java:3409)
12-27 11:10:50.493  1816  1853 E TransitionController: 	at com.android.server.wm.Transition.calculateTransitionInfo(Transition.java:3463)
12-27 11:10:50.493  1816  1853 E TransitionController: 	at com.android.server.wm.Transition.onTransactionReady(Transition.java:2215)
12-27 11:10:50.493  1816  1853 E TransitionController: 	at com.android.server.wm.BLASTSyncEngine$SyncGroup.finishNow(BLASTSyncEngine.java:345)
12-27 11:10:50.493  1816  1853 E TransitionController: 	at com.android.server.wm.BLASTSyncEngine$SyncGroup.tryFinish(BLASTSyncEngine.java:274)
12-27 11:10:50.493  1816  1853 E TransitionController: 	at com.android.server.wm.BLASTSyncEngine$SyncGroup.-$$Nest$mtryFinish(Unknown Source:0)
12-27 11:10:50.493  1816  1853 E TransitionController: 	at com.android.server.wm.BLASTSyncEngine.onSurfacePlacement(BLASTSyncEngine.java:674)
12-27 11:10:50.493  1816  1853 E TransitionController: 	at com.android.server.wm.RootWindowContainer.performSurfacePlacementNoTrace(RootWindowContainer.java:944)
12-27 11:10:50.493  1816  1853 E TransitionController: 	at com.android.server.wm.RootWindowContainer.performSurfacePlacement(RootWindowContainer.java:889)
12-27 11:10:50.493  1816  1853 E TransitionController: 	at com.android.server.wm.WindowSurfacePlacer.performSurfacePlacementLoop(WindowSurfacePlacer.java:200)
12-27 11:10:50.493  1816  1853 E TransitionController: 	at com.android.server.wm.WindowSurfacePlacer.performSurfacePlacement(WindowSurfacePlacer.java:149)
12-27 11:10:50.493  1816  1853 E TransitionController: 	at com.android.server.wm.WindowSurfacePlacer.performSurfacePlacement(WindowSurfacePlacer.java:138)
12-27 11:10:50.493  1816  1853 E TransitionController: 	at com.android.server.wm.WindowSurfacePlacer$Traverser.run(WindowSurfacePlacer.java:80)
12-27 11:10:50.493  1816  1853 E TransitionController: 	at android.os.Handler.handleCallback(Handler.java:959)
12-27 11:10:50.493  1816  1853 E TransitionController: 	at android.os.Handler.dispatchMessage(Handler.java:100)
12-27 11:10:50.493  1816  1853 E TransitionController: 	at android.os.Looper.loopOnce(Looper.java:249)
12-27 11:10:50.493  1816  1853 E TransitionController: 	at android.os.Looper.loop(Looper.java:337)
12-27 11:10:50.493  1816  1853 E TransitionController: 	at android.os.HandlerThread.run(HandlerThread.java:85)
12-27 11:10:50.493  1816  1853 E TransitionController: 	at com.android.server.ServiceThread.run(ServiceThread.java:46)
12-27 11:10:50.496  1816  1853 E WindowManager:  source = Task{38c8110 #14501 type=standard A=10400:com.aagah} excludeMiuiNavBar = true excludeMiuiStatusBar = true excludeIme = false excludeNavBar = true miuiNavSurfaceControl = Surface(name=Miui Fake NavBar#48)/@0x97cc389 miuiStatusSurfaceControl = Surface(name=Miui Fake StatusBar#47)/@0xe8e1553
12-27 11:10:50.503  2955  3057 E KeyguardTransitionHandlerImpl: activityCount = 0
12-27 11:10:50.504  2955  3057 E KeyguardTransitionHandlerImpl: activityCount = 0
12-27 11:10:50.511  1816  1834 E ApplicationHelper: Fail to get PackageManager
12-27 11:10:50.517  1816  1834 E ApplicationHelper: Fail to get PackageManager
12-27 11:10:50.517  1816  1834 E ApplicationHelper: Fail to get PackageManager
12-27 11:10:50.538  1816  1834 E ApplicationHelper: Fail to get PackageManager
12-27 11:10:50.538  1816  1834 E ApplicationHelper: Fail to get PackageManager
12-27 11:10:50.575  1816  1834 E ApplicationHelper: Fail to get PackageManager
12-27 11:10:50.624  1816  1834 E ApplicationHelper: Fail to get PackageManager
12-27 11:10:50.740  1816  1834 E ApplicationHelper: Fail to get PackageManager
12-27 11:10:50.746  1816  1834 E ApplicationHelper: Fail to get PackageManager
12-27 11:10:50.746  1816  1834 E ApplicationHelper: Fail to get PackageManager
12-27 11:10:50.750  1816  1834 E ApplicationHelper: Fail to get PackageManager
12-27 11:10:50.766  1816  1834 E ApplicationHelper: Fail to get PackageManager
12-27 11:10:50.770  1816  1834 E ApplicationHelper: Fail to get PackageManager
12-27 11:10:50.776  1816  1834 E ApplicationHelper: Fail to get PackageManager
12-27 11:10:50.784  1816  1834 E ApplicationHelper: Fail to get PackageManager
12-27 11:10:50.789  1816  1834 E ApplicationHelper: Fail to get PackageManager
12-27 11:10:50.793  1816  1834 E ApplicationHelper: Fail to get PackageManager
12-27 11:10:51.003  1816  8322 E WindowManager: setClientVisible ActivityRecord{7a1ea4 u0 com.aagah/.MainActivity t14501 f} isExiting} false
12-27 11:10:51.004  1816  1834 E ApplicationHelper: Fail to get PackageManager
12-27 11:10:51.005  1816  1834 E ApplicationHelper: Fail to get PackageManager
12-27 11:10:51.297  1816  1834 E ApplicationHelper: Fail to get PackageManager
12-27 11:10:51.299  1816  1834 E ApplicationHelper: Fail to get PackageManager
12-27 11:10:51.406  1816  8612 E JobScheduler: ResourceBudgetManagerInternal is null
12-27 11:10:51.408  1816  1834 E ApplicationHelper: Fail to get PackageManager
12-27 11:10:51.416  1816  1834 E ApplicationHelper: Fail to get PackageManager
12-27 11:10:52.307  1816  1834 E ApplicationHelper: Fail to get PackageManager
12-27 11:10:53.081  1816  1834 E ApplicationHelper: Fail to get PackageManager
12-27 11:10:53.084  1816  2121 E JobScheduler.Background: Couldn't determine stopped state for unknown package: com.google.android.apps.turbo
12-27 11:10:53.084  1816  2121 E JobScheduler.Background: Couldn't determine stopped state for unknown package: com.google.android.apps.turbo
12-27 11:10:53.084  1816  2121 E JobScheduler.Background: Couldn't determine stopped state for unknown package: com.google.android.apps.turbo
12-27 11:10:53.084  1816  2121 E JobScheduler.Background: Couldn't determine stopped state for unknown package: com.google.android.apps.turbo
12-27 11:10:53.084  1816  2121 E JobScheduler.Background: Couldn't determine stopped state for unknown package: com.google.android.apps.turbo
12-27 11:10:53.087  1816  1834 E ApplicationHelper: Fail to get PackageManager
12-27 11:10:53.549  1816  1834 E ApplicationHelper: Fail to get PackageManager
12-27 11:10:53.549  1816  1834 E ApplicationHelper: Fail to get PackageManager
12-27 11:10:53.551  1816  2121 E JobScheduler.Background: Couldn't determine stopped state for unknown package: com.google.android.apps.turbo
12-27 11:10:53.551  1816  2121 E JobScheduler.Background: Couldn't determine stopped state for unknown package: com.google.android.apps.turbo
12-27 11:10:53.551  1816  2121 E JobScheduler.Background: Couldn't determine stopped state for unknown package: com.google.android.apps.turbo
--
12-27 11:10:58.373  1816  1834 E ApplicationHelper: Fail to get PackageManager
12-27 11:10:58.378  1816  1834 E ApplicationHelper: Fail to get PackageManager
12-27 11:10:58.378  1816  1834 E ApplicationHelper: Fail to get PackageManager
12-27 11:10:58.378  1816  1834 E ApplicationHelper: Fail to get PackageManager
12-27 11:10:58.378  1816  1834 E ApplicationHelper: Fail to get PackageManager
12-27 11:10:58.382  1816  1834 E ApplicationHelper: Fail to get PackageManager
12-27 11:10:58.389  1816  1834 E ApplicationHelper: Fail to get PackageManager
12-27 11:10:58.394  1816  1834 E ApplicationHelper: Fail to get PackageManager
12-27 11:10:58.394  1816  1834 E ApplicationHelper: Fail to get PackageManager
12-27 11:10:58.397  1816  8322 E WindowManager: setClientVisible ActivityRecord{abf3ec7 u0 com.miui.thirdappassistant/.ui.NotificationDetailActivity t14502 f}} false
12-27 11:10:58.400  1816  1834 E ApplicationHelper: Fail to get PackageManager
12-27 11:10:58.400  1816  1834 E ApplicationHelper: Fail to get PackageManager
12-27 11:10:58.404  1816  1834 E ApplicationHelper: Fail to get PackageManager
12-27 11:10:58.404  1816  1834 E ApplicationHelper: Fail to get PackageManager
12-27 11:10:58.404  1816  1834 E ApplicationHelper: Fail to get PackageManager
12-27 11:10:58.404  1816  1834 E ApplicationHelper: Fail to get PackageManager
12-27 11:10:58.404  1816  1834 E ApplicationHelper: Fail to get PackageManager
12-27 11:10:58.404  1816  1834 E ApplicationHelper: Fail to get PackageManager
12-27 11:10:58.581  1816  1834 E ApplicationHelper: Fail to get PackageManager
12-27 11:10:58.583  1816  1834 E ApplicationHelper: Fail to get PackageManager
12-27 11:10:58.956  1816  8322 E WindowManager: setClientVisible ActivityRecord{8b42779 u0 com.aagah/.MainActivity true
12-27 11:10:58.968  1816  1816 E MBrainLocalService: notifyAppSwitch failed
12-27 11:10:58.968  1816  8322 E WindowManager: setClientVisible ActivityRecord{8b42779 u0 com.aagah/.MainActivity t14503} true
12-27 11:10:58.981  1816  1834 E ApplicationHelper: Fail to get PackageManager
12-27 11:10:58.993  1816  1834 E ApplicationHelper: Fail to get PackageManager
12-27 11:10:58.993  1816  1834 E ApplicationHelper: Fail to get PackageManager
12-27 11:10:59.031  1816  1853 E WindowManager: setClientVisible ActivityRecord{8b42779 u0 com.aagah/.MainActivity t14503} true
12-27 11:10:59.031  1816  1853 E TransitionController: Collecting Transition (#12667) is not collecting. state=2
12-27 11:10:59.031  1816  1853 E TransitionController: android.util.Log$TerribleFailure: Collecting Transition (#12667) is not collecting. state=2
12-27 11:10:59.031  1816  1853 E TransitionController: 	at android.util.Log.wtf(Log.java:338)
12-27 11:10:59.031  1816  1853 E TransitionController: 	at android.util.Slog.wtfStack(Slog.java:248)
12-27 11:10:59.031  1816  1853 E TransitionController: 	at com.android.server.wm.TransitionController.getCollectingTransition(TransitionController.java:460)
12-27 11:10:59.031  1816  1853 E TransitionController: 	at com.android.server.wm.Transition.calculateTargets(Transition.java:3206)
12-27 11:10:59.031  1816  1853 E TransitionController: 	at com.android.server.wm.Transition.onTransactionReady(Transition.java:2206)
12-27 11:10:59.031  1816  1853 E TransitionController: 	at com.android.server.wm.BLASTSyncEngine$SyncGroup.finishNow(BLASTSyncEngine.java:345)
12-27 11:10:59.031  1816  1853 E TransitionController: 	at com.android.server.wm.BLASTSyncEngine$SyncGroup.tryFinish(BLASTSyncEngine.java:274)
12-27 11:10:59.031  1816  1853 E TransitionController: 	at com.android.server.wm.BLASTSyncEngine$SyncGroup.-$$Nest$mtryFinish(Unknown Source:0)
12-27 11:10:59.031  1816  1853 E TransitionController: 	at com.android.server.wm.BLASTSyncEngine.onSurfacePlacement(BLASTSyncEngine.java:674)
12-27 11:10:59.031  1816  1853 E TransitionController: 	at com.android.server.wm.RootWindowContainer.performSurfacePlacementNoTrace(RootWindowContainer.java:944)
12-27 11:10:59.031  1816  1853 E TransitionController: 	at com.android.server.wm.RootWindowContainer.performSurfacePlacement(RootWindowContainer.java:889)
12-27 11:10:59.031  1816  1853 E TransitionController: 	at com.android.server.wm.WindowSurfacePlacer.performSurfacePlacementLoop(WindowSurfacePlacer.java:200)
12-27 11:10:59.031  1816  1853 E TransitionController: 	at com.android.server.wm.WindowSurfacePlacer.performSurfacePlacement(WindowSurfacePlacer.java:149)
12-27 11:10:59.031  1816  1853 E TransitionController: 	at com.android.server.wm.WindowSurfacePlacer.performSurfacePlacement(WindowSurfacePlacer.java:138)
12-27 11:10:59.031  1816  1853 E TransitionController: 	at com.android.server.wm.WindowSurfacePlacer$Traverser.run(WindowSurfacePlacer.java:80)
12-27 11:10:59.031  1816  1853 E TransitionController: 	at android.os.Handler.handleCallback(Handler.java:959)
12-27 11:10:59.031  1816  1853 E TransitionController: 	at android.os.Handler.dispatchMessage(Handler.java:100)
12-27 11:10:59.031  1816  1853 E TransitionController: 	at android.os.Looper.loopOnce(Looper.java:249)
--
12-27 11:10:59.035  1816  1853 E TransitionController: 	at android.os.Handler.handleCallback(Handler.java:959)
12-27 11:10:59.035  1816  1853 E TransitionController: 	at android.os.Handler.dispatchMessage(Handler.java:100)
12-27 11:10:59.035  1816  1853 E TransitionController: 	at android.os.Looper.loopOnce(Looper.java:249)
12-27 11:10:59.035  1816  1853 E TransitionController: 	at android.os.Looper.loop(Looper.java:337)
12-27 11:10:59.035  1816  1853 E TransitionController: 	at android.os.HandlerThread.run(HandlerThread.java:85)
12-27 11:10:59.035  1816  1853 E TransitionController: 	at com.android.server.ServiceThread.run(ServiceThread.java:46)
12-27 11:10:59.044  2955  3057 E KeyguardTransitionHandlerImpl: activityCount = 0
12-27 11:10:59.076  1816  1834 E ApplicationHelper: Fail to get PackageManager
12-27 11:10:59.262  1816  8322 E WindowManager: setClientVisible ActivityRecord{1e770ee u0 com.miui.home/.launcher.Launcher t12785} false
12-27 11:10:59.263  1816  8322 E WindowManager: setClientVisible WallpaperWindowToken{bfdeabe token=android.os.Binder@56fad79} false
12-27 11:10:59.263  1816  8322 E WindowManager: setClientVisible WallpaperWindowToken{f51222b token=android.os.Binder@1316fb3} false
12-27 11:10:59.273  1816  1853 E WindowManager: setClientVisible WallpaperWindowToken{f51222b token=android.os.Binder@1316fb3} false
12-27 11:10:59.274  1816  1853 E WindowManager: setClientVisible WallpaperWindowToken{bfdeabe token=android.os.Binder@56fad79} false
12-27 11:10:59.283  1816  1816 E MBrainLocalService: notifyAppSwitch failed
12-27 11:10:59.290  1816  4264 E WindowManager: setClientVisible WallpaperWindowToken{f51222b token=android.os.Binder@1316fb3} false
12-27 11:10:59.290  1816  4264 E WindowManager: setClientVisible WallpaperWindowToken{bfdeabe token=android.os.Binder@56fad79} false
12-27 11:10:59.296  1816  1853 E WindowManager: setClientVisible WallpaperWindowToken{f51222b token=android.os.Binder@1316fb3} false
12-27 11:10:59.296  1816  1853 E WindowManager: setClientVisible WallpaperWindowToken{bfdeabe token=android.os.Binder@56fad79} false
12-27 11:10:59.370 10073 10073 E TransactionExecutor: Failed to execute the transaction: tId:-2101043896 ClientTransaction{
12-27 11:10:59.370 10073 10073 E TransactionExecutor: tId:-2101043896   transactionItems=[
12-27 11:10:59.370 10073 10073 E TransactionExecutor: tId:-2101043896     LaunchActivityItem{activityToken=android.os.BinderProxy@469264d,intent=Intent { act=android.intent.action.MAIN cat=[android.intent.category.LAUNCHER] flg=0x10200000 cmp=com.aagah/.MainActivity bnds=[31,32][137,138] (has extras) },ident=146024313,info=ActivityInfo{a5288ff com.aagah.MainActivity},curConfig={1.0 405mcc856mnc [en_IN] ldltr sw360dp w360dp h800dp 320dpi nrml long port night finger -keyb/v/h -nav/h winConfig={ mBounds=Rect(0, 0 - 720, 1600) mAppBounds=Rect(0, 0 - 720, 1600) mMaxBounds=Rect(0, 0 - 720, 1600) mDisplayRotation=ROTATION_0 mWindowingMode=fullscreen mActivityType=undefined mAlwaysOnTop=undefined mRotation=ROTATION_0 mInSplitScreen=false letterBoxed=false foScaled=false isSpecificEmbedded=false screenType=0} s.8462 fontWeightAdjustment=0/d themeChanged=0 themeChangedFlags=0 extraData = Bundle[EMPTY_PARCEL] screenType=0/0},overrideConfig={1.0 405mcc856mnc [en_IN] ldltr sw360dp w360dp h800dp 320dpi nrml long port night finger -keyb/v/h -nav/h winConfig={ mBounds=Rect(0, 0 - 720, 1600) mAppBounds=Rect(0, 0 - 720, 1600) mMaxBounds=Rect(0, 0 - 720, 1600) mDisplayRotation=ROTATION_0 mWindowingMode=fullscreen mActivityType=standard mAlwaysOnTop=undefined mRotation=ROTATION_0 mInSplitScreen=false letterBoxed=false foScaled=false isSpecificEmbedded=false screenType=0} s.2 fontWeightAdjustment=0/d themeChanged=0 themeChangedFlags=0 extraData = Bundle[{}] screenType=0/0},deviceId=0,referrer=com.miui.home,procState=2,state=null,persistentState=null,pendingResults=null,pendingNewIntents=null,sceneTransitionInfo=null,profilerInfo=null,assistToken=android.os.BinderProxy@8cb0a0,shareableActivityToken=android.os.BinderProxy@5782459,activityWindowInfo=ActivityWindowInfo{isEmbedded=false, taskBounds=Rect(0, 0 - 720, 1600), taskFragmentBounds=Rect(0, 0 - 720, 1600)}}
12-27 11:10:59.370 10073 10073 E TransactionExecutor: tId:-2101043896     ResumeActivityItem{mActivityToken=android.os.BinderProxy@469264d,procState=-1,updateProcState=false,isForward=true,shouldSendCompatFakeFocus=false}
12-27 11:10:59.370 10073 10073 E TransactionExecutor: tId:-2101043896     Target activity: com.aagah.MainActivity
12-27 11:10:59.370 10073 10073 E TransactionExecutor: tId:-2101043896   ]
12-27 11:10:59.370 10073 10073 E TransactionExecutor: tId:-2101043896 }
12-27 11:10:59.371 10073 10073 E AndroidRuntime: FATAL EXCEPTION: main
12-27 11:10:59.371 10073 10073 E AndroidRuntime: Process: com.aagah, PID: 10073
12-27 11:10:59.371 10073 10073 E AndroidRuntime: java.lang.RuntimeException: Unable to resume activity {com.aagah/com.aagah.MainActivity}: java.lang.NullPointerException: Attempt to invoke virtual method 'boolean com.ninty.system.setting.SystemSetting$VolumeBroadcastReceiver.isRegistered()' on a null object reference
12-27 11:10:59.371 10073 10073 E AndroidRuntime: 	at android.app.ActivityThread.performResumeActivity(ActivityThread.java:5725)
12-27 11:10:59.371 10073 10073 E AndroidRuntime: 	at android.app.ActivityThread.handleResumeActivity(ActivityThread.java:5758)
12-27 11:10:59.371 10073 10073 E AndroidRuntime: 	at android.app.servertransaction.ResumeActivityItem.execute(ResumeActivityItem.java:57)
12-27 11:10:59.371 10073 10073 E AndroidRuntime: 	at android.app.servertransaction.ActivityTransactionItem.execute(ActivityTransactionItem.java:60)
12-27 11:10:59.371 10073 10073 E AndroidRuntime: 	at android.app.servertransaction.TransactionExecutor.executeLifecycleItem(TransactionExecutor.java:237)
12-27 11:10:59.371 10073 10073 E AndroidRuntime: 	at android.app.servertransaction.TransactionExecutor.executeTransactionItems(TransactionExecutor.java:110)
12-27 11:10:59.371 10073 10073 E AndroidRuntime: 	at android.app.servertransaction.TransactionExecutor.execute(TransactionExecutor.java:84)
12-27 11:10:59.371 10073 10073 E AndroidRuntime: 	at android.app.ActivityThread$H.handleMessage(ActivityThread.java:2878)
12-27 11:10:59.371 10073 10073 E AndroidRuntime: 	at android.os.Handler.dispatchMessage(Handler.java:107)
12-27 11:10:59.371 10073 10073 E AndroidRuntime: 	at android.os.Looper.loopOnce(Looper.java:249)
12-27 11:10:59.371 10073 10073 E AndroidRuntime: 	at android.os.Looper.loop(Looper.java:337)
12-27 11:10:59.371 10073 10073 E AndroidRuntime: 	at android.app.ActivityThread.main(ActivityThread.java:9469)
12-27 11:10:59.371 10073 10073 E AndroidRuntime: 	at java.lang.reflect.Method.invoke(Native Method)
12-27 11:10:59.371 10073 10073 E AndroidRuntime: 	at com.android.internal.os.RuntimeInit$MethodAndArgsCaller.run(RuntimeInit.java:636)
12-27 11:10:59.371 10073 10073 E AndroidRuntime: 	at com.android.internal.os.ZygoteInit.main(ZygoteInit.java:1005)
12-27 11:10:59.371 10073 10073 E AndroidRuntime: Caused by: java.lang.NullPointerException: Attempt to invoke virtual method 'boolean com.ninty.system.setting.SystemSetting$VolumeBroadcastReceiver.isRegistered()' on a null object reference
12-27 11:10:59.371 10073 10073 E AndroidRuntime: 	at com.ninty.system.setting.SystemSetting.registerVolumeReceiver(SystemSetting.java:68)
12-27 11:10:59.371 10073 10073 E AndroidRuntime: 	at com.ninty.system.setting.SystemSetting.onHostResume(SystemSetting.java:535)
12-27 11:10:59.371 10073 10073 E AndroidRuntime: 	at com.facebook.react.bridge.ReactContext.onHostResume(ReactContext.java:255)
