12-27 11:21:04.913 18604 18604 F DEBUG   :       #11 pc 00000000000abb84  /data/app/~~qy4ZllvxKA2v8xQL2tAYsQ==/com.aagah-MjiGuxvOAIC7oQ5hWMIs7g==/base.apk!libhermesvm.so (offset 0xd60000) (BuildId: 5ecc060199caaf24c191abad40cb4d0af7fb15d6)
12-27 11:21:04.913 18604 18604 F DEBUG   :       #12 pc 00000000000b4370  /data/app/~~qy4ZllvxKA2v8xQL2tAYsQ==/com.aagah-MjiGuxvOAIC7oQ5hWMIs7g==/base.apk!libhermesvm.so (offset 0xd60000) (BuildId: 5ecc060199caaf24c191abad40cb4d0af7fb15d6)
12-27 11:21:04.913 18604 18604 F DEBUG   :       #13 pc 00000000000c6758  /data/app/~~qy4ZllvxKA2v8xQL2tAYsQ==/com.aagah-MjiGuxvOAIC7oQ5hWMIs7g==/base.apk!libhermesvm.so (offset 0xd60000) (BuildId: 5ecc060199caaf24c191abad40cb4d0af7fb15d6)
12-27 11:21:04.913 18604 18604 F DEBUG   :       #14 pc 00000000000c60b8  /data/app/~~qy4ZllvxKA2v8xQL2tAYsQ==/com.aagah-MjiGuxvOAIC7oQ5hWMIs7g==/base.apk!libhermesvm.so (offset 0xd60000) (BuildId: 5ecc060199caaf24c191abad40cb4d0af7fb15d6)
12-27 11:21:04.913 18604 18604 F DEBUG   :       #15 pc 00000000000f5b80  /data/app/~~qy4ZllvxKA2v8xQL2tAYsQ==/com.aagah-MjiGuxvOAIC7oQ5hWMIs7g==/base.apk!libhermesvm.so (offset 0xd60000) (BuildId: 5ecc060199caaf24c191abad40cb4d0af7fb15d6)
12-27 11:21:04.913 18604 18604 F DEBUG   :       #16 pc 00000000000a0cb0  /data/app/~~qy4ZllvxKA2v8xQL2tAYsQ==/com.aagah-MjiGuxvOAIC7oQ5hWMIs7g==/base.apk!libhermesvm.so (offset 0xd60000) (BuildId: 5ecc060199caaf24c191abad40cb4d0af7fb15d6)
12-27 11:21:04.913 18604 18604 F DEBUG   :       #17 pc 00000000000a70c4  /data/app/~~qy4ZllvxKA2v8xQL2tAYsQ==/com.aagah-MjiGuxvOAIC7oQ5hWMIs7g==/base.apk!libhermesvm.so (offset 0xd60000) (BuildId: 5ecc060199caaf24c191abad40cb4d0af7fb15d6)
12-27 11:21:04.913 18604 18604 F DEBUG   :       #18 pc 00000000000a0ab0  /data/app/~~qy4ZllvxKA2v8xQL2tAYsQ==/com.aagah-MjiGuxvOAIC7oQ5hWMIs7g==/base.apk!libhermesvm.so (offset 0xd60000) (BuildId: 5ecc060199caaf24c191abad40cb4d0af7fb15d6)
12-27 11:21:04.913 18604 18604 F DEBUG   :       #19 pc 0000000000288e3c  /data/app/~~qy4ZllvxKA2v8xQL2tAYsQ==/com.aagah-MjiGuxvOAIC7oQ5hWMIs7g==/base.apk!libreactnative.so (offset 0x121c000) (BuildId: 691b347289c731b84861047df2aaafbd84f47080)
12-27 11:21:04.913 18604 18604 F DEBUG   :       #20 pc 0000000000457ce4  /data/app/~~qy4ZllvxKA2v8xQL2tAYsQ==/com.aagah-MjiGuxvOAIC7oQ5hWMIs7g==/base.apk!libreactnative.so (offset 0x121c000) (facebook::react::Task::execute(facebook::jsi::Runtime&, bool)+312) (BuildId: 691b347289c731b84861047df2aaafbd84f47080)
12-27 11:21:04.913 18604 18604 F DEBUG   :       #21 pc 0000000000455e74  /data/app/~~qy4ZllvxKA2v8xQL2tAYsQ==/com.aagah-MjiGuxvOAIC7oQ5hWMIs7g==/base.apk!libreactnative.so (offset 0x121c000) (facebook::react::RuntimeScheduler_Modern::executeTask(facebook::jsi::Runtime&, facebook::react::Task&, bool) const+60) (BuildId: 691b347289c731b84861047df2aaafbd84f47080)
12-27 11:21:04.913 18604 18604 F DEBUG   :       #22 pc 0000000000456784  /data/app/~~qy4ZllvxKA2v8xQL2tAYsQ==/com.aagah-MjiGuxvOAIC7oQ5hWMIs7g==/base.apk!libreactnative.so (offset 0x121c000) (facebook::react::RuntimeScheduler_Modern::runEventLoopTick(facebook::jsi::Runtime&, facebook::react::Task&)+124) (BuildId: 691b347289c731b84861047df2aaafbd84f47080)
12-27 11:21:04.913 18604 18604 F DEBUG   :       #23 pc 0000000000456494  /data/app/~~qy4ZllvxKA2v8xQL2tAYsQ==/com.aagah-MjiGuxvOAIC7oQ5hWMIs7g==/base.apk!libreactnative.so (offset 0x121c000) (facebook::react::RuntimeScheduler_Modern::runEventLoop(facebook::jsi::Runtime&)+88) (BuildId: 691b347289c731b84861047df2aaafbd84f47080)
12-27 11:21:04.913 18604 18604 F DEBUG   :       #24 pc 00000000002869c4  /data/app/~~qy4ZllvxKA2v8xQL2tAYsQ==/com.aagah-MjiGuxvOAIC7oQ5hWMIs7g==/base.apk!libreactnative.so (offset 0x121c000) (BuildId: 691b347289c731b84861047df2aaafbd84f47080)
12-27 11:21:04.913 18604 18604 F DEBUG   :       #25 pc 000000000049671c  /data/app/~~qy4ZllvxKA2v8xQL2tAYsQ==/com.aagah-MjiGuxvOAIC7oQ5hWMIs7g==/base.apk!libreactnative.so (offset 0x121c000) (BuildId: 691b347289c731b84861047df2aaafbd84f47080)
12-27 11:21:04.913 18604 18604 F DEBUG   :       #26 pc 0000000000017dd0  /data/app/~~qy4ZllvxKA2v8xQL2tAYsQ==/com.aagah-MjiGuxvOAIC7oQ5hWMIs7g==/base.apk!libfbjni.so (offset 0xd04000) (facebook::jni::detail::MethodWrapper<void (facebook::jni::JNativeRunnable::*)(), &facebook::jni::JNativeRunnable::run(), facebook::jni::JNativeRunnable, void>::dispatch(facebook::jni::alias_ref<facebook::jni::detail::JTypeFor<facebook::jni::HybridClass<facebook::jni::JNativeRunnable, facebook::jni::JRunnable>::JavaPart, facebook::jni::JRunnable, void>::_javaobject*>)+72) (BuildId: e438f6554af1d86b210a05412e96c4251e570157)
12-27 11:21:04.913 18604 18604 F DEBUG   :       #27 pc 0000000000017d10  /data/app/~~qy4ZllvxKA2v8xQL2tAYsQ==/com.aagah-MjiGuxvOAIC7oQ5hWMIs7g==/base.apk!libfbjni.so (offset 0xd04000) (facebook::jni::detail::FunctionWrapper<void (*)(facebook::jni::alias_ref<facebook::jni::detail::JTypeFor<facebook::jni::HybridClass<facebook::jni::JNativeRunnable, facebook::jni::JRunnable>::JavaPart, facebook::jni::JRunnable, void>::_javaobject*>), facebook::jni::detail::JTypeFor<facebook::jni::HybridClass<facebook::jni::JNativeRunnable, facebook::jni::JRunnable>::JavaPart, facebook::jni::JRunnable, void>::_javaobject*, void>::call(_JNIEnv*, _jobject*, void (*)(facebook::jni::alias_ref<facebook::jni::detail::JTypeFor<facebook::jni::HybridClass<facebook::jni::JNativeRunnable, facebook::jni::JRunnable>::JavaPart, facebook::jni::JRunnable, void>::_javaobject*>))+60) (BuildId: e438f6554af1d86b210a05412e96c4251e570157)
12-27 11:21:04.913 18604 18604 F DEBUG   :       #28 pc 0000000000f0bc10  /data/misc/apexdata/com.android.art/dalvik-cache/arm64/boot.oat (art_jni_trampoline+112)
12-27 11:21:04.913 18604 18604 F DEBUG   :       #29 pc 000000000098fe04  /data/misc/apexdata/com.android.art/dalvik-cache/arm64/boot.oat (android.os.Handler.dispatchMessage+68)
12-27 11:21:04.913 18604 18604 F DEBUG   :       #30 pc 000000000068a320  /apex/com.android.art/lib64/libart.so (nterp_helper+4016) (BuildId: eb4ec0f1d1c7267591d83fa87cb36390)
12-27 11:21:04.913 18604 18604 F DEBUG   :       #31 pc 0000000000bac992  /data/app/~~qy4ZllvxKA2v8xQL2tAYsQ==/com.aagah-MjiGuxvOAIC7oQ5hWMIs7g==/oat/arm64/base.vdex (com.facebook.react.bridge.queue.MessageQueueThreadHandler.dispatchMessage+10)
12-27 11:21:04.913 18604 18604 F DEBUG   :       #32 pc 0000000000993aa4  /data/misc/apexdata/com.android.art/dalvik-cache/arm64/boot.oat (android.os.Looper.loopOnce+1012)
12-27 11:21:04.913 18604 18604 F DEBUG   :       #33 pc 0000000000993608  /data/misc/apexdata/com.android.art/dalvik-cache/arm64/boot.oat (android.os.Looper.loop+632)
12-27 11:21:04.913 18604 18604 F DEBUG   :       #34 pc 0000000000689408  /apex/com.android.art/lib64/libart.so (nterp_helper+152) (BuildId: eb4ec0f1d1c7267591d83fa87cb36390)
12-27 11:21:04.913 18604 18604 F DEBUG   :       #35 pc 0000000000bacc3c  /data/app/~~qy4ZllvxKA2v8xQL2tAYsQ==/com.aagah-MjiGuxvOAIC7oQ5hWMIs7g==/oat/arm64/base.vdex (com.facebook.react.bridge.queue.MessageQueueThreadImpl$Companion.startNewBackgroundThread$lambda$0+28)
12-27 11:21:04.913 18604 18604 F DEBUG   :       #36 pc 00000000006893a4  /apex/com.android.art/lib64/libart.so (nterp_helper+52) (BuildId: eb4ec0f1d1c7267591d83fa87cb36390)
12-27 11:21:04.913 18604 18604 F DEBUG   :       #37 pc 0000000000bacbd8  /data/app/~~qy4ZllvxKA2v8xQL2tAYsQ==/com.aagah-MjiGuxvOAIC7oQ5hWMIs7g==/oat/arm64/base.vdex (com.facebook.react.bridge.queue.MessageQueueThreadImpl$Companion.$r8$lambda$YYXYCFexeoKtAeDpeNYkxZZlpbA+0)
12-27 11:21:04.913 18604 18604 F DEBUG   :       #38 pc 00000000006893a4  /apex/com.android.art/lib64/libart.so (nterp_helper+52) (BuildId: eb4ec0f1d1c7267591d83fa87cb36390)
12-27 11:21:04.913 18604 18604 F DEBUG   :       #39 pc 0000000000baca28  /data/app/~~qy4ZllvxKA2v8xQL2tAYsQ==/com.aagah-MjiGuxvOAIC7oQ5hWMIs7g==/oat/arm64/base.vdex (com.facebook.react.bridge.queue.MessageQueueThreadImpl$Companion$$ExternalSyntheticLambda0.run+4)
12-27 11:21:04.913 18604 18604 F DEBUG   :       #40 pc 000000000037d4f0  /data/misc/apexdata/com.android.art/dalvik-cache/arm64/boot.oat (java.lang.Thread.run+64)
12-27 11:21:04.913 18604 18604 F DEBUG   :       #41 pc 0000000000317194  /apex/com.android.art/lib64/libart.so (art_quick_invoke_stub+612) (BuildId: eb4ec0f1d1c7267591d83fa87cb36390)
12-27 11:21:04.913 18604 18604 F DEBUG   :       #42 pc 0000000000302838  /apex/com.android.art/lib64/libart.so (art::ArtMethod::Invoke(art::Thread*, unsigned int*, unsigned int, art::JValue*, char const*)+216) (BuildId: eb4ec0f1d1c7267591d83fa87cb36390)
12-27 11:21:04.913 18604 18604 F DEBUG   :       #43 pc 00000000004c8298  /apex/com.android.art/lib64/libart.so (art::Thread::CreateCallback(void*)+932) (BuildId: eb4ec0f1d1c7267591d83fa87cb36390)
12-27 11:21:04.913 18604 18604 F DEBUG   :       #44 pc 00000000004c7ee4  /apex/com.android.art/lib64/libart.so (art::Thread::CreateCallbackWithUffdGc(void*)+8) (BuildId: eb4ec0f1d1c7267591d83fa87cb36390)
12-27 11:21:04.913 18604 18604 F DEBUG   :       #45 pc 0000000000070668  /apex/com.android.runtime/lib64/bionic/libc.so (__pthread_start(void*)+200) (BuildId: 2d643b9d04346862a8e0c7d49db87c66)
12-27 11:21:04.913 18604 18604 F DEBUG   :       #46 pc 0000000000061a00  /apex/com.android.runtime/lib64/bionic/libc.so (__start_thread+64) (BuildId: 2d643b9d04346862a8e0c7d49db87c66)
12-27 11:21:04.941  1816  1834 E ApplicationHelper: Fail to get PackageManager
12-27 11:21:04.942  1816  1834 E ApplicationHelper: Fail to get PackageManager
12-27 11:21:04.953  1816  1834 E ApplicationHelper: Fail to get PackageManager
12-27 11:21:04.959 18809 18809 E Zygote  : process_name_ptr:18809 com.xiaomi.glgm
12-27 11:21:04.959 18809 18809 E Zygote  : SetMemoryProtected process_name_ptr:18809 com.xiaomi.glgm
12-27 11:21:04.973  1180  1180 E MI-SF   : surfaceflinger setAffinity success
12-27 11:21:04.974  1180  1180 E MI-SF   : surfaceflinger setAffinity success
12-27 11:21:04.976 18812 18812 E AEE_AED : Skipped(1) - do not care third party apk
12-27 11:21:04.976 18812 18812 E AEE_AED : handle_request: return status is fail
12-27 11:21:04.976 18809 18809 E com.xiaomi.glgm: Not starting debugger since process cannot load the jdwp agent.
12-27 11:21:04.979 18604 18604 E crash_dump64: crash_mini_dump_notify: writing 'start dumping' fail: Broken pipe
12-27 11:21:04.980   665   665 E tombstoned: Tombstone written to: tombstone_03
12-27 11:21:04.987 18604 18604 E MIUINDBG: miui_native_debug_process_O
12-27 11:21:04.989  1120  1198 E HfLooper: light_data = 1.000000, raw_data = 0.000000, ir_data =-41.000000, gain =1
12-27 11:21:05.004  1816  1834 E ApplicationHelper: Fail to get PackageManager
12-27 11:21:05.012 18604 18604 E MIUINDBG: crash_dump(miuindbg) client read ack success
12-27 11:21:05.013 18604 18604 E MIUINDBG: core type: 0 
12-27 11:21:05.013 18604 18604 E MIUINDBG: unable to connect to mqsas native socket
12-27 11:21:05.021  1816 18820 E WindowManager: setClientVisible ActivityRecord{1e770ee u0 com.miui.home/.launcher.Launcher t12785} true
12-27 11:21:05.022  1816  1816 E MBrainLocalService: notifyAppSwitch failed
12-27 11:21:05.022  1816 18820 E WindowManager: setClientVisible WallpaperWindowToken{f51222b token=android.os.Binder@1316fb3} false
12-27 11:21:05.023  1816 18820 E WindowManager: setClientVisible WallpaperWindowToken{bfdeabe token=android.os.Binder@56fad79} false
12-27 11:21:05.036  1180  1180 E SurfaceFlinger: MtkDuration override mode is disabled
12-27 11:21:05.045 14624 15146 E ActivityManagerWrapper: get all recent tasks force including 14497
12-27 11:21:05.055  1180  1180 E MI-SF   : surfaceflinger setAffinity success
12-27 11:21:05.064 14624 15146 E ActivityManagerWrapper: getRecentTasksForceIncludingTaskIdIfValid: getRecentTasks: size=3
12-27 11:21:05.064 14624 15146 E ActivityManagerWrapper:  mainTaskId=14506   userId=0   windowMode=1   baseIntent=Intent { act=android.intent.action.MAIN flag=270532608 cmp=ComponentInfo{com.aagah/com.aagah.MainActivity} }
12-27 11:21:05.064 14624 15146 E ActivityManagerWrapper:  mainTaskId=14497   userId=0   windowMode=1   baseIntent=Intent { act=android.intent.action.MAIN flag=287309824 cmp=ComponentInfo{com.google.android.youtube/com.google.android.youtube.app.honeycomb.Shell$HomeActivity} }
12-27 11:21:05.064 14624 15146 E ActivityManagerWrapper:  mainTaskId=14495   userId=0   windowMode=1   baseIntent=Intent { act=android.intent.action.MAIN flag=287309824 cmp=ComponentInfo{com.android.chrome/com.google.android.apps.chrome.Main} }
12-27 11:21:05.085  1816  2602 E ProcessManager: error write exception log
12-27 11:21:05.089  1120  1198 E HfLooper: light_data = 2.000000, raw_data = 0.000000, ir_data =-41.000000, gain =1
12-27 11:21:05.113  1816  1834 E ApplicationHelper: Fail to get PackageManager
12-27 11:21:05.115  3924  4215 E BtGatt.ScanManager: scan data is null
12-27 11:21:05.122  1816  1816 E MBrainLocalService: notifyAppSwitch failed
12-27 11:21:05.123  1816  1834 E ApplicationHelper: Fail to get PackageManager
12-27 11:21:05.131  3924 17314 E BluetoothAdapterService: getActiveDevices: LeAudioService is null
12-27 11:21:05.136  1816  1834 E ApplicationHelper: Fail to get PackageManager
12-27 11:21:05.137  1816  1834 E ApplicationHelper: Fail to get PackageManager
12-27 11:21:05.137  1816  1834 E ApplicationHelper: Fail to get PackageManager
12-27 11:21:05.137  1816  1834 E ApplicationHelper: Fail to get PackageManager
12-27 11:21:05.137  1816  1834 E ApplicationHelper: Fail to get PackageManager
12-27 11:21:05.137  1816  1834 E ApplicationHelper: Fail to get PackageManager
12-27 11:21:05.147  1816  1834 E ApplicationHelper: Fail to get PackageManager
12-27 11:21:05.151  3924  4215 E BtGatt.ScanManager: scan data is null
12-27 11:21:05.151  1816  1834 E ApplicationHelper: Fail to get PackageManager
12-27 11:21:05.190  1120  1198 E HfLooper: light_data = 1.000000, raw_data = 0.000000, ir_data =-41.000000, gain =1
12-27 11:21:05.192 14624 14624 E AwesomeClockCompat: compatClock errorjava.lang.NumberFormatException: For input string: ""
--
12-27 11:21:05.470  1816  1853 E TransitionController: 	at com.android.server.wm.Transition.assignLayers(Transition.java:1307)
12-27 11:21:05.470  1816  1853 E TransitionController: 	at com.android.server.wm.Transition.calculateTransitionRoots(Transition.java:3409)
12-27 11:21:05.470  1816  1853 E TransitionController: 	at com.android.server.wm.Transition.calculateTransitionInfo(Transition.java:3463)
12-27 11:21:05.470  1816  1853 E TransitionController: 	at com.android.server.wm.Transition.onTransactionReady(Transition.java:2215)
12-27 11:21:05.470  1816  1853 E TransitionController: 	at com.android.server.wm.BLASTSyncEngine$SyncGroup.finishNow(BLASTSyncEngine.java:345)
12-27 11:21:05.470  1816  1853 E TransitionController: 	at com.android.server.wm.BLASTSyncEngine$SyncGroup.tryFinish(BLASTSyncEngine.java:274)
12-27 11:21:05.470  1816  1853 E TransitionController: 	at com.android.server.wm.BLASTSyncEngine$SyncGroup.-$$Nest$mtryFinish(Unknown Source:0)
12-27 11:21:05.470  1816  1853 E TransitionController: 	at com.android.server.wm.BLASTSyncEngine.onSurfacePlacement(BLASTSyncEngine.java:674)
12-27 11:21:05.470  1816  1853 E TransitionController: 	at com.android.server.wm.RootWindowContainer.performSurfacePlacementNoTrace(RootWindowContainer.java:944)
12-27 11:21:05.470  1816  1853 E TransitionController: 	at com.android.server.wm.RootWindowContainer.performSurfacePlacement(RootWindowContainer.java:889)
12-27 11:21:05.470  1816  1853 E TransitionController: 	at com.android.server.wm.WindowSurfacePlacer.performSurfacePlacementLoop(WindowSurfacePlacer.java:200)
12-27 11:21:05.470  1816  1853 E TransitionController: 	at com.android.server.wm.WindowSurfacePlacer.performSurfacePlacement(WindowSurfacePlacer.java:149)
12-27 11:21:05.470  1816  1853 E TransitionController: 	at com.android.server.wm.WindowSurfacePlacer.performSurfacePlacement(WindowSurfacePlacer.java:138)
12-27 11:21:05.470  1816  1853 E TransitionController: 	at com.android.server.wm.WindowSurfacePlacer$Traverser.run(WindowSurfacePlacer.java:80)
12-27 11:21:05.470  1816  1853 E TransitionController: 	at android.os.Handler.handleCallback(Handler.java:959)
12-27 11:21:05.470  1816  1853 E TransitionController: 	at android.os.Handler.dispatchMessage(Handler.java:100)
12-27 11:21:05.470  1816  1853 E TransitionController: 	at android.os.Looper.loopOnce(Looper.java:249)
12-27 11:21:05.470  1816  1853 E TransitionController: 	at android.os.Looper.loop(Looper.java:337)
12-27 11:21:05.470  1816  1853 E TransitionController: 	at android.os.HandlerThread.run(HandlerThread.java:85)
12-27 11:21:05.470  1816  1853 E TransitionController: 	at com.android.server.ServiceThread.run(ServiceThread.java:46)
12-27 11:21:05.480  1816  1853 E WindowManager:  source = Task{1a6898c #14506 type=standard A=10401:com.aagah} excludeMiuiNavBar = true excludeMiuiStatusBar = true excludeIme = true excludeNavBar = true miuiNavSurfaceControl = Surface(name=Miui Fake NavBar#48)/@0x97cc389 miuiStatusSurfaceControl = Surface(name=Miui Fake StatusBar#47)/@0xe8e1553
12-27 11:21:05.489  1120  1198 E HfLooper: light_data = 3.000000, raw_data = 0.000000, ir_data =-41.000000, gain =1
12-27 11:21:05.494  2955  3057 E KeyguardTransitionHandlerImpl: activityCount = 0
12-27 11:21:05.494  2955  3057 E KeyguardTransitionHandlerImpl: activityCount = 0
12-27 11:21:05.497 14624 15146 E ActivityManagerWrapper: get all recent tasks force including 14497
12-27 11:21:05.509 14624 15146 E ActivityManagerWrapper: getRecentTasksForceIncludingTaskIdIfValid: getRecentTasks: size=3
12-27 11:21:05.509 14624 15146 E ActivityManagerWrapper:  mainTaskId=14506   userId=0   windowMode=1   baseIntent=Intent { act=android.intent.action.MAIN flag=270532608 cmp=ComponentInfo{com.aagah/com.aagah.MainActivity} }
12-27 11:21:05.509 14624 15146 E ActivityManagerWrapper:  mainTaskId=14497   userId=0   windowMode=1   baseIntent=Intent { act=android.intent.action.MAIN flag=287309824 cmp=ComponentInfo{com.google.android.youtube/com.google.android.youtube.app.honeycomb.Shell$HomeActivity} }
12-27 11:21:05.509 14624 15146 E ActivityManagerWrapper:  mainTaskId=14495   userId=0   windowMode=1   baseIntent=Intent { act=android.intent.action.MAIN flag=287309824 cmp=ComponentInfo{com.android.chrome/com.google.android.apps.chrome.Main} }
12-27 11:21:05.537 18941 18941 E Zygote  : process_name_ptr:18941 com.xiaomi.mipicks
12-27 11:21:05.537 18941 18941 E Zygote  : SetMemoryProtected process_name_ptr:18941 com.xiaomi.mipicks
12-27 11:21:05.543  1816  1834 E ApplicationHelper: Fail to get PackageManager
12-27 11:21:05.543  1816  1834 E ApplicationHelper: Fail to get PackageManager
12-27 11:21:05.554  1816  1834 E ApplicationHelper: Fail to get PackageManager
12-27 11:21:05.554  1816  1834 E ApplicationHelper: Fail to get PackageManager
12-27 11:21:05.565 18941 18941 E .xiaomi.mipicks: Not starting debugger since process cannot load the jdwp agent.
12-27 11:21:05.566  1816  1834 E ApplicationHelper: Fail to get PackageManager
12-27 11:21:05.566  1816  1834 E ApplicationHelper: Fail to get PackageManager
12-27 11:21:05.589  1120  1198 E HfLooper: light_data = 4.000000, raw_data = 0.000000, ir_data =-41.000000, gain =1
12-27 11:21:05.596  1816  1834 E ApplicationHelper: Fail to get PackageManager
12-27 11:21:05.596  1816  1834 E ApplicationHelper: Fail to get PackageManager
12-27 11:21:05.605  1816  1834 E ApplicationHelper: Fail to get PackageManager
12-27 11:21:05.623  1816  1834 E ApplicationHelper: Fail to get PackageManager
12-27 11:21:05.623  1816  1834 E ApplicationHelper: Fail to get PackageManager
12-27 11:21:05.630  1816  1834 E ApplicationHelper: Fail to get PackageManager
12-27 11:21:05.630  1816  1834 E ApplicationHelper: Fail to get PackageManager
12-27 11:21:05.652 19457 18180 E MaMlItemInfo: loadFromDB : local maml info not found
--
12-27 11:21:05.781 14624 14624 E WindowAnimParamsProvider: getWindowTargetBounds    bounds=Rect(0, 0 - 1600, 720)
12-27 11:21:05.783 14624 14747 E StateNotifyUtils: sendFsStateBroadCast state=closeWindow   channel=navigation_bar   packageName=
12-27 11:21:05.788  1120  1198 E HfLooper: light_data = 6.000000, raw_data = 0.000000, ir_data =-41.000000, gain =1
12-27 11:21:05.799 14624 14624 E ClipAnimationHelper: updateSourceStack  mSourceInsets=Rect(0, 0 - 0, 0), mSourceStackBounds=Rect(0, 0 - 1600, 720)
12-27 11:21:05.799 14624 14624 E ClipAnimationHelper: updateHomeStack  mSourceInsets=Rect(0, 0 - 0, 0), mHomeStackBounds=Rect(0, 0 - 720, 1600)
12-27 11:21:05.799 14624 14624 E ClipAnimationHelper: updateTargetRect  mSourceRect=RectF(0.0, 0.0, 1600.0, 720.0)   mTargetRect=RectF(0.0, 0.0, 1600.0, 720.0)   mSourceWindowClipInsets=RectF(0.0, 0.0, 0.0, 0.0)   mHomeStackBounds=Rect(0, 0 - 720, 1600)   targetRect=Rect(0, 0 - 1600, 720)
12-27 11:21:05.800 14624 15105 E MultiSpringDynamicAnimation1159244: ERROR Not Found Bundle Radius
12-27 11:21:05.800 14624 15105 E MultiSpringDynamicAnimation1159244: ERROR Not Found Bundle SurfaceExtAlpha
12-27 11:21:05.800 14624 15105 E MultiSpringDynamicAnimation1159244: ERROR Not Found Bundle SurfaceExtAlpha
12-27 11:21:05.800 14624 15105 E MultiSpringDynamicAnimation1159244: ERROR Not Found Bundle SurfaceExtAlpha
12-27 11:21:05.806  2955  3057 E KeyguardTransitionHandlerImpl: activityCount = 0
12-27 11:21:05.817  1816  1834 E ApplicationHelper: Fail to get PackageManager
12-27 11:21:05.817  1816  1834 E ApplicationHelper: Fail to get PackageManager
12-27 11:21:05.820 14624 14624 E WindowTransitionCompat: TransitionTest wrapRemoteTransition
12-27 11:21:05.822 14624 15171 E WindowTransitionCompat: printLeash::index = 0, root = Surface(name=Transition Root #12678: Display 0 name="Built-in Screen"#149756)/@0x792bab1
12-27 11:21:05.826  1180  1180 E MI-SF   : surfaceflinger setAffinity success
12-27 11:21:05.826  1180  1180 E MI-SF   : surfaceflinger setAffinity success
12-27 11:21:05.829 14624 14624 E WindowTransitionCompat: com.android.systemui.shared.recents.system.WindowTransitionCompat@649ac7a finishTransition toHome = true
12-27 11:21:05.835 18809 18981 E XiaomiAccountManager: PassportLog@A2^6C[Y2FsbGVyIHNpZ25hdHVyZSA9IEFwcFNpZ25hdHVyZUhhc2h7c2hhMT0nN0I2REM3MDc5QzM0NzM5Q0U4MTE1OTcxOUZCNUVCNjFEMkEwMzIyNScsIG1kNT0nNzAxNDc4QTFFM0I0QjdFMzk3OEVBNjk0Njk0MTBGMTMnfQ==]
12-27 11:21:05.836 18809 18981 E XiaomiAccountManager: PassportLog@A2^6C[c3lzIGFjY291bnQgc2lnbmF0dXJlID0gQXBwU2lnbmF0dXJlSGFzaHtzaGExPSc3QjZEQzcwNzlDMzQ3MzlDRTgxMTU5NzE5RkI1RUI2MUQyQTAzMjI1JywgbWQ1PSc3MDE0NzhBMUUzQjRCN0UzOTc4RUE2OTQ2OTQxMEYxMyd9]
12-27 11:21:05.851  1816  4265 E WindowManager: setClientVisible ActivityRecord{2f92ff4 u0 com.aagah/.MainActivity t14506 f} isExiting} false
12-27 11:21:05.852 14624 14624 E RotationHelper: setCurrentTransitionRequest: request=0
12-27 11:21:05.854  2955  3057 E KeyguardTransitionHandlerImpl: activityCount = 0
12-27 11:21:05.854  2955  3057 E KeyguardTransitionHandlerImpl: activityCount = 0
12-27 11:21:05.854  1180  1180 E MI-SF   : surfaceflinger setAffinity success
12-27 11:21:05.858  1816  1834 E ApplicationHelper: Fail to get PackageManager
12-27 11:21:05.858  1816  1834 E ApplicationHelper: Fail to get PackageManager
12-27 11:21:05.858  1816  1834 E ApplicationHelper: Fail to get PackageManager
12-27 11:21:05.889 18809 18981 E XiaomiAccountManager: PassportLog@A2^6C[aGFzIHN5c3RlbSBhY2NvdW50IGFwcCBhbmQgY3VycmVudCBjb20ueGlhb21pLmdsZ20gaGFzIHNhbWUgc2lnbmF0dXJl]
12-27 11:21:05.889  1120  1198 E HfLooper: light_data = 6.000000, raw_data = 0.000000, ir_data =-41.000000, gain =1
12-27 11:21:05.895 18809 18981 E AccountLoginUploader: PassportLog@A2^6C[cmV0cnlMb2NhbFVwbG9hZD4+PmtleVNldD1bXQ==]
12-27 11:21:05.899  1816  1834 E ApplicationHelper: Fail to get PackageManager
12-27 11:21:05.899  1816  1834 E ApplicationHelper: Fail to get PackageManager
12-27 11:21:05.899  1816  1834 E ApplicationHelper: Fail to get PackageManager
12-27 11:21:05.902  1816  1834 E ApplicationHelper: Fail to get PackageManager
12-27 11:21:05.902  1816  1834 E ApplicationHelper: Fail to get PackageManager
12-27 11:21:05.904  1816  1834 E ApplicationHelper: Fail to get PackageManager
12-27 11:21:05.934 18809 19009 E SecureDataManager: PassportLog@A2^6C[Z2V0IGtleSBudWxsPyBmYWxzZQ==]
12-27 11:21:05.936 18809 19009 E SecureDataManager: PassportLog@A2^6C[aW5pdEV4aXN0aW5nS2V5I2luaXQgZXhpc3Rpbmcga2V5IGNvc3QgMjUgbXM=]
12-27 11:21:05.936 18809 19009 E SecureDataManager: PassportLog@A2^6C[YWxyZWFkeSBnZW5lcmF0ZSBrZXk=]
12-27 11:21:05.964  1180  1742 E BpTransactionCompletedListener: Failed to transact (-32)
12-27 11:21:05.989  1816  1834 E ApplicationHelper: Fail to get PackageManager
12-27 11:21:05.990  1120  1198 E HfLooper: light_data = 6.000000, raw_data = 0.000000, ir_data =-41.000000, gain =1
12-27 11:21:06.004  1816  1834 E ApplicationHelper: Fail to get PackageManager
12-27 11:21:06.006  1816  1834 E ApplicationHelper: Fail to get PackageManager
12-27 11:21:06.013  1816  1834 E ApplicationHelper: Fail to get PackageManager
12-27 11:21:06.025  7581 14725 E Parcel  : Reading a NULL string not supported here.
12-27 11:21:06.026 14624 15146 E ActivityManagerWrapper: get all recent tasks force including 14497
12-27 11:21:06.032 14624 15146 E ActivityManagerWrapper: getRecentTasksForceIncludingTaskIdIfValid: getRecentTasks: size=3
12-27 11:21:06.032 14624 15146 E ActivityManagerWrapper:  mainTaskId=14506   userId=0   windowMode=1   baseIntent=Intent { act=android.intent.action.MAIN flag=270532608 cmp=ComponentInfo{com.aagah/com.aagah.MainActivity} }
12-27 11:21:06.032 14624 15146 E ActivityManagerWrapper:  mainTaskId=14497   userId=0   windowMode=1   baseIntent=Intent { act=android.intent.action.MAIN flag=287309824 cmp=ComponentInfo{com.google.android.youtube/com.google.android.youtube.app.honeycomb.Shell$HomeActivity} }
12-27 11:21:06.032 14624 15146 E ActivityManagerWrapper:  mainTaskId=14495   userId=0   windowMode=1   baseIntent=Intent { act=android.intent.action.MAIN flag=287309824 cmp=ComponentInfo{com.android.chrome/com.google.android.apps.chrome.Main} }
12-27 11:21:06.041  1816  1834 E ApplicationHelper: Fail to get PackageManager
12-27 11:21:06.050  1816  1834 E ApplicationHelper: Fail to get PackageManager
12-27 11:21:06.051  1180  1180 E MI-SF   : surfaceflinger setAffinity success
12-27 11:21:06.051  1180  1180 E MI-SF   : surfaceflinger setAffinity success
12-27 11:21:06.053  1180  1180 E MI-SF   : surfaceflinger setAffinity success
12-27 11:21:06.056  1816  1834 E ApplicationHelper: Fail to get PackageManager
12-27 11:21:06.061  1816  1834 E ApplicationHelper: Fail to get PackageManager
12-27 11:21:06.064  1816  1834 E ApplicationHelper: Fail to get PackageManager
12-27 11:21:06.085  1816  1834 E ApplicationHelper: Fail to get PackageManager
12-27 11:21:06.089  1120  1198 E HfLooper: light_data = 6.000000, raw_data = 0.000000, ir_data =-41.000000, gain =1
12-27 11:21:06.128  1816  2602 E ProcessManager: error write exception log
12-27 11:21:06.147  1180  1180 E MI-SF   : surfaceflinger setAffinity success
12-27 11:21:06.147  1180  1180 E MI-SF   : surfaceflinger setAffinity success
12-27 11:21:06.153 18941 18941 E Indus-OperatorTask: initMiSdk
12-27 11:21:06.171 18941 18941 E MsgCenterConfig: com.example.indusdemo
12-27 11:21:06.171 18941 18941 E MsgCenterConfig: android.content.pm.PackageManager$NameNotFoundException: com.example.indusdemo
12-27 11:21:06.171 18941 18941 E MsgCenterConfig: 	at android.app.ApplicationPackageManager.getApplicationInfoAsUser(ApplicationPackageManager.java:532)
12-27 11:21:06.171 18941 18941 E MsgCenterConfig: 	at android.app.ApplicationPackageManager.getApplicationInfo(ApplicationPackageManager.java:515)
--
12-27 11:21:10.675  2955  2955 E backgroundBlur: setMiViewBlurMode disable com.android.systemui.statusbar.notification.row.NotificationBackgroundView
12-27 11:21:10.684  1816  2121 E JobScheduler.Background: Couldn't determine stopped state for unknown package: com.google.android.apps.turbo
12-27 11:21:10.684  1816  2121 E JobScheduler.Background: Couldn't determine stopped state for unknown package: com.google.android.apps.turbo
12-27 11:21:10.684  1816  2121 E JobScheduler.Background: Couldn't determine stopped state for unknown package: com.google.android.apps.turbo
12-27 11:21:10.684  1816  2121 E JobScheduler.Background: Couldn't determine stopped state for unknown package: com.google.android.apps.turbo
12-27 11:21:10.684  1816  2121 E JobScheduler.Background: Couldn't determine stopped state for unknown package: com.google.android.apps.turbo
12-27 11:21:10.689  1120  1198 E HfLooper: light_data = 5.000000, raw_data = 0.000000, ir_data =-35.000000, gain =1
12-27 11:21:10.697  1816  1832 E WindowManager: setClientVisible ActivityRecord{bb534ba u0 com.miui.thirdappassistant/.ui.NotificationDetailActivity true
12-27 11:21:10.702  2955  2955 E StackScroller: updateSidePadding: viewWidth is zero
12-27 11:21:10.709  2955  2955 E StackScroller: updateSidePadding: viewWidth is zero
12-27 11:21:10.725  1816  1816 E MBrainLocalService: notifyAppSwitch failed
12-27 11:21:10.744  1816  3525 E WindowManager: setClientVisible ActivityRecord{bb534ba u0 com.miui.thirdappassistant/.ui.NotificationDetailActivity t14507} true
12-27 11:21:10.745  1816  3525 E WindowManager: setClientVisible ActivityRecord{bb534ba u0 com.miui.thirdappassistant/.ui.NotificationDetailActivity t14507} true
12-27 11:21:10.755  1816  1816 E MBrainLocalService: notifyAppSwitch failed
12-27 11:21:10.769  1816  1834 E ApplicationHelper: Fail to get PackageManager
12-27 11:21:10.770  1816  1834 E ApplicationHelper: Fail to get PackageManager
12-27 11:21:10.770 14254 19652 E QT      : [QT]file does not exist
12-27 11:21:10.775 14624 15146 E ActivityManagerWrapper: get all recent tasks force including 14507
12-27 11:21:10.782 14624 15146 E ActivityManagerWrapper: getRecentTasksForceIncludingTaskIdIfValid: getRecentTasks: size=4
12-27 11:21:10.782 14624 15146 E ActivityManagerWrapper:  mainTaskId=14507   userId=0   windowMode=1   baseIntent=Intent { act=null flag=276889600 cmp=ComponentInfo{com.miui.thirdappassistant/com.miui.thirdappassistant.ui.NotificationDetailActivity} }
12-27 11:21:10.782 14624 15146 E ActivityManagerWrapper:  mainTaskId=14506   userId=0   windowMode=1   baseIntent=Intent { act=android.intent.action.MAIN flag=270532608 cmp=ComponentInfo{com.aagah/com.aagah.MainActivity} }
12-27 11:21:10.782 14624 15146 E ActivityManagerWrapper:  mainTaskId=14497   userId=0   windowMode=1   baseIntent=Intent { act=android.intent.action.MAIN flag=287309824 cmp=ComponentInfo{com.google.android.youtube/com.google.android.youtube.app.honeycomb.Shell$HomeActivity} }
12-27 11:21:10.782 14624 15146 E ActivityManagerWrapper:  mainTaskId=14495   userId=0   windowMode=1   baseIntent=Intent { act=android.intent.action.MAIN flag=287309824 cmp=ComponentInfo{com.android.chrome/com.google.android.apps.chrome.Main} }
12-27 11:21:10.788  3924 29135 E BluetoothAdapterService: getActiveDevices: LeAudioService is null
12-27 11:21:10.789  1120  1198 E HfLooper: light_data = 5.000000, raw_data = 0.000000, ir_data =-35.000000, gain =1
12-27 11:21:10.868 14624 15146 E ActivityManagerWrapper: get all recent tasks force including 14507
12-27 11:21:10.873 14624 15146 E ActivityManagerWrapper: getRecentTasksForceIncludingTaskIdIfValid: getRecentTasks: size=4
12-27 11:21:10.873 14624 15146 E ActivityManagerWrapper:  mainTaskId=14507   userId=0   windowMode=1   baseIntent=Intent { act=null flag=276889600 cmp=ComponentInfo{com.miui.thirdappassistant/com.miui.thirdappassistant.ui.NotificationDetailActivity} }
12-27 11:21:10.873 14624 15146 E ActivityManagerWrapper:  mainTaskId=14506   userId=0   windowMode=1   baseIntent=Intent { act=android.intent.action.MAIN flag=270532608 cmp=ComponentInfo{com.aagah/com.aagah.MainActivity} }
12-27 11:21:10.873 14624 15146 E ActivityManagerWrapper:  mainTaskId=14497   userId=0   windowMode=1   baseIntent=Intent { act=android.intent.action.MAIN flag=287309824 cmp=ComponentInfo{com.google.android.youtube/com.google.android.youtube.app.honeycomb.Shell$HomeActivity} }
12-27 11:21:10.873 14624 15146 E ActivityManagerWrapper:  mainTaskId=14495   userId=0   windowMode=1   baseIntent=Intent { act=android.intent.action.MAIN flag=287309824 cmp=ComponentInfo{com.android.chrome/com.google.android.apps.chrome.Main} }
12-27 11:21:10.889  1120  1198 E HfLooper: light_data = 5.000000, raw_data = 0.000000, ir_data =-35.000000, gain =1
12-27 11:21:10.990  1120  1198 E HfLooper: light_data = 5.000000, raw_data = 0.000000, ir_data =-35.000000, gain =1
12-27 11:21:11.088  1120  1198 E HfLooper: light_data = 5.000000, raw_data = 0.000000, ir_data =-35.000000, gain =1
12-27 11:21:11.093  2955  2955 E StackScroller: updateSidePadding: viewWidth is zero
12-27 11:21:11.130  2955  2955 E backgroundBlur: setMiViewBlurMode disable com.android.systemui.statusbar.notification.row.NotificationBackgroundView
12-27 11:21:11.160  1816  2121 E JobScheduler.Background: Couldn't determine stopped state for unknown package: com.google.android.apps.turbo
12-27 11:21:11.160  1816  2121 E JobScheduler.Background: Couldn't determine stopped state for unknown package: com.google.android.apps.turbo
12-27 11:21:11.160  1816  2121 E JobScheduler.Background: Couldn't determine stopped state for unknown package: com.google.android.apps.turbo
12-27 11:21:11.160  1816  2121 E JobScheduler.Background: Couldn't determine stopped state for unknown package: com.google.android.apps.turbo
12-27 11:21:11.160  1816  2121 E JobScheduler.Background: Couldn't determine stopped state for unknown package: com.google.android.apps.turbo
12-27 11:21:11.177  2955  2955 E StackScroller: updateSidePadding: viewWidth is zero
12-27 11:21:11.181 14254 19652 E LB      : fail to open file: No such file or directory
12-27 11:21:11.181 14254 19652 E LB      : fail to open node: No such file or directory
12-27 11:21:11.181 14254 19652 E LB      : fail to open node: No such file or directory
12-27 11:21:11.190  1120  1198 E HfLooper: light_data = 5.000000, raw_data = 0.000000, ir_data =-35.000000, gain =1
12-27 11:21:11.211  1816  1853 E WindowManager: setClientVisible ActivityRecord{bb534ba u0 com.miui.thirdappassistant/.ui.NotificationDetailActivity t14507} true
12-27 11:21:11.218  1816  1853 E TransitionController: Collecting Transition (#12679) is not collecting. state=2
12-27 11:21:11.218  1816  1853 E TransitionController: android.util.Log$TerribleFailure: Collecting Transition (#12679) is not collecting. state=2
