12-27 11:10:50.087  9551  9551 F DEBUG   :       #21 pc 0000000000455e74  /data/app/~~CWLi9S-uTjHC4-hKqP-JKg==/com.aagah-gXqi6X6Y2YP12KDcv3RS5A==/base.apk!libreactnative.so (offset 0x121c000) (facebook::react::RuntimeScheduler_Modern::executeTask(facebook::jsi::Runtime&, facebook::react::Task&, bool) const+60) (BuildId: 691b347289c731b84861047df2aaafbd84f47080)
12-27 11:10:50.087  9551  9551 F DEBUG   :       #22 pc 0000000000456784  /data/app/~~CWLi9S-uTjHC4-hKqP-JKg==/com.aagah-gXqi6X6Y2YP12KDcv3RS5A==/base.apk!libreactnative.so (offset 0x121c000) (facebook::react::RuntimeScheduler_Modern::runEventLoopTick(facebook::jsi::Runtime&, facebook::react::Task&)+124) (BuildId: 691b347289c731b84861047df2aaafbd84f47080)
12-27 11:10:50.087  9551  9551 F DEBUG   :       #23 pc 0000000000456494  /data/app/~~CWLi9S-uTjHC4-hKqP-JKg==/com.aagah-gXqi6X6Y2YP12KDcv3RS5A==/base.apk!libreactnative.so (offset 0x121c000) (facebook::react::RuntimeScheduler_Modern::runEventLoop(facebook::jsi::Runtime&)+88) (BuildId: 691b347289c731b84861047df2aaafbd84f47080)
12-27 11:10:50.087  9551  9551 F DEBUG   :       #24 pc 00000000002869c4  /data/app/~~CWLi9S-uTjHC4-hKqP-JKg==/com.aagah-gXqi6X6Y2YP12KDcv3RS5A==/base.apk!libreactnative.so (offset 0x121c000) (BuildId: 691b347289c731b84861047df2aaafbd84f47080)
12-27 11:10:50.087  9551  9551 F DEBUG   :       #25 pc 000000000049671c  /data/app/~~CWLi9S-uTjHC4-hKqP-JKg==/com.aagah-gXqi6X6Y2YP12KDcv3RS5A==/base.apk!libreactnative.so (offset 0x121c000) (BuildId: 691b347289c731b84861047df2aaafbd84f47080)
12-27 11:10:50.087  9551  9551 F DEBUG   :       #26 pc 0000000000017dd0  /data/app/~~CWLi9S-uTjHC4-hKqP-JKg==/com.aagah-gXqi6X6Y2YP12KDcv3RS5A==/base.apk!libfbjni.so (offset 0xd04000) (facebook::jni::detail::MethodWrapper<void (facebook::jni::JNativeRunnable::*)(), &facebook::jni::JNativeRunnable::run(), facebook::jni::JNativeRunnable, void>::dispatch(facebook::jni::alias_ref<facebook::jni::detail::JTypeFor<facebook::jni::HybridClass<facebook::jni::JNativeRunnable, facebook::jni::JRunnable>::JavaPart, facebook::jni::JRunnable, void>::_javaobject*>)+72) (BuildId: e438f6554af1d86b210a05412e96c4251e570157)
12-27 11:10:50.087  9551  9551 F DEBUG   :       #27 pc 0000000000017d10  /data/app/~~CWLi9S-uTjHC4-hKqP-JKg==/com.aagah-gXqi6X6Y2YP12KDcv3RS5A==/base.apk!libfbjni.so (offset 0xd04000) (facebook::jni::detail::FunctionWrapper<void (*)(facebook::jni::alias_ref<facebook::jni::detail::JTypeFor<facebook::jni::HybridClass<facebook::jni::JNativeRunnable, facebook::jni::JRunnable>::JavaPart, facebook::jni::JRunnable, void>::_javaobject*>), facebook::jni::detail::JTypeFor<facebook::jni::HybridClass<facebook::jni::JNativeRunnable, facebook::jni::JRunnable>::JavaPart, facebook::jni::JRunnable, void>::_javaobject*, void>::call(_JNIEnv*, _jobject*, void (*)(facebook::jni::alias_ref<facebook::jni::detail::JTypeFor<facebook::jni::HybridClass<facebook::jni::JNativeRunnable, facebook::jni::JRunnable>::JavaPart, facebook::jni::JRunnable, void>::_javaobject*>))+60) (BuildId: e438f6554af1d86b210a05412e96c4251e570157)
12-27 11:10:50.087  9551  9551 F DEBUG   :       #28 pc 0000000000f0bc10  /data/misc/apexdata/com.android.art/dalvik-cache/arm64/boot.oat (art_jni_trampoline+112)
12-27 11:10:50.087  9551  9551 F DEBUG   :       #29 pc 000000000098fe04  /data/misc/apexdata/com.android.art/dalvik-cache/arm64/boot.oat (android.os.Handler.dispatchMessage+68)
12-27 11:10:50.087  9551  9551 F DEBUG   :       #30 pc 000000000068a320  /apex/com.android.art/lib64/libart.so (nterp_helper+4016) (BuildId: eb4ec0f1d1c7267591d83fa87cb36390)
12-27 11:10:50.087  9551  9551 F DEBUG   :       #31 pc 0000000000bac972  /data/app/~~CWLi9S-uTjHC4-hKqP-JKg==/com.aagah-gXqi6X6Y2YP12KDcv3RS5A==/oat/arm64/base.vdex (com.facebook.react.bridge.queue.MessageQueueThreadHandler.dispatchMessage+10)
12-27 11:10:50.087  9551  9551 F DEBUG   :       #32 pc 0000000000993aa4  /data/misc/apexdata/com.android.art/dalvik-cache/arm64/boot.oat (android.os.Looper.loopOnce+1012)
12-27 11:10:50.087  9551  9551 F DEBUG   :       #33 pc 0000000000993608  /data/misc/apexdata/com.android.art/dalvik-cache/arm64/boot.oat (android.os.Looper.loop+632)
12-27 11:10:50.087  9551  9551 F DEBUG   :       #34 pc 0000000000689408  /apex/com.android.art/lib64/libart.so (nterp_helper+152) (BuildId: eb4ec0f1d1c7267591d83fa87cb36390)
12-27 11:10:50.087  9551  9551 F DEBUG   :       #35 pc 0000000000bacc1c  /data/app/~~CWLi9S-uTjHC4-hKqP-JKg==/com.aagah-gXqi6X6Y2YP12KDcv3RS5A==/oat/arm64/base.vdex (com.facebook.react.bridge.queue.MessageQueueThreadImpl$Companion.startNewBackgroundThread$lambda$0+28)
12-27 11:10:50.087  9551  9551 F DEBUG   :       #36 pc 0000000000689408  /apex/com.android.art/lib64/libart.so (nterp_helper+152) (BuildId: eb4ec0f1d1c7267591d83fa87cb36390)
12-27 11:10:50.087  9551  9551 F DEBUG   :       #37 pc 0000000000bacbb8  /data/app/~~CWLi9S-uTjHC4-hKqP-JKg==/com.aagah-gXqi6X6Y2YP12KDcv3RS5A==/oat/arm64/base.vdex (com.facebook.react.bridge.queue.MessageQueueThreadImpl$Companion.$r8$lambda$YYXYCFexeoKtAeDpeNYkxZZlpbA+0)
12-27 11:10:50.087  9551  9551 F DEBUG   :       #38 pc 0000000000689408  /apex/com.android.art/lib64/libart.so (nterp_helper+152) (BuildId: eb4ec0f1d1c7267591d83fa87cb36390)
12-27 11:10:50.087  9551  9551 F DEBUG   :       #39 pc 0000000000baca08  /data/app/~~CWLi9S-uTjHC4-hKqP-JKg==/com.aagah-gXqi6X6Y2YP12KDcv3RS5A==/oat/arm64/base.vdex (com.facebook.react.bridge.queue.MessageQueueThreadImpl$Companion$$ExternalSyntheticLambda0.run+4)
12-27 11:10:50.087  9551  9551 F DEBUG   :       #40 pc 000000000037d4f0  /data/misc/apexdata/com.android.art/dalvik-cache/arm64/boot.oat (java.lang.Thread.run+64)
12-27 11:10:50.087  9551  9551 F DEBUG   :       #41 pc 0000000000317194  /apex/com.android.art/lib64/libart.so (art_quick_invoke_stub+612) (BuildId: eb4ec0f1d1c7267591d83fa87cb36390)
12-27 11:10:50.087  9551  9551 F DEBUG   :       #42 pc 0000000000302838  /apex/com.android.art/lib64/libart.so (art::ArtMethod::Invoke(art::Thread*, unsigned int*, unsigned int, art::JValue*, char const*)+216) (BuildId: eb4ec0f1d1c7267591d83fa87cb36390)
12-27 11:10:50.087  9551  9551 F DEBUG   :       #43 pc 00000000004c8298  /apex/com.android.art/lib64/libart.so (art::Thread::CreateCallback(void*)+932) (BuildId: eb4ec0f1d1c7267591d83fa87cb36390)
12-27 11:10:50.087  9551  9551 F DEBUG   :       #44 pc 00000000004c7ee4  /apex/com.android.art/lib64/libart.so (art::Thread::CreateCallbackWithUffdGc(void*)+8) (BuildId: eb4ec0f1d1c7267591d83fa87cb36390)
12-27 11:10:50.087  9551  9551 F DEBUG   :       #45 pc 0000000000070668  /apex/com.android.runtime/lib64/bionic/libc.so (__pthread_start(void*)+200) (BuildId: 2d643b9d04346862a8e0c7d49db87c66)
12-27 11:10:50.087  9551  9551 F DEBUG   :       #46 pc 0000000000061a00  /apex/com.android.runtime/lib64/bionic/libc.so (__start_thread+64) (BuildId: 2d643b9d04346862a8e0c7d49db87c66)
12-27 11:10:50.089  1120  1198 E HfLooper: light_data = 8.000000, raw_data = 0.000000, ir_data =-33.000000, gain =1
12-27 11:10:50.104  2955  2955 E AnimationHelper:  onPaletteChange isAutoPrimaryColor: true, isAutoSecondaryColor: true
12-27 11:10:50.160  1816  2602 E ProcessManager: error write exception log
12-27 11:10:50.181  1816  1834 E ApplicationHelper: Fail to get PackageManager
12-27 11:10:50.189  1120  1198 E HfLooper: light_data = 5.000000, raw_data = 0.000000, ir_data =-33.000000, gain =1
12-27 11:10:50.214  9826  9826 E AEE_AED : Skipped(1) - do not care third party apk
12-27 11:10:50.215  9826  9826 E AEE_AED : handle_request: return status is fail
12-27 11:10:50.222  1180  1180 E MI-SF   : surfaceflinger setAffinity success
12-27 11:10:50.236  9551  9551 E crash_dump64: crash_mini_dump_notify: writing 'start dumping' fail: Broken pipe
12-27 11:10:50.236   665   665 E tombstoned: Tombstone written to: tombstone_01
12-27 11:10:50.241  9551  9551 E MIUINDBG: miui_native_debug_process_O
12-27 11:10:50.256  1816  1816 E MBrainLocalService: notifyAppSwitch failed
12-27 11:10:50.258  1816  9827 E WindowManager: setClientVisible ActivityRecord{1e770ee u0 com.miui.home/.launcher.Launcher t12785} true
12-27 11:10:50.259  1816  9827 E WindowManager: setClientVisible WallpaperWindowToken{f51222b token=android.os.Binder@1316fb3} false
12-27 11:10:50.259  1816  9827 E WindowManager: setClientVisible WallpaperWindowToken{bfdeabe token=android.os.Binder@56fad79} false
12-27 11:10:50.261  9551  9551 E MIUINDBG: crash_dump(miuindbg) client read ack success
12-27 11:10:50.261  9551  9551 E MIUINDBG: core type: 0 
12-27 11:10:50.261  9551  9551 E MIUINDBG: unable to connect to mqsas native socket
12-27 11:10:50.270 14624 15146 E ActivityManagerWrapper: get all recent tasks force including 14497
12-27 11:10:50.281  1816  1816 E MBrainLocalService: notifyAppSwitch failed
12-27 11:10:50.289  1120  1198 E HfLooper: light_data = 5.000000, raw_data = 0.000000, ir_data =-33.000000, gain =1
12-27 11:10:50.295 14624 15146 E ActivityManagerWrapper: getRecentTasksForceIncludingTaskIdIfValid: getRecentTasks: size=3
12-27 11:10:50.295 14624 15146 E ActivityManagerWrapper:  mainTaskId=14501   userId=0   windowMode=1   baseIntent=Intent { act=android.intent.action.MAIN flag=270532608 cmp=ComponentInfo{com.aagah/com.aagah.MainActivity} }
12-27 11:10:50.295 14624 15146 E ActivityManagerWrapper:  mainTaskId=14497   userId=0   windowMode=1   baseIntent=Intent { act=android.intent.action.MAIN flag=287309824 cmp=ComponentInfo{com.google.android.youtube/com.google.android.youtube.app.honeycomb.Shell$HomeActivity} }
12-27 11:10:50.295 14624 15146 E ActivityManagerWrapper:  mainTaskId=14495   userId=0   windowMode=1   baseIntent=Intent { act=android.intent.action.MAIN flag=287309824 cmp=ComponentInfo{com.android.chrome/com.google.android.apps.chrome.Main} }
12-27 11:10:50.295  1816  1834 E ApplicationHelper: Fail to get PackageManager
12-27 11:10:50.315  3924 17314 E BluetoothAdapterService: getActiveDevices: LeAudioService is null
12-27 11:10:50.332 14624 14624 E Launcher.application: setClickAppWaitForCallback = false
12-27 11:10:50.341  1816  1834 E ApplicationHelper: Fail to get PackageManager
12-27 11:10:50.341  1816  1834 E ApplicationHelper: Fail to get PackageManager
12-27 11:10:50.341  1816  1834 E ApplicationHelper: Fail to get PackageManager
12-27 11:10:50.341  1816  1834 E ApplicationHelper: Fail to get PackageManager
12-27 11:10:50.341  1816  1834 E ApplicationHelper: Fail to get PackageManager
12-27 11:10:50.341  1816  1834 E ApplicationHelper: Fail to get PackageManager
12-27 11:10:50.348  9833  9833 E Zygote  : process_name_ptr:9833 com.google.android.googlequicksearchbox:googleapp
12-27 11:10:50.348  9833  9833 E Zygote  : SetMemoryProtected process_name_ptr:9833 com.google.android.googlequicksearchbox:googleapp
12-27 11:10:50.366  9833  9833 E chbox:googleapp: Not starting debugger since process cannot load the jdwp agent.
12-27 11:10:50.371  1816  8321 E WindowManager: setClientVisible WallpaperWindowToken{f51222b token=android.os.Binder@1316fb3} true
12-27 11:10:50.372  1816  8321 E WindowManager: setClientVisible WallpaperWindowToken{bfdeabe token=android.os.Binder@56fad79} true
12-27 11:10:50.376  1816  2602 E ProcessManager: error write exception log
12-27 11:10:50.389  1120  1198 E HfLooper: light_data = 6.000000, raw_data = 0.000000, ir_data =-33.000000, gain =1
12-27 11:10:50.414  1816  1834 E ApplicationHelper: Fail to get PackageManager
12-27 11:10:50.415  1816  1834 E ApplicationHelper: Fail to get PackageManager
12-27 11:10:50.415  1816  1834 E ApplicationHelper: Fail to get PackageManager
12-27 11:10:50.415  1816  1834 E ApplicationHelper: Fail to get PackageManager
12-27 11:10:50.435 14624 15146 E ActivityManagerWrapper: get all recent tasks force including 14497
12-27 11:10:50.438  1816  1834 E ApplicationHelper: Fail to get PackageManager
12-27 11:10:50.442 14624 15146 E ActivityManagerWrapper: getRecentTasksForceIncludingTaskIdIfValid: getRecentTasks: size=3
12-27 11:10:50.442 14624 15146 E ActivityManagerWrapper:  mainTaskId=14501   userId=0   windowMode=1   baseIntent=Intent { act=android.intent.action.MAIN flag=270532608 cmp=ComponentInfo{com.aagah/com.aagah.MainActivity} }
12-27 11:10:50.442 14624 15146 E ActivityManagerWrapper:  mainTaskId=14497   userId=0   windowMode=1   baseIntent=Intent { act=android.intent.action.MAIN flag=287309824 cmp=ComponentInfo{com.google.android.youtube/com.google.android.youtube.app.honeycomb.Shell$HomeActivity} }
12-27 11:10:50.442 14624 15146 E ActivityManagerWrapper:  mainTaskId=14495   userId=0   windowMode=1   baseIntent=Intent { act=android.intent.action.MAIN flag=287309824 cmp=ComponentInfo{com.android.chrome/com.google.android.apps.chrome.Main} }
12-27 11:10:50.484  9354 11129 E ThermalInfoUtils: getCurrentCapacity Exceptionjava.io.FileNotFoundException: /sys/class/power_supply/battery/charge_counter: open failed: EACCES (Permission denied)
12-27 11:10:50.488  1816  1853 E WindowManager: setClientVisible ActivityRecord{1e770ee u0 com.miui.home/.launcher.Launcher t12785} true
12-27 11:10:50.488  1816  1853 E TransitionController: Collecting Transition (#12664) is not collecting. state=2
12-27 11:10:50.488  1816  1853 E TransitionController: android.util.Log$TerribleFailure: Collecting Transition (#12664) is not collecting. state=2
12-27 11:10:50.488  1816  1853 E TransitionController: 	at android.util.Log.wtf(Log.java:338)
12-27 11:10:50.488  1816  1853 E TransitionController: 	at android.util.Slog.wtfStack(Slog.java:248)
12-27 11:10:50.488  1816  1853 E TransitionController: 	at com.android.server.wm.TransitionController.getCollectingTransition(TransitionController.java:460)
12-27 11:10:50.488  1816  1853 E TransitionController: 	at com.android.server.wm.Transition.calculateTargets(Transition.java:3206)
12-27 11:10:50.488  1816  1853 E TransitionController: 	at com.android.server.wm.Transition.onTransactionReady(Transition.java:2206)
12-27 11:10:50.488  1816  1853 E TransitionController: 	at com.android.server.wm.BLASTSyncEngine$SyncGroup.finishNow(BLASTSyncEngine.java:345)
12-27 11:10:50.488  1816  1853 E TransitionController: 	at com.android.server.wm.BLASTSyncEngine$SyncGroup.tryFinish(BLASTSyncEngine.java:274)
12-27 11:10:50.488  1816  1853 E TransitionController: 	at com.android.server.wm.BLASTSyncEngine$SyncGroup.-$$Nest$mtryFinish(Unknown Source:0)
12-27 11:10:50.488  1816  1853 E TransitionController: 	at com.android.server.wm.BLASTSyncEngine.onSurfacePlacement(BLASTSyncEngine.java:674)
12-27 11:10:50.488  1816  1853 E TransitionController: 	at com.android.server.wm.RootWindowContainer.performSurfacePlacementNoTrace(RootWindowContainer.java:944)
12-27 11:10:50.488  1816  1853 E TransitionController: 	at com.android.server.wm.RootWindowContainer.performSurfacePlacement(RootWindowContainer.java:889)
12-27 11:10:50.488  1816  1853 E TransitionController: 	at com.android.server.wm.WindowSurfacePlacer.performSurfacePlacementLoop(WindowSurfacePlacer.java:200)
12-27 11:10:50.488  1816  1853 E TransitionController: 	at com.android.server.wm.WindowSurfacePlacer.performSurfacePlacement(WindowSurfacePlacer.java:149)
12-27 11:10:50.488  1816  1853 E TransitionController: 	at com.android.server.wm.WindowSurfacePlacer.performSurfacePlacement(WindowSurfacePlacer.java:138)
--
12-27 11:10:50.493  1816  1853 E TransitionController: 	at com.android.server.wm.Transition.assignLayers(Transition.java:1307)
12-27 11:10:50.493  1816  1853 E TransitionController: 	at com.android.server.wm.Transition.calculateTransitionRoots(Transition.java:3409)
12-27 11:10:50.493  1816  1853 E TransitionController: 	at com.android.server.wm.Transition.calculateTransitionInfo(Transition.java:3463)
12-27 11:10:50.493  1816  1853 E TransitionController: 	at com.android.server.wm.Transition.onTransactionReady(Transition.java:2215)
12-27 11:10:50.493  1816  1853 E TransitionController: 	at com.android.server.wm.BLASTSyncEngine$SyncGroup.finishNow(BLASTSyncEngine.java:345)
12-27 11:10:50.493  1816  1853 E TransitionController: 	at com.android.server.wm.BLASTSyncEngine$SyncGroup.tryFinish(BLASTSyncEngine.java:274)
12-27 11:10:50.493  1816  1853 E TransitionController: 	at com.android.server.wm.BLASTSyncEngine$SyncGroup.-$$Nest$mtryFinish(Unknown Source:0)
12-27 11:10:50.493  1816  1853 E TransitionController: 	at com.android.server.wm.BLASTSyncEngine.onSurfacePlacement(BLASTSyncEngine.java:674)
12-27 11:10:50.493  1816  1853 E TransitionController: 	at com.android.server.wm.RootWindowContainer.performSurfacePlacementNoTrace(RootWindowContainer.java:944)
12-27 11:10:50.493  1816  1853 E TransitionController: 	at com.android.server.wm.RootWindowContainer.performSurfacePlacement(RootWindowContainer.java:889)
12-27 11:10:50.493  1816  1853 E TransitionController: 	at com.android.server.wm.WindowSurfacePlacer.performSurfacePlacementLoop(WindowSurfacePlacer.java:200)
12-27 11:10:50.493  1816  1853 E TransitionController: 	at com.android.server.wm.WindowSurfacePlacer.performSurfacePlacement(WindowSurfacePlacer.java:149)
12-27 11:10:50.493  1816  1853 E TransitionController: 	at com.android.server.wm.WindowSurfacePlacer.performSurfacePlacement(WindowSurfacePlacer.java:138)
12-27 11:10:50.493  1816  1853 E TransitionController: 	at com.android.server.wm.WindowSurfacePlacer$Traverser.run(WindowSurfacePlacer.java:80)
12-27 11:10:50.493  1816  1853 E TransitionController: 	at android.os.Handler.handleCallback(Handler.java:959)
12-27 11:10:50.493  1816  1853 E TransitionController: 	at android.os.Handler.dispatchMessage(Handler.java:100)
12-27 11:10:50.493  1816  1853 E TransitionController: 	at android.os.Looper.loopOnce(Looper.java:249)
12-27 11:10:50.493  1816  1853 E TransitionController: 	at android.os.Looper.loop(Looper.java:337)
12-27 11:10:50.493  1816  1853 E TransitionController: 	at android.os.HandlerThread.run(HandlerThread.java:85)
12-27 11:10:50.493  1816  1853 E TransitionController: 	at com.android.server.ServiceThread.run(ServiceThread.java:46)
12-27 11:10:50.496  1816  1853 E WindowManager:  source = Task{38c8110 #14501 type=standard A=10400:com.aagah} excludeMiuiNavBar = true excludeMiuiStatusBar = true excludeIme = false excludeNavBar = true miuiNavSurfaceControl = Surface(name=Miui Fake NavBar#48)/@0x97cc389 miuiStatusSurfaceControl = Surface(name=Miui Fake StatusBar#47)/@0xe8e1553
12-27 11:10:50.503  2955  3057 E KeyguardTransitionHandlerImpl: activityCount = 0
12-27 11:10:50.504  2955  3057 E KeyguardTransitionHandlerImpl: activityCount = 0
12-27 11:10:50.511  1816  1834 E ApplicationHelper: Fail to get PackageManager
12-27 11:10:50.512 14624 14624 E WindowTransitionCompat: TransitionTest wrapRemoteTransition
12-27 11:10:50.513 14624 14624 E WindowTransitionCompat: startAnimation isFastLaunch = false
12-27 11:10:50.514 14624 15171 E WindowTransitionCompat: printLeash::index = 0, root = Surface(name=Transition Root #12664: Task=12784#149572)/@0x3762106
12-27 11:10:50.514 14624 15171 E WindowTransitionCompat: 0, check isClosingType type = 2, mode = 3
12-27 11:10:50.514 14624 15171 E WindowTransitionCompat: 1, check isClosingType type = 1, mode = 2
12-27 11:10:50.517  1816  1834 E ApplicationHelper: Fail to get PackageManager
12-27 11:10:50.517  1816  1834 E ApplicationHelper: Fail to get PackageManager
12-27 11:10:50.520 14624 15146 E ActivityManagerWrapper: get all recent tasks force including 14497
12-27 11:10:50.524 14624 15146 E ActivityManagerWrapper: getRecentTasksForceIncludingTaskIdIfValid: getRecentTasks: size=3
12-27 11:10:50.524 14624 15146 E ActivityManagerWrapper:  mainTaskId=14501   userId=0   windowMode=1   baseIntent=Intent { act=android.intent.action.MAIN flag=270532608 cmp=ComponentInfo{com.aagah/com.aagah.MainActivity} }
12-27 11:10:50.524 14624 15146 E ActivityManagerWrapper:  mainTaskId=14497   userId=0   windowMode=1   baseIntent=Intent { act=android.intent.action.MAIN flag=287309824 cmp=ComponentInfo{com.google.android.youtube/com.google.android.youtube.app.honeycomb.Shell$HomeActivity} }
12-27 11:10:50.524 14624 15146 E ActivityManagerWrapper:  mainTaskId=14495   userId=0   windowMode=1   baseIntent=Intent { act=android.intent.action.MAIN flag=287309824 cmp=ComponentInfo{com.android.chrome/com.google.android.apps.chrome.Main} }
12-27 11:10:50.535 14624 14624 E WindowAnimParamsProvider: getWindowTargetBounds    bounds=Rect(0, 0 - 720, 1600)
12-27 11:10:50.537 14624 14747 E StateNotifyUtils: sendFsStateBroadCast state=closeWindow   channel=navigation_bar   packageName=
12-27 11:10:50.538 14624 14624 E ClipAnimationHelper: updateSourceStack  mSourceInsets=Rect(0, 0 - 0, 0), mSourceStackBounds=Rect(0, 0 - 720, 1600)
12-27 11:10:50.538 14624 14624 E ClipAnimationHelper: updateHomeStack  mSourceInsets=Rect(0, 0 - 0, 0), mHomeStackBounds=Rect(0, 0 - 720, 1600)
12-27 11:10:50.538 14624 14624 E ClipAnimationHelper: updateTargetRect  mSourceRect=RectF(0.0, 0.0, 720.0, 1600.0)   mTargetRect=RectF(0.0, 0.0, 720.0, 1600.0)   mSourceWindowClipInsets=RectF(0.0, 0.0, 0.0, 0.0)   mHomeStackBounds=Rect(0, 0 - 720, 1600)   targetRect=Rect(0, 0 - 720, 1600)
12-27 11:10:50.538  1816  1834 E ApplicationHelper: Fail to get PackageManager
12-27 11:10:50.538  1816  1834 E ApplicationHelper: Fail to get PackageManager
12-27 11:10:50.539 14624 15105 E MultiSpringDynamicAnimationf93df4: ERROR Not Found Bundle Radius
12-27 11:10:50.539 14624 15105 E MultiSpringDynamicAnimationf93df4: ERROR Not Found Bundle SurfaceExtAlpha
12-27 11:10:50.539 14624 15105 E MultiSpringDynamicAnimationf93df4: ERROR Not Found Bundle SurfaceExtAlpha
12-27 11:10:50.539 14624 15105 E MultiSpringDynamicAnimationf93df4: ERROR Not Found Bundle SurfaceExtAlpha
12-27 11:10:50.560  1180  1180 E MI-SF   : surfaceflinger setAffinity success
12-27 11:10:50.560  1180  1180 E MI-SF   : surfaceflinger setAffinity success
12-27 11:10:50.564  6893  9037 E SmartAppAssistant: SystemUtil get  applicationInfo fail
12-27 11:10:50.575  1816  1834 E ApplicationHelper: Fail to get PackageManager
12-27 11:10:50.584  9858  9858 E Zygote  : process_name_ptr:9858 com.miui.thirdappassistant:persistent
12-27 11:10:50.584  9858  9858 E Zygote  : SetMemoryProtected process_name_ptr:9858 com.miui.thirdappassistant:persistent
12-27 11:10:50.587  4161  4161 E Finsky  : [2] Failed to load an Item com.android.vending, missing shared fields: [4], missing type-specific fields: [0, 0, 0, 0, 0, 0, 0, 0, 64]
--
12-27 11:10:50.589  1120  1198 E HfLooper: light_data = 5.000000, raw_data = 0.000000, ir_data =-33.000000, gain =1
12-27 11:10:50.597  9858  9858 E tant:persistent: Not starting debugger since process cannot load the jdwp agent.
12-27 11:10:50.624  1816  1834 E ApplicationHelper: Fail to get PackageManager
12-27 11:10:50.690  1120  1198 E HfLooper: light_data = 5.000000, raw_data = 0.000000, ir_data =-33.000000, gain =1
12-27 11:10:50.721  1180  1180 E MI-SF   : surfaceflinger setAffinity success
12-27 11:10:50.740  1816  1834 E ApplicationHelper: Fail to get PackageManager
12-27 11:10:50.746  1816  1834 E ApplicationHelper: Fail to get PackageManager
12-27 11:10:50.746  1816  1834 E ApplicationHelper: Fail to get PackageManager
12-27 11:10:50.750  1816  1834 E ApplicationHelper: Fail to get PackageManager
12-27 11:10:50.766  1816  1834 E ApplicationHelper: Fail to get PackageManager
12-27 11:10:50.770  1816  1834 E ApplicationHelper: Fail to get PackageManager
12-27 11:10:50.776  1816  1834 E ApplicationHelper: Fail to get PackageManager
12-27 11:10:50.784  1816  1834 E ApplicationHelper: Fail to get PackageManager
12-27 11:10:50.789  1816  1834 E ApplicationHelper: Fail to get PackageManager
12-27 11:10:50.790  1120  1198 E HfLooper: light_data = 5.000000, raw_data = 0.000000, ir_data =-33.000000, gain =1
12-27 11:10:50.793  1816  1834 E ApplicationHelper: Fail to get PackageManager
12-27 11:10:50.889  1120  1198 E HfLooper: light_data = 4.000000, raw_data = 0.000000, ir_data =-33.000000, gain =1
12-27 11:10:50.961  9833  9920 E QT      : [QT]file does not exist
12-27 11:10:50.989  1120  1198 E HfLooper: light_data = 4.000000, raw_data = 0.000000, ir_data =-33.000000, gain =1
12-27 11:10:50.999 14624 14624 E WindowTransitionCompat: com.android.systemui.shared.recents.system.WindowTransitionCompat@dd9a297 finishTransition toHome = true
12-27 11:10:51.003  1816  8322 E WindowManager: setClientVisible ActivityRecord{7a1ea4 u0 com.aagah/.MainActivity t14501 f} isExiting} false
12-27 11:10:51.004  1816  1834 E ApplicationHelper: Fail to get PackageManager
12-27 11:10:51.005  1816  1834 E ApplicationHelper: Fail to get PackageManager
12-27 11:10:51.008 14624 14624 E RotationHelper: setCurrentTransitionRequest: request=0
12-27 11:10:51.026 14624 15146 E ActivityManagerWrapper: get all recent tasks force including 14497
12-27 11:10:51.040 14624 15146 E ActivityManagerWrapper: getRecentTasksForceIncludingTaskIdIfValid: getRecentTasks: size=3
12-27 11:10:51.040 14624 15146 E ActivityManagerWrapper:  mainTaskId=14501   userId=0   windowMode=1   baseIntent=Intent { act=android.intent.action.MAIN flag=270532608 cmp=ComponentInfo{com.aagah/com.aagah.MainActivity} }
12-27 11:10:51.040 14624 15146 E ActivityManagerWrapper:  mainTaskId=14497   userId=0   windowMode=1   baseIntent=Intent { act=android.intent.action.MAIN flag=287309824 cmp=ComponentInfo{com.google.android.youtube/com.google.android.youtube.app.honeycomb.Shell$HomeActivity} }
12-27 11:10:51.040 14624 15146 E ActivityManagerWrapper:  mainTaskId=14495   userId=0   windowMode=1   baseIntent=Intent { act=android.intent.action.MAIN flag=287309824 cmp=ComponentInfo{com.android.chrome/com.google.android.apps.chrome.Main} }
12-27 11:10:51.050  9833  9920 E LB      : fail to open file: Permission denied
12-27 11:10:51.050  9833  9920 E LB      : fail to open node: No such file or directory
12-27 11:10:51.050  9833  9920 E LB      : fail to open node: No such file or directory
12-27 11:10:51.052 14624 15146 E ActivityManagerWrapper: get all recent tasks force including 14497
12-27 11:10:51.055  1180  1742 E BpTransactionCompletedListener: Failed to transact (-32)
12-27 11:10:51.056 14624 15146 E ActivityManagerWrapper: getRecentTasksForceIncludingTaskIdIfValid: getRecentTasks: size=3
12-27 11:10:51.056 14624 15146 E ActivityManagerWrapper:  mainTaskId=14501   userId=0   windowMode=1   baseIntent=Intent { act=android.intent.action.MAIN flag=270532608 cmp=ComponentInfo{com.aagah/com.aagah.MainActivity} }
12-27 11:10:51.056 14624 15146 E ActivityManagerWrapper:  mainTaskId=14497   userId=0   windowMode=1   baseIntent=Intent { act=android.intent.action.MAIN flag=287309824 cmp=ComponentInfo{com.google.android.youtube/com.google.android.youtube.app.honeycomb.Shell$HomeActivity} }
12-27 11:10:51.056 14624 15146 E ActivityManagerWrapper:  mainTaskId=14495   userId=0   windowMode=1   baseIntent=Intent { act=android.intent.action.MAIN flag=287309824 cmp=ComponentInfo{com.android.chrome/com.google.android.apps.chrome.Main} }
12-27 11:10:51.064  9293  9940 E ActionQueryTaskListener: 1 onTaskComplete [true,false,] BACKGROUND modules: [executorch]
12-27 11:10:51.090  1120  1198 E HfLooper: light_data = 4.000000, raw_data = 0.000000, ir_data =-33.000000, gain =1
12-27 11:10:51.160  1180  1180 E MI-SF   : surfaceflinger setAffinity success
12-27 11:10:51.160  1180  1180 E MI-SF   : surfaceflinger setAffinity success
12-27 11:10:51.189  1120  1198 E HfLooper: light_data = 4.000000, raw_data = 0.000000, ir_data =-33.000000, gain =1
12-27 11:10:51.277  1180  1180 E MI-SF   : surfaceflinger setAffinity success
12-27 11:10:51.290  1120  1198 E HfLooper: light_data = 4.000000, raw_data = 0.000000, ir_data =-33.000000, gain =1
12-27 11:10:51.297  1816  1834 E ApplicationHelper: Fail to get PackageManager
12-27 11:10:51.299  1816  1834 E ApplicationHelper: Fail to get PackageManager
12-27 11:10:51.389  1120  1198 E HfLooper: light_data = 4.000000, raw_data = 0.000000, ir_data =-33.000000, gain =1
12-27 11:10:51.406  1816  8612 E JobScheduler: ResourceBudgetManagerInternal is null
12-27 11:10:51.408  1816  1834 E ApplicationHelper: Fail to get PackageManager
12-27 11:10:51.416  1816  1834 E ApplicationHelper: Fail to get PackageManager
12-27 11:10:51.489  1120  1198 E HfLooper: light_data = 4.000000, raw_data = 0.000000, ir_data =-33.000000, gain =1
12-27 11:10:51.590  1120  1198 E HfLooper: light_data = 4.000000, raw_data = 0.000000, ir_data =-33.000000, gain =1
12-27 11:10:51.592  1180  1180 E MI-SF   : surfaceflinger setAffinity success
12-27 11:10:51.592  1180  1180 E MI-SF   : surfaceflinger setAffinity success
12-27 11:10:51.654  1180  1180 E MI-SF   : surfaceflinger setAffinity success
--
12-27 11:10:56.390  1120  1198 E HfLooper: light_data = 3.000000, raw_data = 0.000000, ir_data =-33.000000, gain =1
12-27 11:10:56.394  1816  2121 E JobScheduler.Background: Couldn't determine stopped state for unknown package: com.google.android.apps.turbo
12-27 11:10:56.394  1816  2121 E JobScheduler.Background: Couldn't determine stopped state for unknown package: com.google.android.apps.turbo
12-27 11:10:56.394  1816  2121 E JobScheduler.Background: Couldn't determine stopped state for unknown package: com.google.android.apps.turbo
12-27 11:10:56.394  1816  2121 E JobScheduler.Background: Couldn't determine stopped state for unknown package: com.google.android.apps.turbo
12-27 11:10:56.394  1816  2121 E JobScheduler.Background: Couldn't determine stopped state for unknown package: com.google.android.apps.turbo
12-27 11:10:56.398  2955  2955 E StackScroller: updateSidePadding: viewWidth is zero
12-27 11:10:56.401  1816  2834 E WindowManager: setClientVisible ActivityRecord{abf3ec7 u0 com.miui.thirdappassistant/.ui.NotificationDetailActivity true
12-27 11:10:56.402  2955  2955 E StackScroller: updateSidePadding: viewWidth is zero
12-27 11:10:56.417  1816  1816 E MBrainLocalService: notifyAppSwitch failed
12-27 11:10:56.437  1816  3119 E WindowManager: setClientVisible ActivityRecord{abf3ec7 u0 com.miui.thirdappassistant/.ui.NotificationDetailActivity t14502} true
12-27 11:10:56.437  1816  3119 E WindowManager: setClientVisible ActivityRecord{abf3ec7 u0 com.miui.thirdappassistant/.ui.NotificationDetailActivity t14502} true
12-27 11:10:56.445  1816  1816 E MBrainLocalService: notifyAppSwitch failed
12-27 11:10:56.457  1816  1834 E ApplicationHelper: Fail to get PackageManager
12-27 11:10:56.460  6893 10018 E QT      : [QT]file does not exist
12-27 11:10:56.461  3924  5126 E BluetoothAdapterService: getActiveDevices: LeAudioService is null
12-27 11:10:56.466  1816  1834 E ApplicationHelper: Fail to get PackageManager
12-27 11:10:56.468 14624 15146 E ActivityManagerWrapper: get all recent tasks force including 14502
12-27 11:10:56.475 14624 15146 E ActivityManagerWrapper: getRecentTasksForceIncludingTaskIdIfValid: getRecentTasks: size=4
12-27 11:10:56.475 14624 15146 E ActivityManagerWrapper:  mainTaskId=14502   userId=0   windowMode=1   baseIntent=Intent { act=null flag=276889600 cmp=ComponentInfo{com.miui.thirdappassistant/com.miui.thirdappassistant.ui.NotificationDetailActivity} }
12-27 11:10:56.475 14624 15146 E ActivityManagerWrapper:  mainTaskId=14501   userId=0   windowMode=1   baseIntent=Intent { act=android.intent.action.MAIN flag=270532608 cmp=ComponentInfo{com.aagah/com.aagah.MainActivity} }
12-27 11:10:56.475 14624 15146 E ActivityManagerWrapper:  mainTaskId=14497   userId=0   windowMode=1   baseIntent=Intent { act=android.intent.action.MAIN flag=287309824 cmp=ComponentInfo{com.google.android.youtube/com.google.android.youtube.app.honeycomb.Shell$HomeActivity} }
12-27 11:10:56.475 14624 15146 E ActivityManagerWrapper:  mainTaskId=14495   userId=0   windowMode=1   baseIntent=Intent { act=android.intent.action.MAIN flag=287309824 cmp=ComponentInfo{com.android.chrome/com.google.android.apps.chrome.Main} }
12-27 11:10:56.489  1120  1198 E HfLooper: light_data = 3.000000, raw_data = 0.000000, ir_data =-33.000000, gain =1
12-27 11:10:56.552 14624 15146 E ActivityManagerWrapper: get all recent tasks force including 14502
12-27 11:10:56.557 14624 15146 E ActivityManagerWrapper: getRecentTasksForceIncludingTaskIdIfValid: getRecentTasks: size=4
12-27 11:10:56.557 14624 15146 E ActivityManagerWrapper:  mainTaskId=14502   userId=0   windowMode=1   baseIntent=Intent { act=null flag=276889600 cmp=ComponentInfo{com.miui.thirdappassistant/com.miui.thirdappassistant.ui.NotificationDetailActivity} }
12-27 11:10:56.557 14624 15146 E ActivityManagerWrapper:  mainTaskId=14501   userId=0   windowMode=1   baseIntent=Intent { act=android.intent.action.MAIN flag=270532608 cmp=ComponentInfo{com.aagah/com.aagah.MainActivity} }
12-27 11:10:56.557 14624 15146 E ActivityManagerWrapper:  mainTaskId=14497   userId=0   windowMode=1   baseIntent=Intent { act=android.intent.action.MAIN flag=287309824 cmp=ComponentInfo{com.google.android.youtube/com.google.android.youtube.app.honeycomb.Shell$HomeActivity} }
12-27 11:10:56.557 14624 15146 E ActivityManagerWrapper:  mainTaskId=14495   userId=0   windowMode=1   baseIntent=Intent { act=android.intent.action.MAIN flag=287309824 cmp=ComponentInfo{com.android.chrome/com.google.android.apps.chrome.Main} }
12-27 11:10:56.589  1120  1198 E HfLooper: light_data = 4.000000, raw_data = 0.000000, ir_data =-33.000000, gain =1
12-27 11:10:56.689  1120  1198 E HfLooper: light_data = 3.000000, raw_data = 0.000000, ir_data =-33.000000, gain =1
12-27 11:10:56.751  9293  9854 E FbnsAIDLClientManager: Max Try reached for binding to FbnsAIDLService, threadId 2888
12-27 11:10:56.752  9293  9854 E FbnsAIDLClientManager: Fbns AIDL request got RemoteException
12-27 11:10:56.752  9293  9854 E FbnsAIDLClientManager: android.os.RemoteException: AIDLService is not bound
12-27 11:10:56.752  9293  9854 E FbnsAIDLClientManager: 	at X.8Mm.call(Unknown Source:374)
12-27 11:10:56.752  9293  9854 E FbnsAIDLClientManager: 	at java.util.concurrent.FutureTask.run(FutureTask.java:317)
12-27 11:10:56.752  9293  9854 E FbnsAIDLClientManager: 	at java.util.concurrent.ThreadPoolExecutor.runWorker(ThreadPoolExecutor.java:1156)
12-27 11:10:56.752  9293  9854 E FbnsAIDLClientManager: 	at java.util.concurrent.ThreadPoolExecutor$Worker.run(ThreadPoolExecutor.java:651)
12-27 11:10:56.752  9293  9854 E FbnsAIDLClientManager: 	at java.lang.Thread.run(Thread.java:1119)
12-27 11:10:56.762  9293  9855 E FbnsAIDLClientManager: Max Try reached for binding to FbnsAIDLService, threadId 2889
12-27 11:10:56.762  9293  9855 E FbnsAIDLClientManager: Fbns AIDL request got RemoteException
12-27 11:10:56.762  9293  9855 E FbnsAIDLClientManager: android.os.RemoteException: AIDLService is not bound
12-27 11:10:56.762  9293  9855 E FbnsAIDLClientManager: 	at X.8Mm.call(Unknown Source:374)
12-27 11:10:56.762  9293  9855 E FbnsAIDLClientManager: 	at java.util.concurrent.FutureTask.run(FutureTask.java:317)
12-27 11:10:56.762  9293  9855 E FbnsAIDLClientManager: 	at java.util.concurrent.ThreadPoolExecutor.runWorker(ThreadPoolExecutor.java:1156)
12-27 11:10:56.762  9293  9855 E FbnsAIDLClientManager: 	at java.util.concurrent.ThreadPoolExecutor$Worker.run(ThreadPoolExecutor.java:651)
12-27 11:10:56.762  9293  9855 E FbnsAIDLClientManager: 	at java.lang.Thread.run(Thread.java:1119)
--
12-27 11:10:57.589  1120  1198 E HfLooper: light_data = 3.000000, raw_data = 0.000000, ir_data =-33.000000, gain =1
12-27 11:10:57.602  1180  1180 E MI-SF   : surfaceflinger setAffinity success
12-27 11:10:57.602  1180  1180 E MI-SF   : surfaceflinger setAffinity success
12-27 11:10:57.690  1120  1198 E HfLooper: light_data = 2.000000, raw_data = 0.000000, ir_data =-33.000000, gain =1
12-27 11:10:57.790  1120  1198 E HfLooper: light_data = 3.000000, raw_data = 0.000000, ir_data =-33.000000, gain =1
12-27 11:10:57.890  1120  1198 E HfLooper: light_data = 3.000000, raw_data = 0.000000, ir_data =-33.000000, gain =1
12-27 11:10:57.891  1816 20430 E BpfUtils: Failed to create socket: 111, message: Connection refused
12-27 11:10:57.891  1816 20430 E BpfClientLib: [UnixIpcManager] Connect failed: 111, message: Connection refused, clientFd: -1, Wait 5 senconds
12-27 11:10:57.990  1120  1198 E HfLooper: light_data = 3.000000, raw_data = 0.000000, ir_data =-33.000000, gain =1
12-27 11:10:58.090  1120  1198 E HfLooper: light_data = 4.000000, raw_data = 0.000000, ir_data =-33.000000, gain =1
12-27 11:10:58.192  1120  1198 E HfLooper: light_data = 4.000000, raw_data = 0.000000, ir_data =-33.000000, gain =1
12-27 11:10:58.240  1131  1210 E libPowerHal: [getCPUFreq] error cid:2, nClusterNum:2
12-27 11:10:58.283  1180  1180 E MI-SF   : surfaceflinger setAffinity success
12-27 11:10:58.289  1120  1198 E HfLooper: light_data = 3.000000, raw_data = 0.000000, ir_data =-33.000000, gain =1
12-27 11:10:58.292  1816  1816 E MBrainLocalService: notifyAppSwitch failed
12-27 11:10:58.301  1180  1180 E SurfaceFlinger: MtkDuration override mode is disabled
12-27 11:10:58.307 14624 15146 E ActivityManagerWrapper: get all recent tasks force including 14497
12-27 11:10:58.329  1816  1834 E ApplicationHelper: Fail to get PackageManager
12-27 11:10:58.329 14624 15146 E ActivityManagerWrapper: getRecentTasksForceIncludingTaskIdIfValid: getRecentTasks: size=4
12-27 11:10:58.329 14624 15146 E ActivityManagerWrapper:  mainTaskId=14502   userId=0   windowMode=1   baseIntent=Intent { act=null flag=276889600 cmp=ComponentInfo{com.miui.thirdappassistant/com.miui.thirdappassistant.ui.NotificationDetailActivity} }
12-27 11:10:58.329 14624 15146 E ActivityManagerWrapper:  mainTaskId=14501   userId=0   windowMode=1   baseIntent=Intent { act=android.intent.action.MAIN flag=270532608 cmp=ComponentInfo{com.aagah/com.aagah.MainActivity} }
12-27 11:10:58.329 14624 15146 E ActivityManagerWrapper:  mainTaskId=14497   userId=0   windowMode=1   baseIntent=Intent { act=android.intent.action.MAIN flag=287309824 cmp=ComponentInfo{com.google.android.youtube/com.google.android.youtube.app.honeycomb.Shell$HomeActivity} }
12-27 11:10:58.329 14624 15146 E ActivityManagerWrapper:  mainTaskId=14495   userId=0   windowMode=1   baseIntent=Intent { act=android.intent.action.MAIN flag=287309824 cmp=ComponentInfo{com.android.chrome/com.google.android.apps.chrome.Main} }
12-27 11:10:58.339  1816  1816 E MBrainLocalService: notifyAppSwitch failed
12-27 11:10:58.343  1816  8612 E TransitionController: Collecting Transition (#12666) is not collecting. state=2
12-27 11:10:58.343  1816  8612 E TransitionController: android.util.Log$TerribleFailure: Collecting Transition (#12666) is not collecting. state=2
12-27 11:10:58.343  1816  8612 E TransitionController: 	at android.util.Log.wtf(Log.java:338)
12-27 11:10:58.343  1816  8612 E TransitionController: 	at android.util.Slog.wtfStack(Slog.java:248)
12-27 11:10:58.343  1816  8612 E TransitionController: 	at com.android.server.wm.TransitionController.getCollectingTransition(TransitionController.java:460)
12-27 11:10:58.343  1816  8612 E TransitionController: 	at com.android.server.wm.Transition.calculateTargets(Transition.java:3206)
12-27 11:10:58.343  1816  8612 E TransitionController: 	at com.android.server.wm.Transition.onTransactionReady(Transition.java:2206)
12-27 11:10:58.343  1816  8612 E TransitionController: 	at com.android.server.wm.BLASTSyncEngine$SyncGroup.finishNow(BLASTSyncEngine.java:345)
12-27 11:10:58.343  1816  8612 E TransitionController: 	at com.android.server.wm.BLASTSyncEngine$SyncGroup.tryFinish(BLASTSyncEngine.java:274)
12-27 11:10:58.343  1816  8612 E TransitionController: 	at com.android.server.wm.BLASTSyncEngine$SyncGroup.-$$Nest$mtryFinish(Unknown Source:0)
12-27 11:10:58.343  1816  8612 E TransitionController: 	at com.android.server.wm.BLASTSyncEngine.onSurfacePlacement(BLASTSyncEngine.java:674)
12-27 11:10:58.343  1816  8612 E TransitionController: 	at com.android.server.wm.RootWindowContainer.performSurfacePlacementNoTrace(RootWindowContainer.java:944)
12-27 11:10:58.343  1816  8612 E TransitionController: 	at com.android.server.wm.RootWindowContainer.performSurfacePlacement(RootWindowContainer.java:889)
12-27 11:10:58.343  1816  8612 E TransitionController: 	at com.android.server.wm.WindowSurfacePlacer.performSurfacePlacementLoop(WindowSurfacePlacer.java:200)
12-27 11:10:58.343  1816  8612 E TransitionController: 	at com.android.server.wm.WindowSurfacePlacer.performSurfacePlacement(WindowSurfacePlacer.java:149)
12-27 11:10:58.343  1816  8612 E TransitionController: 	at com.android.server.wm.WindowSurfacePlacer.performSurfacePlacement(WindowSurfacePlacer.java:138)
12-27 11:10:58.343  1816  8612 E TransitionController: 	at com.android.server.wm.WindowSurfacePlacer.continueLayout(WindowSurfacePlacer.java:120)
--
12-27 11:10:58.378  1816  1834 E ApplicationHelper: Fail to get PackageManager
12-27 11:10:58.378  1816  1834 E ApplicationHelper: Fail to get PackageManager
12-27 11:10:58.378  1816  1834 E ApplicationHelper: Fail to get PackageManager
12-27 11:10:58.382  1816  1834 E ApplicationHelper: Fail to get PackageManager
12-27 11:10:58.389  1816  1834 E ApplicationHelper: Fail to get PackageManager
12-27 11:10:58.389  1120  1198 E HfLooper: light_data = 4.000000, raw_data = 0.000000, ir_data =-33.000000, gain =1
12-27 11:10:58.394  1816  1834 E ApplicationHelper: Fail to get PackageManager
12-27 11:10:58.394  1816  1834 E ApplicationHelper: Fail to get PackageManager
12-27 11:10:58.397  1816  8322 E WindowManager: setClientVisible ActivityRecord{abf3ec7 u0 com.miui.thirdappassistant/.ui.NotificationDetailActivity t14502 f}} false
12-27 11:10:58.400  1816  1834 E ApplicationHelper: Fail to get PackageManager
12-27 11:10:58.400  1816  1834 E ApplicationHelper: Fail to get PackageManager
12-27 11:10:58.404  1816  1834 E ApplicationHelper: Fail to get PackageManager
12-27 11:10:58.404  1816  1834 E ApplicationHelper: Fail to get PackageManager
12-27 11:10:58.404  1816  1834 E ApplicationHelper: Fail to get PackageManager
12-27 11:10:58.404  1816  1834 E ApplicationHelper: Fail to get PackageManager
12-27 11:10:58.404  1816  1834 E ApplicationHelper: Fail to get PackageManager
12-27 11:10:58.404  1816  1834 E ApplicationHelper: Fail to get PackageManager
12-27 11:10:58.410 14624 15146 E ActivityManagerWrapper: get all recent tasks force including 14497
12-27 11:10:58.414 14624 15146 E ActivityManagerWrapper: getRecentTasksForceIncludingTaskIdIfValid: getRecentTasks: size=4
12-27 11:10:58.414 14624 15146 E ActivityManagerWrapper:  mainTaskId=14502   userId=0   windowMode=1   baseIntent=Intent { act=null flag=276889600 cmp=ComponentInfo{com.miui.thirdappassistant/com.miui.thirdappassistant.ui.NotificationDetailActivity} }
12-27 11:10:58.414 14624 15146 E ActivityManagerWrapper:  mainTaskId=14501   userId=0   windowMode=1   baseIntent=Intent { act=android.intent.action.MAIN flag=270532608 cmp=ComponentInfo{com.aagah/com.aagah.MainActivity} }
12-27 11:10:58.414 14624 15146 E ActivityManagerWrapper:  mainTaskId=14497   userId=0   windowMode=1   baseIntent=Intent { act=android.intent.action.MAIN flag=287309824 cmp=ComponentInfo{com.google.android.youtube/com.google.android.youtube.app.honeycomb.Shell$HomeActivity} }
12-27 11:10:58.414 14624 15146 E ActivityManagerWrapper:  mainTaskId=14495   userId=0   windowMode=1   baseIntent=Intent { act=android.intent.action.MAIN flag=287309824 cmp=ComponentInfo{com.android.chrome/com.google.android.apps.chrome.Main} }
12-27 11:10:58.449 14624 15146 E ActivityManagerWrapper: get all recent tasks force including 14497
12-27 11:10:58.452 14624 15146 E ActivityManagerWrapper: getRecentTasksForceIncludingTaskIdIfValid: getRecentTasks: size=4
12-27 11:10:58.452 14624 15146 E ActivityManagerWrapper:  mainTaskId=14502   userId=0   windowMode=1   baseIntent=Intent { act=null flag=276889600 cmp=ComponentInfo{com.miui.thirdappassistant/com.miui.thirdappassistant.ui.NotificationDetailActivity} }
12-27 11:10:58.452 14624 15146 E ActivityManagerWrapper:  mainTaskId=14501   userId=0   windowMode=1   baseIntent=Intent { act=android.intent.action.MAIN flag=270532608 cmp=ComponentInfo{com.aagah/com.aagah.MainActivity} }
12-27 11:10:58.452 14624 15146 E ActivityManagerWrapper:  mainTaskId=14497   userId=0   windowMode=1   baseIntent=Intent { act=android.intent.action.MAIN flag=287309824 cmp=ComponentInfo{com.google.android.youtube/com.google.android.youtube.app.honeycomb.Shell$HomeActivity} }
12-27 11:10:58.452 14624 15146 E ActivityManagerWrapper:  mainTaskId=14495   userId=0   windowMode=1   baseIntent=Intent { act=android.intent.action.MAIN flag=287309824 cmp=ComponentInfo{com.android.chrome/com.google.android.apps.chrome.Main} }
12-27 11:10:58.458 14624 15146 E ActivityManagerWrapper: get all recent tasks force including 14497
12-27 11:10:58.462 14624 15146 E ActivityManagerWrapper: getRecentTasksForceIncludingTaskIdIfValid: getRecentTasks: size=4
12-27 11:10:58.462 14624 15146 E ActivityManagerWrapper:  mainTaskId=14502   userId=0   windowMode=1   baseIntent=Intent { act=null flag=276889600 cmp=ComponentInfo{com.miui.thirdappassistant/com.miui.thirdappassistant.ui.NotificationDetailActivity} }
12-27 11:10:58.462 14624 15146 E ActivityManagerWrapper:  mainTaskId=14501   userId=0   windowMode=1   baseIntent=Intent { act=android.intent.action.MAIN flag=270532608 cmp=ComponentInfo{com.aagah/com.aagah.MainActivity} }
12-27 11:10:58.462 14624 15146 E ActivityManagerWrapper:  mainTaskId=14497   userId=0   windowMode=1   baseIntent=Intent { act=android.intent.action.MAIN flag=287309824 cmp=ComponentInfo{com.google.android.youtube/com.google.android.youtube.app.honeycomb.Shell$HomeActivity} }
12-27 11:10:58.462 14624 15146 E ActivityManagerWrapper:  mainTaskId=14495   userId=0   windowMode=1   baseIntent=Intent { act=android.intent.action.MAIN flag=287309824 cmp=ComponentInfo{com.android.chrome/com.google.android.apps.chrome.Main} }
12-27 11:10:58.490  1120  1198 E HfLooper: light_data = 3.000000, raw_data = 0.000000, ir_data =-33.000000, gain =1
12-27 11:10:58.529  1180  1180 E MI-SF   : surfaceflinger setAffinity success
12-27 11:10:58.529  1180  1180 E MI-SF   : surfaceflinger setAffinity success
12-27 11:10:58.581  1816  1834 E ApplicationHelper: Fail to get PackageManager
12-27 11:10:58.583  1816  1834 E ApplicationHelper: Fail to get PackageManager
12-27 11:10:58.589  1120  1198 E HfLooper: light_data = 2.000000, raw_data = 0.000000, ir_data =-33.000000, gain =1
12-27 11:10:58.689  1120  1198 E HfLooper: light_data = 4.000000, raw_data = 0.000000, ir_data =-33.000000, gain =1
12-27 11:10:58.790  1120  1198 E HfLooper: light_data = 4.000000, raw_data = 0.000000, ir_data =-33.000000, gain =1
12-27 11:10:58.890  1120  1198 E HfLooper: light_data = 2.000000, raw_data = 0.000000, ir_data =-33.000000, gain =1
12-27 11:10:58.893  1131  1210 E libPowerHal: [getCPUFreq] error cid:2, nClusterNum:2
12-27 11:10:58.915  1180  1180 E MI-SF   : surfaceflinger setAffinity success
12-27 11:10:58.947 14624 14624 E Launcher.application: setClickAppWaitForCallback = true
12-27 11:10:58.947 14624 14624 E Launcher.application: setClickAppWaitForCallback = true
12-27 11:10:58.948 14624 14624 E Launcher: superStartActivity   type=13
12-27 11:10:58.956  1816  8322 E WindowManager: setClientVisible ActivityRecord{8b42779 u0 com.aagah/.MainActivity true
12-27 11:10:58.968  1816  1816 E MBrainLocalService: notifyAppSwitch failed
12-27 11:10:58.968  1816  8322 E WindowManager: setClientVisible ActivityRecord{8b42779 u0 com.aagah/.MainActivity t14503} true
12-27 11:10:58.981  1816  1834 E ApplicationHelper: Fail to get PackageManager
12-27 11:10:58.988 14624 15146 E ActivityManagerWrapper: get all recent tasks force including 14503
12-27 11:10:58.990  1120  1198 E HfLooper: light_data = 3.000000, raw_data = 0.000000, ir_data =-33.000000, gain =1
12-27 11:10:58.993  1816  1834 E ApplicationHelper: Fail to get PackageManager
12-27 11:10:58.993  1816  1834 E ApplicationHelper: Fail to get PackageManager
12-27 11:10:58.995  1816  2173 E MiInputDispatcher: windowHandle is null
12-27 11:10:59.001 14624 15146 E ActivityManagerWrapper: getRecentTasksForceIncludingTaskIdIfValid: getRecentTasks: size=4
12-27 11:10:59.001 14624 15146 E ActivityManagerWrapper:  mainTaskId=14503   userId=0   windowMode=1   baseIntent=Intent { act=android.intent.action.MAIN flag=270532608 cmp=ComponentInfo{com.aagah/com.aagah.MainActivity} }
12-27 11:10:59.001 14624 15146 E ActivityManagerWrapper:  mainTaskId=14502   userId=0   windowMode=1   baseIntent=Intent { act=null flag=276889600 cmp=ComponentInfo{com.miui.thirdappassistant/com.miui.thirdappassistant.ui.NotificationDetailActivity} }
12-27 11:10:59.001 14624 15146 E ActivityManagerWrapper:  mainTaskId=14497   userId=0   windowMode=1   baseIntent=Intent { act=android.intent.action.MAIN flag=287309824 cmp=ComponentInfo{com.google.android.youtube/com.google.android.youtube.app.honeycomb.Shell$HomeActivity} }
12-27 11:10:59.001 14624 15146 E ActivityManagerWrapper:  mainTaskId=14495   userId=0   windowMode=1   baseIntent=Intent { act=android.intent.action.MAIN flag=287309824 cmp=ComponentInfo{com.android.chrome/com.google.android.apps.chrome.Main} }
12-27 11:10:59.005 10073 10073 E Zygote  : process_name_ptr:10073 com.aagah
12-27 11:10:59.005 10073 10073 E Zygote  : SetMemoryProtected process_name_ptr:10073 com.aagah
12-27 11:10:59.010 14624 15146 E ActivityManagerWrapper: get all recent tasks force including 14503
12-27 11:10:59.018  1816  2173 E MiInputDispatcher: windowHandle is null
12-27 11:10:59.018 10073 10073 E com.aagah: Not starting debugger since process cannot load the jdwp agent.
12-27 11:10:59.022 14624 15146 E ActivityManagerWrapper: getRecentTasksForceIncludingTaskIdIfValid: getRecentTasks: size=4
12-27 11:10:59.022 14624 15146 E ActivityManagerWrapper:  mainTaskId=14503   userId=0   windowMode=1   baseIntent=Intent { act=android.intent.action.MAIN flag=270532608 cmp=ComponentInfo{com.aagah/com.aagah.MainActivity} }
12-27 11:10:59.022 14624 15146 E ActivityManagerWrapper:  mainTaskId=14502   userId=0   windowMode=1   baseIntent=Intent { act=null flag=276889600 cmp=ComponentInfo{com.miui.thirdappassistant/com.miui.thirdappassistant.ui.NotificationDetailActivity} }
