12-27 11:20:41.234 14624 15146 E ActivityManagerWrapper:  mainTaskId=14495   userId=0   windowMode=1   baseIntent=Intent { act=android.intent.action.MAIN flag=287309824 cmp=ComponentInfo{com.android.chrome/com.google.android.apps.chrome.Main} }
12-27 11:20:41.241  1816  2121 E JobScheduler.Background: Couldn't determine stopped state for unknown package: com.google.android.apps.turbo
12-27 11:20:41.241  1816  2121 E JobScheduler.Background: Couldn't determine stopped state for unknown package: com.google.android.apps.turbo
12-27 11:20:41.241  1816  2121 E JobScheduler.Background: Couldn't determine stopped state for unknown package: com.google.android.apps.turbo
12-27 11:20:41.242  1816  2121 E JobScheduler.Background: Couldn't determine stopped state for unknown package: com.google.android.apps.turbo
12-27 11:20:41.242  1816  2121 E JobScheduler.Background: Couldn't determine stopped state for unknown package: com.google.android.apps.turbo
12-27 11:20:41.259 14624 14747 E InstallApkReceiver: uninstall:package:com.aagah
12-27 11:20:41.265  3726  3726 E MiuiScanManagerV2: Uninstalled package name : com.aagah
12-27 11:20:41.266  2934  3412 E SmsApplication: com.google.android.apps.messaging lost android:read_cell_broadcasts:  (fixing)
12-27 11:20:41.275  1816  1834 E ApplicationHelper: Fail to get PackageManager
12-27 11:20:41.291  1120  1198 E HfLooper: light_data = 3.000000, raw_data = 0.000000, ir_data =-35.000000, gain =1
12-27 11:20:41.331 14378 14378 E Zygote  : process_name_ptr:14378 com.android.keychain
12-27 11:20:41.331 14378 14378 E Zygote  : SetMemoryProtected process_name_ptr:14378 com.android.keychain
12-27 11:20:41.390  1120  1198 E HfLooper: light_data = 3.000000, raw_data = 0.000000, ir_data =-35.000000, gain =1
12-27 11:20:41.408 14378 14378 E ndroid.keychain: Not starting debugger since process cannot load the jdwp agent.
12-27 11:20:41.412  4161  4285 E Finsky  : [2536] [Counters] attempted to use a non-positive increment for: 4752
12-27 11:20:41.412  4161  4285 E Finsky  : [2536] [Counters] attempted to use a non-positive increment for: 4753
12-27 11:20:41.418  4024  4024 E SoterImpl: [run_cmd] TEEC_InvokeCommand failed: fffffc0b
12-27 11:20:41.419  4024  4024 E SoterImpl: [remove_all_uid_key] result: fffffc0b
12-27 11:20:41.419  7707  7707 E SoterService: soterService removeAllUidKey result is:-1
12-27 11:20:41.487  4161  4278 E Finsky  : [2530] [Counters] attempted to use a non-positive increment for: 4752
12-27 11:20:41.490  1120  1198 E HfLooper: light_data = 4.000000, raw_data = 0.000000, ir_data =-35.000000, gain =1
12-27 11:20:41.574  1816  1816 E ApplicationHelper: Fail to get PackageManager
12-27 11:20:41.574  1816  1816 E AppStateIntentReceiver: notifyChange failed
12-27 11:20:41.579  1816  1834 E ApplicationHelper: Fail to get PackageManager
12-27 11:20:41.590  1120  1198 E HfLooper: light_data = 4.000000, raw_data = 0.000000, ir_data =-35.000000, gain =1
12-27 11:20:41.602  1816  1834 E ApplicationHelper: Fail to get PackageManager
12-27 11:20:41.620  1816  2602 E ProcessManager: error write exception log
12-27 11:20:41.689  1120  1198 E HfLooper: light_data = 3.000000, raw_data = 0.000000, ir_data =-35.000000, gain =1
12-27 11:20:41.790  1120  1198 E HfLooper: light_data = 3.000000, raw_data = 0.000000, ir_data =-35.000000, gain =1
12-27 11:20:41.889  1120  1198 E HfLooper: light_data = 3.000000, raw_data = 0.000000, ir_data =-35.000000, gain =1
12-27 11:20:41.980  1816  2882 E RoleControllerServiceImpl: Default/fallback role holder package doesn't qualify for the role, package: com.google.android.gms.supervision, role: android.app.role.SYSTEM_SUPERVISION, user: 0
12-27 11:20:41.989  1120  1198 E HfLooper: light_data = 3.000000, raw_data = 0.000000, ir_data =-35.000000, gain =1
12-27 11:20:42.014  1816  8495 E JobScheduler: ResourceBudgetManagerInternal is null
12-27 11:20:42.023  1180  1180 E MI-SF   : surfaceflinger setAffinity success
12-27 11:20:42.023  1180  1180 E MI-SF   : surfaceflinger setAffinity success
12-27 11:20:42.031  1816  2566 E NotificationVibratorHelper: Error creating vibration waveform with pattern: [0]
12-27 11:20:42.049 14412 14412 E Zygote  : process_name_ptr:14412 com.miui.cleaner
12-27 11:20:42.049 14412 14412 E Zygote  : SetMemoryProtected process_name_ptr:14412 com.miui.cleaner
12-27 11:20:42.051 22645  4282 E PackageUtils: exception when getPackageInfo :
12-27 11:20:42.051 22645  4282 E PackageUtils: android.content.pm.PackageManager$NameNotFoundException: com.aagah
12-27 11:20:42.051 22645  4282 E PackageUtils: 	at android.app.ApplicationPackageManager.getPackageInfoAsUser(ApplicationPackageManager.java:276)
12-27 11:20:42.051 22645  4282 E PackageUtils: 	at android.app.ApplicationPackageManager.getPackageInfo(ApplicationPackageManager.java:236)
12-27 11:20:42.051 22645  4282 E PackageUtils: 	at android.app.ApplicationPackageManager.getPackageInfo(ApplicationPackageManager.java:230)
12-27 11:20:42.051 22645  4282 E PackageUtils: 	at L1.h.d(Unknown Source:6)
12-27 11:20:42.051 22645  4282 E PackageUtils: 	at E1.b.b(Unknown Source:13)
12-27 11:20:42.051 22645  4282 E PackageUtils: 	at com.miui.guardprovider.manager.SecurityService$a.B0(Unknown Source:15)
12-27 11:20:42.051 22645  4282 E PackageUtils: 	at com.miui.guardprovider.manager.SecurityService$a.A0(Unknown Source:0)
12-27 11:20:42.051 22645  4282 E PackageUtils: 	at com.miui.guardprovider.manager.a.run(Unknown Source:4)
12-27 11:20:42.051 22645  4282 E PackageUtils: 	at java.util.concurrent.ThreadPoolExecutor.runWorker(ThreadPoolExecutor.java:1156)
12-27 11:20:42.051 22645  4282 E PackageUtils: 	at java.util.concurrent.ThreadPoolExecutor$Worker.run(ThreadPoolExecutor.java:651)
12-27 11:20:42.051 22645  4282 E PackageUtils: 	at java.lang.Thread.run(Thread.java:1119)
12-27 11:20:42.071  1180  1180 E MI-SF   : surfaceflinger setAffinity success
12-27 11:20:42.090  1120  1198 E HfLooper: light_data = 3.000000, raw_data = 0.000000, ir_data =-35.000000, gain =1
12-27 11:20:42.090 14412 14412 E om.miui.cleaner: Not starting debugger since process cannot load the jdwp agent.
12-27 11:20:42.096 14422 14422 E Zygote  : process_name_ptr:14422 com.android.chrome
12-27 11:20:42.096 14422 14422 E Zygote  : SetMemoryProtected process_name_ptr:14422 com.android.chrome
12-27 11:20:42.110 14422 14422 E .android.chrome: Not starting debugger since process cannot load the jdwp agent.
12-27 11:20:42.123  1816  2121 E JobScheduler.Background: Couldn't determine stopped state for unknown package: com.google.android.apps.turbo
12-27 11:20:42.123  1816  2121 E JobScheduler.Background: Couldn't determine stopped state for unknown package: com.google.android.apps.turbo
12-27 11:20:42.123  1816  2121 E JobScheduler.Background: Couldn't determine stopped state for unknown package: com.google.android.apps.turbo
--
12-27 11:20:58.650  1816  1850 E MTKBoostFramework: mtkPowerHint java.lang.NullPointerException: Attempt to invoke virtual method 'int java.lang.Integer.intValue()' on a null object reference
12-27 11:20:58.690  1120  1198 E HfLooper: light_data = 4.000000, raw_data = 0.000000, ir_data =-35.000000, gain =1
12-27 11:20:58.731 17865 17865 E Zygote  : process_name_ptr:17865 com.indus.appstore
12-27 11:20:58.731 17865 17865 E Zygote  : SetMemoryProtected process_name_ptr:17865 com.indus.appstore
12-27 11:20:58.751 16456 16933 E msys    : E[N mns]_OnDiskCacheGetData(632)=>Start post callback cache refresh DNS resolution
12-27 11:20:58.756 16456 16933 E MvfstCallbacks.cpp: onConnectionSetupError: error=TransportError: Internal Error, Error on socket write Operation not permitted, 
12-27 11:20:58.758 16456 16933 E msys    : E[N mns]_OnDiskCacheGetData(632)=>Start post callback cache refresh DNS resolution
12-27 11:20:58.758 16456 16933 E msys    : E[N mns]_OnDiskCacheGetData(632)=>Start post callback cache refresh DNS resolution
12-27 11:20:58.759 16456 16933 E msys    : E[N mns]_LogError(228)=>Failed to resolve using system DNS resolver, getaddrinfo(): No address associated with hostname
12-27 11:20:58.761 16456 16933 E msys    : E[N mns]_LogError(228)=>Failed to resolve using system DNS resolver, getaddrinfo(): No address associated with hostname
12-27 11:20:58.766 16456 16933 E MvfstCallbacks.cpp: onConnectionSetupError: error=TransportError: Internal Error, Error on socket write Operation not permitted, 
12-27 11:20:58.766 16456 16933 E msys    : E[N mns]_LogError(228)=>Failed to resolve using system DNS resolver, getaddrinfo(): No address associated with hostname
12-27 11:20:58.768 17865 17865 E .indus.appstore: Not starting debugger since process cannot load the jdwp agent.
12-27 11:20:58.790  1120  1198 E HfLooper: light_data = 4.000000, raw_data = 0.000000, ir_data =-35.000000, gain =1
12-27 11:20:58.823  1816  1834 E ApplicationHelper: Fail to get PackageManager
12-27 11:20:58.872 14624 14624 E RotationHelper: setCurrentStateRequest: request=0
12-27 11:20:58.874  1816  2565 E AppOps  : attributionTag VCN not declared in manifest of android
12-27 11:20:58.890  1120  1198 E HfLooper: light_data = 3.000000, raw_data = 0.000000, ir_data =-35.000000, gain =1
12-27 11:20:58.904  1816  1816 E ApplicationHelper: Fail to get PackageManager
12-27 11:20:58.904  1816  1816 E AppStateIntentReceiver: notifyChange failed
12-27 11:20:58.906  1816  2677 E AppScanObserverService: Try to add a invalid package: com.aagah | 10401 | 0
12-27 11:20:58.928  1816  4265 E ArtService: Failed to get dexopt status [packageName = com.phonepe.app, dexPath = /data/user/0/com.phonepe.app/app_pccache/5/9C2BDF6C31122BA43D110BBDCFF136C1C2C1E6F7/pcam.jar, isa = arm64, classLoaderContext = PCL[];PCL[/data/app/~~2-XkQmvMqqTesAGj4ip9nQ==/com.phonepe.app-Xsl6MmQ8OKEd5Q0BB2pb7w==/base.apk:/data/app/~~2-XkQmvMqqTesAGj4ip9nQ==/com.phonepe.app-Xsl6MmQ8OKEd5Q0BB2pb7w==/split_card_hce.apk]{PCL[/system/framework/org.apache.http.legacy.jar]}]
12-27 11:20:58.928  1816  4265 E ArtService: android.os.ServiceSpecificException: Failed to create OatFileAssistant: Failed to load class loader context files for '/data/user/0/com.phonepe.app/app_pccache/5/9C2BDF6C31122BA43D110BBDCFF136C1C2C1E6F7/pcam.jar' with context 'PCL[];PCL[/data/app/~~2-XkQmvMqqTesAGj4ip9nQ==/com.phonepe.app-Xsl6MmQ8OKEd5Q0BB2pb7w==/base.apk:/data/app/~~2-XkQmvMqqTesAGj4ip9nQ==/com.phonepe.app-Xsl6MmQ8OKEd5Q0BB2pb7w==/split_card_hce.apk]{PCL[/system/framework/org.apache.http.legacy.jar]}' (code 1)
12-27 11:20:58.928  1816  4265 E ArtService: 	at android.os.Parcel.createExceptionOrNull(Parcel.java:3270)
12-27 11:20:58.928  1816  4265 E ArtService: 	at android.os.Parcel.createException(Parcel.java:3240)
12-27 11:20:58.928  1816  4265 E ArtService: 	at android.os.Parcel.readException(Parcel.java:3223)
12-27 11:20:58.928  1816  4265 E ArtService: 	at android.os.Parcel.readException(Parcel.java:3165)
12-27 11:20:58.928  1816  4265 E ArtService: 	at com.android.server.art.IArtd$Stub$Proxy.getDexoptStatus(IArtd.java:880)
12-27 11:20:58.928  1816  4265 E ArtService: 	at com.android.server.art.ArtFileManager.getUsableArtifacts(ArtFileManager.java:153)
12-27 11:20:58.928  1816  4265 E ArtService: 	at com.android.server.art.ArtManagerLocal.getArtManagedFileStats(ArtManagerLocal.java:1056)
12-27 11:20:58.928  1816  4265 E ArtService: 	at com.android.server.usage.StorageStatsService.computeAppStatsByDataTypes(StorageStatsService.java:978)
12-27 11:20:58.928  1816  4265 E ArtService: 	at com.android.server.usage.StorageStatsService.queryStatsForUid(StorageStatsService.java:460)
12-27 11:20:58.928  1816  4265 E ArtService: 	at com.android.server.usage.StorageStatsService.queryStatsForPackage(StorageStatsService.java:387)
12-27 11:20:58.928  1816  4265 E ArtService: 	at android.app.usage.IStorageStatsManager$Stub.onTransact(IStorageStatsManager.java:265)
12-27 11:20:58.928  1816  4265 E ArtService: 	at android.os.Binder.execTransactInternal(Binder.java:1507)
12-27 11:20:58.928  1816  4265 E ArtService: 	at android.os.Binder.execTransact(Binder.java:1451)
12-27 11:20:58.940 14364 14364 E artd    : Unable to resolve path '/data/app/~~2-XkQmvMqqTesAGj4ip9nQ==/com.phonepe.app-Xsl6MmQ8OKEd5Q0BB2pb7w==/base.apk': No such file or directory
12-27 11:20:58.967  1180  1180 E MI-SF   : surfaceflinger setAffinity success
12-27 11:20:58.967  1180  1180 E MI-SF   : surfaceflinger setAffinity success
12-27 11:20:58.989  1120  1198 E HfLooper: light_data = 4.000000, raw_data = 0.000000, ir_data =-35.000000, gain =1
12-27 11:20:59.002 17902 17902 E Zygote  : process_name_ptr:17902 com.android.htmlviewer:remote
12-27 11:20:59.002 17902 17902 E Zygote  : SetMemoryProtected process_name_ptr:17902 com.android.htmlviewer:remote
12-27 11:20:59.005  1816  1834 E ApplicationHelper: Fail to get PackageManager
12-27 11:20:59.006  1816  1834 E ApplicationHelper: Fail to get PackageManager
12-27 11:20:59.027 17902 17902 E mlviewer:remote: Not starting debugger since process cannot load the jdwp agent.
12-27 11:20:59.044 17910 17910 E Zygote  : process_name_ptr:17910 com.miui.global.packageinstaller
12-27 11:20:59.044 17910 17910 E Zygote  : SetMemoryProtected process_name_ptr:17910 com.miui.global.packageinstaller
12-27 11:20:59.046  1816  2882 E RoleControllerServiceImpl: Default/fallback role holder package doesn't qualify for the role, package: com.google.android.gms.supervision, role: android.app.role.SYSTEM_SUPERVISION, user: 0
12-27 11:20:59.047  1816  1834 E ApplicationHelper: Fail to get PackageManager
12-27 11:20:59.069 14624 15025 E Launcher.AllAppsList: Can't load postion for packageName: com.aagah activityName: com.aagah.MainActivity
12-27 11:20:59.090  1120  1198 E HfLooper: light_data = 4.000000, raw_data = 0.000000, ir_data =-35.000000, gain =1
12-27 11:20:59.097 17910 17910 E ackageinstaller: Not starting debugger since process cannot load the jdwp agent.
12-27 11:20:59.116  1816  1834 E ApplicationHelper: Fail to get PackageManager
12-27 11:20:59.135  1816  1834 E ApplicationHelper: Fail to get PackageManager
12-27 11:20:59.150  1816  1834 E ApplicationHelper: Fail to get PackageManager
12-27 11:20:59.150  1180  1180 E MI-SF   : surfaceflinger setAffinity success
12-27 11:20:59.152  2934  3412 E SmsApplication: com.google.android.apps.messaging lost android:read_cell_broadcasts:  (fixing)
12-27 11:20:59.190  1120  1198 E HfLooper: light_data = 4.000000, raw_data = 0.000000, ir_data =-35.000000, gain =1
12-27 11:20:59.195  1816  1834 E ApplicationHelper: Fail to get PackageManager
12-27 11:20:59.199  1816  1834 E ApplicationHelper: Fail to get PackageManager
12-27 11:20:59.267 17945 17945 E Zygote  : process_name_ptr:17945 com.miui.cleaner
12-27 11:20:59.268 17945 17945 E Zygote  : SetMemoryProtected process_name_ptr:17945 com.miui.cleaner
12-27 11:20:59.289  1120  1198 E HfLooper: light_data = 4.000000, raw_data = 0.000000, ir_data =-35.000000, gain =1
12-27 11:20:59.324  1816  2882 E RoleControllerServiceImpl: Default/fallback role holder package doesn't qualify for the role, package: com.google.android.devicelockcontroller, role: android.app.role.SYSTEM_FINANCED_DEVICE_CONTROLLER, user: 0
12-27 11:20:59.343   481   498 E lowmemorykiller: process_mrelease 16456 failed: No such process
12-27 11:20:59.359 17945 17945 E om.miui.cleaner: Not starting debugger since process cannot load the jdwp agent.
12-27 11:20:59.372  2934  3412 E SmsApplication: com.google.android.apps.messaging lost android:read_cell_broadcasts:  (fixing)
12-27 11:20:59.382 14624 14747 E InstallApkReceiver: install:package:com.aagah
12-27 11:20:59.389  1120  1198 E HfLooper: light_data = 4.000000, raw_data = 0.000000, ir_data =-35.000000, gain =1
12-27 11:20:59.396  1816  1834 E ApplicationHelper: Fail to get PackageManager
12-27 11:20:59.396  1816  1834 E ApplicationHelper: Fail to get PackageManager
12-27 11:20:59.396  1816  1834 E ApplicationHelper: Fail to get PackageManager
12-27 11:20:59.401  1816  1834 E ApplicationHelper: Fail to get PackageManager
12-27 11:20:59.412  1816  1834 E ApplicationHelper: Fail to get PackageManager
12-27 11:20:59.414  1816  1834 E ApplicationHelper: Fail to get PackageManager
12-27 11:20:59.432  4161  4292 E Finsky  : [2538] [Counters] attempted to use a non-positive increment for: 4752
12-27 11:20:59.433  4161  4292 E Finsky  : [2538] [Counters] attempted to use a non-positive increment for: 4753
12-27 11:20:59.490  1120  1198 E HfLooper: light_data = 4.000000, raw_data = 0.000000, ir_data =-35.000000, gain =1
12-27 11:20:59.504  1816  1834 E ApplicationHelper: Fail to get PackageManager
12-27 11:20:59.522  1816  1834 E ApplicationHelper: Fail to get PackageManager
12-27 11:20:59.522  1816  1834 E ApplicationHelper: Fail to get PackageManager
12-27 11:20:59.526  1816  1834 E ApplicationHelper: Fail to get PackageManager
12-27 11:20:59.535  4161  4285 E Finsky  : [2536] [Counters] attempted to use a non-positive increment for: 4752
12-27 11:20:59.543  1816  1834 E ApplicationHelper: Fail to get PackageManager
12-27 11:20:59.567  4161  4285 E Finsky  : [2536] [Counters] attempted to use a non-positive increment for: 4753
12-27 11:20:59.572  1816  1834 E ApplicationHelper: Fail to get PackageManager
12-27 11:20:59.589  1120  1198 E HfLooper: light_data = 4.000000, raw_data = 0.000000, ir_data =-35.000000, gain =1
12-27 11:20:59.620  1816  2602 E ProcessManager: error write exception log
--
12-27 11:21:00.388  1180  1180 E MI-SF   : surfaceflinger setAffinity success
12-27 11:21:00.388  1180  1180 E MI-SF   : surfaceflinger setAffinity success
12-27 11:21:00.389  1120  1198 E HfLooper: light_data = 2.000000, raw_data = 0.000000, ir_data =-35.000000, gain =1
12-27 11:21:00.442  1816  1834 E ApplicationHelper: Fail to get PackageManager
12-27 11:21:00.483  1816  1834 E ApplicationHelper: Fail to get PackageManager
12-27 11:21:00.483  1816  1834 E ApplicationHelper: Fail to get PackageManager
12-27 11:21:00.490  1120  1198 E HfLooper: light_data = 3.000000, raw_data = 0.000000, ir_data =-35.000000, gain =1
12-27 11:21:00.494  9354 11129 E ThermalInfoUtils: getCurrentCapacity Exceptionjava.io.FileNotFoundException: /sys/class/power_supply/battery/charge_counter: open failed: EACCES (Permission denied)
12-27 11:21:00.558  1816  1834 E ApplicationHelper: Fail to get PackageManager
12-27 11:21:00.575  1816  1834 E ApplicationHelper: Fail to get PackageManager
12-27 11:21:00.585  1816  1834 E ApplicationHelper: Fail to get PackageManager
12-27 11:21:00.589  1120  1198 E HfLooper: light_data = 3.000000, raw_data = 0.000000, ir_data =-35.000000, gain =1
12-27 11:21:00.623  1816  1834 E ApplicationHelper: Fail to get PackageManager
12-27 11:21:00.690  1120  1198 E HfLooper: light_data = 2.000000, raw_data = 0.000000, ir_data =-35.000000, gain =1
12-27 11:21:00.727  1816  1834 E ApplicationHelper: Fail to get PackageManager
12-27 11:21:00.732  1180  1732 E SurfaceFlinger: MtkDuration override mode is disabled
12-27 11:21:00.738  1180  1180 E MI-SF   : surfaceflinger setAffinity success
12-27 11:21:00.755  1816  1834 E ApplicationHelper: Fail to get PackageManager
12-27 11:21:00.777  1816  1834 E ApplicationHelper: Fail to get PackageManager
12-27 11:21:00.790  1120  1198 E HfLooper: light_data = 2.000000, raw_data = 0.000000, ir_data =-35.000000, gain =1
12-27 11:21:00.825  8430 11327 E PackageUtil: getPackageInfoAsUser failed com.aagah , 999
12-27 11:21:00.830  1816  1834 E ApplicationHelper: Fail to get PackageManager
12-27 11:21:00.855   481   497 E lowmemorykiller: process_mrelease 17945 failed: No such process
12-27 11:21:00.867  1816  1834 E ApplicationHelper: Fail to get PackageManager
12-27 11:21:00.868  1816  1834 E ApplicationHelper: Fail to get PackageManager
12-27 11:21:00.868  1816  1834 E ApplicationHelper: Fail to get PackageManager
12-27 11:21:00.870  1816  1834 E ApplicationHelper: Fail to get PackageManager
12-27 11:21:00.871  1816  1834 E ApplicationHelper: Fail to get PackageManager
12-27 11:21:00.871  1816  1834 E ApplicationHelper: Fail to get PackageManager
12-27 11:21:00.889  1120  1198 E HfLooper: light_data = 3.000000, raw_data = 0.000000, ir_data =-35.000000, gain =1
12-27 11:21:00.916  1180  1180 E MI-SF   : surfaceflinger setAffinity success
12-27 11:21:00.916  1180  1180 E MI-SF   : surfaceflinger setAffinity success
12-27 11:21:00.927  2955  2955 E NotifCollection: No notification to remove with key 0|com.miui.cleaner|1002|null|10148 reason=8:REASON_APP_CANCEL
12-27 11:21:00.927  2955  2955 E NotifCollection: No notification to remove with key 0|com.miui.cleaner|1002|null|10148 reason=0:REASON_UNKNOWN
12-27 11:21:00.929  1816  2602 E ProcessManager: error write exception log
12-27 11:21:00.989  1120  1198 E HfLooper: light_data = 2.000000, raw_data = 0.000000, ir_data =-35.000000, gain =1
12-27 11:21:01.039  1816  1834 E ApplicationHelper: Fail to get PackageManager
12-27 11:21:01.039 18191 18191 E Zygote  : process_name_ptr:18191 com.google.android.gms.unstable
12-27 11:21:01.039 18191 18191 E Zygote  : SetMemoryProtected process_name_ptr:18191 com.google.android.gms.unstable
12-27 11:21:01.067 18191 18191 E id.gms.unstable: Not starting debugger since process cannot load the jdwp agent.
12-27 11:21:01.075 18196 18196 E Zygote  : process_name_ptr:18196 com.xiaomi.mipicks
--
12-27 11:21:01.605 17865 18391 E GoogleApiManager: 	at bbpa.run(:com.google.android.gms@254730035@25.47.30 (260400-833691957):42)
12-27 11:21:01.605 17865 18391 E GoogleApiManager: 	at android.os.Handler.handleCallback(Handler.java:959)
12-27 11:21:01.605 17865 18391 E GoogleApiManager: 	at android.os.Handler.dispatchMessage(Handler.java:100)
12-27 11:21:01.605 17865 18391 E GoogleApiManager: 	at cpny.ms(:com.google.android.gms@254730035@25.47.30 (260400-833691957):1)
12-27 11:21:01.605 17865 18391 E GoogleApiManager: 	at cpny.dispatchMessage(:com.google.android.gms@254730035@25.47.30 (260400-833691957):5)
12-27 11:21:01.605 17865 18391 E GoogleApiManager: 	at android.os.Looper.loopOnce(Looper.java:249)
12-27 11:21:01.605 17865 18391 E GoogleApiManager: 	at android.os.Looper.loop(Looper.java:337)
12-27 11:21:01.605 17865 18391 E GoogleApiManager: 	at android.os.HandlerThread.run(HandlerThread.java:85)
12-27 11:21:01.631  1816  1834 E ApplicationHelper: Fail to get PackageManager
12-27 11:21:01.671   481   497 E lowmemorykiller: process_mrelease 18209 failed: No such process
12-27 11:21:01.689  1816  2602 E ProcessManager: error write exception log
12-27 11:21:01.691  1120  1198 E HfLooper: light_data = 1.000000, raw_data = 0.000000, ir_data =-35.000000, gain =1
12-27 11:21:01.709  1131  1210 E libPowerHal: [getCPUFreq] error cid:2, nClusterNum:2
12-27 11:21:01.710  1180  1732 E SurfaceFlinger: MtkDuration override mode is disabled
12-27 11:21:01.711  1816  1834 E ApplicationHelper: Fail to get PackageManager
12-27 11:21:01.727  1180  1180 E MI-SF   : surfaceflinger setAffinity success
12-27 11:21:01.747  1816  1834 E ApplicationHelper: Fail to get PackageManager
12-27 11:21:01.765 14624 14624 E Launcher.application: setClickAppWaitForCallback = true
12-27 11:21:01.766 14624 14624 E Launcher.application: setClickAppWaitForCallback = true
12-27 11:21:01.767 14624 14624 E Launcher: superStartActivity   type=13
12-27 11:21:01.788  1816  8393 E WindowManager: setClientVisible ActivityRecord{2f92ff4 u0 com.aagah/.MainActivity true
12-27 11:21:01.789  1120  1198 E HfLooper: light_data = 1.000000, raw_data = 0.000000, ir_data =-35.000000, gain =1
12-27 11:21:01.805  1816  2602 E ProcessManager: error write exception log
12-27 11:21:01.814  1816  1816 E MBrainLocalService: notifyAppSwitch failed
12-27 11:21:01.814  1816  8393 E WindowManager: setClientVisible ActivityRecord{2f92ff4 u0 com.aagah/.MainActivity t14506} true
12-27 11:21:01.873  1816  2173 E MiInputDispatcher: windowHandle is null
12-27 11:21:01.886  1816  2173 E MiInputDispatcher: windowHandle is null
12-27 11:21:01.889  1120  1198 E HfLooper: light_data = 1.000000, raw_data = 0.000000, ir_data =-35.000000, gain =1
12-27 11:21:01.896  1816  1834 E ApplicationHelper: Fail to get PackageManager
12-27 11:21:01.897  1816  1834 E ApplicationHelper: Fail to get PackageManager
12-27 11:21:01.908  1816  2173 E MiInputDispatcher: windowHandle is null
12-27 11:21:01.908  1816  1834 E ApplicationHelper: Fail to get PackageManager
12-27 11:21:01.909  1816  1834 E ApplicationHelper: Fail to get PackageManager
12-27 11:21:01.909  1816  1834 E ApplicationHelper: Fail to get PackageManager
12-27 11:21:01.909  1816  1834 E ApplicationHelper: Fail to get PackageManager
12-27 11:21:01.909  1816  1834 E ApplicationHelper: Fail to get PackageManager
12-27 11:21:01.909  1816  1834 E ApplicationHelper: Fail to get PackageManager
12-27 11:21:01.909  1816  1834 E ApplicationHelper: Fail to get PackageManager
12-27 11:21:01.916  1816  1834 E ApplicationHelper: Fail to get PackageManager
12-27 11:21:01.923 18455 18455 E Zygote  : process_name_ptr:18455 com.aagah
12-27 11:21:01.923 18455 18455 E Zygote  : SetMemoryProtected process_name_ptr:18455 com.aagah
12-27 11:21:01.935 18455 18455 E com.aagah: Not starting debugger since process cannot load the jdwp agent.
12-27 11:21:01.937 14624 15146 E ActivityManagerWrapper: get all recent tasks force including 14506
12-27 11:21:01.942  1816  1834 E ApplicationHelper: Fail to get PackageManager
12-27 11:21:01.942  1816  1834 E ApplicationHelper: Fail to get PackageManager
12-27 11:21:01.942  1816  1834 E ApplicationHelper: Fail to get PackageManager
12-27 11:21:01.942  1816  1834 E ApplicationHelper: Fail to get PackageManager
12-27 11:21:01.947 14624 15146 E ActivityManagerWrapper: getRecentTasksForceIncludingTaskIdIfValid: getRecentTasks: size=4
12-27 11:21:01.947 14624 15146 E ActivityManagerWrapper:  mainTaskId=14506   userId=0   windowMode=1   baseIntent=Intent { act=android.intent.action.MAIN flag=270532608 cmp=ComponentInfo{com.aagah/com.aagah.MainActivity} }
12-27 11:21:01.947 14624 15146 E ActivityManagerWrapper:  mainTaskId=14505   userId=0   windowMode=1   baseIntent=Intent { act=android.intent.action.VIEW flag=411041792 cmp=ComponentInfo{com.miui.securitycenter/com.miui.permcenter.install.AdbInstallActivity} }
12-27 11:21:01.947 14624 15146 E ActivityManagerWrapper:  mainTaskId=14497   userId=0   windowMode=1   baseIntent=Intent { act=android.intent.action.MAIN flag=287309824 cmp=ComponentInfo{com.google.android.youtube/com.google.android.youtube.app.honeycomb.Shell$HomeActivity} }
12-27 11:21:01.947 14624 15146 E ActivityManagerWrapper:  mainTaskId=14495   userId=0   windowMode=1   baseIntent=Intent { act=android.intent.action.MAIN flag=287309824 cmp=ComponentInfo{com.android.chrome/com.google.android.apps.chrome.Main} }
12-27 11:21:01.950 17865 18448 E .indus.appstore: No package ID 6a found for resource ID 0x6a0b0013.
12-27 11:21:01.965  1816  1834 E ApplicationHelper: Fail to get PackageManager
12-27 11:21:01.965 14624 15146 E ActivityManagerWrapper: get all recent tasks force including 14506
12-27 11:21:01.972 14624 15146 E ActivityManagerWrapper: getRecentTasksForceIncludingTaskIdIfValid: getRecentTasks: size=4
12-27 11:21:01.972 14624 15146 E ActivityManagerWrapper:  mainTaskId=14506   userId=0   windowMode=1   baseIntent=Intent { act=android.intent.action.MAIN flag=270532608 cmp=ComponentInfo{com.aagah/com.aagah.MainActivity} }
12-27 11:21:01.972 14624 15146 E ActivityManagerWrapper:  mainTaskId=14505   userId=0   windowMode=1   baseIntent=Intent { act=android.intent.action.VIEW flag=411041792 cmp=ComponentInfo{com.miui.securitycenter/com.miui.permcenter.install.AdbInstallActivity} }
12-27 11:21:01.972 14624 15146 E ActivityManagerWrapper:  mainTaskId=14497   userId=0   windowMode=1   baseIntent=Intent { act=android.intent.action.MAIN flag=287309824 cmp=ComponentInfo{com.google.android.youtube/com.google.android.youtube.app.honeycomb.Shell$HomeActivity} }
12-27 11:21:01.972 14624 15146 E ActivityManagerWrapper:  mainTaskId=14495   userId=0   windowMode=1   baseIntent=Intent { act=android.intent.action.MAIN flag=287309824 cmp=ComponentInfo{com.android.chrome/com.google.android.apps.chrome.Main} }
12-27 11:21:01.989  1120  1198 E HfLooper: light_data = 1.000000, raw_data = 0.000000, ir_data =-35.000000, gain =1
12-27 11:21:02.024 18317 18487 E FirebaseCrashlytics: Settings request failed.
12-27 11:21:02.056  1816  1834 E ApplicationHelper: Fail to get PackageManager
12-27 11:21:02.056  1816  1834 E ApplicationHelper: Fail to get PackageManager
12-27 11:21:02.066 14624 14624 E Launcher.application: setClickAppWaitForCallback = false
12-27 11:21:02.087  1816  1853 E WindowManager: setClientVisible ActivityRecord{2f92ff4 u0 com.aagah/.MainActivity t14506} true
12-27 11:21:02.088  1816  1853 E TransitionController: Collecting Transition (#12675) is not collecting. state=2
12-27 11:21:02.088  1816  1853 E TransitionController: android.util.Log$TerribleFailure: Collecting Transition (#12675) is not collecting. state=2
12-27 11:21:02.088  1816  1853 E TransitionController: 	at android.util.Log.wtf(Log.java:338)
12-27 11:21:02.088  1816  1853 E TransitionController: 	at android.util.Slog.wtfStack(Slog.java:248)
12-27 11:21:02.088  1816  1853 E TransitionController: 	at com.android.server.wm.TransitionController.getCollectingTransition(TransitionController.java:460)
12-27 11:21:02.088  1816  1853 E TransitionController: 	at com.android.server.wm.Transition.calculateTargets(Transition.java:3206)
12-27 11:21:02.088  1816  1853 E TransitionController: 	at com.android.server.wm.Transition.onTransactionReady(Transition.java:2206)
12-27 11:21:02.088  1816  1853 E TransitionController: 	at com.android.server.wm.BLASTSyncEngine$SyncGroup.finishNow(BLASTSyncEngine.java:345)
12-27 11:21:02.088  1816  1853 E TransitionController: 	at com.android.server.wm.BLASTSyncEngine$SyncGroup.tryFinish(BLASTSyncEngine.java:274)
12-27 11:21:02.088  1816  1853 E TransitionController: 	at com.android.server.wm.BLASTSyncEngine$SyncGroup.-$$Nest$mtryFinish(Unknown Source:0)
12-27 11:21:02.088  1816  1853 E TransitionController: 	at com.android.server.wm.BLASTSyncEngine.onSurfacePlacement(BLASTSyncEngine.java:674)
12-27 11:21:02.088  1816  1853 E TransitionController: 	at com.android.server.wm.RootWindowContainer.performSurfacePlacementNoTrace(RootWindowContainer.java:944)
12-27 11:21:02.088  1816  1853 E TransitionController: 	at com.android.server.wm.RootWindowContainer.performSurfacePlacement(RootWindowContainer.java:889)
12-27 11:21:02.088  1816  1853 E TransitionController: 	at com.android.server.wm.WindowSurfacePlacer.performSurfacePlacementLoop(WindowSurfacePlacer.java:200)
12-27 11:21:02.088  1816  1853 E TransitionController: 	at com.android.server.wm.WindowSurfacePlacer.performSurfacePlacement(WindowSurfacePlacer.java:149)
12-27 11:21:02.088  1816  1853 E TransitionController: 	at com.android.server.wm.WindowSurfacePlacer.performSurfacePlacement(WindowSurfacePlacer.java:138)
12-27 11:21:02.088  1816  1853 E TransitionController: 	at com.android.server.wm.WindowSurfacePlacer$Traverser.run(WindowSurfacePlacer.java:80)
12-27 11:21:02.088  1816  1853 E TransitionController: 	at android.os.Handler.handleCallback(Handler.java:959)
12-27 11:21:02.088  1816  1853 E TransitionController: 	at android.os.Handler.dispatchMessage(Handler.java:100)
12-27 11:21:02.088  1816  1853 E TransitionController: 	at android.os.Looper.loopOnce(Looper.java:249)
--
12-27 11:21:02.939 18455 18580 E libc++abi: NativeEventEmitter@1:321229
12-27 11:21:02.939 18455 18580 E libc++abi: anonymous@1:1982419
12-27 11:21:02.939 18455 18580 E libc++abi: loadModuleImplementation@1:46949
12-27 11:21:02.939 18455 18580 E libc++abi: guardedLoadModule@1:46473
12-27 11:21:02.939 18455 18580 E libc++abi: metroRequire@1:46069
12-27 11:21:02.939 18455 18580 E libc++abi: anonymous@1:793034
12-27 11:21:02.939 18455 18580 E libc++abi: loadModuleImplementation@1:46949
12-27 11:21:02.939 18455 18580 E libc++abi: guardedLoadModule@1:46473
12-27 11:21:02.939 18455 18580 E libc++abi: metroRequire@1:46069
12-27 11:21:02.939 18455 18580 E libc++abi: anonymous@1:53604
12-27 11:21:02.939 18455 18580 E libc++abi: loadModuleImplementation@1:46949
12-27 11:21:02.939 18455 18580 E libc++abi: guardedLoadModule@1:46430
12-27 11:21:02.939 18455 18580 E libc++abi: metroRequire@1:46069
12-27 11:21:02.939 18455 18580 E libc++abi: global@1:45591
12-27 11:21:02.939 18455 18580 E libc++abi: 
12-27 11:21:02.939 18455 18580 E libc++abi: 	at com.facebook.react.modules.core.ExceptionsManagerModule.reportException(ExceptionsManagerModule.kt:52)
12-27 11:21:02.939 18455 18580 E libc++abi: 	at com.facebook.react.runtime.ReactInstance$ReactJsExceptionHandlerImpl.reportJsException(ReactInstance.kt:291)
12-27 11:21:02.939 18455 18580 E libc++abi: 	at com.facebook.jni.NativeRunnable.run(Native Method)
12-27 11:21:02.939 18455 18580 E libc++abi: 	at android.os.Handler.handleCallback(Handler.java:959)
12-27 11:21:02.939 18455 18580 E libc++abi: 	at android.os.Handler.dis
12-27 11:21:02.939 18455 18580 F libc    : Fatal signal 6 (SIGABRT), code -1 (SI_QUEUE) in tid 18580 (mqt_v_js), pid 18455 (com.aagah)
12-27 11:21:02.959  1110  1110 E PQ_HDR  : DpAsyncBlitStream:: thie platform unsupport compress format
12-27 11:21:02.968  1816  1834 E ApplicationHelper: Fail to get PackageManager
12-27 11:21:02.990  1120  1198 E HfLooper: light_data = 1.000000, raw_data = 0.000000, ir_data =-41.000000, gain =1
12-27 11:21:03.029  1816 20430 E BpfUtils: Failed to create socket: 111, message: Connection refused
12-27 11:21:03.029  1816 20430 E BpfClientLib: [UnixIpcManager] Connect failed: 111, message: Connection refused, clientFd: -1, Wait 5 senconds
12-27 11:21:03.059   481   497 E lowmemorykiller: process_mrelease 18317 failed: No such process
12-27 11:21:03.084 18604 18604 E crash_dump64: failed to get the guest state header for thread 18455: Bad address
12-27 11:21:03.085 18604 18604 E crash_dump64: failed to get the guest state header for thread 18458: Bad address
12-27 11:21:03.086 18604 18604 E crash_dump64: failed to get the guest state header for thread 18459: Bad address
12-27 11:21:03.086 18604 18604 E crash_dump64: failed to get the guest state header for thread 18460: Bad address
12-27 11:21:03.088 18604 18604 E crash_dump64: failed to get the guest state header for thread 18461: Bad address
12-27 11:21:03.090  1120  1198 E HfLooper: light_data = 1.000000, raw_data = 0.000000, ir_data =-41.000000, gain =1
12-27 11:21:03.090 18604 18604 E crash_dump64: failed to get the guest state header for thread 18462: Bad address
12-27 11:21:03.091 18604 18604 E crash_dump64: failed to get the guest state header for thread 18463: Bad address
12-27 11:21:03.093 18604 18604 E crash_dump64: failed to get the guest state header for thread 18464: Bad address
12-27 11:21:03.096 18604 18604 E crash_dump64: failed to get the guest state header for thread 18465: Bad address
12-27 11:21:03.097 18604 18604 E crash_dump64: failed to get the guest state header for thread 18466: Bad address
12-27 11:21:03.097 18604 18604 E crash_dump64: failed to get the guest state header for thread 18467: Bad address
12-27 11:21:03.098 18604 18604 E crash_dump64: failed to get the guest state header for thread 18468: Bad address
12-27 11:21:03.098 18604 18604 E crash_dump64: failed to get the guest state header for thread 18469: Bad address
--
12-27 11:21:03.501  1110  1110 E PQ_HDR  : DpAsyncBlitStream:: thie platform unsupport compress format
12-27 11:21:03.527  2955  3057 E KeyguardTransitionHandlerImpl: activityCount = 0
12-27 11:21:03.527  2955  3057 E KeyguardTransitionHandlerImpl: activityCount = 0
12-27 11:21:03.541  1816  1834 E ApplicationHelper: Fail to get PackageManager
12-27 11:21:03.541  1816  1834 E ApplicationHelper: Fail to get PackageManager
12-27 11:21:03.547  1816  1834 E ApplicationHelper: Fail to get PackageManager
12-27 11:21:03.547  1816  1834 E ApplicationHelper: Fail to get PackageManager
12-27 11:21:03.547  1816  1834 E ApplicationHelper: Fail to get PackageManager
12-27 11:21:03.551  1110  1110 E PQ_HDR  : DpAsyncBlitStream:: thie platform unsupport compress format
12-27 11:21:03.562  1816  1834 E ApplicationHelper: Fail to get PackageManager
12-27 11:21:03.562  1816  1834 E ApplicationHelper: Fail to get PackageManager
12-27 11:21:03.562  1816  1834 E ApplicationHelper: Fail to get PackageManager
12-27 11:21:03.562  1816  1834 E ApplicationHelper: Fail to get PackageManager
12-27 11:21:03.562  1816  1834 E ApplicationHelper: Fail to get PackageManager
12-27 11:21:03.570  1816  1834 E ApplicationHelper: Fail to get PackageManager
12-27 11:21:03.570 14624 14624 E Launcher.application: setClickAppWaitForCallback = false
12-27 11:21:03.580  1110  1110 E PQ_HDR  : DpAsyncBlitStream:: thie platform unsupport compress format
12-27 11:21:03.590  1120  1198 E HfLooper: light_data = 1.000000, raw_data = 0.000000, ir_data =-41.000000, gain =1
12-27 11:21:03.599  1110  1110 E PQ_HDR  : DpAsyncBlitStream:: thie platform unsupport compress format
12-27 11:21:03.607 14624 15146 E ActivityManagerWrapper: getRecentTasksForceIncludingTaskIdIfValid: getRecentTasks: size=3
12-27 11:21:03.607 14624 15146 E ActivityManagerWrapper:  mainTaskId=14506   userId=0   windowMode=1   baseIntent=Intent { act=android.intent.action.MAIN flag=270532608 cmp=ComponentInfo{com.aagah/com.aagah.MainActivity} }
12-27 11:21:03.607 14624 15146 E ActivityManagerWrapper:  mainTaskId=14497   userId=0   windowMode=1   baseIntent=Intent { act=android.intent.action.MAIN flag=287309824 cmp=ComponentInfo{com.google.android.youtube/com.google.android.youtube.app.honeycomb.Shell$HomeActivity} }
12-27 11:21:03.607 14624 15146 E ActivityManagerWrapper:  mainTaskId=14495   userId=0   windowMode=1   baseIntent=Intent { act=android.intent.action.MAIN flag=287309824 cmp=ComponentInfo{com.android.chrome/com.google.android.apps.chrome.Main} }
12-27 11:21:03.616  1110  1110 E PQ_HDR  : DpAsyncBlitStream:: thie platform unsupport compress format
12-27 11:21:03.624 14624 15146 E ActivityManagerWrapper: get all recent tasks force including 14506
12-27 11:21:03.624 18455 18498 E FirebaseMessaging: Topic sync or token retrieval failed on hard failure exceptions: java.util.concurrent.ExecutionException: java.io.IOException: SERVICE_NOT_AVAILABLE. Won't retry the operation.
12-27 11:21:03.630 14624 15146 E ActivityManagerWrapper: getRecentTasksForceIncludingTaskIdIfValid: getRecentTasks: size=3
12-27 11:21:03.630 14624 15146 E ActivityManagerWrapper:  mainTaskId=14506   userId=0   windowMode=1   baseIntent=Intent { act=android.intent.action.MAIN flag=270532608 cmp=ComponentInfo{com.aagah/com.aagah.MainActivity} }
12-27 11:21:03.630 14624 15146 E ActivityManagerWrapper:  mainTaskId=14497   userId=0   windowMode=1   baseIntent=Intent { act=android.intent.action.MAIN flag=287309824 cmp=ComponentInfo{com.google.android.youtube/com.google.android.youtube.app.honeycomb.Shell$HomeActivity} }
12-27 11:21:03.630 14624 15146 E ActivityManagerWrapper:  mainTaskId=14495   userId=0   windowMode=1   baseIntent=Intent { act=android.intent.action.MAIN flag=287309824 cmp=ComponentInfo{com.android.chrome/com.google.android.apps.chrome.Main} }
12-27 11:21:03.633  1110  1110 E PQ_HDR  : DpAsyncBlitStream:: thie platform unsupport compress format
12-27 11:21:03.646  1110  1110 E PQ_HDR  : DpAsyncBlitStream:: thie platform unsupport compress format
12-27 11:21:03.655   481   497 E lowmemorykiller: process_mrelease 14088 failed: No such process
12-27 11:21:03.662  1110  1110 E PQ_HDR  : DpAsyncBlitStream:: thie platform unsupport compress format
12-27 11:21:03.682  1110  1110 E PQ_HDR  : DpAsyncBlitStream:: thie platform unsupport compress format
12-27 11:21:03.690  1120  1198 E HfLooper: light_data = 1.000000, raw_data = 0.000000, ir_data =-41.000000, gain =1
12-27 11:21:03.699  1110  1110 E PQ_HDR  : DpAsyncBlitStream:: thie platform unsupport compress format
12-27 11:21:03.714  1110  1110 E PQ_HDR  : DpAsyncBlitStream:: thie platform unsupport compress format
12-27 11:21:03.717  1816  1834 E ApplicationHelper: Fail to get PackageManager
12-27 11:21:03.726  1816  2602 E ProcessManager: error write exception log
12-27 11:21:03.726  1816  1834 E ApplicationHelper: Fail to get PackageManager
12-27 11:21:03.729  1110  1110 E PQ_HDR  : DpAsyncBlitStream:: thie platform unsupport compress format
12-27 11:21:03.733  1816  1834 E ApplicationHelper: Fail to get PackageManager
12-27 11:21:03.746  1110  1110 E PQ_HDR  : DpAsyncBlitStream:: thie platform unsupport compress format
12-27 11:21:03.765  1110  1110 E PQ_HDR  : DpAsyncBlitStream:: thie platform unsupport compress format
12-27 11:21:03.779  1110  1110 E PQ_HDR  : DpAsyncBlitStream:: thie platform unsupport compress format
12-27 11:21:03.784  1816  1834 E ApplicationHelper: Fail to get PackageManager
12-27 11:21:03.784  1816  1834 E ApplicationHelper: Fail to get PackageManager
--
12-27 11:21:04.752 18782 18782 E Zygote  : process_name_ptr:18782 com.xiaomi.discover
12-27 11:21:04.752 18782 18782 E Zygote  : SetMemoryProtected process_name_ptr:18782 com.xiaomi.discover
12-27 11:21:04.756  1816  2121 E JobScheduler.Background: Couldn't determine stopped state for unknown package: com.google.android.apps.turbo
12-27 11:21:04.756  1816  1834 E ApplicationHelper: Fail to get PackageManager
12-27 11:21:04.763  1816  2121 E JobScheduler.Background: Couldn't determine stopped state for unknown package: com.google.android.apps.turbo
12-27 11:21:04.763  1816  2121 E JobScheduler.Background: Couldn't determine stopped state for unknown package: com.google.android.apps.turbo
12-27 11:21:04.764  1816  2121 E JobScheduler.Background: Couldn't determine stopped state for unknown package: com.google.android.apps.turbo
12-27 11:21:04.764  1816  2121 E JobScheduler.Background: Couldn't determine stopped state for unknown package: com.google.android.apps.turbo
12-27 11:21:04.770 18782 18782 E xiaomi.discover: Not starting debugger since process cannot load the jdwp agent.
12-27 11:21:04.790  1120  1198 E HfLooper: light_data = 1.000000, raw_data = 0.000000, ir_data =-41.000000, gain =1
12-27 11:21:04.812  1816  1834 E ApplicationHelper: Fail to get PackageManager
12-27 11:21:04.851  1816  2602 E ProcessManager: error write exception log
12-27 11:21:04.890  1120  1198 E HfLooper: light_data = 1.000000, raw_data = 0.000000, ir_data =-41.000000, gain =1
12-27 11:21:04.903  1180  1180 E MI-SF   : surfaceflinger setAffinity success
12-27 11:21:04.912 18604 18604 F DEBUG   : *** *** *** *** *** *** *** *** *** *** *** *** *** *** *** ***
12-27 11:21:04.912 18604 18604 F DEBUG   : Build fingerprint: 'Redmi/air_in/air:15/AP3A.240905.015.A2/OS2.0.204.0.VGQINXM:user/release-keys'
12-27 11:21:04.912 18604 18604 F DEBUG   : Revision: '0'
12-27 11:21:04.912 18604 18604 F DEBUG   : ABI: 'arm64'
12-27 11:21:04.912 18604 18604 F DEBUG   : Timestamp: 2025-12-27 11:21:03.226795826+0530
12-27 11:21:04.912 18604 18604 F DEBUG   : Process uptime: 2s
12-27 11:21:04.912 18604 18604 F DEBUG   : Cmdline: com.aagah
12-27 11:21:04.912 18604 18604 F DEBUG   : pid: 18455, tid: 18580, name: mqt_v_js  >>> com.aagah <<<
12-27 11:21:04.912 18604 18604 F DEBUG   : uid: 10401
12-27 11:21:04.912 18604 18604 F DEBUG   : tagged_addr_ctrl: 0000000000000001 (PR_TAGGED_ADDR_ENABLE)
12-27 11:21:04.912 18604 18604 F DEBUG   : signal 6 (SIGABRT), code -1 (SI_QUEUE), fault addr --------
12-27 11:21:04.912 18604 18604 F DEBUG   : Abort message: 'terminating due to uncaught exception of type facebook::jni::JniException: com.facebook.react.common.JavascriptException: [runtime not ready]: Error: The package 'react-native-sound' doesn't seem to be linked. Make sure: 
12-27 11:21:04.912 18604 18604 F DEBUG   : 
12-27 11:21:04.912 18604 18604 F DEBUG   : - You rebuilt the app after installing the package
12-27 11:21:04.912 18604 18604 F DEBUG   : - You are not using Expo Go
12-27 11:21:04.912 18604 18604 F DEBUG   : , stack:
12-27 11:21:04.912 18604 18604 F DEBUG   : get@1:1982584
12-27 11:21:04.912 18604 18604 F DEBUG   : NativeEventEmitter@1:321229
12-27 11:21:04.912 18604 18604 F DEBUG   : anonymous@1:1982419
12-27 11:21:04.912 18604 18604 F DEBUG   : loadModuleImplementation@1:46949
12-27 11:21:04.912 18604 18604 F DEBUG   : guardedLoadModule@1:46473
12-27 11:21:04.912 18604 18604 F DEBUG   : metroRequire@1:46069
12-27 11:21:04.912 18604 18604 F DEBUG   : anonymous@1:793034
12-27 11:21:04.912 18604 18604 F DEBUG   : loadModuleImplementation@1:46949
12-27 11:21:04.912 18604 18604 F DEBUG   : guardedLoadModule@1:46473
12-27 11:21:04.912 18604 18604 F DEBUG   : metroRequire@1:46069
12-27 11:21:04.912 18604 18604 F DEBUG   : anonymous@1:53604
12-27 11:21:04.912 18604 18604 F DEBUG   : loadModuleImplementation@1:46949
--
12-27 11:21:04.912 18604 18604 F DEBUG   : 	at android.os.Handler.dispatchMessage(Handler.java:100)
12-27 11:21:04.912 18604 18604 F DEBUG   : 	at com.facebook.react.bridge.queue.MessageQueueThreadHandler.dispatchMessage(MessageQueueThreadHandler.kt:21)
12-27 11:21:04.912 18604 18604 F DEBUG   : 	at android.os.Looper.loopOnce(Looper.java:249)
12-27 11:21:04.912 18604 18604 F DEBUG   : 	at android.os.Looper.loop(Looper.java:337)
12-27 11:21:04.912 18604 18604 F DEBUG   : 	at com.facebook.react.bridge.queue.MessageQueueThreadImpl$Companion.startNewBackgroundThread$lambda$0(MessageQueueThreadImpl.kt:152)
12-27 11:21:04.912 18604 18604 F DEBUG   : 	at com.facebook.react.bridge.queue.MessageQueueThreadImpl$Companion.$r8$lambda$YYXYCFexeoKtAeDpeNYkxZZlpbA(Unknown Source:0)
12-27 11:21:04.912 18604 18604 F DEBUG   : 	at com.facebook.react.bridge.queue.MessageQueueThreadImpl$Companion$$ExternalSyntheticLambda0.run(D8$$SyntheticClass:0)
12-27 11:21:04.912 18604 18604 F DEBUG   : 	at java.lang.Thread.run(Thread.java:1119)'
12-27 11:21:04.912 18604 18604 F DEBUG   :     x0  0000000000000000  x1  0000000000004894  x2  0000000000000006  x3  00000075a826c8c0
12-27 11:21:04.912 18604 18604 F DEBUG   :     x4  646277641f736766  x5  646277641f736766  x6  646277641f736766  x7  7f7f7f7f7f7f7f7f
12-27 11:21:04.913 18604 18604 F DEBUG   :     x8  00000000000000f0  x9  00000079c84ed548  x10 0000000000000001  x11 00000079c853f5a0
12-27 11:21:04.913 18604 18604 F DEBUG   :     x12 00000079cfe3f020  x13 000000007fffffff  x14 000000000d2122f8  x15 00000eab7610d968
12-27 11:21:04.913 18604 18604 F DEBUG   :     x16 00000079c85a9008  x17 00000079c8593100  x18 00000075a6fc4000  x19 0000000000004817
12-27 11:21:04.913 18604 18604 F DEBUG   :     x20 0000000000004894  x21 00000000ffffffff  x22 00000075a826c9f0  x23 00000075a826ca30
12-27 11:21:04.913 18604 18604 F DEBUG   :     x24 00000075a826cae0  x25 000000000000000f  x26 0000007648239bc9  x27 0000007648236843
12-27 11:21:04.913 18604 18604 F DEBUG   :     x28 0000007648230d59  x29 00000075a826c940
12-27 11:21:04.913 18604 18604 F DEBUG   :     lr  00000079c8527e98  sp  00000075a826c8a0  pc  00000079c8527ec4  pst 0000000000001000
12-27 11:21:04.913 18604 18604 F DEBUG   : 47 total frames
12-27 11:21:04.913 18604 18604 F DEBUG   : backtrace:
12-27 11:21:04.913 18604 18604 F DEBUG   :       #00 pc 000000000005dec4  /apex/com.android.runtime/lib64/bionic/libc.so (abort+164) (BuildId: 2d643b9d04346862a8e0c7d49db87c66)
12-27 11:21:04.913 18604 18604 F DEBUG   :       #01 pc 00000000000a0210  /data/app/~~qy4ZllvxKA2v8xQL2tAYsQ==/com.aagah-MjiGuxvOAIC7oQ5hWMIs7g==/base.apk!libc++_shared.so (offset 0xbc4000) (BuildId: 6783a7f3a0d9c67c55a74cadc441ed55aaa493da)
12-27 11:21:04.913 18604 18604 F DEBUG   :       #02 pc 000000000009eeb0  /data/app/~~qy4ZllvxKA2v8xQL2tAYsQ==/com.aagah-MjiGuxvOAIC7oQ5hWMIs7g==/base.apk!libc++_shared.so (offset 0xbc4000) (BuildId: 6783a7f3a0d9c67c55a74cadc441ed55aaa493da)
12-27 11:21:04.913 18604 18604 F DEBUG   :       #03 pc 000000000009f374  /data/app/~~qy4ZllvxKA2v8xQL2tAYsQ==/com.aagah-MjiGuxvOAIC7oQ5hWMIs7g==/base.apk!libc++_shared.so (offset 0xbc4000) (BuildId: 6783a7f3a0d9c67c55a74cadc441ed55aaa493da)
12-27 11:21:04.913 18604 18604 F DEBUG   :       #04 pc 000000000009f314  /data/app/~~qy4ZllvxKA2v8xQL2tAYsQ==/com.aagah-MjiGuxvOAIC7oQ5hWMIs7g==/base.apk!libc++_shared.so (offset 0xbc4000) (std::terminate()+56) (BuildId: 6783a7f3a0d9c67c55a74cadc441ed55aaa493da)
12-27 11:21:04.913 18604 18604 F DEBUG   :       #05 pc 000000000027e224  /data/app/~~qy4ZllvxKA2v8xQL2tAYsQ==/com.aagah-MjiGuxvOAIC7oQ5hWMIs7g==/base.apk!libreactnative.so (offset 0x121c000) (BuildId: 691b347289c731b84861047df2aaafbd84f47080)
12-27 11:21:04.913 18604 18604 F DEBUG   :       #06 pc 00000000004bf374  /data/app/~~qy4ZllvxKA2v8xQL2tAYsQ==/com.aagah-MjiGuxvOAIC7oQ5hWMIs7g==/base.apk!libreactnative.so (offset 0x121c000) (BuildId: 691b347289c731b84861047df2aaafbd84f47080)
12-27 11:21:04.913 18604 18604 F DEBUG   :       #07 pc 00000000002db9e4  /data/app/~~qy4ZllvxKA2v8xQL2tAYsQ==/com.aagah-MjiGuxvOAIC7oQ5hWMIs7g==/base.apk!libreactnative.so (offset 0x121c000) (facebook::react::JsErrorHandler::handleErrorWithCppPipeline(facebook::jsi::Runtime&, facebook::jsi::JSError&, bool, bool)+7440) (BuildId: 691b347289c731b84861047df2aaafbd84f47080)
12-27 11:21:04.913 18604 18604 F DEBUG   :       #08 pc 00000000002d9988  /data/app/~~qy4ZllvxKA2v8xQL2tAYsQ==/com.aagah-MjiGuxvOAIC7oQ5hWMIs7g==/base.apk!libreactnative.so (offset 0x121c000) (facebook::react::JsErrorHandler::handleError(facebook::jsi::Runtime&, facebook::jsi::JSError&, bool, bool)+1684) (BuildId: 691b347289c731b84861047df2aaafbd84f47080)
12-27 11:21:04.913 18604 18604 F DEBUG   :       #09 pc 000000000028d420  /data/app/~~qy4ZllvxKA2v8xQL2tAYsQ==/com.aagah-MjiGuxvOAIC7oQ5hWMIs7g==/base.apk!libreactnative.so (offset 0x121c000) (BuildId: 691b347289c731b84861047df2aaafbd84f47080)
12-27 11:21:04.913 18604 18604 F DEBUG   :       #10 pc 00000000000abe48  /data/app/~~qy4ZllvxKA2v8xQL2tAYsQ==/com.aagah-MjiGuxvOAIC7oQ5hWMIs7g==/base.apk!libhermesvm.so (offset 0xd60000) (BuildId: 5ecc060199caaf24c191abad40cb4d0af7fb15d6)
