12-27 11:10:59.371 10073 10073 E AndroidRuntime: 	at com.facebook.react.runtime.ReactLifecycleStateManager.moveToOnHostResume(ReactLifecycleStateManager.kt:38)
12-27 11:10:59.371 10073 10073 E AndroidRuntime: 	at com.facebook.react.runtime.ReactHostImpl.onHostResume(ReactHostImpl.kt:251)
12-27 11:10:59.371 10073 10073 E AndroidRuntime: 	at com.facebook.react.runtime.ReactHostImpl.onHostResume(ReactHostImpl.kt:241)
12-27 11:10:59.371 10073 10073 E AndroidRuntime: 	at com.facebook.react.ReactDelegate.onHostResume(ReactDelegate.kt:130)
12-27 11:10:59.371 10073 10073 E AndroidRuntime: 	at com.facebook.react.ReactActivityDelegate.onResume(ReactActivityDelegate.java:200)
12-27 11:10:59.371 10073 10073 E AndroidRuntime: 	at com.facebook.react.ReactActivity.onResume(ReactActivity.java:76)
12-27 11:10:59.371 10073 10073 E AndroidRuntime: 	at android.app.Instrumentation.callActivityOnResume(Instrumentation.java:1733)
12-27 11:10:59.371 10073 10073 E AndroidRuntime: 	at android.app.Activity.performResume(Activity.java:9378)
12-27 11:10:59.371 10073 10073 E AndroidRuntime: 	at android.app.ActivityThread.performResumeActivity(ActivityThread.java:5712)
12-27 11:10:59.371 10073 10073 E AndroidRuntime: 	... 14 more
12-27 11:10:59.382  1816  1816 E MBrainLocalService: notifyAppSwitch failed
12-27 11:10:59.382  1816  3006 E WindowManager: setClientVisible ActivityRecord{1e770ee u0 com.miui.home/.launcher.Launcher t12785} true
12-27 11:10:59.383  1816  3006 E WindowManager: setClientVisible WallpaperWindowToken{f51222b token=android.os.Binder@1316fb3} false
12-27 11:10:59.383  1816  3006 E WindowManager: setClientVisible WallpaperWindowToken{bfdeabe token=android.os.Binder@56fad79} false
12-27 11:10:59.402  1816  3525 E WindowManager: setClientVisible WallpaperWindowToken{f51222b token=android.os.Binder@1316fb3} true
12-27 11:10:59.403  1816  3525 E WindowManager: setClientVisible WallpaperWindowToken{bfdeabe token=android.os.Binder@56fad79} true
12-27 11:10:59.479  1816  1834 E ApplicationHelper: Fail to get PackageManager
12-27 11:10:59.479  1816  1834 E ApplicationHelper: Fail to get PackageManager
12-27 11:10:59.522 10073 10131 F libc    : Fatal signal 6 (SIGABRT), code -1 (SI_QUEUE) in tid 10131 (mqt_v_js), pid 10073 (com.aagah)
12-27 11:10:59.584  1816  1834 E ApplicationHelper: Fail to get PackageManager
12-27 11:10:59.736  1816  1834 E ApplicationHelper: Fail to get PackageManager
12-27 11:10:59.741  1816  1834 E ApplicationHelper: Fail to get PackageManager
12-27 11:10:59.751  1816  1834 E ApplicationHelper: Fail to get PackageManager
12-27 11:10:59.769  1816  1834 E ApplicationHelper: Fail to get PackageManager
12-27 11:10:59.775  1816  1834 E ApplicationHelper: Fail to get PackageManager
12-27 11:10:59.785  1816  1834 E ApplicationHelper: Fail to get PackageManager
12-27 11:10:59.788  1816  1834 E ApplicationHelper: Fail to get PackageManager
12-27 11:10:59.792  1816  1834 E ApplicationHelper: Fail to get PackageManager
12-27 11:10:59.794  1816  1834 E ApplicationHelper: Fail to get PackageManager
12-27 11:10:59.878  1816  2602 E ProcessManager: error write exception log
12-27 11:10:59.890  1816  1816 E MBrainLocalService: notifyAppSwitch failed
12-27 11:10:59.894  1816  1852 E WindowManager: setClientVisible ActivityRecord{1e770ee u0 com.miui.home/.launcher.Launcher t12785} true
12-27 11:10:59.895  1816  1852 E TransitionController: Collecting Transition (#12668) is not collecting. state=2
12-27 11:10:59.895  1816  1852 E TransitionController: android.util.Log$TerribleFailure: Collecting Transition (#12668) is not collecting. state=2
12-27 11:10:59.895  1816  1852 E TransitionController: 	at android.util.Log.wtf(Log.java:338)
12-27 11:10:59.895  1816  1852 E TransitionController: 	at android.util.Slog.wtfStack(Slog.java:248)
12-27 11:10:59.895  1816  1852 E TransitionController: 	at com.android.server.wm.TransitionController.getCollectingTransition(TransitionController.java:460)
12-27 11:10:59.895  1816  1852 E TransitionController: 	at com.android.server.wm.Transition.calculateTargets(Transition.java:3206)
12-27 11:10:59.895  1816  1852 E TransitionController: 	at com.android.server.wm.Transition.onTransactionReady(Transition.java:2206)
--
12-27 11:10:59.899  1816  1852 E TransitionController: 	at com.android.server.wm.Transition.onTransactionReady(Transition.java:2215)
12-27 11:10:59.899  1816  1852 E TransitionController: 	at com.android.server.wm.BLASTSyncEngine$SyncGroup.finishNow(BLASTSyncEngine.java:345)
12-27 11:10:59.899  1816  1852 E TransitionController: 	at com.android.server.wm.BLASTSyncEngine$SyncGroup.tryFinish(BLASTSyncEngine.java:274)
12-27 11:10:59.899  1816  1852 E TransitionController: 	at com.android.server.wm.BLASTSyncEngine$SyncGroup.-$$Nest$mtryFinish(Unknown Source:0)
12-27 11:10:59.899  1816  1852 E TransitionController: 	at com.android.server.wm.BLASTSyncEngine.onSurfacePlacement(BLASTSyncEngine.java:674)
12-27 11:10:59.899  1816  1852 E TransitionController: 	at com.android.server.wm.RootWindowContainer.performSurfacePlacementNoTrace(RootWindowContainer.java:944)
12-27 11:10:59.899  1816  1852 E TransitionController: 	at com.android.server.wm.RootWindowContainer.performSurfacePlacement(RootWindowContainer.java:889)
12-27 11:10:59.899  1816  1852 E TransitionController: 	at com.android.server.wm.WindowSurfacePlacer.performSurfacePlacementLoop(WindowSurfacePlacer.java:200)
12-27 11:10:59.899  1816  1852 E TransitionController: 	at com.android.server.wm.WindowSurfacePlacer.performSurfacePlacement(WindowSurfacePlacer.java:149)
12-27 11:10:59.899  1816  1852 E TransitionController: 	at com.android.server.wm.WindowSurfacePlacer.performSurfacePlacement(WindowSurfacePlacer.java:138)
12-27 11:10:59.899  1816  1852 E TransitionController: 	at com.android.server.wm.WindowSurfacePlacer.continueLayout(WindowSurfacePlacer.java:120)
12-27 11:10:59.899  1816  1852 E TransitionController: 	at com.android.server.wm.ActivityTaskManagerService.continueWindowLayout(ActivityTaskManagerService.java:5627)
12-27 11:10:59.899  1816  1852 E TransitionController: 	at com.android.server.wm.ActivityRecord.activityPaused(ActivityRecord.java:7816)
12-27 11:10:59.899  1816  1852 E TransitionController: 	at com.android.server.wm.ActivityRecord$1.run(ActivityRecord.java:1255)
12-27 11:10:59.899  1816  1852 E TransitionController: 	at android.os.Handler.handleCallback(Handler.java:959)
12-27 11:10:59.899  1816  1852 E TransitionController: 	at android.os.Handler.dispatchMessage(Handler.java:100)
12-27 11:10:59.899  1816  1852 E TransitionController: 	at android.os.Looper.loopOnce(Looper.java:249)
12-27 11:10:59.899  1816  1852 E TransitionController: 	at android.os.Looper.loop(Looper.java:337)
12-27 11:10:59.899  1816  1852 E TransitionController: 	at android.os.HandlerThread.run(HandlerThread.java:85)
12-27 11:10:59.899  1816  1852 E TransitionController: 	at com.android.server.ServiceThread.run(ServiceThread.java:46)
12-27 11:10:59.904  1816  1852 E WindowManager:  source = Task{4c6c235 #14503 type=standard A=10400:com.aagah} excludeMiuiNavBar = true excludeMiuiStatusBar = true excludeIme = false excludeNavBar = true miuiNavSurfaceControl = Surface(name=Miui Fake NavBar#48)/@0x97cc389 miuiStatusSurfaceControl = Surface(name=Miui Fake StatusBar#47)/@0xe8e1553
12-27 11:10:59.908  2955  3057 E KeyguardTransitionHandlerImpl: activityCount = 0
12-27 11:10:59.908  2955  3057 E KeyguardTransitionHandlerImpl: activityCount = 0
12-27 11:10:59.935  1816  1834 E ApplicationHelper: Fail to get PackageManager
12-27 11:10:59.935  1816  1834 E ApplicationHelper: Fail to get PackageManager
12-27 11:10:59.935  1816  1834 E ApplicationHelper: Fail to get PackageManager
12-27 11:10:59.935  1816  1834 E ApplicationHelper: Fail to get PackageManager
12-27 11:10:59.935  1816  1834 E ApplicationHelper: Fail to get PackageManager
12-27 11:10:59.935  1816  1834 E ApplicationHelper: Fail to get PackageManager
12-27 11:10:59.935  1816  1834 E ApplicationHelper: Fail to get PackageManager
12-27 11:10:59.935  1816  1834 E ApplicationHelper: Fail to get PackageManager
12-27 11:10:59.951  1816  2121 E JobScheduler: ResourceBudgetManagerInternal is null
12-27 11:10:59.955  1816  1834 E ApplicationHelper: Fail to get PackageManager
12-27 11:10:59.968  1816  1834 E ApplicationHelper: Fail to get PackageManager
12-27 11:11:00.033 10150 10150 F DEBUG   : *** *** *** *** *** *** *** *** *** *** *** *** *** *** *** ***
12-27 11:11:00.033 10150 10150 F DEBUG   : Build fingerprint: 'Redmi/air_in/air:15/AP3A.240905.015.A2/OS2.0.204.0.VGQINXM:user/release-keys'
12-27 11:11:00.033 10150 10150 F DEBUG   : Revision: '0'
12-27 11:11:00.033 10150 10150 F DEBUG   : ABI: 'arm64'
12-27 11:11:00.033 10150 10150 F DEBUG   : Timestamp: 2025-12-27 11:10:59.645223482+0530
12-27 11:11:00.033 10150 10150 F DEBUG   : Process uptime: 1s
12-27 11:11:00.033 10150 10150 F DEBUG   : Cmdline: com.aagah
12-27 11:11:00.033 10150 10150 F DEBUG   : pid: 10073, tid: 10131, name: mqt_v_js  >>> com.aagah <<<
12-27 11:11:00.033 10150 10150 F DEBUG   : uid: 10400
12-27 11:11:00.033 10150 10150 F DEBUG   : tagged_addr_ctrl: 0000000000000001 (PR_TAGGED_ADDR_ENABLE)
12-27 11:11:00.033 10150 10150 F DEBUG   : signal 6 (SIGABRT), code -1 (SI_QUEUE), fault addr --------
12-27 11:11:00.033 10150 10150 F DEBUG   : Abort message: 'terminating due to uncaught exception of type facebook::jni::JniException: com.facebook.react.common.JavascriptException: [runtime not ready]: Error: The package 'react-native-sound' doesn't seem to be linked. Make sure: 
12-27 11:11:00.033 10150 10150 F DEBUG   : 
12-27 11:11:00.033 10150 10150 F DEBUG   : - You rebuilt the app after installing the package
12-27 11:11:00.033 10150 10150 F DEBUG   : - You are not using Expo Go
12-27 11:11:00.033 10150 10150 F DEBUG   : , stack:
12-27 11:11:00.033 10150 10150 F DEBUG   : get@1:1982584
12-27 11:11:00.033 10150 10150 F DEBUG   : NativeEventEmitter@1:321229
12-27 11:11:00.033 10150 10150 F DEBUG   : anonymous@1:1982419
12-27 11:11:00.033 10150 10150 F DEBUG   : loadModuleImplementation@1:46949
12-27 11:11:00.033 10150 10150 F DEBUG   : guardedLoadModule@1:46473
12-27 11:11:00.033 10150 10150 F DEBUG   : metroRequire@1:46069
12-27 11:11:00.033 10150 10150 F DEBUG   : anonymous@1:793034
12-27 11:11:00.033 10150 10150 F DEBUG   : loadModuleImplementation@1:46949
12-27 11:11:00.033 10150 10150 F DEBUG   : guardedLoadModule@1:46473
12-27 11:11:00.033 10150 10150 F DEBUG   : metroRequire@1:46069
12-27 11:11:00.033 10150 10150 F DEBUG   : anonymous@1:53604
12-27 11:11:00.033 10150 10150 F DEBUG   : loadModuleImplementation@1:46949
--
12-27 11:11:00.033 10150 10150 F DEBUG   : 	at android.os.Handler.dispatchMessage(Handler.java:100)
12-27 11:11:00.033 10150 10150 F DEBUG   : 	at com.facebook.react.bridge.queue.MessageQueueThreadHandler.dispatchMessage(MessageQueueThreadHandler.kt:21)
12-27 11:11:00.033 10150 10150 F DEBUG   : 	at android.os.Looper.loopOnce(Looper.java:249)
12-27 11:11:00.033 10150 10150 F DEBUG   : 	at android.os.Looper.loop(Looper.java:337)
12-27 11:11:00.033 10150 10150 F DEBUG   : 	at com.facebook.react.bridge.queue.MessageQueueThreadImpl$Companion.startNewBackgroundThread$lambda$0(MessageQueueThreadImpl.kt:152)
12-27 11:11:00.033 10150 10150 F DEBUG   : 	at com.facebook.react.bridge.queue.MessageQueueThreadImpl$Companion.$r8$lambda$YYXYCFexeoKtAeDpeNYkxZZlpbA(Unknown Source:0)
12-27 11:11:00.033 10150 10150 F DEBUG   : 	at com.facebook.react.bridge.queue.MessageQueueThreadImpl$Companion$$ExternalSyntheticLambda0.run(D8$$SyntheticClass:0)
12-27 11:11:00.033 10150 10150 F DEBUG   : 	at java.lang.Thread.run(Thread.java:1119)'
12-27 11:11:00.033 10150 10150 F DEBUG   :     x0  0000000000000000  x1  0000000000002793  x2  0000000000000006  x3  00000075a9b628c0
12-27 11:11:00.033 10150 10150 F DEBUG   :     x4  646277641f736766  x5  646277641f736766  x6  646277641f736766  x7  7f7f7f7f7f7f7f7f
12-27 11:11:00.033 10150 10150 F DEBUG   :     x8  00000000000000f0  x9  00000079c84ed548  x10 0000000000000001  x11 00000079c853f5a0
12-27 11:11:00.033 10150 10150 F DEBUG   :     x12 00000079cfe3f020  x13 000000007fffffff  x14 000000000d1ca25c  x15 00000ea9a2808f37
12-27 11:11:00.033 10150 10150 F DEBUG   :     x16 00000079c85a9008  x17 00000079c8593100  x18 00000075a9248000  x19 0000000000002759
12-27 11:11:00.033 10150 10150 F DEBUG   :     x20 0000000000002793  x21 00000000ffffffff  x22 00000075a9b629f0  x23 00000075a9b62a30
12-27 11:11:00.033 10150 10150 F DEBUG   :     x24 00000075a9b62ae0  x25 000000000000000f  x26 00000075bbdafbc9  x27 00000075bbdac843
12-27 11:11:00.033 10150 10150 F DEBUG   :     x28 00000075bbda6d59  x29 00000075a9b62940
12-27 11:11:00.033 10150 10150 F DEBUG   :     lr  00000079c8527e98  sp  00000075a9b628a0  pc  00000079c8527ec4  pst 0000000000001000
12-27 11:11:00.033 10150 10150 F DEBUG   : 47 total frames
12-27 11:11:00.033 10150 10150 F DEBUG   : backtrace:
12-27 11:11:00.033 10150 10150 F DEBUG   :       #00 pc 000000000005dec4  /apex/com.android.runtime/lib64/bionic/libc.so (abort+164) (BuildId: 2d643b9d04346862a8e0c7d49db87c66)
12-27 11:11:00.033 10150 10150 F DEBUG   :       #01 pc 00000000000a0210  /data/app/~~CWLi9S-uTjHC4-hKqP-JKg==/com.aagah-gXqi6X6Y2YP12KDcv3RS5A==/base.apk!libc++_shared.so (offset 0xbc4000) (BuildId: 6783a7f3a0d9c67c55a74cadc441ed55aaa493da)
12-27 11:11:00.033 10150 10150 F DEBUG   :       #02 pc 000000000009eeb0  /data/app/~~CWLi9S-uTjHC4-hKqP-JKg==/com.aagah-gXqi6X6Y2YP12KDcv3RS5A==/base.apk!libc++_shared.so (offset 0xbc4000) (BuildId: 6783a7f3a0d9c67c55a74cadc441ed55aaa493da)
12-27 11:11:00.033 10150 10150 F DEBUG   :       #03 pc 000000000009f374  /data/app/~~CWLi9S-uTjHC4-hKqP-JKg==/com.aagah-gXqi6X6Y2YP12KDcv3RS5A==/base.apk!libc++_shared.so (offset 0xbc4000) (BuildId: 6783a7f3a0d9c67c55a74cadc441ed55aaa493da)
12-27 11:11:00.033 10150 10150 F DEBUG   :       #04 pc 000000000009f314  /data/app/~~CWLi9S-uTjHC4-hKqP-JKg==/com.aagah-gXqi6X6Y2YP12KDcv3RS5A==/base.apk!libc++_shared.so (offset 0xbc4000) (std::terminate()+56) (BuildId: 6783a7f3a0d9c67c55a74cadc441ed55aaa493da)
12-27 11:11:00.033 10150 10150 F DEBUG   :       #05 pc 000000000027e224  /data/app/~~CWLi9S-uTjHC4-hKqP-JKg==/com.aagah-gXqi6X6Y2YP12KDcv3RS5A==/base.apk!libreactnative.so (offset 0x121c000) (BuildId: 691b347289c731b84861047df2aaafbd84f47080)
12-27 11:11:00.033 10150 10150 F DEBUG   :       #06 pc 00000000004bf374  /data/app/~~CWLi9S-uTjHC4-hKqP-JKg==/com.aagah-gXqi6X6Y2YP12KDcv3RS5A==/base.apk!libreactnative.so (offset 0x121c000) (BuildId: 691b347289c731b84861047df2aaafbd84f47080)
12-27 11:11:00.033 10150 10150 F DEBUG   :       #07 pc 00000000002db9e4  /data/app/~~CWLi9S-uTjHC4-hKqP-JKg==/com.aagah-gXqi6X6Y2YP12KDcv3RS5A==/base.apk!libreactnative.so (offset 0x121c000) (facebook::react::JsErrorHandler::handleErrorWithCppPipeline(facebook::jsi::Runtime&, facebook::jsi::JSError&, bool, bool)+7440) (BuildId: 691b347289c731b84861047df2aaafbd84f47080)
12-27 11:11:00.033 10150 10150 F DEBUG   :       #08 pc 00000000002d9988  /data/app/~~CWLi9S-uTjHC4-hKqP-JKg==/com.aagah-gXqi6X6Y2YP12KDcv3RS5A==/base.apk!libreactnative.so (offset 0x121c000) (facebook::react::JsErrorHandler::handleError(facebook::jsi::Runtime&, facebook::jsi::JSError&, bool, bool)+1684) (BuildId: 691b347289c731b84861047df2aaafbd84f47080)
12-27 11:11:00.033 10150 10150 F DEBUG   :       #09 pc 000000000028d420  /data/app/~~CWLi9S-uTjHC4-hKqP-JKg==/com.aagah-gXqi6X6Y2YP12KDcv3RS5A==/base.apk!libreactnative.so (offset 0x121c000) (BuildId: 691b347289c731b84861047df2aaafbd84f47080)
12-27 11:11:00.033 10150 10150 F DEBUG   :       #10 pc 00000000000abe48  /data/app/~~CWLi9S-uTjHC4-hKqP-JKg==/com.aagah-gXqi6X6Y2YP12KDcv3RS5A==/base.apk!libhermesvm.so (offset 0xd60000) (BuildId: 5ecc060199caaf24c191abad40cb4d0af7fb15d6)
12-27 11:11:00.033 10150 10150 F DEBUG   :       #11 pc 00000000000abb84  /data/app/~~CWLi9S-uTjHC4-hKqP-JKg==/com.aagah-gXqi6X6Y2YP12KDcv3RS5A==/base.apk!libhermesvm.so (offset 0xd60000) (BuildId: 5ecc060199caaf24c191abad40cb4d0af7fb15d6)
12-27 11:11:00.033 10150 10150 F DEBUG   :       #12 pc 00000000000b4370  /data/app/~~CWLi9S-uTjHC4-hKqP-JKg==/com.aagah-gXqi6X6Y2YP12KDcv3RS5A==/base.apk!libhermesvm.so (offset 0xd60000) (BuildId: 5ecc060199caaf24c191abad40cb4d0af7fb15d6)
12-27 11:11:00.033 10150 10150 F DEBUG   :       #13 pc 00000000000c6758  /data/app/~~CWLi9S-uTjHC4-hKqP-JKg==/com.aagah-gXqi6X6Y2YP12KDcv3RS5A==/base.apk!libhermesvm.so (offset 0xd60000) (BuildId: 5ecc060199caaf24c191abad40cb4d0af7fb15d6)
12-27 11:11:00.033 10150 10150 F DEBUG   :       #14 pc 00000000000c60b8  /data/app/~~CWLi9S-uTjHC4-hKqP-JKg==/com.aagah-gXqi6X6Y2YP12KDcv3RS5A==/base.apk!libhermesvm.so (offset 0xd60000) (BuildId: 5ecc060199caaf24c191abad40cb4d0af7fb15d6)
12-27 11:11:00.033 10150 10150 F DEBUG   :       #15 pc 00000000000f5b80  /data/app/~~CWLi9S-uTjHC4-hKqP-JKg==/com.aagah-gXqi6X6Y2YP12KDcv3RS5A==/base.apk!libhermesvm.so (offset 0xd60000) (BuildId: 5ecc060199caaf24c191abad40cb4d0af7fb15d6)
12-27 11:11:00.033 10150 10150 F DEBUG   :       #16 pc 00000000000a0cb0  /data/app/~~CWLi9S-uTjHC4-hKqP-JKg==/com.aagah-gXqi6X6Y2YP12KDcv3RS5A==/base.apk!libhermesvm.so (offset 0xd60000) (BuildId: 5ecc060199caaf24c191abad40cb4d0af7fb15d6)
12-27 11:11:00.033 10150 10150 F DEBUG   :       #17 pc 00000000000a70c4  /data/app/~~CWLi9S-uTjHC4-hKqP-JKg==/com.aagah-gXqi6X6Y2YP12KDcv3RS5A==/base.apk!libhermesvm.so (offset 0xd60000) (BuildId: 5ecc060199caaf24c191abad40cb4d0af7fb15d6)
12-27 11:11:00.033 10150 10150 F DEBUG   :       #18 pc 00000000000a0ab0  /data/app/~~CWLi9S-uTjHC4-hKqP-JKg==/com.aagah-gXqi6X6Y2YP12KDcv3RS5A==/base.apk!libhermesvm.so (offset 0xd60000) (BuildId: 5ecc060199caaf24c191abad40cb4d0af7fb15d6)
12-27 11:11:00.033 10150 10150 F DEBUG   :       #19 pc 0000000000288e3c  /data/app/~~CWLi9S-uTjHC4-hKqP-JKg==/com.aagah-gXqi6X6Y2YP12KDcv3RS5A==/base.apk!libreactnative.so (offset 0x121c000) (BuildId: 691b347289c731b84861047df2aaafbd84f47080)
12-27 11:11:00.033 10150 10150 F DEBUG   :       #20 pc 0000000000457ce4  /data/app/~~CWLi9S-uTjHC4-hKqP-JKg==/com.aagah-gXqi6X6Y2YP12KDcv3RS5A==/base.apk!libreactnative.so (offset 0x121c000) (facebook::react::Task::execute(facebook::jsi::Runtime&, bool)+312) (BuildId: 691b347289c731b84861047df2aaafbd84f47080)
12-27 11:11:00.033 10150 10150 F DEBUG   :       #21 pc 0000000000455e74  /data/app/~~CWLi9S-uTjHC4-hKqP-JKg==/com.aagah-gXqi6X6Y2YP12KDcv3RS5A==/base.apk!libreactnative.so (offset 0x121c000) (facebook::react::RuntimeScheduler_Modern::executeTask(facebook::jsi::Runtime&, facebook::react::Task&, bool) const+60) (BuildId: 691b347289c731b84861047df2aaafbd84f47080)
12-27 11:11:00.033 10150 10150 F DEBUG   :       #22 pc 0000000000456784  /data/app/~~CWLi9S-uTjHC4-hKqP-JKg==/com.aagah-gXqi6X6Y2YP12KDcv3RS5A==/base.apk!libreactnative.so (offset 0x121c000) (facebook::react::RuntimeScheduler_Modern::runEventLoopTick(facebook::jsi::Runtime&, facebook::react::Task&)+124) (BuildId: 691b347289c731b84861047df2aaafbd84f47080)
12-27 11:11:00.033 10150 10150 F DEBUG   :       #23 pc 0000000000456494  /data/app/~~CWLi9S-uTjHC4-hKqP-JKg==/com.aagah-gXqi6X6Y2YP12KDcv3RS5A==/base.apk!libreactnative.so (offset 0x121c000) (facebook::react::RuntimeScheduler_Modern::runEventLoop(facebook::jsi::Runtime&)+88) (BuildId: 691b347289c731b84861047df2aaafbd84f47080)
12-27 11:11:00.033 10150 10150 F DEBUG   :       #24 pc 00000000002869c4  /data/app/~~CWLi9S-uTjHC4-hKqP-JKg==/com.aagah-gXqi6X6Y2YP12KDcv3RS5A==/base.apk!libreactnative.so (offset 0x121c000) (BuildId: 691b347289c731b84861047df2aaafbd84f47080)
12-27 11:11:00.033 10150 10150 F DEBUG   :       #25 pc 000000000049671c  /data/app/~~CWLi9S-uTjHC4-hKqP-JKg==/com.aagah-gXqi6X6Y2YP12KDcv3RS5A==/base.apk!libreactnative.so (offset 0x121c000) (BuildId: 691b347289c731b84861047df2aaafbd84f47080)
12-27 11:11:00.033 10150 10150 F DEBUG   :       #26 pc 0000000000017dd0  /data/app/~~CWLi9S-uTjHC4-hKqP-JKg==/com.aagah-gXqi6X6Y2YP12KDcv3RS5A==/base.apk!libfbjni.so (offset 0xd04000) (facebook::jni::detail::MethodWrapper<void (facebook::jni::JNativeRunnable::*)(), &facebook::jni::JNativeRunnable::run(), facebook::jni::JNativeRunnable, void>::dispatch(facebook::jni::alias_ref<facebook::jni::detail::JTypeFor<facebook::jni::HybridClass<facebook::jni::JNativeRunnable, facebook::jni::JRunnable>::JavaPart, facebook::jni::JRunnable, void>::_javaobject*>)+72) (BuildId: e438f6554af1d86b210a05412e96c4251e570157)
12-27 11:11:00.033 10150 10150 F DEBUG   :       #27 pc 0000000000017d10  /data/app/~~CWLi9S-uTjHC4-hKqP-JKg==/com.aagah-gXqi6X6Y2YP12KDcv3RS5A==/base.apk!libfbjni.so (offset 0xd04000) (facebook::jni::detail::FunctionWrapper<void (*)(facebook::jni::alias_ref<facebook::jni::detail::JTypeFor<facebook::jni::HybridClass<facebook::jni::JNativeRunnable, facebook::jni::JRunnable>::JavaPart, facebook::jni::JRunnable, void>::_javaobject*>), facebook::jni::detail::JTypeFor<facebook::jni::HybridClass<facebook::jni::JNativeRunnable, facebook::jni::JRunnable>::JavaPart, facebook::jni::JRunnable, void>::_javaobject*, void>::call(_JNIEnv*, _jobject*, void (*)(facebook::jni::alias_ref<facebook::jni::detail::JTypeFor<facebook::jni::HybridClass<facebook::jni::JNativeRunnable, facebook::jni::JRunnable>::JavaPart, facebook::jni::JRunnable, void>::_javaobject*>))+60) (BuildId: e438f6554af1d86b210a05412e96c4251e570157)
12-27 11:11:00.034 10150 10150 F DEBUG   :       #28 pc 0000000000f0bc10  /data/misc/apexdata/com.android.art/dalvik-cache/arm64/boot.oat (art_jni_trampoline+112)
12-27 11:11:00.034 10150 10150 F DEBUG   :       #29 pc 000000000098fe04  /data/misc/apexdata/com.android.art/dalvik-cache/arm64/boot.oat (android.os.Handler.dispatchMessage+68)
12-27 11:11:00.034 10150 10150 F DEBUG   :       #30 pc 000000000068a320  /apex/com.android.art/lib64/libart.so (nterp_helper+4016) (BuildId: eb4ec0f1d1c7267591d83fa87cb36390)
12-27 11:11:00.034 10150 10150 F DEBUG   :       #31 pc 0000000000bac972  /data/app/~~CWLi9S-uTjHC4-hKqP-JKg==/com.aagah-gXqi6X6Y2YP12KDcv3RS5A==/oat/arm64/base.vdex (com.facebook.react.bridge.queue.MessageQueueThreadHandler.dispatchMessage+10)
12-27 11:11:00.034 10150 10150 F DEBUG   :       #32 pc 0000000000993aa4  /data/misc/apexdata/com.android.art/dalvik-cache/arm64/boot.oat (android.os.Looper.loopOnce+1012)
12-27 11:11:00.034 10150 10150 F DEBUG   :       #33 pc 0000000000993608  /data/misc/apexdata/com.android.art/dalvik-cache/arm64/boot.oat (android.os.Looper.loop+632)
12-27 11:11:00.034 10150 10150 F DEBUG   :       #34 pc 0000000000689408  /apex/com.android.art/lib64/libart.so (nterp_helper+152) (BuildId: eb4ec0f1d1c7267591d83fa87cb36390)
12-27 11:11:00.034 10150 10150 F DEBUG   :       #35 pc 0000000000bacc1c  /data/app/~~CWLi9S-uTjHC4-hKqP-JKg==/com.aagah-gXqi6X6Y2YP12KDcv3RS5A==/oat/arm64/base.vdex (com.facebook.react.bridge.queue.MessageQueueThreadImpl$Companion.startNewBackgroundThread$lambda$0+28)
12-27 11:11:00.034 10150 10150 F DEBUG   :       #36 pc 0000000000689408  /apex/com.android.art/lib64/libart.so (nterp_helper+152) (BuildId: eb4ec0f1d1c7267591d83fa87cb36390)
12-27 11:11:00.034 10150 10150 F DEBUG   :       #37 pc 0000000000bacbb8  /data/app/~~CWLi9S-uTjHC4-hKqP-JKg==/com.aagah-gXqi6X6Y2YP12KDcv3RS5A==/oat/arm64/base.vdex (com.facebook.react.bridge.queue.MessageQueueThreadImpl$Companion.$r8$lambda$YYXYCFexeoKtAeDpeNYkxZZlpbA+0)
12-27 11:11:00.034 10150 10150 F DEBUG   :       #38 pc 0000000000689408  /apex/com.android.art/lib64/libart.so (nterp_helper+152) (BuildId: eb4ec0f1d1c7267591d83fa87cb36390)
12-27 11:11:00.034 10150 10150 F DEBUG   :       #39 pc 0000000000baca08  /data/app/~~CWLi9S-uTjHC4-hKqP-JKg==/com.aagah-gXqi6X6Y2YP12KDcv3RS5A==/oat/arm64/base.vdex (com.facebook.react.bridge.queue.MessageQueueThreadImpl$Companion$$ExternalSyntheticLambda0.run+4)
12-27 11:11:00.034 10150 10150 F DEBUG   :       #40 pc 000000000037d4f0  /data/misc/apexdata/com.android.art/dalvik-cache/arm64/boot.oat (java.lang.Thread.run+64)
12-27 11:11:00.034 10150 10150 F DEBUG   :       #41 pc 0000000000317194  /apex/com.android.art/lib64/libart.so (art_quick_invoke_stub+612) (BuildId: eb4ec0f1d1c7267591d83fa87cb36390)
12-27 11:11:00.034 10150 10150 F DEBUG   :       #42 pc 0000000000302838  /apex/com.android.art/lib64/libart.so (art::ArtMethod::Invoke(art::Thread*, unsigned int*, unsigned int, art::JValue*, char const*)+216) (BuildId: eb4ec0f1d1c7267591d83fa87cb36390)
12-27 11:11:00.034 10150 10150 F DEBUG   :       #43 pc 00000000004c8298  /apex/com.android.art/lib64/libart.so (art::Thread::CreateCallback(void*)+932) (BuildId: eb4ec0f1d1c7267591d83fa87cb36390)
12-27 11:11:00.034 10150 10150 F DEBUG   :       #44 pc 00000000004c7ee4  /apex/com.android.art/lib64/libart.so (art::Thread::CreateCallbackWithUffdGc(void*)+8) (BuildId: eb4ec0f1d1c7267591d83fa87cb36390)
12-27 11:11:00.034 10150 10150 F DEBUG   :       #45 pc 0000000000070668  /apex/com.android.runtime/lib64/bionic/libc.so (__pthread_start(void*)+200) (BuildId: 2d643b9d04346862a8e0c7d49db87c66)
12-27 11:11:00.034 10150 10150 F DEBUG   :       #46 pc 0000000000061a00  /apex/com.android.runtime/lib64/bionic/libc.so (__start_thread+64) (BuildId: 2d643b9d04346862a8e0c7d49db87c66)
12-27 11:11:00.098  2955  3057 E KeyguardTransitionHandlerImpl: activityCount = 0
12-27 11:11:00.127  1816  1834 E ApplicationHelper: Fail to get PackageManager
12-27 11:11:00.127  1816  1834 E ApplicationHelper: Fail to get PackageManager
12-27 11:11:00.132  1816  1834 E ApplicationHelper: Fail to get PackageManager
12-27 11:11:00.329  1816  1834 E ApplicationHelper: Fail to get PackageManager
12-27 11:11:00.418  1816  8613 E WindowManager: setClientVisible ActivityRecord{8b42779 u0 com.aagah/.MainActivity t14503 f} isExiting} false
12-27 11:11:00.458  1816  1834 E ApplicationHelper: Fail to get PackageManager
12-27 11:11:00.459  1816  1834 E ApplicationHelper: Fail to get PackageManager
12-27 11:11:00.614  1816  2602 E ProcessManager: error write exception log
12-27 11:11:00.801  1816  1834 E ApplicationHelper: Fail to get PackageManager
12-27 11:11:00.803  1816  1834 E ApplicationHelper: Fail to get PackageManager
12-27 11:11:01.248  1816  1834 E ApplicationHelper: Fail to get PackageManager
12-27 11:11:01.250  1816  1834 E ApplicationHelper: Fail to get PackageManager
12-27 11:11:01.680  1816  1834 E ApplicationHelper: Fail to get PackageManager
12-27 11:11:01.755  1816  1834 E ApplicationHelper: Fail to get PackageManager
12-27 11:11:01.892  1816  1834 E ApplicationHelper: Fail to get PackageManager
12-27 11:11:01.903  1816  1834 E ApplicationHelper: Fail to get PackageManager
12-27 11:11:02.257  1816  1834 E ApplicationHelper: Fail to get PackageManager
12-27 11:11:02.257  1816  1834 E ApplicationHelper: Fail to get PackageManager
12-27 11:11:02.332  1816  1834 E ApplicationHelper: Fail to get PackageManager
12-27 11:11:02.332  1816  1834 E ApplicationHelper: Fail to get PackageManager
12-27 11:11:02.543  1816  2121 E JobScheduler.Background: Couldn't determine stopped state for unknown package: com.google.android.apps.turbo
12-27 11:11:02.544  1816  2121 E JobScheduler.Background: Couldn't determine stopped state for unknown package: com.google.android.apps.turbo
12-27 11:11:02.544  1816  2121 E JobScheduler.Background: Couldn't determine stopped state for unknown package: com.google.android.apps.turbo
12-27 11:11:02.545  1816  2121 E JobScheduler.Background: Couldn't determine stopped state for unknown package: com.google.android.apps.turbo
12-27 11:11:02.545  1816  2121 E JobScheduler.Background: Couldn't determine stopped state for unknown package: com.google.android.apps.turbo
--
12-27 11:20:35.890  1120  1198 E HfLooper: light_data = 4.000000, raw_data = 0.000000, ir_data =-36.000000, gain =1
12-27 11:20:35.903 10444 10444 E YT.mlplayer: MedialibPlayerEvents[12].onProgressing(playbackStartSystemTimeMs=1766814635805)
12-27 11:20:35.990  1120  1198 E HfLooper: light_data = 4.000000, raw_data = 0.000000, ir_data =-36.000000, gain =1
12-27 11:20:36.089  1120  1198 E HfLooper: light_data = 3.000000, raw_data = 0.000000, ir_data =-36.000000, gain =1
12-27 11:20:36.189  1120  1198 E HfLooper: light_data = 4.000000, raw_data = 0.000000, ir_data =-36.000000, gain =1
12-27 11:20:36.289  1120  1198 E HfLooper: light_data = 4.000000, raw_data = 0.000000, ir_data =-36.000000, gain =1
12-27 11:20:36.389  1120  1198 E HfLooper: light_data = 5.000000, raw_data = 0.000000, ir_data =-36.000000, gain =1
12-27 11:20:36.470  1816  3525 E VibratorManagerServiceImpl: vibrationThreadSetParameters
12-27 11:20:36.489  1120  1198 E HfLooper: light_data = 5.000000, raw_data = 0.000000, ir_data =-36.000000, gain =1
12-27 11:20:36.552  1816  2173 E MiuiInputKeyEventLog: before go to home
12-27 11:20:36.589  1120  1198 E HfLooper: light_data = 5.000000, raw_data = 0.000000, ir_data =-35.000000, gain =1
12-27 11:20:36.603  1816  2173 E WindowManager: setClientVisible ActivityRecord{826c904 u0 com.miui.home/.launcher.Launcher true
12-27 11:20:36.625  1816  1816 E MBrainLocalService: notifyAppSwitch failed
12-27 11:20:36.635 10444 10444 E YT.mlplayer: MedialibPlayer.setMediaView(196499668(0,0,0,0))
12-27 11:20:36.638  1180  1180 E SurfaceFlinger: MtkDuration override mode is disabled
12-27 11:20:36.641  1816  7509 E VibratorManagerServiceImpl: vibrationThreadSetParameters
12-27 11:20:36.643 14624 15146 E ActivityManagerWrapper: get all recent tasks force including 14497
12-27 11:20:36.648 14624 15146 E ActivityManagerWrapper: getRecentTasksForceIncludingTaskIdIfValid: getRecentTasks: size=4
12-27 11:20:36.648 14624 15146 E ActivityManagerWrapper:  mainTaskId=14497   userId=0   windowMode=1   baseIntent=Intent { act=android.intent.action.MAIN flag=287309824 cmp=ComponentInfo{com.google.android.youtube/com.google.android.youtube.app.honeycomb.Shell$HomeActivity} }
12-27 11:20:36.648 14624 15146 E ActivityManagerWrapper:  mainTaskId=14504   userId=0   windowMode=1   baseIntent=Intent { act=miui.intent.action.CHECK_ACCESS_CONTROL flag=411041792 cmp=ComponentInfo{com.miui.securitycenter/com.miui.applicationlock.ConfirmAccessControl} }
12-27 11:20:36.648 14624 15146 E ActivityManagerWrapper:  mainTaskId=14503   userId=0   windowMode=1   baseIntent=Intent { act=android.intent.action.MAIN flag=270532608 cmp=ComponentInfo{com.aagah/com.aagah.MainActivity} }
12-27 11:20:36.648 14624 15146 E ActivityManagerWrapper:  mainTaskId=14495   userId=0   windowMode=1   baseIntent=Intent { act=android.intent.action.MAIN flag=287309824 cmp=ComponentInfo{com.android.chrome/com.google.android.apps.chrome.Main} }
12-27 11:20:36.667  1816  2173 E MiuiInputKeyEventLog: before go to home
12-27 11:20:36.679  1816  2173 E WindowManager: setClientVisible ActivityRecord{88f4c46 u0 com.miui.home/.launcher.Launcher true
12-27 11:20:36.687  1120  1198 E HfLooper: light_data = 5.000000, raw_data = 0.000000, ir_data =-35.000000, gain =1
12-27 11:20:36.711  1816  3525 E WindowManager: setClientVisible ActivityRecord{1e770ee u0 com.miui.home/.launcher.Launcher t12785} true
12-27 11:20:36.722  1816  1816 E MBrainLocalService: notifyAppSwitch failed
12-27 11:20:36.726  1816  3525 E WindowManager: setClientVisible WallpaperWindowToken{f51222b token=android.os.Binder@1316fb3} false
12-27 11:20:36.727  1816  3525 E WindowManager: setClientVisible WallpaperWindowToken{bfdeabe token=android.os.Binder@56fad79} false
12-27 11:20:36.748  1816  1834 E ApplicationHelper: Fail to get PackageManager
12-27 11:20:36.748  1816  1834 E ApplicationHelper: Fail to get PackageManager
12-27 11:20:36.750  1816  1834 E ApplicationHelper: Fail to get PackageManager
12-27 11:20:36.750  1816  1834 E ApplicationHelper: Fail to get PackageManager
12-27 11:20:36.759  3924 17314 E BluetoothAdapterService: getActiveDevices: LeAudioService is null
12-27 11:20:36.760  1816  2604 E RTMode  : Error: package name null
12-27 11:20:36.771  1816  1834 E ApplicationHelper: Fail to get PackageManager
12-27 11:20:36.771  1816  1834 E ApplicationHelper: Fail to get PackageManager
12-27 11:20:36.777  1816  1834 E ApplicationHelper: Fail to get PackageManager
12-27 11:20:36.783  1816  2173 E MiuiInputKeyEventLog: before go to home
12-27 11:20:36.785  1816  2154 E VibratorManagerServiceImpl: vibrationThreadSetParameters
12-27 11:20:36.785  1816  1834 E ApplicationHelper: Fail to get PackageManager
12-27 11:20:36.789  1120  1198 E HfLooper: light_data = 5.000000, raw_data = 0.000000, ir_data =-35.000000, gain =1
12-27 11:20:36.792  1816  2173 E WindowManager: setClientVisible ActivityRecord{30fc3c9 u0 com.miui.home/.launcher.Launcher true
12-27 11:20:36.796  1816  2121 E JobScheduler: ResourceBudgetManagerInternal is null
12-27 11:20:36.796  1816  2713 E ExtM    : ExtM flush exist thrashing
12-27 11:20:36.804 14088 14088 E Zygote  : process_name_ptr:14088 com.google.android.googlequicksearchbox:googleapp
12-27 11:20:36.805 14088 14088 E Zygote  : SetMemoryProtected process_name_ptr:14088 com.google.android.googlequicksearchbox:googleapp
12-27 11:20:36.810  1816  1834 E ApplicationHelper: Fail to get PackageManager
12-27 11:20:36.828 14088 14088 E chbox:googleapp: Not starting debugger since process cannot load the jdwp agent.
12-27 11:20:36.829 14624 14624 E Launcher.application: setClickAppWaitForCallback = false
12-27 11:20:36.832 14624 15146 E ActivityManagerWrapper: get all recent tasks force including 14497
12-27 11:20:36.836 14624 15146 E ActivityManagerWrapper: getRecentTasksForceIncludingTaskIdIfValid: getRecentTasks: size=4
12-27 11:20:36.836 14624 15146 E ActivityManagerWrapper:  mainTaskId=14497   userId=0   windowMode=1   baseIntent=Intent { act=android.intent.action.MAIN flag=287309824 cmp=ComponentInfo{com.google.android.youtube/com.google.android.youtube.app.honeycomb.Shell$HomeActivity} }
12-27 11:20:36.836 14624 15146 E ActivityManagerWrapper:  mainTaskId=14504   userId=0   windowMode=1   baseIntent=Intent { act=miui.intent.action.CHECK_ACCESS_CONTROL flag=411041792 cmp=ComponentInfo{com.miui.securitycenter/com.miui.applicationlock.ConfirmAccessControl} }
12-27 11:20:36.836 14624 15146 E ActivityManagerWrapper:  mainTaskId=14503   userId=0   windowMode=1   baseIntent=Intent { act=android.intent.action.MAIN flag=270532608 cmp=ComponentInfo{com.aagah/com.aagah.MainActivity} }
12-27 11:20:36.836 14624 15146 E ActivityManagerWrapper:  mainTaskId=14495   userId=0   windowMode=1   baseIntent=Intent { act=android.intent.action.MAIN flag=287309824 cmp=ComponentInfo{com.android.chrome/com.google.android.apps.chrome.Main} }
12-27 11:20:36.853 14098 14098 E Zygote  : process_name_ptr:14098 com.google.android.apps.docs
12-27 11:20:36.853 14098 14098 E Zygote  : SetMemoryProtected process_name_ptr:14098 com.google.android.apps.docs
12-27 11:20:36.856 14624 14747 E MarketCustomizeReflectHelper: call method getCurrentValidCustomizeIconList failed
12-27 11:20:36.856 14624 14747 E MarketCustomizeReflectHelper: java.lang.ClassNotFoundException: miui.content.res.MarketIconCustomizer
12-27 11:20:36.856 14624 14747 E MarketCustomizeReflectHelper: 	at java.lang.Class.classForName(Native Method)
12-27 11:20:36.856 14624 14747 E MarketCustomizeReflectHelper: 	at java.lang.Class.forName(Class.java:597)
12-27 11:20:36.856 14624 14747 E MarketCustomizeReflectHelper: 	at java.lang.Class.forName(Class.java:502)
12-27 11:20:36.856 14624 14747 E MarketCustomizeReflectHelper: 	at com.miui.home.launcher.operationicon.MarketCustomizeReflectHelper.getCurrentValidCustomizeIconIDs(MarketCustomizeReflectHelper.kt:23)
12-27 11:20:36.856 14624 14747 E MarketCustomizeReflectHelper: 	at com.miui.home.launcher.operationicon.MarketCustomizeIconManager.refreshCustomizeIcon(MarketCustomizeIconManager.kt:82)
12-27 11:20:36.856 14624 14747 E MarketCustomizeReflectHelper: 	at com.miui.home.launcher.operationicon.MarketCustomizeIconManager.onLauncherResume$lambda-2(MarketCustomizeIconManager.kt:50)
12-27 11:20:36.856 14624 14747 E MarketCustomizeReflectHelper: 	at com.miui.home.launcher.operationicon.MarketCustomizeIconManager.$r8$lambda$okGGNcpWViq7KK594p5NCFKNLA4(Unknown Source:0)
12-27 11:20:36.856 14624 14747 E MarketCustomizeReflectHelper: 	at com.miui.home.launcher.operationicon.MarketCustomizeIconManager$$ExternalSyntheticLambda0.run(Unknown Source:0)
12-27 11:20:36.856 14624 14747 E MarketCustomizeReflectHelper: 	at java.util.concurrent.Executors$RunnableAdapter.call(Executors.java:524)
12-27 11:20:36.856 14624 14747 E MarketCustomizeReflectHelper: 	at java.util.concurrent.FutureTask.run(FutureTask.java:317)
12-27 11:20:36.856 14624 14747 E MarketCustomizeReflectHelper: 	at java.util.concurrent.ThreadPoolExecutor.runWorker(ThreadPoolExecutor.java:1156)
12-27 11:20:36.856 14624 14747 E MarketCustomizeReflectHelper: 	at java.util.concurrent.ThreadPoolExecutor$Worker.run(ThreadPoolExecutor.java:651)
12-27 11:20:36.856 14624 14747 E MarketCustomizeReflectHelper: 	at java.lang.Thread.run(Thread.java:1119)
12-27 11:20:36.856 14624 14747 E MarketCustomizeReflectHelper: Caused by: java.lang.ClassNotFoundException: miui.content.res.MarketIconCustomizer
12-27 11:20:36.856 14624 14747 E MarketCustomizeReflectHelper: 	... 13 more
--
12-27 11:20:36.976 14624 14624 E WindowTransitionCompat: startAnimation isFastLaunch = false
12-27 11:20:36.977 14624 15171 E WindowTransitionCompat: printLeash::index = 0, root = Surface(name=Transition Root #12672: Task=12784#149694)/@0x5592ded
12-27 11:20:36.977 14624 15171 E WindowTransitionCompat: 0, check isClosingType type = 2, mode = 3
12-27 11:20:36.977 14624 15171 E WindowTransitionCompat: 1, check isClosingType type = 1, mode = 4
12-27 11:20:36.981 14624 15146 E ActivityManagerWrapper: get all recent tasks force including 14497
12-27 11:20:36.986  1816  1834 E ApplicationHelper: Fail to get PackageManager
12-27 11:20:36.986  1816  1834 E ApplicationHelper: Fail to get PackageManager
12-27 11:20:36.986  1816  1834 E ApplicationHelper: Fail to get PackageManager
12-27 11:20:36.986  1816  1834 E ApplicationHelper: Fail to get PackageManager
12-27 11:20:36.986  1816  1834 E ApplicationHelper: Fail to get PackageManager
12-27 11:20:36.986  1816  1834 E ApplicationHelper: Fail to get PackageManager
12-27 11:20:36.986  1816  1834 E ApplicationHelper: Fail to get PackageManager
12-27 11:20:36.986  1816  1834 E ApplicationHelper: Fail to get PackageManager
12-27 11:20:36.986  1816  1834 E ApplicationHelper: Fail to get PackageManager
12-27 11:20:36.986  1816  1834 E ApplicationHelper: Fail to get PackageManager
12-27 11:20:36.986  1816  1834 E ApplicationHelper: Fail to get PackageManager
12-27 11:20:36.986  1816  1834 E ApplicationHelper: Fail to get PackageManager
12-27 11:20:36.988 14624 15146 E ActivityManagerWrapper: getRecentTasksForceIncludingTaskIdIfValid: getRecentTasks: size=4
12-27 11:20:36.988 14624 15146 E ActivityManagerWrapper:  mainTaskId=14497   userId=0   windowMode=1   baseIntent=Intent { act=android.intent.action.MAIN flag=287309824 cmp=ComponentInfo{com.google.android.youtube/com.google.android.youtube.app.honeycomb.Shell$HomeActivity} }
12-27 11:20:36.988 14624 15146 E ActivityManagerWrapper:  mainTaskId=14504   userId=0   windowMode=1   baseIntent=Intent { act=miui.intent.action.CHECK_ACCESS_CONTROL flag=411041792 cmp=ComponentInfo{com.miui.securitycenter/com.miui.applicationlock.ConfirmAccessControl} }
12-27 11:20:36.988 14624 15146 E ActivityManagerWrapper:  mainTaskId=14503   userId=0   windowMode=1   baseIntent=Intent { act=android.intent.action.MAIN flag=270532608 cmp=ComponentInfo{com.aagah/com.aagah.MainActivity} }
12-27 11:20:36.988 14624 15146 E ActivityManagerWrapper:  mainTaskId=14495   userId=0   windowMode=1   baseIntent=Intent { act=android.intent.action.MAIN flag=287309824 cmp=ComponentInfo{com.android.chrome/com.google.android.apps.chrome.Main} }
12-27 11:20:36.988  1816  1834 E ApplicationHelper: Fail to get PackageManager
12-27 11:20:36.989  1120  1198 E HfLooper: light_data = 5.000000, raw_data = 0.000000, ir_data =-35.000000, gain =1
12-27 11:20:37.001 14624 14624 E WindowAnimParamsProvider: getWindowTargetBounds    bounds=Rect(0, 0 - 720, 1600)
12-27 11:20:37.009 14624 14747 E StateNotifyUtils: sendFsStateBroadCast state=closeWindow   channel=navigation_bar   packageName=
12-27 11:20:37.014 14624 14624 E ClipAnimationHelper: updateSourceStack  mSourceInsets=Rect(0, 0 - 0, 0), mSourceStackBounds=Rect(0, 0 - 720, 1600)
12-27 11:20:37.014 14624 14624 E ClipAnimationHelper: updateHomeStack  mSourceInsets=Rect(0, 0 - 0, 0), mHomeStackBounds=Rect(0, 0 - 720, 1600)
12-27 11:20:37.014 14624 14624 E ClipAnimationHelper: updateTargetRect  mSourceRect=RectF(0.0, 0.0, 720.0, 1600.0)   mTargetRect=RectF(0.0, 0.0, 720.0, 1600.0)   mSourceWindowClipInsets=RectF(0.0, 0.0, 0.0, 0.0)   mHomeStackBounds=Rect(0, 0 - 720, 1600)   targetRect=Rect(0, 0 - 720, 1600)
12-27 11:20:37.015 14624 15105 E MultiSpringDynamicAnimation50a7eb3: ERROR Not Found Bundle Radius
12-27 11:20:37.015 14624 15105 E MultiSpringDynamicAnimation50a7eb3: ERROR Not Found Bundle SurfaceExtAlpha
12-27 11:20:37.015 14624 15105 E MultiSpringDynamicAnimation50a7eb3: ERROR Not Found Bundle SurfaceExtAlpha
12-27 11:20:37.015 14624 15105 E MultiSpringDynamicAnimation50a7eb3: ERROR Not Found Bundle SurfaceExtAlpha
12-27 11:20:37.033  1816  2713 E ExtM    : can_flush_idle_pages:17112 flush_number_adjust: 3000
12-27 11:20:37.040  1180  1180 E MI-SF   : surfaceflinger setAffinity success
12-27 11:20:37.040  1180  1180 E MI-SF   : surfaceflinger setAffinity success
12-27 11:20:37.088  1120  1198 E HfLooper: light_data = 5.000000, raw_data = 0.000000, ir_data =-35.000000, gain =1
12-27 11:20:37.189  1120  1198 E HfLooper: light_data = 4.000000, raw_data = 0.000000, ir_data =-35.000000, gain =1
12-27 11:20:37.204  1180  1180 E MI-SF   : surfaceflinger setAffinity success
12-27 11:20:37.236   481   498 E lowmemorykiller: process_mrelease 10990 failed: No such process
12-27 11:20:37.289  1120  1198 E HfLooper: light_data = 4.000000, raw_data = 0.000000, ir_data =-35.000000, gain =1
--
12-27 11:20:37.487  1816  1834 E ApplicationHelper: Fail to get PackageManager
12-27 11:20:37.489  1120  1198 E HfLooper: light_data = 4.000000, raw_data = 0.000000, ir_data =-35.000000, gain =1
12-27 11:20:37.490  1816  1833 E WindowManager: setClientVisible ActivityRecord{5c8ec97 u0 com.google.android.youtube/.app.honeycomb.Shell$HomeActivity t14497} false
12-27 11:20:37.490 14624 14624 E RotationHelper: setCurrentTransitionRequest: request=0
12-27 11:20:37.491  1816  1834 E ApplicationHelper: Fail to get PackageManager
12-27 11:20:37.491  1816  1834 E ApplicationHelper: Fail to get PackageManager
12-27 11:20:37.500  1816  1834 E ApplicationHelper: Fail to get PackageManager
12-27 11:20:37.500  1816  1834 E ApplicationHelper: Fail to get PackageManager
12-27 11:20:37.500  1816  1834 E ApplicationHelper: Fail to get PackageManager
12-27 11:20:37.500  1816  1834 E ApplicationHelper: Fail to get PackageManager
12-27 11:20:37.501  1816  1834 E ApplicationHelper: Fail to get PackageManager
12-27 11:20:37.501  1816  1834 E ApplicationHelper: Fail to get PackageManager
12-27 11:20:37.501  1816  1834 E ApplicationHelper: Fail to get PackageManager
12-27 11:20:37.501  1816  1834 E ApplicationHelper: Fail to get PackageManager
12-27 11:20:37.501  1816  1834 E ApplicationHelper: Fail to get PackageManager
12-27 11:20:37.501  1816  1834 E ApplicationHelper: Fail to get PackageManager
12-27 11:20:37.521 14624 15146 E ActivityManagerWrapper: get all recent tasks force including 14497
12-27 11:20:37.527 14624 15146 E ActivityManagerWrapper: getRecentTasksForceIncludingTaskIdIfValid: getRecentTasks: size=4
12-27 11:20:37.527 14624 15146 E ActivityManagerWrapper:  mainTaskId=14497   userId=0   windowMode=1   baseIntent=Intent { act=android.intent.action.MAIN flag=287309824 cmp=ComponentInfo{com.google.android.youtube/com.google.android.youtube.app.honeycomb.Shell$HomeActivity} }
12-27 11:20:37.527 14624 15146 E ActivityManagerWrapper:  mainTaskId=14504   userId=0   windowMode=1   baseIntent=Intent { act=miui.intent.action.CHECK_ACCESS_CONTROL flag=411041792 cmp=ComponentInfo{com.miui.securitycenter/com.miui.applicationlock.ConfirmAccessControl} }
12-27 11:20:37.527 14624 15146 E ActivityManagerWrapper:  mainTaskId=14503   userId=0   windowMode=1   baseIntent=Intent { act=android.intent.action.MAIN flag=270532608 cmp=ComponentInfo{com.aagah/com.aagah.MainActivity} }
12-27 11:20:37.527 14624 15146 E ActivityManagerWrapper:  mainTaskId=14495   userId=0   windowMode=1   baseIntent=Intent { act=android.intent.action.MAIN flag=287309824 cmp=ComponentInfo{com.android.chrome/com.google.android.apps.chrome.Main} }
12-27 11:20:37.566 10444 10444 E YT.mlplayer: MedialibPlayer.setForegroundMode(false)
12-27 11:20:37.589  1120  1198 E HfLooper: light_data = 5.000000, raw_data = 0.000000, ir_data =-35.000000, gain =1
12-27 11:20:37.597 14088 14187 E QT      : [QT]file does not exist
12-27 11:20:37.614 10444 10444 E YT.mlplayer: MedialibPlayer.pauseVideo(), STOPPAGE_GENERIC_PAUSE
12-27 11:20:37.615 10444 10444 E YT.mlplayer: MedialibPlayerEvents[12].onPaused()
12-27 11:20:37.616  1166  3580 E AudioFlinger_Threads: open /proc/10444/cmdline error
12-27 11:20:37.620  1816  1834 E ApplicationHelper: Fail to get PackageManager
12-27 11:20:37.620  1816  1834 E ApplicationHelper: Fail to get PackageManager
12-27 11:20:37.621 10444 10444 E YT.mlplayer: MedialibPlayer.blockingStopVideo(),  STOPPAGE_PLAYBACK_SUSPENDED
12-27 11:20:37.621 10444 10444 E YT.mlplayer: MedialibPlayerEvents[12].onStopped()
12-27 11:20:37.634 10444 10482 E YT.qoe  : Pinging https://s.youtube.com/api/stats/qoe?cl=847500619&ei=knNPacNNnrXzwQ-2p8sR&el=shortspage&event=streamingstats&ns=yt&plid=AAZG6JU3qDRaBXec&cpn=FhOIUCCZ4mK3gbxe&welc=CgIIDA%3D%3D&cplatform=mobile&cbr=com.google.android.youtube&cff=SMALL_FORM_FACTOR&c=android&cmodel=23124RN87I&cos=Android&soc=Mediatek%3AMT6835&csdk=35&cbrver=20.51.39&cver=20.51.39&cosver=15&cbrand=Xiaomi&qclc=ChBGaE9JVUNDWjRtSzNnYnhlGgxDZ0lJREElM0QlM0Q&vfs=6.789:247:::i:sms.2:CAEoAQ&df=6.789:0,17.196:0&conn=17.204:3&cplayer=PLATYPUS&bh=9.176:8.40,15.227:11.79,17.189:9.83,17.197:10.69&cmt=9.176:1.943,15.227:1.943,17.189:3.364,17.197:3.364&afs=6.789:251;CggKA2RyYxIBMQ::i:sms.2:CAEoAQ&sur=16.258:1&view=6.789:720:1438&bat=17.207:0.750:1&rate=6.832:1.0&vps=6.834:PL,9.176:PA:sr.18,15.227:PL,17.189:PA:sr.18,17.197:SU&bwm=6.832:253695:0.040,9.176:3015217:0.546&ctmp=cir:rt.6.788;reused.true;mode.CODEC_REUSE_MODE_REUSE,vnorm:rt.6.789;rng.-0.0;trkcfg.-14.14;tarcfg.Optional%5B-14.0%5D;trkfmt.-14.0;mode.TRACK;tar.-14.0;pre.-14.0;ang.0.0;inpvol.1.0;mult.1.0;outvol.1.0,api:rt.6.956;clearQ,plf:1,nms:ncn.false;ntu.false;nms.1;dnt.DETAILED_NETWORK_TYPE_WIFI,mlat:rt.9.177;pauseVideo.967;r.18,mlat:rt.17.190;pauseVideo.1174;r.18&user_intent=6.828&seq=2&aur=6.834:5&docid=(scrubbed) 
12-27 11:20:37.634 10444 10482 E YT.qoe  : &fexp=
12-27 11:20:37.636 10444 10444 E YouTube : Trying to detachMediaView when it wasn't the most recent MediaView Setter
12-27 11:20:37.640 10444 10444 E YT.mlplayer: MedialibPlayer.setMediaView(null)
12-27 11:20:37.687  1816  1834 E ApplicationHelper: Fail to get PackageManager
12-27 11:20:37.687  1816  1834 E ApplicationHelper: Fail to get PackageManager
12-27 11:20:37.689 14088 14187 E LB      : fail to open file: Permission denied
12-27 11:20:37.689 14088 14187 E LB      : fail to open node: No such file or directory
12-27 11:20:37.689 14088 14187 E LB      : fail to open node: No such file or directory
--
12-27 11:20:41.089  1120  1198 E HfLooper: light_data = 3.000000, raw_data = 0.000000, ir_data =-35.000000, gain =1
12-27 11:20:41.104  1816  1965 E ClipboardServiceI: removeActivePermissionOwnerForPackage: mPrimaryClipPackage is null or get is null
12-27 11:20:41.118  1816  1965 E ClipboardServiceI: removeActivePermissionOwnerForPackage: mPrimaryClipPackage is null or get is null
12-27 11:20:41.143 14624 15146 E ActivityManagerWrapper: get all recent tasks force including 14497
12-27 11:20:41.151 14624 15146 E ActivityManagerWrapper: getRecentTasksForceIncludingTaskIdIfValid: getRecentTasks: size=3
12-27 11:20:41.151 14624 15146 E ActivityManagerWrapper:  mainTaskId=14497   userId=0   windowMode=1   baseIntent=Intent { act=android.intent.action.MAIN flag=287309824 cmp=ComponentInfo{com.google.android.youtube/com.google.android.youtube.app.honeycomb.Shell$HomeActivity} }
12-27 11:20:41.151 14624 15146 E ActivityManagerWrapper:  mainTaskId=14504   userId=0   windowMode=1   baseIntent=Intent { act=miui.intent.action.CHECK_ACCESS_CONTROL flag=411041792 cmp=ComponentInfo{com.miui.securitycenter/com.miui.applicationlock.ConfirmAccessControl} }
12-27 11:20:41.151 14624 15146 E ActivityManagerWrapper:  mainTaskId=14495   userId=0   windowMode=1   baseIntent=Intent { act=android.intent.action.MAIN flag=287309824 cmp=ComponentInfo{com.android.chrome/com.google.android.apps.chrome.Main} }
12-27 11:20:41.190  1120  1198 E HfLooper: light_data = 3.000000, raw_data = 0.000000, ir_data =-35.000000, gain =1
12-27 11:20:41.200  1816  2565 E AppOps  : attributionTag VCN not declared in manifest of android
12-27 11:20:41.229 14624 15146 E ActivityManagerWrapper: get all recent tasks force including 14497
12-27 11:20:41.234 14624 15146 E ActivityManagerWrapper: getRecentTasksForceIncludingTaskIdIfValid: getRecentTasks: size=3
12-27 11:20:41.234 14624 15146 E ActivityManagerWrapper:  mainTaskId=14497   userId=0   windowMode=1   baseIntent=Intent { act=android.intent.action.MAIN flag=287309824 cmp=ComponentInfo{com.google.android.youtube/com.google.android.youtube.app.honeycomb.Shell$HomeActivity} }
12-27 11:20:41.234 14624 15146 E ActivityManagerWrapper:  mainTaskId=14504   userId=0   windowMode=1   baseIntent=Intent { act=miui.intent.action.CHECK_ACCESS_CONTROL flag=411041792 cmp=ComponentInfo{com.miui.securitycenter/com.miui.applicationlock.ConfirmAccessControl} }
