12-27 11:10:43.290  1120  1198 E HfLooper: light_data = 3.000000, raw_data = 0.000000, ir_data =-33.000000, gain =1
12-27 11:10:43.295  1816  1834 E ApplicationHelper: Fail to get PackageManager
12-27 11:10:43.355  1816  1834 E ApplicationHelper: Fail to get PackageManager
12-27 11:10:43.356  1816  1834 E ApplicationHelper: Fail to get PackageManager
12-27 11:10:43.390  1120  1198 E HfLooper: light_data = 3.000000, raw_data = 0.000000, ir_data =-33.000000, gain =1
12-27 11:10:43.448  1816  1834 E ApplicationHelper: Fail to get PackageManager
12-27 11:10:43.450  1816  1834 E ApplicationHelper: Fail to get PackageManager
12-27 11:10:43.465  1816  1834 E ApplicationHelper: Fail to get PackageManager
12-27 11:10:43.465  1816  1834 E ApplicationHelper: Fail to get PackageManager
12-27 11:10:43.466  1816  1834 E ApplicationHelper: Fail to get PackageManager
12-27 11:10:43.466  1816  1834 E ApplicationHelper: Fail to get PackageManager
12-27 11:10:43.472  1816  1834 E ApplicationHelper: Fail to get PackageManager
12-27 11:10:43.472  1816  1834 E ApplicationHelper: Fail to get PackageManager
12-27 11:10:43.473  1816  1834 E ApplicationHelper: Fail to get PackageManager
12-27 11:10:43.474  1816  1834 E ApplicationHelper: Fail to get PackageManager
12-27 11:10:43.489  1120  1198 E HfLooper: light_data = 3.000000, raw_data = 0.000000, ir_data =-33.000000, gain =1
12-27 11:10:43.558  1816  2085 E AtomicFile: Failed to rename /data/system/install_sessions.xml.new to /data/system/install_sessions.xml
12-27 11:10:43.565  1816  2565 E AppOps  : attributionTag VCN not declared in manifest of android
12-27 11:10:43.567  1816  1816 E ApplicationHelper: Fail to get PackageManager
12-27 11:10:43.569  1816  1816 E AppStateIntentReceiver: notifyChange failed
12-27 11:10:43.570  1816  2677 E AppScanObserverService: Try to add a invalid package: com.aagah | 10400 | 0
12-27 11:10:43.590  1120  1198 E HfLooper: light_data = 3.000000, raw_data = 0.000000, ir_data =-33.000000, gain =1
12-27 11:10:43.597  1816  1834 E ApplicationHelper: Fail to get PackageManager
12-27 11:10:43.597  1816  1834 E ApplicationHelper: Fail to get PackageManager
12-27 11:10:43.641  8836  8836 E Zygote  : process_name_ptr:8836 com.android.htmlviewer:remote
12-27 11:10:43.641  8836  8836 E Zygote  : SetMemoryProtected process_name_ptr:8836 com.android.htmlviewer:remote
12-27 11:10:43.643  8834  8834 E Zygote  : process_name_ptr:8834 com.google.android.packageinstaller
12-27 11:10:43.643  8834  8834 E Zygote  : SetMemoryProtected process_name_ptr:8834 com.google.android.packageinstaller
12-27 11:10:43.668  8836  8836 E mlviewer:remote: Not starting debugger since process cannot load the jdwp agent.
12-27 11:10:43.677  8834  8834 E ackageinstaller: Not starting debugger since process cannot load the jdwp agent.
12-27 11:10:43.678  8837  8837 E Zygote  : process_name_ptr:8837 com.miui.global.packageinstaller
12-27 11:10:43.678  8837  8837 E Zygote  : SetMemoryProtected process_name_ptr:8837 com.miui.global.packageinstaller
12-27 11:10:43.689  1120  1198 E HfLooper: light_data = 3.000000, raw_data = 0.000000, ir_data =-33.000000, gain =1
12-27 11:10:43.700  2934  3412 E SmsApplication: com.google.android.apps.messaging lost android:read_cell_broadcasts:  (fixing)
12-27 11:10:43.703  1816  1834 E ApplicationHelper: Fail to get PackageManager
12-27 11:10:43.720  8837  8837 E ackageinstaller: Not starting debugger since process cannot load the jdwp agent.
12-27 11:10:43.732  1816  1834 E ApplicationHelper: Fail to get PackageManager
12-27 11:10:43.749  1816  2882 E RoleControllerServiceImpl: Default/fallback role holder package doesn't qualify for the role, package: com.google.android.gms.supervision, role: android.app.role.SYSTEM_SUPERVISION, user: 0
12-27 11:10:43.771  1816  1834 E ApplicationHelper: Fail to get PackageManager
12-27 11:10:43.787  1816  1834 E ApplicationHelper: Fail to get PackageManager
12-27 11:10:43.790  1120  1198 E HfLooper: light_data = 3.000000, raw_data = 0.000000, ir_data =-33.000000, gain =1
12-27 11:10:43.794 14624 15025 E Launcher.AllAppsList: Can't load postion for packageName: com.aagah activityName: com.aagah.MainActivity
12-27 11:10:43.808  1816  1834 E ApplicationHelper: Fail to get PackageManager
12-27 11:10:43.862  2934  3412 E SmsApplication: com.google.android.apps.messaging lost android:read_cell_broadcasts:  (fixing)
12-27 11:10:43.883  1816  1834 E ApplicationHelper: Fail to get PackageManager
12-27 11:10:43.889  1120  1198 E HfLooper: light_data = 3.000000, raw_data = 0.000000, ir_data =-33.000000, gain =1
12-27 11:10:43.913  1816  2882 E RoleControllerServiceImpl: Default/fallback role holder package doesn't qualify for the role, package: com.google.android.devicelockcontroller, role: android.app.role.SYSTEM_FINANCED_DEVICE_CONTROLLER, user: 0
12-27 11:10:43.937  1816  2121 E JobScheduler.Background: Couldn't determine stopped state for unknown package: com.google.android.apps.turbo
12-27 11:10:43.937  1816  2121 E JobScheduler.Background: Couldn't determine stopped state for unknown package: com.google.android.apps.turbo
12-27 11:10:43.937  1816  2121 E JobScheduler.Background: Couldn't determine stopped state for unknown package: com.google.android.apps.turbo
12-27 11:10:43.937  1816  2121 E JobScheduler.Background: Couldn't determine stopped state for unknown package: com.google.android.apps.turbo
12-27 11:10:43.937  1816  2121 E JobScheduler.Background: Couldn't determine stopped state for unknown package: com.google.android.apps.turbo
12-27 11:10:43.938  8898  8898 E Zygote  : process_name_ptr:8898 com.miui.cleaner
12-27 11:10:43.939  8898  8898 E Zygote  : SetMemoryProtected process_name_ptr:8898 com.miui.cleaner
12-27 11:10:43.978  1180  1732 E SurfaceFlinger: MtkDuration override mode is disabled
12-27 11:10:43.988  1180  1180 E MI-SF   : surfaceflinger setAffinity success
12-27 11:10:43.989  1120  1198 E HfLooper: light_data = 3.000000, raw_data = 0.000000, ir_data =-33.000000, gain =1
12-27 11:10:43.993  8898  8898 E om.miui.cleaner: Not starting debugger since process cannot load the jdwp agent.
12-27 11:10:44.023  1816  1834 E ApplicationHelper: Fail to get PackageManager
12-27 11:10:44.053  1816  1834 E ApplicationHelper: Fail to get PackageManager
12-27 11:10:44.090  1120  1198 E HfLooper: light_data = 4.000000, raw_data = 0.000000, ir_data =-33.000000, gain =1
12-27 11:10:44.104  1816  1834 E ApplicationHelper: Fail to get PackageManager
12-27 11:10:44.104  1816  1834 E ApplicationHelper: Fail to get PackageManager
12-27 11:10:44.105  1816  1834 E ApplicationHelper: Fail to get PackageManager
12-27 11:10:44.115  1816  1834 E ApplicationHelper: Fail to get PackageManager
12-27 11:10:44.116  1180  1180 E MI-SF   : surfaceflinger setAffinity success
12-27 11:10:44.116  1180  1180 E MI-SF   : surfaceflinger setAffinity success
12-27 11:10:44.119  1180  1732 E SurfaceFlinger: MtkDuration override mode is disabled
12-27 11:10:44.121  1816  1834 E ApplicationHelper: Fail to get PackageManager
12-27 11:10:44.127  1180  1180 E SurfaceFlinger: MtkDuration override mode is disabled
12-27 11:10:44.129  1180  1180 E MI-SF   : surfaceflinger setAffinity success
12-27 11:10:44.159 14624 14747 E InstallApkReceiver: install:package:com.aagah
12-27 11:10:44.168  1816  1834 E ApplicationHelper: Fail to get PackageManager
12-27 11:10:44.179  4161  4273 E Finsky  : [2526] [Counters] attempted to use a non-positive increment for: 4752
12-27 11:10:44.190  1120  1198 E HfLooper: light_data = 3.000000, raw_data = 0.000000, ir_data =-33.000000, gain =1
12-27 11:10:44.195  4161  4273 E Finsky  : [2526] [Counters] attempted to use a non-positive increment for: 4753
12-27 11:10:44.209  1180  1180 E SurfaceFlinger: MtkDuration override mode is disabled
12-27 11:10:44.220  8954  8954 E Zygote  : process_name_ptr:8954 com.android.settings
12-27 11:10:44.220  8954  8954 E Zygote  : SetMemoryProtected process_name_ptr:8954 com.android.settings
12-27 11:10:44.221  1816  1834 E ApplicationHelper: Fail to get PackageManager
12-27 11:10:44.262  1816  1834 E ApplicationHelper: Fail to get PackageManager
12-27 11:10:44.262  1816  1834 E ApplicationHelper: Fail to get PackageManager
12-27 11:10:44.262  4161  4292 E Finsky  : [2538] [Counters] attempted to use a non-positive increment for: 4752
12-27 11:10:44.267  1816  1834 E ApplicationHelper: Fail to get PackageManager
12-27 11:10:44.268  4161  4273 E Finsky  : [2526] [Counters] attempted to use a non-positive increment for: 4753
12-27 11:10:44.283  4161  4292 E Finsky  : [2538] [Counters] attempted to use a non-positive increment for: 4752
12-27 11:10:44.283  4161  4292 E Finsky  : [2538] [Counters] attempted to use a non-positive increment for: 4752
12-27 11:10:44.285  4161  4292 E Finsky  : [2538] [Counters] attempted to use a non-positive increment for: 4753
12-27 11:10:44.285  4161  4292 E Finsky  : [2538] [Counters] attempted to use a non-positive increment for: 4753
12-27 11:10:44.290  1120  1198 E HfLooper: light_data = 3.000000, raw_data = 0.000000, ir_data =-33.000000, gain =1
12-27 11:10:44.293  1816  1834 E ApplicationHelper: Fail to get PackageManager
12-27 11:10:44.294  1816  1834 E ApplicationHelper: Fail to get PackageManager
--
12-27 11:10:46.666  1816  1834 E ApplicationHelper: Fail to get PackageManager
12-27 11:10:46.674  9293  9293 E Zygote  : process_name_ptr:9293 com.instagram.android
12-27 11:10:46.674  9293  9293 E Zygote  : SetMemoryProtected process_name_ptr:9293 com.instagram.android
12-27 11:10:46.684  9293  9293 E stagram.android: Not starting debugger since process cannot load the jdwp agent.
12-27 11:10:46.689  1120  1198 E HfLooper: light_data = 2.000000, raw_data = 0.000000, ir_data =-33.000000, gain =1
12-27 11:10:46.716  1816  1834 E ApplicationHelper: Fail to get PackageManager
12-27 11:10:46.786  9258  9319 E aomi.finddevice: No package ID 6a found for resource ID 0x6a0b0013.
12-27 11:10:46.790  1120  1198 E HfLooper: light_data = 2.000000, raw_data = 0.000000, ir_data =-33.000000, gain =1
12-27 11:10:46.862  9293  9336 E HeliumCrashReporter: Pending crash path /data/data/com.instagram.android/cache/webview_embedded/Helium Crashpad/pending/ is not a directory
12-27 11:10:46.864  9293  9293 E AppProfiloInitializer: Cold start trace failed: no marker
12-27 11:10:46.870  9293  9293 E AppProfiloInitializer: Cold start trace failed: no marker
12-27 11:10:46.880  9293  9329 E QT      : [QT]file does not exist
12-27 11:10:46.886  1131  1210 E libPowerHal: [getCPUFreq] error cid:2, nClusterNum:2
12-27 11:10:46.888  1180  1732 E SurfaceFlinger: MtkDuration override mode is disabled
12-27 11:10:46.889  1120  1198 E HfLooper: light_data = 2.000000, raw_data = 0.000000, ir_data =-33.000000, gain =1
12-27 11:10:46.898  9293  9353 E HiddenApis2: Failed to init DecodeJObjectFuncPtr
12-27 11:10:46.905  1180  1180 E MI-SF   : surfaceflinger setAffinity success
12-27 11:10:46.965 14624 14624 E Launcher.application: setClickAppWaitForCallback = true
12-27 11:10:46.965 14624 14624 E Launcher.application: setClickAppWaitForCallback = true
12-27 11:10:46.965 14624 14624 E Launcher: superStartActivity   type=13
12-27 11:10:46.973  1816  3525 E WindowManager: setClientVisible ActivityRecord{7a1ea4 u0 com.aagah/.MainActivity true
12-27 11:10:46.989  9293  9329 E libEGL  : call to OpenGL ES API with no current context (logged once per thread)
12-27 11:10:46.989  1120  1198 E HfLooper: light_data = 2.000000, raw_data = 0.000000, ir_data =-33.000000, gain =1
12-27 11:10:46.992  1816  1816 E MBrainLocalService: notifyAppSwitch failed
12-27 11:10:46.992  9293  9329 E libEGL  : call to OpenGL ES API with no current context (logged once per thread)
12-27 11:10:46.992  9293  9329 E libEGL  : call to OpenGL ES API with no current context (logged once per thread)
12-27 11:10:46.994  1816  3525 E WindowManager: setClientVisible ActivityRecord{7a1ea4 u0 com.aagah/.MainActivity t14501} true
12-27 11:10:46.998  9293  9376 E QPLProvider: QuickPerformanceLogger instance wasn't installed in provider, returning noop. Please call QuickPerformanceLoggerProvider.setQuickPerformanceLogger() before getting the instance.
12-27 11:10:46.998  9293  9376 E QPLProvider: java.lang.IllegalStateException: No QPL instance provided
12-27 11:10:46.998  9293  9376 E QPLProvider: 	at com.facebook.quicklog.QuickPerformanceLoggerProvider.getQPLInstance(Unknown Source:8)
12-27 11:10:46.998  9293  9376 E QPLProvider: 	at X.5Td.B2o(Unknown Source:12)
12-27 11:10:46.998  9293  9376 E QPLProvider: 	at X.5Td.Awr(Unknown Source:2)
12-27 11:10:46.998  9293  9376 E QPLProvider: 	at X.2jy.<init>(:7)
12-27 11:10:46.998  9293  9376 E QPLProvider: 	at X.2kA.A00(:18)
12-27 11:10:46.998  9293  9376 E QPLProvider: 	at X.2jw.<init>(:16)
12-27 11:10:46.998  9293  9376 E QPLProvider: 	at X.1qe.A05(:36)
12-27 11:10:46.998  9293  9376 E QPLProvider: 	at X.1of.DM9(:46)
12-27 11:10:46.998  9293  9376 E QPLProvider: 	at X.1hn.A00(:82)
12-27 11:10:46.998  9293  9376 E QPLProvider: 	at X.1hn.run(:0)
12-27 11:10:46.998  9293  9376 E QPLProvider: 	at java.util.concurrent.ThreadPoolExecutor.runWorker(ThreadPoolExecutor.java:1156)
12-27 11:10:46.998  9293  9376 E QPLProvider: 	at java.util.concurrent.ThreadPoolExecutor$Worker.run(ThreadPoolExecutor.java:651)
12-27 11:10:46.998  9293  9376 E QPLProvider: 	at X.1hp.run(:15)
12-27 11:10:46.998  9293  9376 E QPLProvider: 	at java.lang.Thread.run(Thread.java:1119)
12-27 11:10:46.998  9293  9376 E QPLProvider: QuickPerformanceLogger instance wasn't installed in provider, returning noop. Please call QuickPerformanceLoggerProvider.setQuickPerformanceLogger() before getting the instance.
12-27 11:10:46.998  9293  9376 E QPLProvider: java.lang.IllegalStateException: No QPL instance provided
12-27 11:10:46.998  9293  9376 E QPLProvider: 	at com.facebook.quicklog.QuickPerformanceLoggerProvider.getQPLInstance(Unknown Source:8)
12-27 11:10:46.998  9293  9376 E QPLProvider: 	at X.5Td.B2o(Unknown Source:24)
--
12-27 11:10:46.999  9293  9376 E QPLProvider: QuickPerformanceLogger instance wasn't installed in provider, returning noop. Please call QuickPerformanceLoggerProvider.setQuickPerformanceLogger() before getting the instance.
12-27 11:10:46.999  9293  9376 E QPLProvider: java.lang.IllegalStateException: No QPL instance provided
12-27 11:10:46.999  9293  9376 E QPLProvider: 	at com.facebook.quicklog.QuickPerformanceLoggerProvider.getQPLInstance(Unknown Source:8)
12-27 11:10:46.999  9293  9376 E QPLProvider: 	at X.5Td.B2o(Unknown Source:152)
12-27 11:10:46.999  9293  9376 E QPLProvider: 	at X.5Td.Awr(Unknown Source:2)
12-27 11:10:46.999  9293  9376 E QPLProvider: 	at X.2jy.<init>(:7)
12-27 11:10:46.999  9293  9376 E QPLProvider: 	at X.2kA.A00(:18)
12-27 11:10:46.999  9293  9376 E QPLProvider: 	at X.2jw.<init>(:16)
12-27 11:10:46.999  9293  9376 E QPLProvider: 	at X.1qe.A05(:36)
12-27 11:10:46.999  9293  9376 E QPLProvider: 	at X.1of.DM9(:46)
12-27 11:10:46.999  9293  9376 E QPLProvider: 	at X.1hn.A00(:82)
12-27 11:10:46.999  9293  9376 E QPLProvider: 	at X.1hn.run(:0)
12-27 11:10:46.999  9293  9376 E QPLProvider: 	at java.util.concurrent.ThreadPoolExecutor.runWorker(ThreadPoolExecutor.java:1156)
12-27 11:10:46.999  9293  9376 E QPLProvider: 	at java.util.concurrent.ThreadPoolExecutor$Worker.run(ThreadPoolExecutor.java:651)
12-27 11:10:46.999  9293  9376 E QPLProvider: 	at X.1hp.run(:15)
12-27 11:10:46.999  9293  9376 E QPLProvider: 	at java.lang.Thread.run(Thread.java:1119)
12-27 11:10:47.017  1816  1834 E ApplicationHelper: Fail to get PackageManager
12-27 11:10:47.017  1816  1834 E ApplicationHelper: Fail to get PackageManager
12-27 11:10:47.018  1816  1834 E ApplicationHelper: Fail to get PackageManager
12-27 11:10:47.034  1816  2173 E MiInputDispatcher: windowHandle is null
12-27 11:10:47.041  9405  9405 E Zygote  : process_name_ptr:9405 com.aagah
12-27 11:10:47.043  9405  9405 E Zygote  : SetMemoryProtected process_name_ptr:9405 com.aagah
12-27 11:10:47.060  9405  9405 E com.aagah: Not starting debugger since process cannot load the jdwp agent.
12-27 11:10:47.065  1816  2173 E MiInputDispatcher: windowHandle is null
12-27 11:10:47.074  1816  1834 E ApplicationHelper: Fail to get PackageManager
12-27 11:10:47.074  1816  1834 E ApplicationHelper: Fail to get PackageManager
12-27 11:10:47.074  1816  1834 E ApplicationHelper: Fail to get PackageManager
12-27 11:10:47.074  1816  1834 E ApplicationHelper: Fail to get PackageManager
12-27 11:10:47.074  1816  1834 E ApplicationHelper: Fail to get PackageManager
12-27 11:10:47.074  1816  1834 E ApplicationHelper: Fail to get PackageManager
12-27 11:10:47.074  1816  1834 E ApplicationHelper: Fail to get PackageManager
12-27 11:10:47.074  1816  1834 E ApplicationHelper: Fail to get PackageManager
12-27 11:10:47.074  1816  1834 E ApplicationHelper: Fail to get PackageManager
12-27 11:10:47.089  1120  1198 E HfLooper: light_data = 2.000000, raw_data = 0.000000, ir_data =-33.000000, gain =1
12-27 11:10:47.091   611   611 E [MITEE] : Request: 282 Max size: 131072
12-27 11:10:47.096  9293  9329 E libEGL  : call to OpenGL ES API with no current context (logged once per thread)
12-27 11:10:47.111   611   611 E [MITEE] : Request: 331 Max size: 131072
12-27 11:10:47.111 14624 15146 E ActivityManagerWrapper: get all recent tasks force including 14501
12-27 11:10:47.113   611   611 E [MITEE] : Request: 28 Max size: 131072
12-27 11:10:47.115  1816  1834 E ApplicationHelper: Fail to get PackageManager
12-27 11:10:47.137 14624 15146 E ActivityManagerWrapper: getRecentTasksForceIncludingTaskIdIfValid: getRecentTasks: size=4
12-27 11:10:47.137 14624 15146 E ActivityManagerWrapper:  mainTaskId=14501   userId=0   windowMode=1   baseIntent=Intent { act=android.intent.action.MAIN flag=270532608 cmp=ComponentInfo{com.aagah/com.aagah.MainActivity} }
12-27 11:10:47.137 14624 15146 E ActivityManagerWrapper:  mainTaskId=14500   userId=0   windowMode=1   baseIntent=Intent { act=android.intent.action.VIEW flag=411041792 cmp=ComponentInfo{com.miui.securitycenter/com.miui.permcenter.install.AdbInstallActivity} }
12-27 11:10:47.137 14624 15146 E ActivityManagerWrapper:  mainTaskId=14497   userId=0   windowMode=1   baseIntent=Intent { act=android.intent.action.MAIN flag=287309824 cmp=ComponentInfo{com.google.android.youtube/com.google.android.youtube.app.honeycomb.Shell$HomeActivity} }
12-27 11:10:47.137 14624 15146 E ActivityManagerWrapper:  mainTaskId=14495   userId=0   windowMode=1   baseIntent=Intent { act=android.intent.action.MAIN flag=287309824 cmp=ComponentInfo{com.android.chrome/com.google.android.apps.chrome.Main} }
12-27 11:10:47.160  1816  1834 E ApplicationHelper: Fail to get PackageManager
12-27 11:10:47.160  1816  1834 E ApplicationHelper: Fail to get PackageManager
12-27 11:10:47.160  1816  1834 E ApplicationHelper: Fail to get PackageManager
12-27 11:10:47.179  1816  1853 E WindowManager: setClientVisible ActivityRecord{7a1ea4 u0 com.aagah/.MainActivity t14501} true
12-27 11:10:47.180  1816  1853 E TransitionController: Collecting Transition (#12661) is not collecting. state=2
12-27 11:10:47.180  1816  1853 E TransitionController: android.util.Log$TerribleFailure: Collecting Transition (#12661) is not collecting. state=2
12-27 11:10:47.180  1816  1853 E TransitionController: 	at android.util.Log.wtf(Log.java:338)
12-27 11:10:47.180  1816  1853 E TransitionController: 	at android.util.Slog.wtfStack(Slog.java:248)
12-27 11:10:47.180  1816  1853 E TransitionController: 	at com.android.server.wm.TransitionController.getCollectingTransition(TransitionController.java:460)
12-27 11:10:47.180  1816  1853 E TransitionController: 	at com.android.server.wm.Transition.calculateTargets(Transition.java:3206)
12-27 11:10:47.180  1816  1853 E TransitionController: 	at com.android.server.wm.Transition.onTransactionReady(Transition.java:2206)
12-27 11:10:47.180  1816  1853 E TransitionController: 	at com.android.server.wm.BLASTSyncEngine$SyncGroup.finishNow(BLASTSyncEngine.java:345)
12-27 11:10:47.180  1816  1853 E TransitionController: 	at com.android.server.wm.BLASTSyncEngine$SyncGroup.tryFinish(BLASTSyncEngine.java:274)
12-27 11:10:47.180  1816  1853 E TransitionController: 	at com.android.server.wm.BLASTSyncEngine$SyncGroup.-$$Nest$mtryFinish(Unknown Source:0)
12-27 11:10:47.180  1816  1853 E TransitionController: 	at com.android.server.wm.BLASTSyncEngine.onSurfacePlacement(BLASTSyncEngine.java:674)
12-27 11:10:47.180  1816  1853 E TransitionController: 	at com.android.server.wm.RootWindowContainer.performSurfacePlacementNoTrace(RootWindowContainer.java:944)
12-27 11:10:47.180  1816  1853 E TransitionController: 	at com.android.server.wm.RootWindowContainer.performSurfacePlacement(RootWindowContainer.java:889)
12-27 11:10:47.180  1816  1853 E TransitionController: 	at com.android.server.wm.WindowSurfacePlacer.performSurfacePlacementLoop(WindowSurfacePlacer.java:200)
12-27 11:10:47.180  1816  1853 E TransitionController: 	at com.android.server.wm.WindowSurfacePlacer.performSurfacePlacement(WindowSurfacePlacer.java:149)
12-27 11:10:47.180  1816  1853 E TransitionController: 	at com.android.server.wm.WindowSurfacePlacer.performSurfacePlacement(WindowSurfacePlacer.java:138)
12-27 11:10:47.180  1816  1853 E TransitionController: 	at com.android.server.wm.WindowSurfacePlacer$Traverser.run(WindowSurfacePlacer.java:80)
12-27 11:10:47.180  1816  1853 E TransitionController: 	at android.os.Handler.handleCallback(Handler.java:959)
12-27 11:10:47.180  1816  1853 E TransitionController: 	at android.os.Handler.dispatchMessage(Handler.java:100)
12-27 11:10:47.180  1816  1853 E TransitionController: 	at android.os.Looper.loopOnce(Looper.java:249)
--
12-27 11:10:47.186  1816  1853 E TransitionController: 	at com.android.server.wm.Transition.calculateTransitionInfo(Transition.java:3463)
12-27 11:10:47.186  1816  1853 E TransitionController: 	at com.android.server.wm.Transition.onTransactionReady(Transition.java:2215)
12-27 11:10:47.186  1816  1853 E TransitionController: 	at com.android.server.wm.BLASTSyncEngine$SyncGroup.finishNow(BLASTSyncEngine.java:345)
12-27 11:10:47.186  1816  1853 E TransitionController: 	at com.android.server.wm.BLASTSyncEngine$SyncGroup.tryFinish(BLASTSyncEngine.java:274)
12-27 11:10:47.186  1816  1853 E TransitionController: 	at com.android.server.wm.BLASTSyncEngine$SyncGroup.-$$Nest$mtryFinish(Unknown Source:0)
12-27 11:10:47.186  1816  1853 E TransitionController: 	at com.android.server.wm.BLASTSyncEngine.onSurfacePlacement(BLASTSyncEngine.java:674)
12-27 11:10:47.186  1816  1853 E TransitionController: 	at com.android.server.wm.RootWindowContainer.performSurfacePlacementNoTrace(RootWindowContainer.java:944)
12-27 11:10:47.186  1816  1853 E TransitionController: 	at com.android.server.wm.RootWindowContainer.performSurfacePlacement(RootWindowContainer.java:889)
12-27 11:10:47.186  1816  1853 E TransitionController: 	at com.android.server.wm.WindowSurfacePlacer.performSurfacePlacementLoop(WindowSurfacePlacer.java:200)
12-27 11:10:47.186  1816  1853 E TransitionController: 	at com.android.server.wm.WindowSurfacePlacer.performSurfacePlacement(WindowSurfacePlacer.java:149)
12-27 11:10:47.186  1816  1853 E TransitionController: 	at com.android.server.wm.WindowSurfacePlacer.performSurfacePlacement(WindowSurfacePlacer.java:138)
12-27 11:10:47.186  1816  1853 E TransitionController: 	at com.android.server.wm.WindowSurfacePlacer$Traverser.run(WindowSurfacePlacer.java:80)
12-27 11:10:47.186  1816  1853 E TransitionController: 	at android.os.Handler.handleCallback(Handler.java:959)
12-27 11:10:47.186  1816  1853 E TransitionController: 	at android.os.Handler.dispatchMessage(Handler.java:100)
12-27 11:10:47.186  1816  1853 E TransitionController: 	at android.os.Looper.loopOnce(Looper.java:249)
12-27 11:10:47.186  1816  1853 E TransitionController: 	at android.os.Looper.loop(Looper.java:337)
12-27 11:10:47.186  1816  1853 E TransitionController: 	at android.os.HandlerThread.run(HandlerThread.java:85)
12-27 11:10:47.186  1816  1853 E TransitionController: 	at com.android.server.ServiceThread.run(ServiceThread.java:46)
12-27 11:10:47.189  1120  1198 E HfLooper: light_data = 2.000000, raw_data = 0.000000, ir_data =-33.000000, gain =1
12-27 11:10:47.245 14624 15146 E ActivityManagerWrapper: getRecentTasksForceIncludingTaskIdIfValid: getRecentTasks: size=4
12-27 11:10:47.245 14624 15146 E ActivityManagerWrapper:  mainTaskId=14501   userId=0   windowMode=1   baseIntent=Intent { act=android.intent.action.MAIN flag=270532608 cmp=ComponentInfo{com.aagah/com.aagah.MainActivity} }
12-27 11:10:47.245 14624 15146 E ActivityManagerWrapper:  mainTaskId=14500   userId=0   windowMode=1   baseIntent=Intent { act=android.intent.action.VIEW flag=411041792 cmp=ComponentInfo{com.miui.securitycenter/com.miui.permcenter.install.AdbInstallActivity} }
12-27 11:10:47.245 14624 15146 E ActivityManagerWrapper:  mainTaskId=14497   userId=0   windowMode=1   baseIntent=Intent { act=android.intent.action.MAIN flag=287309824 cmp=ComponentInfo{com.google.android.youtube/com.google.android.youtube.app.honeycomb.Shell$HomeActivity} }
12-27 11:10:47.245 14624 15146 E ActivityManagerWrapper:  mainTaskId=14495   userId=0   windowMode=1   baseIntent=Intent { act=android.intent.action.MAIN flag=287309824 cmp=ComponentInfo{com.android.chrome/com.google.android.apps.chrome.Main} }
12-27 11:10:47.246  2955  3057 E KeyguardTransitionHandlerImpl: activityCount = 0
12-27 11:10:47.252 14624 15644 E WindowTransitionCompat: startAnimation isFastLaunch = false
12-27 11:10:47.254 14624 15171 E WindowTransitionCompat: printLeash::index = 0, root = Surface(name=Transition Root #12661: Task=14501#149547)/@0x2ed907
12-27 11:10:47.255 14624 15171 E WindowTransitionCompat: 0, check isClosingType type = 1, mode = 1
12-27 11:10:47.255 14624 15171 E WindowTransitionCompat: 1, check isClosingType type = 2, mode = 4
12-27 11:10:47.265 14624 14624 E Launcher.application: setClickAppWaitForCallback = false
12-27 11:10:47.272 14624 14624 E WindowAnimParamsProvider: getWindowTargetBounds    bounds=Rect(0, 0 - 720, 1600)
12-27 11:10:47.272 14624 14624 E ClipAnimationHelper: updateSourceStack  mSourceInsets=Rect(0, 0 - 0, 0), mSourceStackBounds=Rect(0, 0 - 720, 1600)
12-27 11:10:47.272 14624 14624 E ClipAnimationHelper: updateHomeStack  mSourceInsets=Rect(0, 0 - 0, 0), mHomeStackBounds=Rect(0, 0 - 720, 1600)
12-27 11:10:47.272 14624 14624 E ClipAnimationHelper: updateTargetRect  mSourceRect=RectF(0.0, 0.0, 720.0, 1600.0)   mTargetRect=RectF(0.0, 0.0, 720.0, 1600.0)   mSourceWindowClipInsets=RectF(0.0, 0.0, 0.0, 0.0)   mHomeStackBounds=Rect(0, 0 - 720, 1600)   targetRect=Rect(0, 0 - 720, 1600)
12-27 11:10:47.273 14624 15105 E MultiSpringDynamicAnimation17ae61a: ERROR Not Found Bundle Radius
12-27 11:10:47.274 14624 15105 E MultiSpringDynamicAnimation17ae61a: ERROR Not Found Bundle SurfaceExtAlpha
12-27 11:10:47.274 14624 15105 E MultiSpringDynamicAnimation17ae61a: ERROR Not Found Bundle SurfaceExtAlpha
12-27 11:10:47.274 14624 15105 E MultiSpringDynamicAnimation17ae61a: ERROR Not Found Bundle SurfaceExtAlpha
12-27 11:10:47.274 14624 14624 E Launcher.application: setClickAppWaitForCallback = false
12-27 11:10:47.290  1120  1198 E HfLooper: light_data = 3.000000, raw_data = 0.000000, ir_data =-33.000000, gain =1
12-27 11:10:47.325   611   611 E [MITEE] : Request: 282 Max size: 131072
--
12-27 11:10:47.740  9405  9521 E libc++abi: NativeEventEmitter@1:321229
12-27 11:10:47.740  9405  9521 E libc++abi: anonymous@1:1982419
12-27 11:10:47.740  9405  9521 E libc++abi: loadModuleImplementation@1:46949
12-27 11:10:47.740  9405  9521 E libc++abi: guardedLoadModule@1:46473
12-27 11:10:47.740  9405  9521 E libc++abi: metroRequire@1:46069
12-27 11:10:47.740  9405  9521 E libc++abi: anonymous@1:793034
12-27 11:10:47.740  9405  9521 E libc++abi: loadModuleImplementation@1:46949
12-27 11:10:47.740  9405  9521 E libc++abi: guardedLoadModule@1:46473
12-27 11:10:47.740  9405  9521 E libc++abi: metroRequire@1:46069
12-27 11:10:47.740  9405  9521 E libc++abi: anonymous@1:53604
12-27 11:10:47.740  9405  9521 E libc++abi: loadModuleImplementation@1:46949
12-27 11:10:47.740  9405  9521 E libc++abi: guardedLoadModule@1:46430
12-27 11:10:47.740  9405  9521 E libc++abi: metroRequire@1:46069
12-27 11:10:47.740  9405  9521 E libc++abi: global@1:45591
12-27 11:10:47.740  9405  9521 E libc++abi: 
12-27 11:10:47.740  9405  9521 E libc++abi: 	at com.facebook.react.modules.core.ExceptionsManagerModule.reportException(ExceptionsManagerModule.kt:52)
12-27 11:10:47.740  9405  9521 E libc++abi: 	at com.facebook.react.runtime.ReactInstance$ReactJsExceptionHandlerImpl.reportJsException(ReactInstance.kt:291)
12-27 11:10:47.740  9405  9521 E libc++abi: 	at com.facebook.jni.NativeRunnable.run(Native Method)
12-27 11:10:47.740  9405  9521 E libc++abi: 	at android.os.Handler.handleCallback(Handler.java:959)
12-27 11:10:47.740  9405  9521 E libc++abi: 	at android.os.Handler.dis
12-27 11:10:47.743  9405  9521 F libc    : Fatal signal 6 (SIGABRT), code -1 (SI_QUEUE) in tid 9521 (mqt_v_js), pid 9405 (com.aagah)
12-27 11:10:47.749  1110  1110 E PQ_HDR  : DpAsyncBlitStream:: thie platform unsupport compress format
12-27 11:10:47.759 14624 14624 E AwesomeClockCompat: compatClock errorjava.lang.NumberFormatException: For input string: ""
12-27 11:10:47.760  1110  1110 E PQ_HDR  : DpAsyncBlitStream:: thie platform unsupport compress format
12-27 11:10:47.790  1120  1198 E HfLooper: light_data = 3.000000, raw_data = 0.000000, ir_data =-33.000000, gain =1
12-27 11:10:47.799  1816  1834 E ApplicationHelper: Fail to get PackageManager
12-27 11:10:47.799  1816  1834 E ApplicationHelper: Fail to get PackageManager
12-27 11:10:47.814  8261  8521 E GoogleApiManager: Failed to get service from broker. 
12-27 11:10:47.814  8261  8521 E GoogleApiManager: java.lang.SecurityException: Unknown calling package name 'com.google.android.gms'.
12-27 11:10:47.814  8261  8521 E GoogleApiManager: 	at android.os.Parcel.createExceptionOrNull(Parcel.java:3256)
12-27 11:10:47.814  8261  8521 E GoogleApiManager: 	at android.os.Parcel.createException(Parcel.java:3240)
12-27 11:10:47.814  8261  8521 E GoogleApiManager: 	at android.os.Parcel.readException(Parcel.java:3223)
12-27 11:10:47.814  8261  8521 E GoogleApiManager: 	at android.os.Parcel.readException(Parcel.java:3165)
12-27 11:10:47.814  8261  8521 E GoogleApiManager: 	at bckw.a(:com.google.android.gms@254730035@25.47.30 (260400-833691957):36)
12-27 11:10:47.814  8261  8521 E GoogleApiManager: 	at bcix.z(:com.google.android.gms@254730035@25.47.30 (260400-833691957):143)
12-27 11:10:47.814  8261  8521 E GoogleApiManager: 	at bbpa.run(:com.google.android.gms@254730035@25.47.30 (260400-833691957):42)
12-27 11:10:47.814  8261  8521 E GoogleApiManager: 	at android.os.Handler.handleCallback(Handler.java:959)
12-27 11:10:47.814  8261  8521 E GoogleApiManager: 	at android.os.Handler.dispatchMessage(Handler.java:100)
12-27 11:10:47.814  8261  8521 E GoogleApiManager: 	at cpny.ms(:com.google.android.gms@254730035@25.47.30 (260400-833691957):1)
12-27 11:10:47.814  8261  8521 E GoogleApiManager: 	at cpny.dispatchMessage(:com.google.android.gms@254730035@25.47.30 (260400-833691957):5)
12-27 11:10:47.814  8261  8521 E GoogleApiManager: 	at android.os.Looper.loopOnce(Looper.java:249)
--
12-27 11:10:48.189  1120  1198 E HfLooper: light_data = 10.000000, raw_data = 0.000000, ir_data =-33.000000, gain =1
12-27 11:10:48.192  1110  1110 E PQ_HDR  : DpAsyncBlitStream:: thie platform unsupport compress format
12-27 11:10:48.260  1110  1110 E PQ_HDR  : DpAsyncBlitStream:: thie platform unsupport compress format
12-27 11:10:48.282  1110  1110 E PQ_HDR  : DpAsyncBlitStream:: thie platform unsupport compress format
12-27 11:10:48.289  1120  1198 E HfLooper: light_data = 14.000000, raw_data = 0.000000, ir_data =-33.000000, gain =1
12-27 11:10:48.293  1110  1110 E PQ_HDR  : DpAsyncBlitStream:: thie platform unsupport compress format
12-27 11:10:48.316  1816  1834 E ApplicationHelper: Fail to get PackageManager
12-27 11:10:48.316  1816  1834 E ApplicationHelper: Fail to get PackageManager
12-27 11:10:48.316  1816  1834 E ApplicationHelper: Fail to get PackageManager
12-27 11:10:48.316  1816  1834 E ApplicationHelper: Fail to get PackageManager
12-27 11:10:48.316  1816  1834 E ApplicationHelper: Fail to get PackageManager
12-27 11:10:48.316  1816  1834 E ApplicationHelper: Fail to get PackageManager
12-27 11:10:48.316  1816  1834 E ApplicationHelper: Fail to get PackageManager
12-27 11:10:48.317  1816  1834 E ApplicationHelper: Fail to get PackageManager
12-27 11:10:48.337  1110  1110 E PQ_HDR  : DpAsyncBlitStream:: thie platform unsupport compress format
12-27 11:10:48.345  1816  2602 E ProcessManager: error write exception log
12-27 11:10:48.358  8186  8219 E Indus-ConnectionRSA: get key exception : com.android.org.bouncycastle.jcajce.provider.util.BadBlockException: unable to decrypt block
12-27 11:10:48.389  2955  3057 E KeyguardTransitionHandlerImpl: activityCount = 0
12-27 11:10:48.389  2955  3057 E KeyguardTransitionHandlerImpl: activityCount = 0
12-27 11:10:48.389 14624 15146 E ActivityManagerWrapper: getRecentTasksForceIncludingTaskIdIfValid: getRecentTasks: size=3
12-27 11:10:48.389 14624 15146 E ActivityManagerWrapper:  mainTaskId=14501   userId=0   windowMode=1   baseIntent=Intent { act=android.intent.action.MAIN flag=270532608 cmp=ComponentInfo{com.aagah/com.aagah.MainActivity} }
12-27 11:10:48.389 14624 15146 E ActivityManagerWrapper:  mainTaskId=14497   userId=0   windowMode=1   baseIntent=Intent { act=android.intent.action.MAIN flag=287309824 cmp=ComponentInfo{com.google.android.youtube/com.google.android.youtube.app.honeycomb.Shell$HomeActivity} }
12-27 11:10:48.389 14624 15146 E ActivityManagerWrapper:  mainTaskId=14495   userId=0   windowMode=1   baseIntent=Intent { act=android.intent.action.MAIN flag=287309824 cmp=ComponentInfo{com.android.chrome/com.google.android.apps.chrome.Main} }
12-27 11:10:48.390  1120  1198 E HfLooper: light_data = 15.000000, raw_data = 0.000000, ir_data =-33.000000, gain =1
12-27 11:10:48.391  9293  9293 E SlowAppComponent: 0ms: InstagramAppShell instantiating…
12-27 11:10:48.392  9293  9293 E SlowAppComponent: Main thread was blocked for 1592ms in the background starting with InstagramAppShell
12-27 11:10:48.400  1816  1834 E ApplicationHelper: Fail to get PackageManager
12-27 11:10:48.405  1110  1110 E PQ_HDR  : DpAsyncBlitStream:: thie platform unsupport compress format
12-27 11:10:48.415  1110  1110 E PQ_HDR  : DpAsyncBlitStream:: thie platform unsupport compress format
12-27 11:10:48.429  2934  3412 E SmsApplication: com.google.android.apps.messaging lost android:read_cell_broadcasts:  (fixing)
12-27 11:10:48.437  1110  1110 E PQ_HDR  : DpAsyncBlitStream:: thie platform unsupport compress format
12-27 11:10:48.445 14624 15146 E ActivityManagerWrapper: get all recent tasks force including 14501
12-27 11:10:48.449  1110  1110 E PQ_HDR  : DpAsyncBlitStream:: thie platform unsupport compress format
12-27 11:10:48.465 14624 15146 E ActivityManagerWrapper: getRecentTasksForceIncludingTaskIdIfValid: getRecentTasks: size=3
12-27 11:10:48.465 14624 15146 E ActivityManagerWrapper:  mainTaskId=14501   userId=0   windowMode=1   baseIntent=Intent { act=android.intent.action.MAIN flag=270532608 cmp=ComponentInfo{com.aagah/com.aagah.MainActivity} }
12-27 11:10:48.465 14624 15146 E ActivityManagerWrapper:  mainTaskId=14497   userId=0   windowMode=1   baseIntent=Intent { act=android.intent.action.MAIN flag=287309824 cmp=ComponentInfo{com.google.android.youtube/com.google.android.youtube.app.honeycomb.Shell$HomeActivity} }
12-27 11:10:48.465 14624 15146 E ActivityManagerWrapper:  mainTaskId=14495   userId=0   windowMode=1   baseIntent=Intent { act=android.intent.action.MAIN flag=287309824 cmp=ComponentInfo{com.android.chrome/com.google.android.apps.chrome.Main} }
12-27 11:10:48.470  1816  1834 E ApplicationHelper: Fail to get PackageManager
12-27 11:10:48.476  9602  9602 E Zygote  : process_name_ptr:9602 com.xiaomi.discover
12-27 11:10:48.476  9602  9602 E Zygote  : SetMemoryProtected process_name_ptr:9602 com.xiaomi.discover
12-27 11:10:48.485  1816  2559 E ConnectivityService: RemoteException caught trying to send a callback msg for NetworkRequest [ LISTEN id=104089, [ Transports: CELLULAR|WIFI|BLUETOOTH|ETHERNET|VPN Capabilities: INTERNET&NOT_RESTRICTED&TRUSTED&NOT_VPN&FOREGROUND&NOT_VCN_MANAGED&NOT_BANDWIDTH_CONSTRAINED Uid: 10100 RequestorUid: 10100 RequestorPkg: com.facebook.services UnderlyingNetworks: Null] ]
12-27 11:10:48.489  1120  1198 E HfLooper: light_data = 16.000000, raw_data = 0.000000, ir_data =-33.000000, gain =1
12-27 11:10:48.499  1113  1342 E C2MtkVdec: [0xB400007A8A40D0E8] Lock on weak_ptr (mIntf) returns null.
12-27 11:10:48.504  1110  1110 E PQ_HDR  : DpAsyncBlitStream:: thie platform unsupport compress format
12-27 11:10:48.506  9602  9602 E xiaomi.discover: Not starting debugger since process cannot load the jdwp agent.
12-27 11:10:48.517  1110  1110 E PQ_HDR  : DpAsyncBlitStream:: thie platform unsupport compress format
12-27 11:10:48.521  9293  9293 E SlowAppComponent: 0ms: IgBgFetchTaskLifeService instantiating…
12-27 11:10:48.521  9293  9293 E SlowAppComponent: 48ms: KeepWarmReceiver instantiating…
12-27 11:10:48.521  9293  9293 E SlowAppComponent: Main thread was blocked for 49ms in the background starting with IgBgFetchTaskLifeService
12-27 11:10:48.528  1110  1110 E PQ_HDR  : DpAsyncBlitStream:: thie platform unsupport compress format
12-27 11:10:48.538  1816  2882 E RoleControllerServiceImpl: Default/fallback role holder package doesn't qualify for the role, package: com.google.android.gms.supervision, role: android.app.role.SYSTEM_SUPERVISION, user: 0
12-27 11:10:48.538  1110  1110 E PQ_HDR  : DpAsyncBlitStream:: thie platform unsupport compress format
12-27 11:10:48.550  1110  1110 E PQ_HDR  : DpAsyncBlitStream:: thie platform unsupport compress format
12-27 11:10:48.559  1110  1110 E PQ_HDR  : DpAsyncBlitStream:: thie platform unsupport compress format
12-27 11:10:48.571  1110  1110 E PQ_HDR  : DpAsyncBlitStream:: thie platform unsupport compress format
--
12-27 11:10:49.980  2955  2955 E StackScroller: updateSidePadding: viewWidth is zero
12-27 11:10:49.990  1120  1198 E HfLooper: light_data = 9.000000, raw_data = 0.000000, ir_data =-33.000000, gain =1
12-27 11:10:49.991  9706  9817 E XiaomiAccountManager: PassportLog@A2^6C[Y2FsbGVyIHNpZ25hdHVyZSA9IEFwcFNpZ25hdHVyZUhhc2h7c2hhMT0nN0I2REM3MDc5QzM0NzM5Q0U4MTE1OTcxOUZCNUVCNjFEMkEwMzIyNScsIG1kNT0nNzAxNDc4QTFFM0I0QjdFMzk3OEVBNjk0Njk0MTBGMTMnfQ==]
12-27 11:10:49.992  9706  9817 E XiaomiAccountManager: PassportLog@A2^6C[c3lzIGFjY291bnQgc2lnbmF0dXJlID0gQXBwU2lnbmF0dXJlSGFzaHtzaGExPSc3QjZEQzcwNzlDMzQ3MzlDRTgxMTU5NzE5RkI1RUI2MUQyQTAzMjI1JywgbWQ1PSc3MDE0NzhBMUUzQjRCN0UzOTc4RUE2OTQ2OTQxMEYxMyd9]
12-27 11:10:49.993  1816  1834 E ApplicationHelper: Fail to get PackageManager
12-27 11:10:49.994  9706  9817 E XiaomiAccountManager: PassportLog@A2^6C[aGFzIHN5c3RlbSBhY2NvdW50IGFwcCBhbmQgY3VycmVudCBjb20ueGlhb21pLmdsZ20gaGFzIHNhbWUgc2lnbmF0dXJl]
12-27 11:10:50.004  9706  9817 E AccountLoginUploader: PassportLog@A2^6C[cmV0cnlMb2NhbFVwbG9hZD4+PmtleVNldD1bXQ==]
12-27 11:10:50.013  9706  9821 E SecureDataManager: PassportLog@A2^6C[Z2V0IGtleSBudWxsPyBmYWxzZQ==]
12-27 11:10:50.013  9706  9821 E SecureDataManager: PassportLog@A2^6C[aW5pdEV4aXN0aW5nS2V5I2luaXQgZXhpc3Rpbmcga2V5IGNvc3QgOSBtcw==]
12-27 11:10:50.013  9706  9821 E SecureDataManager: PassportLog@A2^6C[YWxyZWFkeSBnZW5lcmF0ZSBrZXk=]
12-27 11:10:50.018  9293  9565 E ActionQueryTaskListener: 1 onTaskStart BACKGROUND modules: [executorch]
12-27 11:10:50.019  9293  9797 E ActionQueryTaskListener: 1 onLoadBatchStart BACKGROUND modules: [executorch]
12-27 11:10:50.034  1816  1834 E ApplicationHelper: Fail to get PackageManager
12-27 11:10:50.036  9293  9797 E ActionQueryTaskListener: 1 onLoadBatchComplete exception: null BACKGROUND modules: [executorch]
12-27 11:10:50.086  9551  9551 F DEBUG   : *** *** *** *** *** *** *** *** *** *** *** *** *** *** *** ***
12-27 11:10:50.086  9551  9551 F DEBUG   : Build fingerprint: 'Redmi/air_in/air:15/AP3A.240905.015.A2/OS2.0.204.0.VGQINXM:user/release-keys'
12-27 11:10:50.086  9551  9551 F DEBUG   : Revision: '0'
12-27 11:10:50.086  9551  9551 F DEBUG   : ABI: 'arm64'
12-27 11:10:50.086  9551  9551 F DEBUG   : Timestamp: 2025-12-27 11:10:47.990542943+0530
12-27 11:10:50.086  9551  9551 F DEBUG   : Process uptime: 2s
12-27 11:10:50.086  9551  9551 F DEBUG   : Cmdline: com.aagah
12-27 11:10:50.086  9551  9551 F DEBUG   : pid: 9405, tid: 9521, name: mqt_v_js  >>> com.aagah <<<
12-27 11:10:50.087  9551  9551 F DEBUG   : uid: 10400
12-27 11:10:50.087  9551  9551 F DEBUG   : tagged_addr_ctrl: 0000000000000001 (PR_TAGGED_ADDR_ENABLE)
12-27 11:10:50.087  9551  9551 F DEBUG   : signal 6 (SIGABRT), code -1 (SI_QUEUE), fault addr --------
12-27 11:10:50.087  9551  9551 F DEBUG   : Abort message: 'terminating due to uncaught exception of type facebook::jni::JniException: com.facebook.react.common.JavascriptException: [runtime not ready]: Error: The package 'react-native-sound' doesn't seem to be linked. Make sure: 
12-27 11:10:50.087  9551  9551 F DEBUG   : 
12-27 11:10:50.087  9551  9551 F DEBUG   : - You rebuilt the app after installing the package
12-27 11:10:50.087  9551  9551 F DEBUG   : - You are not using Expo Go
12-27 11:10:50.087  9551  9551 F DEBUG   : , stack:
12-27 11:10:50.087  9551  9551 F DEBUG   : get@1:1982584
12-27 11:10:50.087  9551  9551 F DEBUG   : NativeEventEmitter@1:321229
12-27 11:10:50.087  9551  9551 F DEBUG   : anonymous@1:1982419
12-27 11:10:50.087  9551  9551 F DEBUG   : loadModuleImplementation@1:46949
12-27 11:10:50.087  9551  9551 F DEBUG   : guardedLoadModule@1:46473
12-27 11:10:50.087  9551  9551 F DEBUG   : metroRequire@1:46069
12-27 11:10:50.087  9551  9551 F DEBUG   : anonymous@1:793034
12-27 11:10:50.087  9551  9551 F DEBUG   : loadModuleImplementation@1:46949
12-27 11:10:50.087  9551  9551 F DEBUG   : guardedLoadModule@1:46473
12-27 11:10:50.087  9551  9551 F DEBUG   : metroRequire@1:46069
12-27 11:10:50.087  9551  9551 F DEBUG   : anonymous@1:53604
12-27 11:10:50.087  9551  9551 F DEBUG   : loadModuleImplementation@1:46949
--
12-27 11:10:50.087  9551  9551 F DEBUG   : 	at android.os.Handler.dispatchMessage(Handler.java:100)
12-27 11:10:50.087  9551  9551 F DEBUG   : 	at com.facebook.react.bridge.queue.MessageQueueThreadHandler.dispatchMessage(MessageQueueThreadHandler.kt:21)
12-27 11:10:50.087  9551  9551 F DEBUG   : 	at android.os.Looper.loopOnce(Looper.java:249)
12-27 11:10:50.087  9551  9551 F DEBUG   : 	at android.os.Looper.loop(Looper.java:337)
12-27 11:10:50.087  9551  9551 F DEBUG   : 	at com.facebook.react.bridge.queue.MessageQueueThreadImpl$Companion.startNewBackgroundThread$lambda$0(MessageQueueThreadImpl.kt:152)
12-27 11:10:50.087  9551  9551 F DEBUG   : 	at com.facebook.react.bridge.queue.MessageQueueThreadImpl$Companion.$r8$lambda$YYXYCFexeoKtAeDpeNYkxZZlpbA(Unknown Source:0)
12-27 11:10:50.087  9551  9551 F DEBUG   : 	at com.facebook.react.bridge.queue.MessageQueueThreadImpl$Companion$$ExternalSyntheticLambda0.run(D8$$SyntheticClass:0)
12-27 11:10:50.087  9551  9551 F DEBUG   : 	at java.lang.Thread.run(Thread.java:1119)'
12-27 11:10:50.087  9551  9551 F DEBUG   :     x0  0000000000000000  x1  0000000000002531  x2  0000000000000006  x3  00000075a60d68c0
12-27 11:10:50.087  9551  9551 F DEBUG   :     x4  646277641f736766  x5  646277641f736766  x6  646277641f736766  x7  7f7f7f7f7f7f7f7f
12-27 11:10:50.087  9551  9551 F DEBUG   :     x8  00000000000000f0  x9  00000079c84ed548  x10 0000000000000001  x11 00000079c853f5a0
12-27 11:10:50.087  9551  9551 F DEBUG   :     x12 00000079cfe3f020  x13 000000007fffffff  x14 000000000d1c8b7a  x15 00000ea9995f75bf
12-27 11:10:50.087  9551  9551 F DEBUG   :     x16 00000079c85a9008  x17 00000079c8593100  x18 00000075a5808000  x19 00000000000024bd
12-27 11:10:50.087  9551  9551 F DEBUG   :     x20 0000000000002531  x21 00000000ffffffff  x22 00000075a60d69f0  x23 00000075a60d6a30
12-27 11:10:50.087  9551  9551 F DEBUG   :     x24 00000075a60d6ae0  x25 000000000000000f  x26 0000007645b32bc9  x27 0000007645b2f843
12-27 11:10:50.087  9551  9551 F DEBUG   :     x28 0000007645b29d59  x29 00000075a60d6940
12-27 11:10:50.087  9551  9551 F DEBUG   :     lr  00000079c8527e98  sp  00000075a60d68a0  pc  00000079c8527ec4  pst 0000000000001000
12-27 11:10:50.087  9551  9551 F DEBUG   : 47 total frames
12-27 11:10:50.087  9551  9551 F DEBUG   : backtrace:
12-27 11:10:50.087  9551  9551 F DEBUG   :       #00 pc 000000000005dec4  /apex/com.android.runtime/lib64/bionic/libc.so (abort+164) (BuildId: 2d643b9d04346862a8e0c7d49db87c66)
12-27 11:10:50.087  9551  9551 F DEBUG   :       #01 pc 00000000000a0210  /data/app/~~CWLi9S-uTjHC4-hKqP-JKg==/com.aagah-gXqi6X6Y2YP12KDcv3RS5A==/base.apk!libc++_shared.so (offset 0xbc4000) (BuildId: 6783a7f3a0d9c67c55a74cadc441ed55aaa493da)
12-27 11:10:50.087  9551  9551 F DEBUG   :       #02 pc 000000000009eeb0  /data/app/~~CWLi9S-uTjHC4-hKqP-JKg==/com.aagah-gXqi6X6Y2YP12KDcv3RS5A==/base.apk!libc++_shared.so (offset 0xbc4000) (BuildId: 6783a7f3a0d9c67c55a74cadc441ed55aaa493da)
12-27 11:10:50.087  9551  9551 F DEBUG   :       #03 pc 000000000009f374  /data/app/~~CWLi9S-uTjHC4-hKqP-JKg==/com.aagah-gXqi6X6Y2YP12KDcv3RS5A==/base.apk!libc++_shared.so (offset 0xbc4000) (BuildId: 6783a7f3a0d9c67c55a74cadc441ed55aaa493da)
12-27 11:10:50.087  9551  9551 F DEBUG   :       #04 pc 000000000009f314  /data/app/~~CWLi9S-uTjHC4-hKqP-JKg==/com.aagah-gXqi6X6Y2YP12KDcv3RS5A==/base.apk!libc++_shared.so (offset 0xbc4000) (std::terminate()+56) (BuildId: 6783a7f3a0d9c67c55a74cadc441ed55aaa493da)
12-27 11:10:50.087  9551  9551 F DEBUG   :       #05 pc 000000000027e224  /data/app/~~CWLi9S-uTjHC4-hKqP-JKg==/com.aagah-gXqi6X6Y2YP12KDcv3RS5A==/base.apk!libreactnative.so (offset 0x121c000) (BuildId: 691b347289c731b84861047df2aaafbd84f47080)
12-27 11:10:50.087  9551  9551 F DEBUG   :       #06 pc 00000000004bf374  /data/app/~~CWLi9S-uTjHC4-hKqP-JKg==/com.aagah-gXqi6X6Y2YP12KDcv3RS5A==/base.apk!libreactnative.so (offset 0x121c000) (BuildId: 691b347289c731b84861047df2aaafbd84f47080)
12-27 11:10:50.087  9551  9551 F DEBUG   :       #07 pc 00000000002db9e4  /data/app/~~CWLi9S-uTjHC4-hKqP-JKg==/com.aagah-gXqi6X6Y2YP12KDcv3RS5A==/base.apk!libreactnative.so (offset 0x121c000) (facebook::react::JsErrorHandler::handleErrorWithCppPipeline(facebook::jsi::Runtime&, facebook::jsi::JSError&, bool, bool)+7440) (BuildId: 691b347289c731b84861047df2aaafbd84f47080)
12-27 11:10:50.087  9551  9551 F DEBUG   :       #08 pc 00000000002d9988  /data/app/~~CWLi9S-uTjHC4-hKqP-JKg==/com.aagah-gXqi6X6Y2YP12KDcv3RS5A==/base.apk!libreactnative.so (offset 0x121c000) (facebook::react::JsErrorHandler::handleError(facebook::jsi::Runtime&, facebook::jsi::JSError&, bool, bool)+1684) (BuildId: 691b347289c731b84861047df2aaafbd84f47080)
12-27 11:10:50.087  9551  9551 F DEBUG   :       #09 pc 000000000028d420  /data/app/~~CWLi9S-uTjHC4-hKqP-JKg==/com.aagah-gXqi6X6Y2YP12KDcv3RS5A==/base.apk!libreactnative.so (offset 0x121c000) (BuildId: 691b347289c731b84861047df2aaafbd84f47080)
12-27 11:10:50.087  9551  9551 F DEBUG   :       #10 pc 00000000000abe48  /data/app/~~CWLi9S-uTjHC4-hKqP-JKg==/com.aagah-gXqi6X6Y2YP12KDcv3RS5A==/base.apk!libhermesvm.so (offset 0xd60000) (BuildId: 5ecc060199caaf24c191abad40cb4d0af7fb15d6)
12-27 11:10:50.087  9551  9551 F DEBUG   :       #11 pc 00000000000abb84  /data/app/~~CWLi9S-uTjHC4-hKqP-JKg==/com.aagah-gXqi6X6Y2YP12KDcv3RS5A==/base.apk!libhermesvm.so (offset 0xd60000) (BuildId: 5ecc060199caaf24c191abad40cb4d0af7fb15d6)
12-27 11:10:50.087  9551  9551 F DEBUG   :       #12 pc 00000000000b4370  /data/app/~~CWLi9S-uTjHC4-hKqP-JKg==/com.aagah-gXqi6X6Y2YP12KDcv3RS5A==/base.apk!libhermesvm.so (offset 0xd60000) (BuildId: 5ecc060199caaf24c191abad40cb4d0af7fb15d6)
12-27 11:10:50.087  9551  9551 F DEBUG   :       #13 pc 00000000000c6758  /data/app/~~CWLi9S-uTjHC4-hKqP-JKg==/com.aagah-gXqi6X6Y2YP12KDcv3RS5A==/base.apk!libhermesvm.so (offset 0xd60000) (BuildId: 5ecc060199caaf24c191abad40cb4d0af7fb15d6)
12-27 11:10:50.087  9551  9551 F DEBUG   :       #14 pc 00000000000c60b8  /data/app/~~CWLi9S-uTjHC4-hKqP-JKg==/com.aagah-gXqi6X6Y2YP12KDcv3RS5A==/base.apk!libhermesvm.so (offset 0xd60000) (BuildId: 5ecc060199caaf24c191abad40cb4d0af7fb15d6)
12-27 11:10:50.087  9551  9551 F DEBUG   :       #15 pc 00000000000f5b80  /data/app/~~CWLi9S-uTjHC4-hKqP-JKg==/com.aagah-gXqi6X6Y2YP12KDcv3RS5A==/base.apk!libhermesvm.so (offset 0xd60000) (BuildId: 5ecc060199caaf24c191abad40cb4d0af7fb15d6)
12-27 11:10:50.087  9551  9551 F DEBUG   :       #16 pc 00000000000a0cb0  /data/app/~~CWLi9S-uTjHC4-hKqP-JKg==/com.aagah-gXqi6X6Y2YP12KDcv3RS5A==/base.apk!libhermesvm.so (offset 0xd60000) (BuildId: 5ecc060199caaf24c191abad40cb4d0af7fb15d6)
12-27 11:10:50.087  9551  9551 F DEBUG   :       #17 pc 00000000000a70c4  /data/app/~~CWLi9S-uTjHC4-hKqP-JKg==/com.aagah-gXqi6X6Y2YP12KDcv3RS5A==/base.apk!libhermesvm.so (offset 0xd60000) (BuildId: 5ecc060199caaf24c191abad40cb4d0af7fb15d6)
12-27 11:10:50.087  9551  9551 F DEBUG   :       #18 pc 00000000000a0ab0  /data/app/~~CWLi9S-uTjHC4-hKqP-JKg==/com.aagah-gXqi6X6Y2YP12KDcv3RS5A==/base.apk!libhermesvm.so (offset 0xd60000) (BuildId: 5ecc060199caaf24c191abad40cb4d0af7fb15d6)
12-27 11:10:50.087  9551  9551 F DEBUG   :       #19 pc 0000000000288e3c  /data/app/~~CWLi9S-uTjHC4-hKqP-JKg==/com.aagah-gXqi6X6Y2YP12KDcv3RS5A==/base.apk!libreactnative.so (offset 0x121c000) (BuildId: 691b347289c731b84861047df2aaafbd84f47080)
12-27 11:10:50.087  9551  9551 F DEBUG   :       #20 pc 0000000000457ce4  /data/app/~~CWLi9S-uTjHC4-hKqP-JKg==/com.aagah-gXqi6X6Y2YP12KDcv3RS5A==/base.apk!libreactnative.so (offset 0x121c000) (facebook::react::Task::execute(facebook::jsi::Runtime&, bool)+312) (BuildId: 691b347289c731b84861047df2aaafbd84f47080)
