12-27 11:11:00.033 10150 10150 F DEBUG   :       #26 pc 0000000000017dd0  /data/app/~~CWLi9S-uTjHC4-hKqP-JKg==/com.aagah-gXqi6X6Y2YP12KDcv3RS5A==/base.apk!libfbjni.so (offset 0xd04000) (facebook::jni::detail::MethodWrapper<void (facebook::jni::JNativeRunnable::*)(), &facebook::jni::JNativeRunnable::run(), facebook::jni::JNativeRunnable, void>::dispatch(facebook::jni::alias_ref<facebook::jni::detail::JTypeFor<facebook::jni::HybridClass<facebook::jni::JNativeRunnable, facebook::jni::JRunnable>::JavaPart, facebook::jni::JRunnable, void>::_javaobject*>)+72) (BuildId: e438f6554af1d86b210a05412e96c4251e570157)
12-27 11:11:00.033 10150 10150 F DEBUG   :       #27 pc 0000000000017d10  /data/app/~~CWLi9S-uTjHC4-hKqP-JKg==/com.aagah-gXqi6X6Y2YP12KDcv3RS5A==/base.apk!libfbjni.so (offset 0xd04000) (facebook::jni::detail::FunctionWrapper<void (*)(facebook::jni::alias_ref<facebook::jni::detail::JTypeFor<facebook::jni::HybridClass<facebook::jni::JNativeRunnable, facebook::jni::JRunnable>::JavaPart, facebook::jni::JRunnable, void>::_javaobject*>), facebook::jni::detail::JTypeFor<facebook::jni::HybridClass<facebook::jni::JNativeRunnable, facebook::jni::JRunnable>::JavaPart, facebook::jni::JRunnable, void>::_javaobject*, void>::call(_JNIEnv*, _jobject*, void (*)(facebook::jni::alias_ref<facebook::jni::detail::JTypeFor<facebook::jni::HybridClass<facebook::jni::JNativeRunnable, facebook::jni::JRunnable>::JavaPart, facebook::jni::JRunnable, void>::_javaobject*>))+60) (BuildId: e438f6554af1d86b210a05412e96c4251e570157)
12-27 11:11:00.034 10150 10150 F DEBUG   :       #28 pc 0000000000f0bc10  /data/misc/apexdata/com.android.art/dalvik-cache/arm64/boot.oat (art_jni_trampoline+112)
12-27 11:11:00.034 10150 10150 F DEBUG   :       #29 pc 000000000098fe04  /data/misc/apexdata/com.android.art/dalvik-cache/arm64/boot.oat (android.os.Handler.dispatchMessage+68)
12-27 11:11:00.034 10150 10150 F DEBUG   :       #30 pc 000000000068a320  /apex/com.android.art/lib64/libart.so (nterp_helper+4016) (BuildId: eb4ec0f1d1c7267591d83fa87cb36390)
12-27 11:11:00.034 10150 10150 F DEBUG   :       #31 pc 0000000000bac972  /data/app/~~CWLi9S-uTjHC4-hKqP-JKg==/com.aagah-gXqi6X6Y2YP12KDcv3RS5A==/oat/arm64/base.vdex (com.facebook.react.bridge.queue.MessageQueueThreadHandler.dispatchMessage+10)
12-27 11:11:00.034 10150 10150 F DEBUG   :       #32 pc 0000000000993aa4  /data/misc/apexdata/com.android.art/dalvik-cache/arm64/boot.oat (android.os.Looper.loopOnce+1012)
12-27 11:11:00.034 10150 10150 F DEBUG   :       #33 pc 0000000000993608  /data/misc/apexdata/com.android.art/dalvik-cache/arm64/boot.oat (android.os.Looper.loop+632)
12-27 11:11:00.034 10150 10150 F DEBUG   :       #34 pc 0000000000689408  /apex/com.android.art/lib64/libart.so (nterp_helper+152) (BuildId: eb4ec0f1d1c7267591d83fa87cb36390)
12-27 11:11:00.034 10150 10150 F DEBUG   :       #35 pc 0000000000bacc1c  /data/app/~~CWLi9S-uTjHC4-hKqP-JKg==/com.aagah-gXqi6X6Y2YP12KDcv3RS5A==/oat/arm64/base.vdex (com.facebook.react.bridge.queue.MessageQueueThreadImpl$Companion.startNewBackgroundThread$lambda$0+28)
12-27 11:11:00.034 10150 10150 F DEBUG   :       #36 pc 0000000000689408  /apex/com.android.art/lib64/libart.so (nterp_helper+152) (BuildId: eb4ec0f1d1c7267591d83fa87cb36390)
12-27 11:11:00.034 10150 10150 F DEBUG   :       #37 pc 0000000000bacbb8  /data/app/~~CWLi9S-uTjHC4-hKqP-JKg==/com.aagah-gXqi6X6Y2YP12KDcv3RS5A==/oat/arm64/base.vdex (com.facebook.react.bridge.queue.MessageQueueThreadImpl$Companion.$r8$lambda$YYXYCFexeoKtAeDpeNYkxZZlpbA+0)
12-27 11:11:00.034 10150 10150 F DEBUG   :       #38 pc 0000000000689408  /apex/com.android.art/lib64/libart.so (nterp_helper+152) (BuildId: eb4ec0f1d1c7267591d83fa87cb36390)
12-27 11:11:00.034 10150 10150 F DEBUG   :       #39 pc 0000000000baca08  /data/app/~~CWLi9S-uTjHC4-hKqP-JKg==/com.aagah-gXqi6X6Y2YP12KDcv3RS5A==/oat/arm64/base.vdex (com.facebook.react.bridge.queue.MessageQueueThreadImpl$Companion$$ExternalSyntheticLambda0.run+4)
12-27 11:11:00.034 10150 10150 F DEBUG   :       #40 pc 000000000037d4f0  /data/misc/apexdata/com.android.art/dalvik-cache/arm64/boot.oat (java.lang.Thread.run+64)
12-27 11:11:00.034 10150 10150 F DEBUG   :       #41 pc 0000000000317194  /apex/com.android.art/lib64/libart.so (art_quick_invoke_stub+612) (BuildId: eb4ec0f1d1c7267591d83fa87cb36390)
12-27 11:11:00.034 10150 10150 F DEBUG   :       #42 pc 0000000000302838  /apex/com.android.art/lib64/libart.so (art::ArtMethod::Invoke(art::Thread*, unsigned int*, unsigned int, art::JValue*, char const*)+216) (BuildId: eb4ec0f1d1c7267591d83fa87cb36390)
12-27 11:11:00.034 10150 10150 F DEBUG   :       #43 pc 00000000004c8298  /apex/com.android.art/lib64/libart.so (art::Thread::CreateCallback(void*)+932) (BuildId: eb4ec0f1d1c7267591d83fa87cb36390)
12-27 11:11:00.034 10150 10150 F DEBUG   :       #44 pc 00000000004c7ee4  /apex/com.android.art/lib64/libart.so (art::Thread::CreateCallbackWithUffdGc(void*)+8) (BuildId: eb4ec0f1d1c7267591d83fa87cb36390)
12-27 11:11:00.034 10150 10150 F DEBUG   :       #45 pc 0000000000070668  /apex/com.android.runtime/lib64/bionic/libc.so (__pthread_start(void*)+200) (BuildId: 2d643b9d04346862a8e0c7d49db87c66)
12-27 11:11:00.034 10150 10150 F DEBUG   :       #46 pc 0000000000061a00  /apex/com.android.runtime/lib64/bionic/libc.so (__start_thread+64) (BuildId: 2d643b9d04346862a8e0c7d49db87c66)
12-27 11:11:00.082 10194 10194 E AEE_AED : Skipped(1) - do not care third party apk
12-27 11:11:00.083 10194 10194 E AEE_AED : handle_request: return status is fail
12-27 11:11:00.084 10150 10150 E crash_dump64: crash_mini_dump_notify: writing 'start dumping' fail: Broken pipe
12-27 11:11:00.084   665   665 E tombstoned: Tombstone written to: tombstone_02
12-27 11:11:00.085 10150 10150 E MIUINDBG: miui_native_debug_process_O
12-27 11:11:00.086 10150 10150 E MIUINDBG: crash_dump(miuindbg) client read ack success
12-27 11:11:00.086 10150 10150 E MIUINDBG: core type: 0 
12-27 11:11:00.086 10150 10150 E MIUINDBG: unable to connect to mqsas native socket
12-27 11:11:00.090  1120  1198 E HfLooper: light_data = 4.000000, raw_data = 0.000000, ir_data =-33.000000, gain =1
12-27 11:11:00.098  2955  3057 E KeyguardTransitionHandlerImpl: activityCount = 0
12-27 11:11:00.127  1816  1834 E ApplicationHelper: Fail to get PackageManager
12-27 11:11:00.127  1816  1834 E ApplicationHelper: Fail to get PackageManager
12-27 11:11:00.132  1816  1834 E ApplicationHelper: Fail to get PackageManager
12-27 11:11:00.137  1180  1180 E MI-SF   : surfaceflinger setAffinity success
12-27 11:11:00.189  1120  1198 E HfLooper: light_data = 4.000000, raw_data = 0.000000, ir_data =-33.000000, gain =1
12-27 11:11:00.208  6893  9037 E SmartAppAssistant: SystemUtil get  applicationInfo fail
12-27 11:11:00.289  1120  1198 E HfLooper: light_data = 3.000000, raw_data = 0.000000, ir_data =-33.000000, gain =1
12-27 11:11:00.329  1816  1834 E ApplicationHelper: Fail to get PackageManager
12-27 11:11:00.390  1120  1198 E HfLooper: light_data = 4.000000, raw_data = 0.000000, ir_data =-33.000000, gain =1
12-27 11:11:00.414 14624 14624 E WindowTransitionCompat: com.android.systemui.shared.recents.system.WindowTransitionCompat@6c2052d finishTransition toHome = true
12-27 11:11:00.418  1816  8613 E WindowManager: setClientVisible ActivityRecord{8b42779 u0 com.aagah/.MainActivity t14503 f} isExiting} false
12-27 11:11:00.418 14624 14624 E RotationHelper: setCurrentTransitionRequest: request=0
12-27 11:11:00.433  1816  8612 E ArtService: Failed to get dexopt status [packageName = com.phonepe.app, dexPath = /data/user/0/com.phonepe.app/app_pccache/5/9C2BDF6C31122BA43D110BBDCFF136C1C2C1E6F7/pcam.jar, isa = arm64, classLoaderContext = PCL[];PCL[/data/app/~~2-XkQmvMqqTesAGj4ip9nQ==/com.phonepe.app-Xsl6MmQ8OKEd5Q0BB2pb7w==/base.apk:/data/app/~~2-XkQmvMqqTesAGj4ip9nQ==/com.phonepe.app-Xsl6MmQ8OKEd5Q0BB2pb7w==/split_card_hce.apk]{PCL[/system/framework/org.apache.http.legacy.jar]}]
12-27 11:11:00.433  1816  8612 E ArtService: android.os.ServiceSpecificException: Failed to create OatFileAssistant: Failed to load class loader context files for '/data/user/0/com.phonepe.app/app_pccache/5/9C2BDF6C31122BA43D110BBDCFF136C1C2C1E6F7/pcam.jar' with context 'PCL[];PCL[/data/app/~~2-XkQmvMqqTesAGj4ip9nQ==/com.phonepe.app-Xsl6MmQ8OKEd5Q0BB2pb7w==/base.apk:/data/app/~~2-XkQmvMqqTesAGj4ip9nQ==/com.phonepe.app-Xsl6MmQ8OKEd5Q0BB2pb7w==/split_card_hce.apk]{PCL[/system/framework/org.apache.http.legacy.jar]}' (code 1)
12-27 11:11:00.433  1816  8612 E ArtService: 	at android.os.Parcel.createExceptionOrNull(Parcel.java:3270)
12-27 11:11:00.433  1816  8612 E ArtService: 	at android.os.Parcel.createException(Parcel.java:3240)
12-27 11:11:00.433  1816  8612 E ArtService: 	at android.os.Parcel.readException(Parcel.java:3223)
12-27 11:11:00.433  1816  8612 E ArtService: 	at android.os.Parcel.readException(Parcel.java:3165)
12-27 11:11:00.433  1816  8612 E ArtService: 	at com.android.server.art.IArtd$Stub$Proxy.getDexoptStatus(IArtd.java:880)
12-27 11:11:00.433  1816  8612 E ArtService: 	at com.android.server.art.ArtFileManager.getUsableArtifacts(ArtFileManager.java:153)
12-27 11:11:00.433  1816  8612 E ArtService: 	at com.android.server.art.ArtManagerLocal.getArtManagedFileStats(ArtManagerLocal.java:1056)
12-27 11:11:00.433  1816  8612 E ArtService: 	at com.android.server.usage.StorageStatsService.computeAppStatsByDataTypes(StorageStatsService.java:978)
12-27 11:11:00.433  1816  8612 E ArtService: 	at com.android.server.usage.StorageStatsService.queryStatsForUid(StorageStatsService.java:460)
12-27 11:11:00.433  1816  8612 E ArtService: 	at com.android.server.usage.StorageStatsService.queryStatsForPackage(StorageStatsService.java:387)
12-27 11:11:00.433  1816  8612 E ArtService: 	at android.app.usage.IStorageStatsManager$Stub.onTransact(IStorageStatsManager.java:265)
12-27 11:11:00.433  1816  8612 E ArtService: 	at android.os.Binder.execTransactInternal(Binder.java:1507)
12-27 11:11:00.433  1816  8612 E ArtService: 	at android.os.Binder.execTransact(Binder.java:1451)
12-27 11:11:00.436 14624 15146 E ActivityManagerWrapper: get all recent tasks force including 14497
12-27 11:11:00.440 14624 15146 E ActivityManagerWrapper: getRecentTasksForceIncludingTaskIdIfValid: getRecentTasks: size=3
12-27 11:11:00.440 14624 15146 E ActivityManagerWrapper:  mainTaskId=14503   userId=0   windowMode=1   baseIntent=Intent { act=android.intent.action.MAIN flag=270532608 cmp=ComponentInfo{com.aagah/com.aagah.MainActivity} }
12-27 11:11:00.440 14624 15146 E ActivityManagerWrapper:  mainTaskId=14497   userId=0   windowMode=1   baseIntent=Intent { act=android.intent.action.MAIN flag=287309824 cmp=ComponentInfo{com.google.android.youtube/com.google.android.youtube.app.honeycomb.Shell$HomeActivity} }
12-27 11:11:00.440 14624 15146 E ActivityManagerWrapper:  mainTaskId=14495   userId=0   windowMode=1   baseIntent=Intent { act=android.intent.action.MAIN flag=287309824 cmp=ComponentInfo{com.android.chrome/com.google.android.apps.chrome.Main} }
12-27 11:11:00.446  8772  8804 E artd    : Unable to resolve path '/data/app/~~2-XkQmvMqqTesAGj4ip9nQ==/com.phonepe.app-Xsl6MmQ8OKEd5Q0BB2pb7w==/base.apk': No such file or directory
12-27 11:11:00.458  1816  1834 E ApplicationHelper: Fail to get PackageManager
12-27 11:11:00.459  1816  1834 E ApplicationHelper: Fail to get PackageManager
12-27 11:11:00.489  1120  1198 E HfLooper: light_data = 2.000000, raw_data = 0.000000, ir_data =-33.000000, gain =1
12-27 11:11:00.520  1180  1180 E MI-SF   : surfaceflinger setAffinity success
12-27 11:11:00.520  1180  1180 E MI-SF   : surfaceflinger setAffinity success
12-27 11:11:00.590  1120  1198 E HfLooper: light_data = 2.000000, raw_data = 0.000000, ir_data =-33.000000, gain =1
12-27 11:11:00.591   481   497 E lowmemorykiller: process_mrelease 9631 failed: No such process
12-27 11:11:00.614  1816  2602 E ProcessManager: error write exception log
12-27 11:11:00.689  1120  1198 E HfLooper: light_data = 4.000000, raw_data = 0.000000, ir_data =-33.000000, gain =1
12-27 11:11:00.790  1120  1198 E HfLooper: light_data = 2.000000, raw_data = 0.000000, ir_data =-33.000000, gain =1
12-27 11:11:00.801  1816  1834 E ApplicationHelper: Fail to get PackageManager
12-27 11:11:00.803  1816  1834 E ApplicationHelper: Fail to get PackageManager
12-27 11:11:00.890  1120  1198 E HfLooper: light_data = 2.000000, raw_data = 0.000000, ir_data =-33.000000, gain =1
12-27 11:11:00.990  1120  1198 E HfLooper: light_data = 2.000000, raw_data = 0.000000, ir_data =-33.000000, gain =1
12-27 11:11:01.090  1120  1198 E HfLooper: light_data = 2.000000, raw_data = 0.000000, ir_data =-33.000000, gain =1
12-27 11:11:01.190  1120  1198 E HfLooper: light_data = 4.000000, raw_data = 0.000000, ir_data =-33.000000, gain =1
12-27 11:11:01.227  1180  1180 E MI-SF   : surfaceflinger setAffinity success
