12-27 11:48:35.827  1816  1853 D WindowManager: setParent old=ActivityRecord{6b53db u0 com.aagah/.MainActivity t14514},new=null,this window=Window{a32ed45 u0 Splash Screen com.aagah},callers=com.android.server.wm.WindowContainer.removeChild:914 com.android.server.wm.ActivityRecord.removeChild:5553 com.android.server.wm.ActivityRecord.removeChild:509 com.android.server.wm.WindowContainer.removeImmediately:984 com.android.server.wm.WindowState.removeImmediately:2550 com.android.server.wm.WindowState.destroySurface:3638 
12-27 11:48:35.828  1816  1853 D WindowManager: postWindowRemoveCleanupLocked: Removing startingWindow Window{a32ed45 u0 Splash Screen com.aagah} from ActivityRecord{6b53db u0 com.aagah/.MainActivity t14514} activity = ActivityRecord{6b53db u0 com.aagah/.MainActivity t14514}
12-27 11:48:35.830  1816  1853 D WindowManager:  applyPostLayoutPolicyLw modify AppearanceRegion  win = Window{893fd98 u0 com.aagah/com.aagah.MainActivity} isEnable = false appearance = 0 getRecordAppearance() = 0
12-27 11:48:35.837  1816  1853 D WindowManager:  applyPostLayoutPolicyLw modify AppearanceRegion  win = Window{893fd98 u0 com.aagah/com.aagah.MainActivity} isEnable = false appearance = 0 getRecordAppearance() = 0
12-27 11:48:35.849  1180  1180 I SurfaceFlinger: onHandleDestroyed: name=Splash Screen com.aagah#150436, layerId=150436, parentId=0
12-27 11:48:35.849  1180  1180 I SurfaceFlinger: onHandleDestroyed: name=Surface(name=a32ed45 Splash Screen com.aagah#150435)/@0x524e9cb - animation-leash of window_animation#150448, layerId=150448, parentId=0
12-27 11:48:35.849  1180  1180 I SurfaceFlinger: onHandleDestroyed: name=a32ed45 Splash Screen com.aagah#150435, layerId=150435, parentId=0
12-27 11:48:35.860  1180  1180 I BufferQueueDebug: [Splash Screen com.aagah#150436](this:0xb4000076e2bc2a28,id:-1,api:0,p:-1,c:1180) onDestructor()
12-27 11:48:35.860  1180  1180 I BufferQueueDebug: [a32ed45 Splash Screen com.aagah#150435](this:0xb4000076e2c19738,id:-1,api:0,p:-1,c:1180) onDestructor()
12-27 11:48:35.860  1180  1180 I BufferQueueDebug: [Surface(name=a32ed45 Splash Screen com.aagah#150435)/@0x524e9cb - animation-leash of window_animation#150448](this:0xb4000076e2cf43a8,id:-1,api:0,p:-1,c:1180) onDestructor()
12-27 11:48:35.891  1816  1852 W TaskSnapshot_CInjector: isTop()...current=com.aagah/.MainActivity, topActivity=com.aagah/.MainActivity
12-27 11:48:35.997 10558 10558 F DEBUG   : Cmdline: com.aagah
12-27 11:48:35.997 10558 10558 F DEBUG   : pid: 10458, tid: 10538, name: mqt_v_js  >>> com.aagah <<<
12-27 11:48:35.997 10558 10558 F DEBUG   :       #01 pc 00000000000a0210  /data/app/~~nrauHYvo_jMdn5Aiy_qMow==/com.aagah-whZHYkVYaCD5ga_dOA6V5Q==/base.apk!libc++_shared.so (offset 0xbc4000) (BuildId: 6783a7f3a0d9c67c55a74cadc441ed55aaa493da)
12-27 11:48:35.997 10558 10558 F DEBUG   :       #02 pc 000000000009eeb0  /data/app/~~nrauHYvo_jMdn5Aiy_qMow==/com.aagah-whZHYkVYaCD5ga_dOA6V5Q==/base.apk!libc++_shared.so (offset 0xbc4000) (BuildId: 6783a7f3a0d9c67c55a74cadc441ed55aaa493da)
12-27 11:48:35.997 10558 10558 F DEBUG   :       #03 pc 000000000009f374  /data/app/~~nrauHYvo_jMdn5Aiy_qMow==/com.aagah-whZHYkVYaCD5ga_dOA6V5Q==/base.apk!libc++_shared.so (offset 0xbc4000) (BuildId: 6783a7f3a0d9c67c55a74cadc441ed55aaa493da)
12-27 11:48:35.997 10558 10558 F DEBUG   :       #04 pc 000000000009f314  /data/app/~~nrauHYvo_jMdn5Aiy_qMow==/com.aagah-whZHYkVYaCD5ga_dOA6V5Q==/base.apk!libc++_shared.so (offset 0xbc4000) (std::terminate()+56) (BuildId: 6783a7f3a0d9c67c55a74cadc441ed55aaa493da)
12-27 11:48:35.997 10558 10558 F DEBUG   :       #05 pc 000000000027e224  /data/app/~~nrauHYvo_jMdn5Aiy_qMow==/com.aagah-whZHYkVYaCD5ga_dOA6V5Q==/base.apk!libreactnative.so (offset 0x121c000) (BuildId: 691b347289c731b84861047df2aaafbd84f47080)
12-27 11:48:35.997 10558 10558 F DEBUG   :       #06 pc 00000000004bf374  /data/app/~~nrauHYvo_jMdn5Aiy_qMow==/com.aagah-whZHYkVYaCD5ga_dOA6V5Q==/base.apk!libreactnative.so (offset 0x121c000) (BuildId: 691b347289c731b84861047df2aaafbd84f47080)
12-27 11:48:35.997 10558 10558 F DEBUG   :       #07 pc 00000000002db9e4  /data/app/~~nrauHYvo_jMdn5Aiy_qMow==/com.aagah-whZHYkVYaCD5ga_dOA6V5Q==/base.apk!libreactnative.so (offset 0x121c000) (facebook::react::JsErrorHandler::handleErrorWithCppPipeline(facebook::jsi::Runtime&, facebook::jsi::JSError&, bool, bool)+7440) (BuildId: 691b347289c731b84861047df2aaafbd84f47080)
12-27 11:48:35.997 10558 10558 F DEBUG   :       #08 pc 00000000002d9988  /data/app/~~nrauHYvo_jMdn5Aiy_qMow==/com.aagah-whZHYkVYaCD5ga_dOA6V5Q==/base.apk!libreactnative.so (offset 0x121c000) (facebook::react::JsErrorHandler::handleError(facebook::jsi::Runtime&, facebook::jsi::JSError&, bool, bool)+1684) (BuildId: 691b347289c731b84861047df2aaafbd84f47080)
12-27 11:48:35.997 10558 10558 F DEBUG   :       #09 pc 000000000028d420  /data/app/~~nrauHYvo_jMdn5Aiy_qMow==/com.aagah-whZHYkVYaCD5ga_dOA6V5Q==/base.apk!libreactnative.so (offset 0x121c000) (BuildId: 691b347289c731b84861047df2aaafbd84f47080)
12-27 11:48:35.998 10558 10558 F DEBUG   :       #10 pc 00000000000abe48  /data/app/~~nrauHYvo_jMdn5Aiy_qMow==/com.aagah-whZHYkVYaCD5ga_dOA6V5Q==/base.apk!libhermesvm.so (offset 0xd60000) (BuildId: 5ecc060199caaf24c191abad40cb4d0af7fb15d6)
12-27 11:48:35.998 10558 10558 F DEBUG   :       #11 pc 00000000000abb84  /data/app/~~nrauHYvo_jMdn5Aiy_qMow==/com.aagah-whZHYkVYaCD5ga_dOA6V5Q==/base.apk!libhermesvm.so (offset 0xd60000) (BuildId: 5ecc060199caaf24c191abad40cb4d0af7fb15d6)
12-27 11:48:35.998 10558 10558 F DEBUG   :       #12 pc 00000000000b4370  /data/app/~~nrauHYvo_jMdn5Aiy_qMow==/com.aagah-whZHYkVYaCD5ga_dOA6V5Q==/base.apk!libhermesvm.so (offset 0xd60000) (BuildId: 5ecc060199caaf24c191abad40cb4d0af7fb15d6)
12-27 11:48:35.998 10558 10558 F DEBUG   :       #13 pc 00000000000c6758  /data/app/~~nrauHYvo_jMdn5Aiy_qMow==/com.aagah-whZHYkVYaCD5ga_dOA6V5Q==/base.apk!libhermesvm.so (offset 0xd60000) (BuildId: 5ecc060199caaf24c191abad40cb4d0af7fb15d6)
12-27 11:48:35.998 10558 10558 F DEBUG   :       #14 pc 00000000000c60b8  /data/app/~~nrauHYvo_jMdn5Aiy_qMow==/com.aagah-whZHYkVYaCD5ga_dOA6V5Q==/base.apk!libhermesvm.so (offset 0xd60000) (BuildId: 5ecc060199caaf24c191abad40cb4d0af7fb15d6)
12-27 11:48:35.998 10558 10558 F DEBUG   :       #15 pc 00000000000f5b80  /data/app/~~nrauHYvo_jMdn5Aiy_qMow==/com.aagah-whZHYkVYaCD5ga_dOA6V5Q==/base.apk!libhermesvm.so (offset 0xd60000) (BuildId: 5ecc060199caaf24c191abad40cb4d0af7fb15d6)
12-27 11:48:35.998 10558 10558 F DEBUG   :       #16 pc 00000000000a0cb0  /data/app/~~nrauHYvo_jMdn5Aiy_qMow==/com.aagah-whZHYkVYaCD5ga_dOA6V5Q==/base.apk!libhermesvm.so (offset 0xd60000) (BuildId: 5ecc060199caaf24c191abad40cb4d0af7fb15d6)
12-27 11:48:35.998 10558 10558 F DEBUG   :       #17 pc 00000000000a70c4  /data/app/~~nrauHYvo_jMdn5Aiy_qMow==/com.aagah-whZHYkVYaCD5ga_dOA6V5Q==/base.apk!libhermesvm.so (offset 0xd60000) (BuildId: 5ecc060199caaf24c191abad40cb4d0af7fb15d6)
12-27 11:48:35.998 10558 10558 F DEBUG   :       #18 pc 00000000000a0ab0  /data/app/~~nrauHYvo_jMdn5Aiy_qMow==/com.aagah-whZHYkVYaCD5ga_dOA6V5Q==/base.apk!libhermesvm.so (offset 0xd60000) (BuildId: 5ecc060199caaf24c191abad40cb4d0af7fb15d6)
12-27 11:48:35.998 10558 10558 F DEBUG   :       #19 pc 0000000000288e3c  /data/app/~~nrauHYvo_jMdn5Aiy_qMow==/com.aagah-whZHYkVYaCD5ga_dOA6V5Q==/base.apk!libreactnative.so (offset 0x121c000) (BuildId: 691b347289c731b84861047df2aaafbd84f47080)
12-27 11:48:35.998 10558 10558 F DEBUG   :       #20 pc 0000000000457ce4  /data/app/~~nrauHYvo_jMdn5Aiy_qMow==/com.aagah-whZHYkVYaCD5ga_dOA6V5Q==/base.apk!libreactnative.so (offset 0x121c000) (facebook::react::Task::execute(facebook::jsi::Runtime&, bool)+312) (BuildId: 691b347289c731b84861047df2aaafbd84f47080)
12-27 11:48:35.998 10558 10558 F DEBUG   :       #21 pc 0000000000455e74  /data/app/~~nrauHYvo_jMdn5Aiy_qMow==/com.aagah-whZHYkVYaCD5ga_dOA6V5Q==/base.apk!libreactnative.so (offset 0x121c000) (facebook::react::RuntimeScheduler_Modern::executeTask(facebook::jsi::Runtime&, facebook::react::Task&, bool) const+60) (BuildId: 691b347289c731b84861047df2aaafbd84f47080)
12-27 11:48:35.998 10558 10558 F DEBUG   :       #22 pc 0000000000456784  /data/app/~~nrauHYvo_jMdn5Aiy_qMow==/com.aagah-whZHYkVYaCD5ga_dOA6V5Q==/base.apk!libreactnative.so (offset 0x121c000) (facebook::react::RuntimeScheduler_Modern::runEventLoopTick(facebook::jsi::Runtime&, facebook::react::Task&)+124) (BuildId: 691b347289c731b84861047df2aaafbd84f47080)
12-27 11:48:35.998 10558 10558 F DEBUG   :       #23 pc 0000000000456494  /data/app/~~nrauHYvo_jMdn5Aiy_qMow==/com.aagah-whZHYkVYaCD5ga_dOA6V5Q==/base.apk!libreactnative.so (offset 0x121c000) (facebook::react::RuntimeScheduler_Modern::runEventLoop(facebook::jsi::Runtime&)+88) (BuildId: 691b347289c731b84861047df2aaafbd84f47080)
12-27 11:48:35.998 10558 10558 F DEBUG   :       #24 pc 00000000002869c4  /data/app/~~nrauHYvo_jMdn5Aiy_qMow==/com.aagah-whZHYkVYaCD5ga_dOA6V5Q==/base.apk!libreactnative.so (offset 0x121c000) (BuildId: 691b347289c731b84861047df2aaafbd84f47080)
12-27 11:48:35.998 10558 10558 F DEBUG   :       #25 pc 000000000049671c  /data/app/~~nrauHYvo_jMdn5Aiy_qMow==/com.aagah-whZHYkVYaCD5ga_dOA6V5Q==/base.apk!libreactnative.so (offset 0x121c000) (BuildId: 691b347289c731b84861047df2aaafbd84f47080)
12-27 11:48:35.998 10558 10558 F DEBUG   :       #26 pc 0000000000017dd0  /data/app/~~nrauHYvo_jMdn5Aiy_qMow==/com.aagah-whZHYkVYaCD5ga_dOA6V5Q==/base.apk!libfbjni.so (offset 0xd04000) (facebook::jni::detail::MethodWrapper<void (facebook::jni::JNativeRunnable::*)(), &facebook::jni::JNativeRunnable::run(), facebook::jni::JNativeRunnable, void>::dispatch(facebook::jni::alias_ref<facebook::jni::detail::JTypeFor<facebook::jni::HybridClass<facebook::jni::JNativeRunnable, facebook::jni::JRunnable>::JavaPart, facebook::jni::JRunnable, void>::_javaobject*>)+72) (BuildId: e438f6554af1d86b210a05412e96c4251e570157)
12-27 11:48:35.998 10558 10558 F DEBUG   :       #27 pc 0000000000017d10  /data/app/~~nrauHYvo_jMdn5Aiy_qMow==/com.aagah-whZHYkVYaCD5ga_dOA6V5Q==/base.apk!libfbjni.so (offset 0xd04000) (facebook::jni::detail::FunctionWrapper<void (*)(facebook::jni::alias_ref<facebook::jni::detail::JTypeFor<facebook::jni::HybridClass<facebook::jni::JNativeRunnable, facebook::jni::JRunnable>::JavaPart, facebook::jni::JRunnable, void>::_javaobject*>), facebook::jni::detail::JTypeFor<facebook::jni::HybridClass<facebook::jni::JNativeRunnable, facebook::jni::JRunnable>::JavaPart, facebook::jni::JRunnable, void>::_javaobject*, void>::call(_JNIEnv*, _jobject*, void (*)(facebook::jni::alias_ref<facebook::jni::detail::JTypeFor<facebook::jni::HybridClass<facebook::jni::JNativeRunnable, facebook::jni::JRunnable>::JavaPart, facebook::jni::JRunnable, void>::_javaobject*>))+60) (BuildId: e438f6554af1d86b210a05412e96c4251e570157)
12-27 11:48:35.998 10558 10558 F DEBUG   :       #31 pc 0000000000bac992  /data/app/~~nrauHYvo_jMdn5Aiy_qMow==/com.aagah-whZHYkVYaCD5ga_dOA6V5Q==/oat/arm64/base.vdex (com.facebook.react.bridge.queue.MessageQueueThreadHandler.dispatchMessage+10)
12-27 11:48:35.998 10558 10558 F DEBUG   :       #35 pc 0000000000bacc3c  /data/app/~~nrauHYvo_jMdn5Aiy_qMow==/com.aagah-whZHYkVYaCD5ga_dOA6V5Q==/oat/arm64/base.vdex (com.facebook.react.bridge.queue.MessageQueueThreadImpl$Companion.startNewBackgroundThread$lambda$0+28)
12-27 11:48:35.998 10558 10558 F DEBUG   :       #37 pc 0000000000bacbd8  /data/app/~~nrauHYvo_jMdn5Aiy_qMow==/com.aagah-whZHYkVYaCD5ga_dOA6V5Q==/oat/arm64/base.vdex (com.facebook.react.bridge.queue.MessageQueueThreadImpl$Companion.$r8$lambda$YYXYCFexeoKtAeDpeNYkxZZlpbA+0)
12-27 11:48:35.998 10558 10558 F DEBUG   :       #39 pc 0000000000baca28  /data/app/~~nrauHYvo_jMdn5Aiy_qMow==/com.aagah-whZHYkVYaCD5ga_dOA6V5Q==/oat/arm64/base.vdex (com.facebook.react.bridge.queue.MessageQueueThreadImpl$Companion$$ExternalSyntheticLambda0.run+4)
12-27 11:48:36.057  1816 10563 I PowerHalWrapper: <NotifyAppCrash> pack:com.aagah ,pid:com.aagah == myPid:1816 
12-27 11:48:36.066  1816 10563 W ActivityTaskManager:   Force finishing activity com.aagah/.MainActivity
12-27 11:48:36.068  1816 10563 D MiuiFreeFormGestureController: deliverResultForFinishActivity resultTo: null resultFrom: ActivityRecord{6b53db u0 com.aagah/.MainActivity t14514 f}} isInVideoOrGameScene: false intent: Intent { act=android.intent.action.MAIN cat=[android.intent.category.LAUNCHER] flg=0x10200000 cmp=com.aagah/.MainActivity bnds=[31,32][137,138] (has extras) }
12-27 11:48:36.068  1816 10563 D WindowManager: Collecting in transition 12736: Task{d4152b7 #14514 type=standard A=10402:com.aagah} init visibleRequested:true
12-27 11:48:36.069  1816 10563 D WindowManager: Collecting in transition 12736: ActivityRecord{6b53db u0 com.aagah/.MainActivity t14514 f}} init visibleRequested:true
12-27 11:48:36.069  1816 10563 I PowerHalWrapper: amsBoostNotify pid:10458,activity:com.aagah.MainActivity, package:com.aagah, mProcessCreatePackcom.aagah 
12-27 11:48:36.070  7581  8365 I TombstoneParser: ParseTombstone success, for com.aagahin file :/data/miuilog/stability/nativecrash/tombstones/tombstone_05
12-27 11:48:36.073  1816 10563 I ScnModule: [GameDetection] packname: com.aagah, apkSize: 36512597. 
12-27 11:48:36.073  1816 10563 I mtkpower_client: [PowerHal_Wrap_notifyAppState] com.aagah/com.aagah.MainActivity pid=10458 activityId:7033819 state:0
12-27 11:48:36.073  1130  1130 I vendor.mediatek.hardware.mtkpower_applist-service.mediatek: packName: com.aagah actName: com.aagah.MainActivity pid: 10458 uid: 10402 state: 0
12-27 11:48:36.073  1130  1130 I MTK_APPList: [notifyAPPstate] com.aagah/com.aagah.MainActivity, pid=10458, uid=10402, state:PAUSED, fps:-1, win:0
12-27 11:48:36.086  1816 10563 D WindowManager:  applyPostLayoutPolicyLw modify AppearanceRegion  win = Window{893fd98 u0 com.aagah/com.aagah.MainActivity} isEnable = false appearance = 0 getRecordAppearance() = 0
12-27 11:48:36.091  1816  1853 D WindowManager: wms.Focus not requested for window=Window{893fd98 u0 com.aagah/com.aagah.MainActivity} because it has no surface or is not focusable.
12-27 11:48:36.100  1816  8393 D WindowManager:  applyPostLayoutPolicyLw modify AppearanceRegion  win = Window{893fd98 u0 com.aagah/com.aagah.MainActivity} isEnable = false appearance = 0 getRecordAppearance() = 0
12-27 11:48:36.102  1816  8393 W WindowManager: Changing focus from Window{893fd98 u0 com.aagah/com.aagah.MainActivity} to null displayId=0 Callers=com.android.server.wm.RootWindowContainer.updateFocusedWindowLocked:594 com.android.server.wm.WindowManagerService.updateFocusedWindowLocked:7208 com.android.server.wm.WindowManagerService.relayoutWindowInner:3084 com.android.server.wm.WindowManagerService.relayoutWindow:2729 
12-27 11:48:36.105  1816  1850 I ActivityManager: Showing crash dialog for package com.aagah u0
12-27 11:48:36.113  1816  7492 D WindowManager:  applyPostLayoutPolicyLw modify AppearanceRegion  win = Window{893fd98 u0 com.aagah/com.aagah.MainActivity} isEnable = false appearance = 0 getRecordAppearance() = 0
12-27 11:48:36.125  1180  1385 D SurfaceFlinger: [SF client] REMOVE (0xb4000076c2a76460) for (10458:com.aagah)
12-27 11:48:36.126  1816  4015 I WindowManager: WIN DEATH: Window{893fd98 u0 com.aagah/com.aagah.MainActivity}
12-27 11:48:36.126  1816  4015 W InputManager-JNI: Input channel object '893fd98 com.aagah/com.aagah.MainActivity (client)' was disposed without first being removed with the input manager!
12-27 11:48:36.128  1816  4015 D WindowManager:  applyPostLayoutPolicyLw modify AppearanceRegion  win = Window{893fd98 u0 com.aagah/com.aagah.MainActivity EXITING} isEnable = false appearance = 0 getRecordAppearance() = 0
12-27 11:48:36.128  1816  7509 I ImeTracker: com.aagah:9adda64c: onRequestHide at ORIGIN_SERVER reason HIDE_REMOVE_CLIENT fromUser false
12-27 11:48:36.129  1816  7509 I ImeTracker: com.aagah:9adda64c: onCancelled at PHASE_SERVER_SHOULD_HIDE
12-27 11:48:36.134  1816  1853 D WindowManager:  applyPostLayoutPolicyLw modify AppearanceRegion  win = Window{893fd98 u0 com.aagah/com.aagah.MainActivity EXITING} isEnable = false appearance = 0 getRecordAppearance() = 0
12-27 11:48:36.138 14624 15146 E ActivityManagerWrapper:  mainTaskId=14514   userId=0   windowMode=1   baseIntent=Intent { act=android.intent.action.MAIN flag=270532608 cmp=ComponentInfo{com.aagah/com.aagah.MainActivity} }
12-27 11:48:36.145 14624 15146 D RecentsTaskLoader: reloadTasksData [TaskKey{id=14514, stackId=0, baseIntent=Intent { act=android.intent.action.MAIN cat=[android.intent.category.LAUNCHER] flg=0x10200000 cmp=com.aagah/.MainActivity }, userId=0, lastActiveTime=1242385420, windowingMode=1, isThumbnailBlur=false, isAccessLocked=false, isScreening=false, topActivity=null, mHashCode=433310126}, title=Aagah, titleDescription=Aagah, bounds=null, isLaunchTarget=false, isStackTask=true, isSystemApp=false, isDockable=true, baseActivity=null, isLocked=false, mNeedHide=false, hasMultipleTasks=false, cti1Key=, cti2Key=] 
12-27 11:48:36.149  7581  8098 D DigestGenerator: digest=============com.aagahAbort message: 'terminating due to uncaught exception of type facebook::jni::JniException: com.facebook.react.common.JavascriptException: [runtime not ready]: Error: The package 'react-native-sound' doesn't seem to  linked. Make sure: 
12-27 11:48:36.150  7581  8098 D MiSightJni: MiSight: Java_com_miui_misight_MiSight_nativeSendEvent enter called. '{"CrashType":"100000000","Stacktrace":"versionName:1.0, versionCode:1##Build fingerprint: 'Redmi\/air_in\/air:15\/AP3A.240905.015.A2\/OS2.0.204.0.VGQINXM:user\/release-keys'##Revision: '0'##ABI: 'arm64'##Process uptime: 2s##Cmdline: com.aagah##pid: 10458, tid: 10538, name: mqt_v_js  >>> com.aagah <<<##uid: 10402##tagged_addr_ctrl: 0000000000000001 (PR_TAGGED_ADDR_ENABLE)##signal 6 (SIGABRT), code -1 (SI_QUEUE), fault addr --------##Abort message: 'terminating due to uncaught exception of type facebook::jni::JniException: com.facebook.react.common.JavascriptException: [runtime not ready]: Error: The package 'react-native-sound' doesn't seem to be linked. Make sure: ######- You rebuilt the app after installing the package##- You are not using Expo Go##, stack:##get@1:1982725##NativeEventEmitter@1:321229##anonymous@1:1982560##loadModuleImplementation@1:46949##guardedLoadModule@1:46473##metroRequire@1:46069##anonymous@1:793034##loadModuleImple
12-27 11:48:36.151  7581  8098 D MiEvent : flatten EventId 901001003 -t 1766816316 -paraList {"CrashType":"100000000","CurrentTime":1766816315000,"Digest":"622faec234a24d00c4731eced7749399","Keyword":"{\"vn\":\"1.0\",\"vc\":\"1\",\"isRoot\":false,\"count\":1,\"preInstalled\":false,\"unfold\":false,\"ram\":6,\"rom\":128}","PackageName":"com.aagah","Stacktrace":"versionName:1.0, versionCode:1##Build fingerprint: 'Redmi/air_in/air:15/AP3A.240905.015.A2/OS2.0.204.0.VGQINXM:user/release-keys'##Revision: '0'##ABI: 'arm64'##Process uptime: 2s##Cmdline: com.aagah##pid: 10458, tid: 10538, name: mqt_v_js  >>> com.aagah <<<##uid: 10402##tagged_addr_ctrl: 0000000000000001 (PR_TAGGED_ADDR_ENABLE)##signal 6 (SIGABRT), code -1 (SI_QUEUE), fault addr --------##Abort message: 'terminating due to uncaught exception of type facebook::jni::JniException: com.facebook.react.common.JavascriptException: [runtime not ready]: Error: The package 'react-native-sound' doesn't seem to be linked. Make sure: ######- You rebuilt the app after installing the package##- You are not us
12-27 11:48:36.152  7581  8098 D MiEvent : report:EventId 901001003 -t 1766816316 -paraList {"CrashType":"100000000","CurrentTime":1766816315000,"Digest":"622faec234a24d00c4731eced7749399","Keyword":"{\"vn\":\"1.0\",\"vc\":\"1\",\"isRoot\":false,\"count\":1,\"preInstalled\":false,\"unfold\":false,\"ram\":6,\"rom\":128}","PackageName":"com.aagah","Stacktrace":"versionName:1.0, versionCode:1##Build fingerprint: 'Redmi/air_in/air:15/AP3A.240905.015.A2/OS2.0.204.0.VGQINXM:user/release-keys'##Revision: '0'##ABI: 'arm64'##Process uptime: 2s##Cmdline: com.aagah##pid: 10458, tid: 10538, name: mqt_v_js  >>> com.aagah <<<##uid: 10402##tagged_addr_ctrl: 0000000000000001 (PR_TAGGED_ADDR_ENABLE)##signal 6 (SIGABRT), code -1 (SI_QUEUE), fault addr --------##Abort message: 'terminating due to uncaught exception of type facebook::jni::JniException: com.facebook.react.common.JavascriptException: [runtime not ready]: Error: The package 'react-native-sound' doesn't seem to be linked. Make sure: ######- You rebuilt the app after installing the package##- You are not usi
12-27 11:48:36.152  1432  1530 I misight : OnEvent event 901001003 param not json string, {"CrashType":"100000000","CurrentTime":1766816315000,"Digest":"622faec234a24d00c4731eced7749399","Keyword":"{\"vn\":\"1.0\",\"vc\":\"1\",\"isRoot\":false,\"count\":1,\"preInstalled\":false,\"unfold\":false,\"ram\":6,\"rom\":128}","PackageName":"com.aagah","Stacktrace":"versionName:1.0, versionCode:1##Build fingerprint: 'Redmi/air_in/air:15/AP3A.240905.015.A2/OS2.0.204.0.VGQINXM:user/release-keys'##Revision: '0'##ABI: 'arm64'##Process uptime: 2s##Cmdline: com.aagah##pid: 10458, tid: 10538, name: mqt_v_js  >>> com.aagah <<<##uid: 10402##tagged_addr_ctrl: 0000000000000001 (PR_TAGGED_ADDR_ENABLE)##signal 6 (SIGABRT), code -1 (SI_QUEUE), fault addr --------##Abort message: 'terminating due to uncaught exception of type facebook::jni::JniException: com.facebook.react.common.JavascriptException: [runtime not ready]: Error: The package 'react-native-sound' doesn't seem to be linked. Make sure: ######- You rebuilt the app after installing the package##- You are not using
12-27 11:48:36.153  1816  1853 D WindowManager:  applyPostLayoutPolicyLw modify AppearanceRegion  win = Window{893fd98 u0 com.aagah/com.aagah.MainActivity EXITING} isEnable = false appearance = 0 getRecordAppearance() = 0
12-27 11:48:36.163  7581  8098 D MQSEventManager: send MSG_JUDGE_TRANSMISSION packageName com.aagah
12-27 11:48:36.176  1816  8611 I ActivityManager: Process com.aagah (pid 10458) has died: fg  TOP 
12-27 11:48:36.181  1816  8611 I ScnModule: [GameDetection] packname: com.aagah, apkSize: 36512597. 
12-27 11:48:36.181  1816  8611 I mtkpower_client: [PowerHal_Wrap_notifyAppState] com.aagah/com.aagah pid=10458 activityId:10458 state:3
12-27 11:48:36.182  1130  1130 I vendor.mediatek.hardware.mtkpower_applist-service.mediatek: packName: com.aagah actName: com.aagah pid: 10458 uid: 10402 state: 3
12-27 11:48:36.182  1130  1130 I MTK_APPList: [notifyAPPstate] com.aagah/com.aagah, pid=10458, uid=10402, state:DEAD, fps:-1, win:0
12-27 11:48:36.182  1130  1130 I MTK_APPList: [notifyAPPstate] pack:com.aagah, pid:10458, STATE_DEAD
12-27 11:48:36.183  1816  8611 D WindowManager: Collecting in transition 12736: Task{d4152b7 #14514 type=standard A=10402:com.aagah} init visibleRequested:false
12-27 11:48:36.183  1816  8611 D WindowManager: Collecting in transition 12736: ActivityRecord{6b53db u0 com.aagah/.MainActivity t14514 f}} init visibleRequested:false
12-27 11:48:36.190  1816  8611 D WindowManager:  applyPostLayoutPolicyLw modify AppearanceRegion  win = Window{893fd98 u0 com.aagah/com.aagah.MainActivity EXITING} isEnable = false appearance = 0 getRecordAppearance() = 0
12-27 11:48:36.208  7406 21710 I ProcessMonitor: onForegroundInfoChanged: ForegroundInfo{mForegroundPackageName='com.miui.home', mForegroundUid=10151, mForegroundPid=14624, mForegroundDisplayId=0, mLastForegroundPackageName='com.aagah', mLastForegroundUid=10402, mLastForegroundPid=10458, mLastForegroundDisplayId=0, mMultiWindowForegroundPackageName='com.miui.home', mMultiWindowForegroundUid=10151, mFlags=0}
12-27 11:48:36.208  7406 21710 I GameBoosterService: onForegroundInfoChanged: Cur=com.miui.home	 last=com.aagah
12-27 11:48:36.209  7406 21710 D GameBoosterService: onGameStatusChange foreground:ForegroundInfo{mForegroundPackageName='com.miui.home', mForegroundUid=10151, mForegroundPid=14624, mForegroundDisplayId=0, mLastForegroundPackageName='com.aagah', mLastForegroundUid=10402, mLastForegroundPid=10458, mLastForegroundDisplayId=0, mMultiWindowForegroundPackageName='com.miui.home', mMultiWindowForegroundUid=10151, mFlags=0}
12-27 11:48:36.210  1816 10563 W ActivityManager: Ignoring remove of inactive process: ProcessRecord{a91e1af 0:com.aagah/u0a402}
12-27 11:48:36.210  9354  4628 D PerfEngineController: ForegroundInfo{mForegroundPackageName='com.miui.home', mForegroundUid=10151, mForegroundPid=14624, mForegroundDisplayId=0, mLastForegroundPackageName='com.aagah', mLastForegroundUid=10402, mLastForegroundPid=10458, mLastForegroundDisplayId=0, mMultiWindowForegroundPackageName='com.miui.home', mMultiWindowForegroundUid=10151, mFlags=0}
12-27 11:48:36.218 14624 15105 I TransitionCallback: clear leash = Surface(name=TL_Surface(name=Task=14514#150433)/@0x158387_transition-leash#150441)/@0xae05938, key = ComponentInfo{com.aagah/com.aagah.MainActivity}#14514
12-27 11:48:36.218  1816  3416 D WindowManager:  applyPostLayoutPolicyLw modify AppearanceRegion  win = Window{893fd98 u0 com.aagah/com.aagah.MainActivity EXITING} isEnable = false appearance = 0 getRecordAppearance() = 0
12-27 11:48:36.239  1816  1853 D WindowManager:  applyPostLayoutPolicyLw modify AppearanceRegion  win = Window{893fd98 u0 com.aagah/com.aagah.MainActivity EXITING} isEnable = false appearance = 0 getRecordAppearance() = 0
12-27 11:48:36.240  1816  1853 D WindowManager:  applyPostLayoutPolicyLw modify AppearanceRegion  win = Window{893fd98 u0 com.aagah/com.aagah.MainActivity EXITING} isEnable = false appearance = 0 getRecordAppearance() = 0
12-27 11:48:36.253  1816  1853 D WindowManager:  applyPostLayoutPolicyLw modify AppearanceRegion  win = Window{893fd98 u0 com.aagah/com.aagah.MainActivity EXITING} isEnable = false appearance = 0 getRecordAppearance() = 0
12-27 11:48:36.257  1816  1853 D WindowManager: Final targets: [Task{b4ece55 #12784 type=home}, Task{d4152b7 #14514 type=standard A=10402:com.aagah}, WallpaperWindowToken{bfdeabe token=android.os.Binder@56fad79}, WallpaperWindowToken{f51222b token=android.os.Binder@1316fb3}]
12-27 11:48:36.263  1816  1853 E WindowManager:  source = Task{d4152b7 #14514 type=standard A=10402:com.aagah} excludeMiuiNavBar = true excludeMiuiStatusBar = true excludeIme = false excludeNavBar = true miuiNavSurfaceControl = Surface(name=Miui Fake NavBar#48)/@0x97cc389 miuiStatusSurfaceControl = Surface(name=Miui Fake StatusBar#47)/@0xe8e1553
12-27 11:48:36.268  1816  1853 D WindowManager: snapshot isNothing = false source = Task{d4152b7 #14514 type=standard A=10402:com.aagah}
12-27 11:48:36.274 14624 15171 D WindowTransitionCompat: printLeash::taskInfo = TaskInfo{userId=0 taskId=14514 displayId=0 isRunning=false baseIntent=Intent { act=android.intent.action.MAIN cat=[android.intent.category.LAUNCHER] flg=0x10200000 cmp=com.aagah/.MainActivity } baseActivity=null topActivity=null origActivity=null realActivity=ComponentInfo{com.aagah/com.aagah.MainActivity} numActivities=0 lastActiveTime=1242385420 supportsSplitScreenMultiWindow=true supportsMultiWindow=true resizeMode=1 isResizeable=true minWidth=-1 minHeight=-1 defaultMinSize=200 token=WCT{android.window.IWindowContainerToken$Stub$Proxy@42f72c4} topActivityType=1 pictureInPictureParams=null shouldDockBigOverlays=false launchIntoPipHostTaskId=-1 lastParentTaskIdBeforePip=-1 displayCutoutSafeInsets=Rect(0, 52 - 0, 0) topActivityInfo=null launchCookies=[] positionInParent=Point(0, 0) parentTaskId=-1 isFocused=false isVisible=true isVisibleRequested=false isSleeping=false locusId=null displayAreaFeatureId=1 isTopActivityTransparent=false appCompatTaskInfo=AppCompatTaskInfo { topActivityInSizeCompat=false topActivityEligibleForLetterboxEducation= falseisLetterboxEducationEnabled= false isLetterboxDoubleTapEnabled= false topActivityEligibleForUserAspectRatioButton= false topActivityBoundsLetterboxed= false isFromLetterboxDoubleTap= false topActivityLetterboxVerticalPosition= -1 topActivityLetterboxHorizontalPosition= -1 topActivityLetterboxWidth=-1 topActivityLetterboxHeight=-1 isUserFullscreenOverrideEnabled=false isSystemFullscreenOverrideEnabled=false cameraCompatTaskInfo=CameraCompatTaskInfo { cameraCompatControlState=hidden freeformCameraCompatMode=inactive}} isImmersive=false mTopActivityRequestOrientation=-2 mBehindAppLockPkg=null mOriginatingUid=0 isEmbedded=false shouldBeVisible=false isCreatedByOrganizer=false mIsCastMode=false mTopActivityMediaSize=null mTopActivityRecordName=null mTopActivityOrientation=-2}
12-27 11:48:36.276 14624 15171 D TransitionUtil: get key :ComponentInfo{com.aagah/com.aagah.MainActivity}#14514
12-27 11:48:36.285 14624 15146 E ActivityManagerWrapper:  mainTaskId=14514   userId=0   windowMode=1   baseIntent=Intent { act=android.intent.action.MAIN flag=270532608 cmp=ComponentInfo{com.aagah/com.aagah.MainActivity} }
12-27 11:48:36.288 14624 15146 D RecentsTaskLoader: reloadTasksData [TaskKey{id=14514, stackId=0, baseIntent=Intent { act=android.intent.action.MAIN cat=[android.intent.category.LAUNCHER] flg=0x10200000 cmp=com.aagah/.MainActivity }, userId=0, lastActiveTime=1242385420, windowingMode=1, isThumbnailBlur=false, isAccessLocked=false, isScreening=false, topActivity=null, mHashCode=433310126}, title=Aagah, titleDescription=Aagah, bounds=null, isLaunchTarget=false, isStackTask=true, isSystemApp=false, isDockable=true, baseActivity=null, isLocked=false, mNeedHide=false, hasMultipleTasks=false, cti1Key=, cti2Key=] 
12-27 11:48:36.568  1816  1852 W ActivityTaskManager: Activity top resumed state loss timeout for ActivityRecord{6b53db u0 com.aagah/.MainActivity t14514 f} isExiting}
12-27 11:48:36.568  1816  1852 I PowerHalWrapper: amsBoostNotify pid:14624,activity:com.miui.home.launcher.Launcher, package:com.miui.home, mProcessCreatePackcom.aagah 
12-27 11:48:36.570  1130  1130 I MTK_APPList: [notifyAPPstate] pc:1, com.aagah => com.miui.home
12-27 11:48:36.764  1816  7509 E WindowManager: setClientVisible ActivityRecord{6b53db u0 com.aagah/.MainActivity t14514 f} isExiting} false
12-27 11:48:36.764  1816  7509 W WindowManager: Exception thrown during dispatchAppVisibility Window{893fd98 u0 com.aagah/com.aagah.MainActivity EXITING}
12-27 11:48:36.765  1816  7509 I Transition: finishTransition: updateLastSurfacePosition tf=Task{d4152b7 #14514 type=standard A=10402:com.aagah}
12-27 11:48:36.769  1816  7509 D WindowManager: setParent old=ActivityRecord{6b53db u0 com.aagah/.MainActivity t14514 f}},new=null,this window=Window{893fd98 u0 com.aagah/com.aagah.MainActivity EXITING},callers=com.android.server.wm.WindowContainer.removeChild:914 com.android.server.wm.ActivityRecord.removeChild:5553 com.android.server.wm.ActivityRecord.removeChild:509 com.android.server.wm.WindowContainer.removeImmediately:984 com.android.server.wm.WindowState.removeImmediately:2550 com.android.server.wm.WindowContainer.removeImmediately:948 
12-27 11:48:36.771  1816  7509 D WindowManager: setParent old=Task{d4152b7 #14514 type=standard A=10402:com.aagah},new=null,this window=ActivityRecord{6b53db u0 com.aagah/.MainActivity t14514 f}},callers=com.android.server.wm.WindowContainer.removeChild:914 com.android.server.wm.TaskFragment.removeChild:3343 com.android.server.wm.Task.removeChild:1913 com.android.server.wm.Task.removeChild:1892 com.android.server.wm.WindowContainer.removeImmediately:984 com.android.server.wm.WindowToken.removeImmediately:395 
12-27 11:48:36.774  1816  7509 D WindowManager: setParent old=DefaultTaskDisplayArea@170837467,new=null,this window=Task{d4152b7 #14514 type=standard A=10402:com.aagah},callers=com.android.server.wm.WindowContainer.removeChild:914 com.android.server.wm.TaskDisplayArea.removeChildTask:360 com.android.server.wm.TaskDisplayArea.removeChild:351 com.android.server.wm.WindowContainer.removeImmediately:984 com.android.server.wm.TaskFragment.removeImmediately:3423 com.android.server.wm.Task.removeImmediately:3404 
12-27 11:48:36.783  1180  1180 I SurfaceFlinger: onHandleDestroyed: name=ActivityRecord{6b53db u0 com.aagah/.MainActivity t14514}#150434, layerId=150434, parentId=0
12-27 11:48:36.783  1180  1180 I SurfaceFlinger: onHandleDestroyed: name=893fd98 com.aagah/com.aagah.MainActivity#150443, layerId=150443, parentId=0
12-27 11:48:36.783  1180  1180 I SurfaceFlinger: onHandleDestroyed: name=com.aagah/com.aagah.MainActivity#150444, layerId=150444, parentId=0
12-27 11:48:36.783  1180  1180 I SurfaceFlinger: onHandleDestroyed: name=7a19e78 ActivityRecordInputSink com.aagah/.MainActivity#150440, layerId=150440, parentId=0
12-27 11:48:36.788 14624 15146 E ActivityManagerWrapper:  mainTaskId=14514   userId=0   windowMode=1   baseIntent=Intent { act=android.intent.action.MAIN flag=270532608 cmp=ComponentInfo{com.aagah/com.aagah.MainActivity} }
12-27 11:48:36.792  1180  1180 I BufferQueueDebug: [ActivityRecord{6b53db u0 com.aagah/.MainActivity t14514}#150434](this:0xb4000076e2ba3618,id:-1,api:0,p:-1,c:1180) onDestructor()
12-27 11:48:36.792  1180  1180 I BufferQueueDebug: [7a19e78 ActivityRecordInputSink com.aagah/.MainActivity#150440](this:0xb4000076e2c2e498,id:-1,api:0,p:-1,c:1180) onDestructor()
12-27 11:48:36.792  1180  1180 I BufferQueueDebug: [893fd98 com.aagah/com.aagah.MainActivity#150443](this:0xb4000076e2cd4f98,id:-1,api:0,p:-1,c:1180) onDestructor()
12-27 11:48:36.792  1180  1180 I BufferQueueDebug: [com.aagah/com.aagah.MainActivity#150444](this:0xb4000076e2e2cc48,id:-1,api:0,p:-1,c:1180) onDestructor()
12-27 11:48:36.802 14624 15146 E ActivityManagerWrapper:  mainTaskId=14514   userId=0   windowMode=1   baseIntent=Intent { act=android.intent.action.MAIN flag=270532608 cmp=ComponentInfo{com.aagah/com.aagah.MainActivity} }
12-27 11:48:36.806 14624 15146 D RecentsTaskLoader: reloadTasksData [TaskKey{id=14514, stackId=0, baseIntent=Intent { act=android.intent.action.MAIN cat=[android.intent.category.LAUNCHER] flg=0x10200000 cmp=com.aagah/.MainActivity }, userId=0, lastActiveTime=1242385420, windowingMode=1, isThumbnailBlur=false, isAccessLocked=false, isScreening=false, topActivity=null, mHashCode=433310126}, title=Aagah, titleDescription=Aagah, bounds=null, isLaunchTarget=false, isStackTask=true, isSystemApp=false, isDockable=true, baseActivity=null, isLocked=false, mNeedHide=false, hasMultipleTasks=false, cti1Key=, cti2Key=] 
12-27 11:48:36.808 14624 15146 D RecentsTaskLoader: reloadTasksData [TaskKey{id=14514, stackId=0, baseIntent=Intent { act=android.intent.action.MAIN cat=[android.intent.category.LAUNCHER] flg=0x10200000 cmp=com.aagah/.MainActivity }, userId=0, lastActiveTime=1242385420, windowingMode=1, isThumbnailBlur=false, isAccessLocked=false, isScreening=false, topActivity=null, mHashCode=433310126}, title=Aagah, titleDescription=Aagah, bounds=null, isLaunchTarget=false, isStackTask=true, isSystemApp=false, isDockable=true, baseActivity=null, isLocked=false, mNeedHide=false, hasMultipleTasks=false, cti1Key=, cti2Key=] 
12-27 11:48:37.439  5681  5752 I SmartAppAssistant: TraceMatcher match ne problem packageName=com.aagah problemName=NE_AppException
12-27 11:48:37.475  5681  5752 I SmartAppAssistant: ExceptionRiskPolicy risk hit com.aagah exception because of reason4
12-27 11:48:37.485  5681  5752 I SmartAppAssistant: ExceptionManager com.aagah(versionName:1.0, versionCode:1) exception has been ignored
12-27 11:48:37.562 14624 15105 I TransitionCallback: clear leash = Surface(name=TL_Surface(name=Task=14514#150433)/@0xda2933d_transition-leash#150458)/@0xb6592e, key = ComponentInfo{com.aagah/com.aagah.MainActivity}#14514
12-27 11:48:41.960  1180  1385 I SurfaceFlinger: onHandleDestroyed: name=Surface(name=893fd98 com.aagah/com.aagah.MainActivity#150443)/@0x94c89d6 - animation-leash of starting_reveal#150447, layerId=150447, parentId=0
12-27 11:48:41.963  1180  1180 I BufferQueueDebug: [Surface(name=893fd98 com.aagah/com.aagah.MainActivity#150443)/@0x94c89d6 - animation-leash of starting_reveal#150447](this:0xb4000076e2c431f8,id:-1,api:0,p:-1,c:1180) onDestructor()
12-27 11:48:41.996 14624 14624 D TaskView: TaskView bind task, task=[TaskKey{id=14514, stackId=0, baseIntent=Intent { act=android.intent.action.MAIN cat=[android.intent.category.LAUNCHER] flg=0x10200000 cmp=com.aagah/.MainActivity }, userId=0, lastActiveTime=1242385420, windowingMode=1, isThumbnailBlur=false, isAccessLocked=false, isScreening=false, topActivity=null, mHashCode=433310126}, title=Aagah, titleDescription=Aagah, bounds=null, isLaunchTarget=false, isStackTask=true, isSystemApp=false, isDockable=true, baseActivity=null, isLocked=false, mNeedHide=false, hasMultipleTasks=false, cti1Key=, cti2Key=] , isLock=false, is9_1Task= false
12-27 11:48:41.996 14624 14624 D TaskViewThumbnail: setThumbnail, t=[TaskKey{id=14514, stackId=0, baseIntent=Intent { act=android.intent.action.MAIN cat=[android.intent.category.LAUNCHER] flg=0x10200000 cmp=com.aagah/.MainActivity }, userId=0, lastActiveTime=1242385420, windowingMode=1, isThumbnailBlur=false, isAccessLocked=false, isScreening=false, topActivity=null, mHashCode=433310126}, title=Aagah, titleDescription=Aagah, bounds=null, isLaunchTarget=false, isStackTask=true, isSystemApp=false, isDockable=true, baseActivity=null, isLocked=false, mNeedHide=false, hasMultipleTasks=false, cti1Key=, cti2Key=] , mThumbnailInfo=TaskThumbnailInfo{isSnapshotInvalidate=false}, mThumbnailBitmapRect=Rect(0, 0 - 432, 903)
12-27 11:48:41.996 14624 14624 D TaskViewThumbnail: updateThumbnailScale, t=[TaskKey{id=14514, stackId=0, baseIntent=Intent { act=android.intent.action.MAIN cat=[android.intent.category.LAUNCHER] flg=0x10200000 cmp=com.aagah/.MainActivity }, userId=0, lastActiveTime=1242385420, windowingMode=1, isThumbnailBlur=false, isAccessLocked=false, isScreening=false, topActivity=null, mHashCode=433310126}, title=Aagah, titleDescription=Aagah, bounds=null, isLaunchTarget=false, isStackTask=true, isSystemApp=false, isDockable=true, baseActivity=null, isLocked=false, mNeedHide=false, hasMultipleTasks=false, cti1Key=, cti2Key=] , mThumbnailBitmapSizeAfterScaled=(391, 819)
12-27 11:48:41.996 14624 14624 D TaskView: TaskView bind task, task=[TaskKey{id=14514, stackId=0, baseIntent=Intent { act=android.intent.action.MAIN cat=[android.intent.category.LAUNCHER] flg=0x10200000 cmp=com.aagah/.MainActivity }, userId=0, lastActiveTime=1242385420, windowingMode=1, isThumbnailBlur=false, isAccessLocked=false, isScreening=false, topActivity=null, mHashCode=433310126}, title=Aagah, titleDescription=Aagah, bounds=null, isLaunchTarget=false, isStackTask=true, isSystemApp=false, isDockable=true, baseActivity=null, isLocked=false, mNeedHide=false, hasMultipleTasks=false, cti1Key=, cti2Key=] , isLock=false, is9_1Task= false
12-27 11:48:41.997 14624 14624 D TaskViewThumbnail: setThumbnail, t=[TaskKey{id=14514, stackId=0, baseIntent=Intent { act=android.intent.action.MAIN cat=[android.intent.category.LAUNCHER] flg=0x10200000 cmp=com.aagah/.MainActivity }, userId=0, lastActiveTime=1242385420, windowingMode=1, isThumbnailBlur=false, isAccessLocked=false, isScreening=false, topActivity=null, mHashCode=433310126}, title=Aagah, titleDescription=Aagah, bounds=null, isLaunchTarget=false, isStackTask=true, isSystemApp=false, isDockable=true, baseActivity=null, isLocked=false, mNeedHide=false, hasMultipleTasks=false, cti1Key=, cti2Key=] , mThumbnailInfo=TaskThumbnailInfo{isSnapshotInvalidate=false}, mThumbnailBitmapRect=Rect(0, 0 - 432, 903)
12-27 11:48:41.997 14624 14624 D TaskViewThumbnail: updateThumbnailScale, t=[TaskKey{id=14514, stackId=0, baseIntent=Intent { act=android.intent.action.MAIN cat=[android.intent.category.LAUNCHER] flg=0x10200000 cmp=com.aagah/.MainActivity }, userId=0, lastActiveTime=1242385420, windowingMode=1, isThumbnailBlur=false, isAccessLocked=false, isScreening=false, topActivity=null, mHashCode=433310126}, title=Aagah, titleDescription=Aagah, bounds=null, isLaunchTarget=false, isStackTask=true, isSystemApp=false, isDockable=true, baseActivity=null, isLocked=false, mNeedHide=false, hasMultipleTasks=false, cti1Key=, cti2Key=] , mThumbnailBitmapSizeAfterScaled=(391, 819)
12-27 11:48:42.009 14624 14624 D TaskViewThumbnail: updateThumbnailScale, t=[TaskKey{id=14514, stackId=0, baseIntent=Intent { act=android.intent.action.MAIN cat=[android.intent.category.LAUNCHER] flg=0x10200000 cmp=com.aagah/.MainActivity }, userId=0, lastActiveTime=1242385420, windowingMode=1, isThumbnailBlur=false, isAccessLocked=false, isScreening=false, topActivity=null, mHashCode=433310126}, title=Aagah, titleDescription=Aagah, bounds=null, isLaunchTarget=false, isStackTask=true, isSystemApp=false, isDockable=true, baseActivity=null, isLocked=false, mNeedHide=false, hasMultipleTasks=false, cti1Key=, cti2Key=] , mThumbnailBitmapSizeAfterScaled=(392, 820)
12-27 11:48:42.009 14624 14624 D TaskViewThumbnail: updateThumbnailScale, t=[TaskKey{id=14514, stackId=0, baseIntent=Intent { act=android.intent.action.MAIN cat=[android.intent.category.LAUNCHER] flg=0x10200000 cmp=com.aagah/.MainActivity }, userId=0, lastActiveTime=1242385420, windowingMode=1, isThumbnailBlur=false, isAccessLocked=false, isScreening=false, topActivity=null, mHashCode=433310126}, title=Aagah, titleDescription=Aagah, bounds=null, isLaunchTarget=false, isStackTask=true, isSystemApp=false, isDockable=true, baseActivity=null, isLocked=false, mNeedHide=false, hasMultipleTasks=false, cti1Key=, cti2Key=] , mThumbnailBitmapSizeAfterScaled=(391, 819)
12-27 11:48:42.011  2955  2972 W ndroid.systemui: ApkAssets: Deleting an ApkAssets object '<empty> and /data/app/~~nrauHYvo_jMdn5Aiy_qMow==/com.aagah-whZHYkVYaCD5ga_dOA6V5Q==/base.apk' with 1 weak references
12-27 11:48:42.049 14624 14624 D TaskViewThumbnail: setThumbnail, t=[TaskKey{id=14514, stackId=0, baseIntent=Intent { act=android.intent.action.MAIN cat=[android.intent.category.LAUNCHER] flg=0x10200000 cmp=com.aagah/.MainActivity }, userId=0, lastActiveTime=1242385420, windowingMode=1, isThumbnailBlur=false, isAccessLocked=false, isScreening=false, topActivity=null, mHashCode=433310126}, title=Aagah, titleDescription=Aagah, bounds=null, isLaunchTarget=false, isStackTask=true, isSystemApp=false, isDockable=true, baseActivity=null, isLocked=false, mNeedHide=false, hasMultipleTasks=false, cti1Key=, cti2Key=] , mThumbnailInfo=TaskThumbnailInfo{isSnapshotInvalidate=false}, mThumbnailBitmapRect=Rect(0, 0 - 432, 903)
12-27 11:48:42.049 14624 14624 D TaskViewThumbnail: updateThumbnailScale, t=[TaskKey{id=14514, stackId=0, baseIntent=Intent { act=android.intent.action.MAIN cat=[android.intent.category.LAUNCHER] flg=0x10200000 cmp=com.aagah/.MainActivity }, userId=0, lastActiveTime=1242385420, windowingMode=1, isThumbnailBlur=false, isAccessLocked=false, isScreening=false, topActivity=null, mHashCode=433310126}, title=Aagah, titleDescription=Aagah, bounds=null, isLaunchTarget=false, isStackTask=true, isSystemApp=false, isDockable=true, baseActivity=null, isLocked=false, mNeedHide=false, hasMultipleTasks=false, cti1Key=, cti2Key=] , mThumbnailBitmapSizeAfterScaled=(391, 819)
12-27 11:48:42.049 14624 14624 D TaskViewThumbnail: setThumbnail, t=[TaskKey{id=14514, stackId=0, baseIntent=Intent { act=android.intent.action.MAIN cat=[android.intent.category.LAUNCHER] flg=0x10200000 cmp=com.aagah/.MainActivity }, userId=0, lastActiveTime=1242385420, windowingMode=1, isThumbnailBlur=false, isAccessLocked=false, isScreening=false, topActivity=null, mHashCode=433310126}, title=Aagah, titleDescription=Aagah, bounds=null, isLaunchTarget=false, isStackTask=true, isSystemApp=false, isDockable=true, baseActivity=null, isLocked=false, mNeedHide=false, hasMultipleTasks=false, cti1Key=, cti2Key=] , mThumbnailInfo=TaskThumbnailInfo{isSnapshotInvalidate=false}, mThumbnailBitmapRect=Rect(0, 0 - 432, 903)
12-27 11:48:42.049 14624 14624 D TaskViewThumbnail: updateThumbnailScale, t=[TaskKey{id=14514, stackId=0, baseIntent=Intent { act=android.intent.action.MAIN cat=[android.intent.category.LAUNCHER] flg=0x10200000 cmp=com.aagah/.MainActivity }, userId=0, lastActiveTime=1242385420, windowingMode=1, isThumbnailBlur=false, isAccessLocked=false, isScreening=false, topActivity=null, mHashCode=433310126}, title=Aagah, titleDescription=Aagah, bounds=null, isLaunchTarget=false, isStackTask=true, isSystemApp=false, isDockable=true, baseActivity=null, isLocked=false, mNeedHide=false, hasMultipleTasks=false, cti1Key=, cti2Key=] , mThumbnailBitmapSizeAfterScaled=(391, 819)
12-27 11:48:42.823  1816  4015 E WindowManager: setClientVisible ActivityRecord{98ee1d6 u0 com.aagah/.MainActivity true
12-27 11:48:42.824  1816  4015 D WindowManager: Collecting in transition 12737: ActivityRecord{98ee1d6 u0 com.aagah/.MainActivity t-1} init visibleRequested:false
12-27 11:48:42.824  1816  4015 D WindowManager: setLockTaskAuth: task=Task{d4152b7 #14514 type=standard A=10402:com.aagah} mLockTaskAuth=LOCK_TASK_AUTH_PINNABLE
12-27 11:48:42.825  1180  1658 I BufferQueueDebug: [ActivityRecord{98ee1d6 u0 com.aagah/.MainActivity t14514}#150470](this:0xb4000076e2b79b58,id:-1,api:0,p:-1,c:-1) BufferQueue core=(1180:/system/bin/surfaceflinger)
12-27 11:48:42.826  1816  4015 D WindowManager: setLockTaskAuth: task=Task{d4152b7 #14514 type=standard A=10402:com.aagah} mLockTaskAuth=LOCK_TASK_AUTH_PINNABLE
12-27 11:48:42.826  1816  4015 D MiuiFreeFormManagerService: onStartActivityInner as = Task{d4152b7 #14514 type=standard A=10402:com.aagah} op = ActivityOptions(231773939), mPackageName=null, mAnimationType=13, mStartX=0, mStartY=0, mWidth=0, mHeight=0, mLaunchDisplayId=-1, mLaunchBoundsnull, mElementSurfaceTransition = null, activityOptionsInjector=ActivityOptionsInjector={freeformScale: -1.0, miniFreeformMode: false, needAnimation: true, useCustomLaunchBounds:false}
12-27 11:48:42.828  1816  4015 I WindowManager: Try to add startingWindow type = STARTING_WINDOW_TYPE_SPLASH_SCREEN this = ActivityRecord{98ee1d6 u0 com.aagah/.MainActivity t14514} preAllowTaskSnapshot = true afterAllowTaskSnapshot = true newTask = true taskSwitch = true processRunning = false activityCreated = false activityAllDrawn = false isSnapshotCompatible = false resolvedTheme = 2131951629 theme = 2131951629
12-27 11:48:42.829  1816  4015 I PowerHalWrapper: amsBoostNotify pid:14624,activity:com.miui.home.launcher.Launcher, package:com.miui.home, mProcessCreatePackcom.aagah 
12-27 11:48:42.834  1816  4015 D WindowManager: Collecting in transition 12737: ActivityRecord{98ee1d6 u0 com.aagah/.MainActivity t14514} init visibleRequested:false
12-27 11:48:42.835  1816  4015 E WindowManager: setClientVisible ActivityRecord{98ee1d6 u0 com.aagah/.MainActivity t14514} true
12-27 11:48:42.837  1816  4015 D WindowManager: Collecting in transition 12737: ActivityRecord{98ee1d6 u0 com.aagah/.MainActivity t14514} init visibleRequested:true
12-27 11:48:42.838  1816  4015 D ActivityStarterImpl: notifyHomeStartActivityFinish info = ActivityStartInfo{mPackageName='com.aagah', mIsTranslucent=false, mTransitionSyncId=12737, mStartingWindowColor=ff000000, mBounds=Rect(0, 0 - 720, 1600), mLaunchFromHome=true, mLaunchSuccess=true, mStartingWindowType=0, mTaskId=14514}
12-27 11:48:42.838  1816  4015 I ActivityTaskManager: START u0 {act=android.intent.action.MAIN cat=[android.intent.category.LAUNCHER] flg=0x10300000 cmp=com.aagah/.MainActivity (has extras)} with LAUNCH_SINGLE_TASK from uid 10151 from pid -1 callingPackage com.miui.home (BAL_ALLOW_VISIBLE_WINDOW) result code=0
