12-27 11:21:05.015  1816 18820 D MiuiFreeFormGestureController: deliverResultForFinishActivity resultTo: null resultFrom: ActivityRecord{2f92ff4 u0 com.aagah/.MainActivity t14506 f}} isInVideoOrGameScene: false intent: Intent { act=android.intent.action.MAIN cat=[android.intent.category.LAUNCHER] flg=0x10200000 cmp=com.aagah/.MainActivity bnds=[31,32][137,138] (has extras) }
12-27 11:21:05.015  1816 18820 D WindowManager: Collecting in transition 12677: Task{1a6898c #14506 type=standard A=10401:com.aagah} init visibleRequested:true
12-27 11:21:05.015  1816 18820 D WindowManager: Collecting in transition 12677: ActivityRecord{2f92ff4 u0 com.aagah/.MainActivity t14506 f}} init visibleRequested:true
12-27 11:21:05.023  1816 18820 D WindowManager:  applyPostLayoutPolicyLw modify AppearanceRegion  win = Window{8e89664 u0 com.aagah/com.aagah.MainActivity} isEnable = false appearance = 0 getRecordAppearance() = 0
12-27 11:21:05.028  1816  1853 D WindowManager: wms.Focus not requested for window=Window{8e89664 u0 com.aagah/com.aagah.MainActivity} because it has no surface or is not focusable.
12-27 11:21:05.046  1816  8495 D WindowManager:  applyPostLayoutPolicyLw modify AppearanceRegion  win = Window{8e89664 u0 com.aagah/com.aagah.MainActivity} isEnable = false appearance = 0 getRecordAppearance() = 0
12-27 11:21:05.051  1816  8495 W WindowManager: Changing focus from Window{8e89664 u0 com.aagah/com.aagah.MainActivity} to null displayId=0 Callers=com.android.server.wm.RootWindowContainer.updateFocusedWindowLocked:594 com.android.server.wm.WindowManagerService.updateFocusedWindowLocked:7208 com.android.server.wm.WindowManagerService.relayoutWindowInner:3084 com.android.server.wm.WindowManagerService.relayoutWindow:2729 
12-27 11:21:05.075  1816  1850 D WindowManager:  applyPostLayoutPolicyLw modify AppearanceRegion  win = Window{8e89664 u0 com.aagah/com.aagah.MainActivity} isEnable = false appearance = 0 getRecordAppearance() = 0
12-27 11:21:05.080  1816  1853 D WindowManager:  applyPostLayoutPolicyLw modify AppearanceRegion  win = Window{8e89664 u0 com.aagah/com.aagah.MainActivity} isEnable = false appearance = 0 getRecordAppearance() = 0
12-27 11:21:05.082  1816  8495 I ActivityManager: Process com.aagah (pid 18455) has died: fg  TOP 
12-27 11:21:05.089  1816  1832 I WindowManager: WIN DEATH: Window{8e89664 u0 com.aagah/com.aagah.MainActivity}
12-27 11:21:05.102  1816  1832 D WindowManager:  applyPostLayoutPolicyLw modify AppearanceRegion  win = Window{8e89664 u0 com.aagah/com.aagah.MainActivity EXITING} isEnable = false appearance = 0 getRecordAppearance() = 0
12-27 11:21:05.112  1816  8495 D WindowManager: Collecting in transition 12677: Task{1a6898c #14506 type=standard A=10401:com.aagah} init visibleRequested:false
12-27 11:21:05.112  1816  8495 D WindowManager: Collecting in transition 12677: ActivityRecord{2f92ff4 u0 com.aagah/.MainActivity t14506 f}} init visibleRequested:false
12-27 11:21:05.126  1816  1853 D WindowManager:  applyPostLayoutPolicyLw modify AppearanceRegion  win = Window{8e89664 u0 com.aagah/com.aagah.MainActivity EXITING} isEnable = false appearance = 0 getRecordAppearance() = 0
12-27 11:21:05.139  1816  8495 D WindowManager:  applyPostLayoutPolicyLw modify AppearanceRegion  win = Window{8e89664 u0 com.aagah/com.aagah.MainActivity EXITING} isEnable = false appearance = 0 getRecordAppearance() = 0
12-27 11:21:05.155  1816  1853 D WindowManager:  applyPostLayoutPolicyLw modify AppearanceRegion  win = Window{8e89664 u0 com.aagah/com.aagah.MainActivity EXITING} isEnable = false appearance = 0 getRecordAppearance() = 0
12-27 11:21:05.158  1816  1832 D WindowManager:  applyPostLayoutPolicyLw modify AppearanceRegion  win = Window{8e89664 u0 com.aagah/com.aagah.MainActivity EXITING} isEnable = false appearance = 0 getRecordAppearance() = 0
12-27 11:21:05.163  1816  1853 D WindowManager:  applyPostLayoutPolicyLw modify AppearanceRegion  win = Window{8e89664 u0 com.aagah/com.aagah.MainActivity EXITING} isEnable = false appearance = 0 getRecordAppearance() = 0
12-27 11:21:05.315  1816  3319 D WindowManager:  applyPostLayoutPolicyLw modify AppearanceRegion  win = Window{8e89664 u0 com.aagah/com.aagah.MainActivity EXITING} isEnable = false appearance = 0 getRecordAppearance() = 0
12-27 11:21:05.333  1816  1853 D WindowManager:  applyPostLayoutPolicyLw modify AppearanceRegion  win = Window{8e89664 u0 com.aagah/com.aagah.MainActivity EXITING} isEnable = false appearance = 0 getRecordAppearance() = 0
12-27 11:21:05.335  1816  1853 D WindowManager:  applyPostLayoutPolicyLw modify AppearanceRegion  win = Window{8e89664 u0 com.aagah/com.aagah.MainActivity EXITING} isEnable = false appearance = 0 getRecordAppearance() = 0
12-27 11:21:05.346  1816  8321 D WindowManager:  applyPostLayoutPolicyLw modify AppearanceRegion  win = Window{8e89664 u0 com.aagah/com.aagah.MainActivity EXITING} isEnable = false appearance = 0 getRecordAppearance() = 0
12-27 11:21:05.354  1816  1853 D WindowManager:  applyPostLayoutPolicyLw modify AppearanceRegion  win = Window{8e89664 u0 com.aagah/com.aagah.MainActivity EXITING} isEnable = false appearance = 0 getRecordAppearance() = 0
12-27 11:21:05.370  1816  8321 D WindowManager:  applyPostLayoutPolicyLw modify AppearanceRegion  win = Window{8e89664 u0 com.aagah/com.aagah.MainActivity EXITING} isEnable = false appearance = 0 getRecordAppearance() = 0
12-27 11:21:05.386  1816  1853 D WindowManager:  applyPostLayoutPolicyLw modify AppearanceRegion  win = Window{8e89664 u0 com.aagah/com.aagah.MainActivity EXITING} isEnable = false appearance = 0 getRecordAppearance() = 0
12-27 11:21:05.460  1816  1853 D WindowManager:  applyPostLayoutPolicyLw modify AppearanceRegion  win = Window{8e89664 u0 com.aagah/com.aagah.MainActivity EXITING} isEnable = false appearance = 0 getRecordAppearance() = 0
12-27 11:21:05.466  1816  1853 D WindowManager: Final targets: [Task{b4ece55 #12784 type=home}, Task{1a6898c #14506 type=standard A=10401:com.aagah}, WallpaperWindowToken{bfdeabe token=android.os.Binder@56fad79}, WallpaperWindowToken{f51222b token=android.os.Binder@1316fb3}]
12-27 11:21:05.480  1816  1853 E WindowManager:  source = Task{1a6898c #14506 type=standard A=10401:com.aagah} excludeMiuiNavBar = true excludeMiuiStatusBar = true excludeIme = true excludeNavBar = true miuiNavSurfaceControl = Surface(name=Miui Fake NavBar#48)/@0x97cc389 miuiStatusSurfaceControl = Surface(name=Miui Fake StatusBar#47)/@0xe8e1553
12-27 11:21:05.485  1816  1853 D WindowManager: snapshot isNothing = false source = Task{1a6898c #14506 type=standard A=10401:com.aagah}
12-27 11:21:05.486  1816  1853 D WindowManager:  applyPostLayoutPolicyLw modify AppearanceRegion  win = Window{8e89664 u0 com.aagah/com.aagah.MainActivity EXITING} isEnable = false appearance = 0 getRecordAppearance() = 0
12-27 11:21:05.679  1816  1852 D WindowManager: Collecting in transition 12678: Task{1a6898c #14506 type=standard A=10401:com.aagah} init visibleRequested:false
12-27 11:21:05.851  1816  4265 E WindowManager: setClientVisible ActivityRecord{2f92ff4 u0 com.aagah/.MainActivity t14506 f} isExiting} false
12-27 11:21:05.852  1816  4265 W WindowManager: Exception thrown during dispatchAppVisibility Window{8e89664 u0 com.aagah/com.aagah.MainActivity EXITING}
12-27 11:21:05.852  1816  4265 I Transition: finishTransition: updateLastSurfacePosition tf=Task{1a6898c #14506 type=standard A=10401:com.aagah}
12-27 11:21:05.866  1816  7604 I Transition: finishTransition: updateLastSurfacePosition tf=Task{1a6898c #14506 type=standard A=10401:com.aagah}
12-27 11:21:05.874  1816  7604 D WindowManager: setParent old=ActivityRecord{2f92ff4 u0 com.aagah/.MainActivity t14506 f}},new=null,this window=Window{8e89664 u0 com.aagah/com.aagah.MainActivity EXITING},callers=com.android.server.wm.WindowContainer.removeChild:914 com.android.server.wm.ActivityRecord.removeChild:5553 com.android.server.wm.ActivityRecord.removeChild:509 com.android.server.wm.WindowContainer.removeImmediately:984 com.android.server.wm.WindowState.removeImmediately:2550 com.android.server.wm.WindowContainer.removeImmediately:948 
12-27 11:21:05.923  1816  7604 D WindowManager: setParent old=Task{1a6898c #14506 type=standard A=10401:com.aagah},new=null,this window=ActivityRecord{2f92ff4 u0 com.aagah/.MainActivity t14506 f}},callers=com.android.server.wm.WindowContainer.removeChild:914 com.android.server.wm.TaskFragment.removeChild:3343 com.android.server.wm.Task.removeChild:1913 com.android.server.wm.Task.removeChild:1892 com.android.server.wm.WindowContainer.removeImmediately:984 com.android.server.wm.WindowToken.removeImmediately:395 
12-27 11:21:05.926  1816  7604 D WindowManager: setParent old=DefaultTaskDisplayArea@170837467,new=null,this window=Task{1a6898c #14506 type=standard A=10401:com.aagah},callers=com.android.server.wm.WindowContainer.removeChild:914 com.android.server.wm.TaskDisplayArea.removeChildTask:360 com.android.server.wm.TaskDisplayArea.removeChild:351 com.android.server.wm.WindowContainer.removeImmediately:984 com.android.server.wm.TaskFragment.removeImmediately:3423 com.android.server.wm.Task.removeImmediately:3404 
12-27 11:46:04.620 14624 15146 E ActivityManagerWrapper:  mainTaskId=14506   userId=0   windowMode=1   baseIntent=Intent { act=android.intent.action.MAIN flag=270532608 cmp=ComponentInfo{com.aagah/com.aagah.MainActivity} }
12-27 11:46:04.639 14624 15146 D RecentsTaskLoader: reloadTasksData [TaskKey{id=14506, stackId=0, baseIntent=Intent { act=android.intent.action.MAIN cat=[android.intent.category.LAUNCHER] flg=0x10200000 cmp=com.aagah/.MainActivity }, userId=0, lastActiveTime=1240734367, windowingMode=1, isThumbnailBlur=false, isAccessLocked=false, isScreening=false, topActivity=null, mHashCode=433071798}, title=Aagah, titleDescription=Aagah, bounds=null, isLaunchTarget=false, isStackTask=true, isSystemApp=false, isDockable=true, baseActivity=null, isLocked=false, mNeedHide=false, hasMultipleTasks=false, cti1Key=, cti2Key=] 
12-27 11:46:04.774 14624 15146 E ActivityManagerWrapper:  mainTaskId=14506   userId=0   windowMode=1   baseIntent=Intent { act=android.intent.action.MAIN flag=270532608 cmp=ComponentInfo{com.aagah/com.aagah.MainActivity} }
12-27 11:46:04.801 14624 15146 D RecentsTaskLoader: reloadTasksData [TaskKey{id=14506, stackId=0, baseIntent=Intent { act=android.intent.action.MAIN cat=[android.intent.category.LAUNCHER] flg=0x10200000 cmp=com.aagah/.MainActivity }, userId=0, lastActiveTime=1240734367, windowingMode=1, isThumbnailBlur=false, isAccessLocked=false, isScreening=false, topActivity=null, mHashCode=433071798}, title=Aagah, titleDescription=Aagah, bounds=null, isLaunchTarget=false, isStackTask=true, isSystemApp=false, isDockable=true, baseActivity=null, isLocked=false, mNeedHide=false, hasMultipleTasks=false, cti1Key=, cti2Key=] 
12-27 11:46:04.907 14624 15146 E ActivityManagerWrapper:  mainTaskId=14506   userId=0   windowMode=1   baseIntent=Intent { act=android.intent.action.MAIN flag=270532608 cmp=ComponentInfo{com.aagah/com.aagah.MainActivity} }
12-27 11:46:04.919 14624 15146 D RecentsTaskLoader: reloadTasksData [TaskKey{id=14506, stackId=0, baseIntent=Intent { act=android.intent.action.MAIN cat=[android.intent.category.LAUNCHER] flg=0x10200000 cmp=com.aagah/.MainActivity }, userId=0, lastActiveTime=1240734367, windowingMode=1, isThumbnailBlur=false, isAccessLocked=false, isScreening=false, topActivity=null, mHashCode=433071798}, title=Aagah, titleDescription=Aagah, bounds=null, isLaunchTarget=false, isStackTask=true, isSystemApp=false, isDockable=true, baseActivity=null, isLocked=false, mNeedHide=false, hasMultipleTasks=false, cti1Key=, cti2Key=] 
12-27 11:46:05.438 14624 15146 E ActivityManagerWrapper:  mainTaskId=14506   userId=0   windowMode=1   baseIntent=Intent { act=android.intent.action.MAIN flag=270532608 cmp=ComponentInfo{com.aagah/com.aagah.MainActivity} }
12-27 11:46:05.449 14624 15146 D RecentsTaskLoader: reloadTasksData [TaskKey{id=14506, stackId=0, baseIntent=Intent { act=android.intent.action.MAIN cat=[android.intent.category.LAUNCHER] flg=0x10200000 cmp=com.aagah/.MainActivity }, userId=0, lastActiveTime=1240734367, windowingMode=1, isThumbnailBlur=false, isAccessLocked=false, isScreening=false, topActivity=null, mHashCode=433071798}, title=Aagah, titleDescription=Aagah, bounds=null, isLaunchTarget=false, isStackTask=true, isSystemApp=false, isDockable=true, baseActivity=null, isLocked=false, mNeedHide=false, hasMultipleTasks=false, cti1Key=, cti2Key=] 
12-27 11:46:06.797 14624 15146 E ActivityManagerWrapper:  mainTaskId=14506   userId=0   windowMode=1   baseIntent=Intent { act=android.intent.action.MAIN flag=270532608 cmp=ComponentInfo{com.aagah/com.aagah.MainActivity} }
12-27 11:46:06.805 14624 15146 D RecentsTaskLoader: reloadTasksData [TaskKey{id=14506, stackId=0, baseIntent=Intent { act=android.intent.action.MAIN cat=[android.intent.category.LAUNCHER] flg=0x10200000 cmp=com.aagah/.MainActivity }, userId=0, lastActiveTime=1240734367, windowingMode=1, isThumbnailBlur=false, isAccessLocked=false, isScreening=false, topActivity=null, mHashCode=433071798}, title=Aagah, titleDescription=Aagah, bounds=null, isLaunchTarget=false, isStackTask=true, isSystemApp=false, isDockable=true, baseActivity=null, isLocked=false, mNeedHide=false, hasMultipleTasks=false, cti1Key=, cti2Key=] 
12-27 11:46:06.891 14624 15146 E ActivityManagerWrapper:  mainTaskId=14506   userId=0   windowMode=1   baseIntent=Intent { act=android.intent.action.MAIN flag=270532608 cmp=ComponentInfo{com.aagah/com.aagah.MainActivity} }
12-27 11:46:06.904 14624 15146 D RecentsTaskLoader: reloadTasksData [TaskKey{id=14506, stackId=0, baseIntent=Intent { act=android.intent.action.MAIN cat=[android.intent.category.LAUNCHER] flg=0x10200000 cmp=com.aagah/.MainActivity }, userId=0, lastActiveTime=1240734367, windowingMode=1, isThumbnailBlur=false, isAccessLocked=false, isScreening=false, topActivity=null, mHashCode=433071798}, title=Aagah, titleDescription=Aagah, bounds=null, isLaunchTarget=false, isStackTask=true, isSystemApp=false, isDockable=true, baseActivity=null, isLocked=false, mNeedHide=false, hasMultipleTasks=false, cti1Key=, cti2Key=] 
12-27 11:46:06.932 14624 15146 E ActivityManagerWrapper:  mainTaskId=14506   userId=0   windowMode=1   baseIntent=Intent { act=android.intent.action.MAIN flag=270532608 cmp=ComponentInfo{com.aagah/com.aagah.MainActivity} }
12-27 11:46:06.948 14624 15146 D RecentsTaskLoader: reloadTasksData [TaskKey{id=14506, stackId=0, baseIntent=Intent { act=android.intent.action.MAIN cat=[android.intent.category.LAUNCHER] flg=0x10200000 cmp=com.aagah/.MainActivity }, userId=0, lastActiveTime=1240734367, windowingMode=1, isThumbnailBlur=false, isAccessLocked=false, isScreening=false, topActivity=null, mHashCode=433071798}, title=Aagah, titleDescription=Aagah, bounds=null, isLaunchTarget=false, isStackTask=true, isSystemApp=false, isDockable=true, baseActivity=null, isLocked=false, mNeedHide=false, hasMultipleTasks=false, cti1Key=, cti2Key=] 
12-27 11:46:07.349 14624 15146 E ActivityManagerWrapper:  mainTaskId=14506   userId=0   windowMode=1   baseIntent=Intent { act=android.intent.action.MAIN flag=270532608 cmp=ComponentInfo{com.aagah/com.aagah.MainActivity} }
12-27 11:46:07.354 14624 15146 D RecentsTaskLoader: reloadTasksData [TaskKey{id=14506, stackId=0, baseIntent=Intent { act=android.intent.action.MAIN cat=[android.intent.category.LAUNCHER] flg=0x10200000 cmp=com.aagah/.MainActivity }, userId=0, lastActiveTime=1240734367, windowingMode=1, isThumbnailBlur=false, isAccessLocked=false, isScreening=false, topActivity=null, mHashCode=433071798}, title=Aagah, titleDescription=Aagah, bounds=null, isLaunchTarget=false, isStackTask=true, isSystemApp=false, isDockable=true, baseActivity=null, isLocked=false, mNeedHide=false, hasMultipleTasks=false, cti1Key=, cti2Key=] 
12-27 11:46:39.695 14624 15146 E ActivityManagerWrapper:  mainTaskId=14506   userId=0   windowMode=1   baseIntent=Intent { act=android.intent.action.MAIN flag=270532608 cmp=ComponentInfo{com.aagah/com.aagah.MainActivity} }
12-27 11:46:39.758 14624 15146 D RecentsTaskLoader: reloadTasksData [TaskKey{id=14506, stackId=0, baseIntent=Intent { act=android.intent.action.MAIN cat=[android.intent.category.LAUNCHER] flg=0x10200000 cmp=com.aagah/.MainActivity }, userId=0, lastActiveTime=1240734367, windowingMode=1, isThumbnailBlur=false, isAccessLocked=false, isScreening=false, topActivity=null, mHashCode=433071798}, title=Aagah, titleDescription=Aagah, bounds=null, isLaunchTarget=false, isStackTask=true, isSystemApp=false, isDockable=true, baseActivity=null, isLocked=false, mNeedHide=false, hasMultipleTasks=false, cti1Key=, cti2Key=] 
12-27 11:46:39.855 14624 15146 E ActivityManagerWrapper:  mainTaskId=14506   userId=0   windowMode=1   baseIntent=Intent { act=android.intent.action.MAIN flag=270532608 cmp=ComponentInfo{com.aagah/com.aagah.MainActivity} }
12-27 11:46:39.914 14624 15146 D RecentsTaskLoader: reloadTasksData [TaskKey{id=14506, stackId=0, baseIntent=Intent { act=android.intent.action.MAIN cat=[android.intent.category.LAUNCHER] flg=0x10200000 cmp=com.aagah/.MainActivity }, userId=0, lastActiveTime=1240734367, windowingMode=1, isThumbnailBlur=false, isAccessLocked=false, isScreening=false, topActivity=null, mHashCode=433071798}, title=Aagah, titleDescription=Aagah, bounds=null, isLaunchTarget=false, isStackTask=true, isSystemApp=false, isDockable=true, baseActivity=null, isLocked=false, mNeedHide=false, hasMultipleTasks=false, cti1Key=, cti2Key=] 
12-27 11:46:39.934 14624 15146 E ActivityManagerWrapper:  mainTaskId=14506   userId=0   windowMode=1   baseIntent=Intent { act=android.intent.action.MAIN flag=270532608 cmp=ComponentInfo{com.aagah/com.aagah.MainActivity} }
12-27 11:46:39.944 14624 15146 D RecentsTaskLoader: reloadTasksData [TaskKey{id=14506, stackId=0, baseIntent=Intent { act=android.intent.action.MAIN cat=[android.intent.category.LAUNCHER] flg=0x10200000 cmp=com.aagah/.MainActivity }, userId=0, lastActiveTime=1240734367, windowingMode=1, isThumbnailBlur=false, isAccessLocked=false, isScreening=false, topActivity=null, mHashCode=433071798}, title=Aagah, titleDescription=Aagah, bounds=null, isLaunchTarget=false, isStackTask=true, isSystemApp=false, isDockable=true, baseActivity=null, isLocked=false, mNeedHide=false, hasMultipleTasks=false, cti1Key=, cti2Key=] 
12-27 11:46:40.473 14624 15146 E ActivityManagerWrapper:  mainTaskId=14506   userId=0   windowMode=1   baseIntent=Intent { act=android.intent.action.MAIN flag=270532608 cmp=ComponentInfo{com.aagah/com.aagah.MainActivity} }
12-27 11:46:40.496 14624 15146 D RecentsTaskLoader: reloadTasksData [TaskKey{id=14506, stackId=0, baseIntent=Intent { act=android.intent.action.MAIN cat=[android.intent.category.LAUNCHER] flg=0x10200000 cmp=com.aagah/.MainActivity }, userId=0, lastActiveTime=1240734367, windowingMode=1, isThumbnailBlur=false, isAccessLocked=false, isScreening=false, topActivity=null, mHashCode=433071798}, title=Aagah, titleDescription=Aagah, bounds=null, isLaunchTarget=false, isStackTask=true, isSystemApp=false, isDockable=true, baseActivity=null, isLocked=false, mNeedHide=false, hasMultipleTasks=false, cti1Key=, cti2Key=] 
12-27 11:46:46.282 14624 15146 E ActivityManagerWrapper:  mainTaskId=14506   userId=0   windowMode=1   baseIntent=Intent { act=android.intent.action.MAIN flag=270532608 cmp=ComponentInfo{com.aagah/com.aagah.MainActivity} }
12-27 11:46:46.290 14624 15146 D RecentsTaskLoader: reloadTasksData [TaskKey{id=14506, stackId=0, baseIntent=Intent { act=android.intent.action.MAIN cat=[android.intent.category.LAUNCHER] flg=0x10200000 cmp=com.aagah/.MainActivity }, userId=0, lastActiveTime=1240734367, windowingMode=1, isThumbnailBlur=false, isAccessLocked=false, isScreening=false, topActivity=null, mHashCode=433071798}, title=Aagah, titleDescription=Aagah, bounds=null, isLaunchTarget=false, isStackTask=true, isSystemApp=false, isDockable=true, baseActivity=null, isLocked=false, mNeedHide=false, hasMultipleTasks=false, cti1Key=, cti2Key=] 
12-27 11:46:46.325 14624 15146 E ActivityManagerWrapper:  mainTaskId=14506   userId=0   windowMode=1   baseIntent=Intent { act=android.intent.action.MAIN flag=270532608 cmp=ComponentInfo{com.aagah/com.aagah.MainActivity} }
12-27 11:46:46.332 14624 15146 D RecentsTaskLoader: reloadTasksData [TaskKey{id=14506, stackId=0, baseIntent=Intent { act=android.intent.action.MAIN cat=[android.intent.category.LAUNCHER] flg=0x10200000 cmp=com.aagah/.MainActivity }, userId=0, lastActiveTime=1240734367, windowingMode=1, isThumbnailBlur=false, isAccessLocked=false, isScreening=false, topActivity=null, mHashCode=433071798}, title=Aagah, titleDescription=Aagah, bounds=null, isLaunchTarget=false, isStackTask=true, isSystemApp=false, isDockable=true, baseActivity=null, isLocked=false, mNeedHide=false, hasMultipleTasks=false, cti1Key=, cti2Key=] 
12-27 11:46:46.356 14624 15146 E ActivityManagerWrapper:  mainTaskId=14506   userId=0   windowMode=1   baseIntent=Intent { act=android.intent.action.MAIN flag=270532608 cmp=ComponentInfo{com.aagah/com.aagah.MainActivity} }
12-27 11:46:46.361 14624 15146 D RecentsTaskLoader: reloadTasksData [TaskKey{id=14506, stackId=0, baseIntent=Intent { act=android.intent.action.MAIN cat=[android.intent.category.LAUNCHER] flg=0x10200000 cmp=com.aagah/.MainActivity }, userId=0, lastActiveTime=1240734367, windowingMode=1, isThumbnailBlur=false, isAccessLocked=false, isScreening=false, topActivity=null, mHashCode=433071798}, title=Aagah, titleDescription=Aagah, bounds=null, isLaunchTarget=false, isStackTask=true, isSystemApp=false, isDockable=true, baseActivity=null, isLocked=false, mNeedHide=false, hasMultipleTasks=false, cti1Key=, cti2Key=] 
12-27 11:46:46.587 14624 15146 E ActivityManagerWrapper:  mainTaskId=14506   userId=0   windowMode=1   baseIntent=Intent { act=android.intent.action.MAIN flag=270532608 cmp=ComponentInfo{com.aagah/com.aagah.MainActivity} }
12-27 11:46:46.630 14624 15146 D RecentsTaskLoader: reloadTasksData [TaskKey{id=14506, stackId=0, baseIntent=Intent { act=android.intent.action.MAIN cat=[android.intent.category.LAUNCHER] flg=0x10200000 cmp=com.aagah/.MainActivity }, userId=0, lastActiveTime=1240734367, windowingMode=1, isThumbnailBlur=false, isAccessLocked=false, isScreening=false, topActivity=null, mHashCode=433071798}, title=Aagah, titleDescription=Aagah, bounds=null, isLaunchTarget=false, isStackTask=true, isSystemApp=false, isDockable=true, baseActivity=null, isLocked=false, mNeedHide=false, hasMultipleTasks=false, cti1Key=, cti2Key=] 
12-27 11:47:33.837 26931 26937 W gle.android.gms: ApkAssets: Deleting an ApkAssets object '<empty> and /data/app/~~qy4ZllvxKA2v8xQL2tAYsQ==/com.aagah-MjiGuxvOAIC7oQ5hWMIs7g==/base.apk' with 1 weak references
12-27 11:47:52.787  7406  9098 I PowerRankHelperHolder: mDesktopPkgSet =[com.milink.service, com.mobiin.gp, com.miui.player, com.phonepe.app, com.example.thirdsplashscreen, com.xiaomi.mipicks, com.airconsole.controller, com.termux, com.collageattendance, com.microsoft.office.lync15, com.miui.compass, com.king.candycrushsaga, in.mohalla.quicktv, com.miui.calculator, com.android.contacts, com.learn1, com.android.deskclock, host.exp.exponent, com.soulcompany.bubbleshooter.relaxing, com.aagah, com.urbanpulseplus, com.digilocker.android, com.xiaomi.finddevice, com.google.android.apps.photos, com.wallet.crypto.trustapp, com.google.android.apps.nbu.paisa.user, com.android.nfc, com.mcn.csharpwallet, com.google.android.apps.safetyhub, com.dts.freefiremax, com.isaac.stringartpro, com.billu_blaster.app, com.sharing, com.sbi.lotusintouch, com.share_it, com.google.android.apps.maps, com.google.android.apps.tachyon, com.finalagain, com.godbtech.reliancemf, com.mfashiongallery.emag, com.appsomniacs.mmc, com.google.android.apps.messaging, com.google.android.googlequicksearchbox, com.miui.home, com.example.iitmandifaceattendance, ru.iiec.pydroid3, com.free_react_native, com.example.allinoneapplication, com.krafton.roadtovalorempires, org.telegram.messenger, com.android.quicksearchbox, com.kvassyu.coding2.cpp, com.miui.weather2, com.facebook.katana, com.jio.jse, com.xiaomi.smarthome, com.miui.miwallpaper, com.opera.browser.afin, ai.perplexity.app.android, com.android.mms, com.truecaller, com.miui.fm, com.android.thememanager, com.android.camera, com.innersloth.spacemafia, com.android.incallui, com.android.settings, com.xiaomi.glgm, com.android.soundrecorder, com.nextbillion.groww, com.google.android.apps.youtube.music, com.ketuapps.adsterra, com.fitbit.FitbitMobile, com.instagram.android, com.spotify, com.linkedin.android, com.instagram.lite, com.cambyte.okenscan, in.ludo.supremegold, com.kitkagames.fallbuddies, com.miui.mishare.connectivity, com.mosaicwellness.manmatters, com.xiaomi.mi_care, com.block.juggle, com.xiaomi.scanner, com.xiaomi.midrop, com.snapchat.android, com.miui.securitycenter, com.whereismytrain.android, com.android.vending, com.zingbusbtoc.zingbus, com.google.android.apps.nbu.files, com.android.chrome, com.microsoft.office.excel, com.binance.dev, com.cisco.wx2.android, org.saravanakumar.reactnativecomponentsexplorer, com.mi.android.globalFileexplorer, com.google.android.apps.docs, com.google.android.apps.chromecast.app, com.miui.gallery, com.google.android.youtube, com.google.android.apps.subscriptions.red, com.supercell.clashroyale, com.cdotindia.capsachet, com.netflix.mediaclient, com.google.android.apps.adm, com.mi.global.shop, com.google.android.videos, com.miui.notes, com.miui.miservice, com.example.motionapplication, com.jio.myjio, com.overlook.android.fing, co.piontech.speakercleaner.waterremover, com.sshnetworkscanner, com.example.attendanceiitmandi, dev.daily, com.whatsapp, com.duolingo, com.games24x7.rummycircle.rummy, com.mi.android.globallauncher, com.grofers.customerapp, voicechanger.voiceeffects.soundeffects.voiceavatar, com.android.providers.downloads.ui, com.aswin.reactnative.animations, com.playgendary.tanks, com.xiaomi.calendar, com.google.android.apps.docs.editors.sheets, authenticator.two.factor.authentication.otp, com.finalsharing, com.google.android.gm, com.callstack.reactnativepaperexample, com.krafton.bulletechoindia, com.mi.globalminusscreen, com.google.android.apps.authenticator2]
12-27 11:48:01.048 14624 15146 E ActivityManagerWrapper:  mainTaskId=14506   userId=0   windowMode=1   baseIntent=Intent { act=android.intent.action.MAIN flag=270532608 cmp=ComponentInfo{com.aagah/com.aagah.MainActivity} }
12-27 11:48:01.133 14624 15146 D RecentsTaskLoader: reloadTasksData [TaskKey{id=14506, stackId=0, baseIntent=Intent { act=android.intent.action.MAIN cat=[android.intent.category.LAUNCHER] flg=0x10200000 cmp=com.aagah/.MainActivity }, userId=0, lastActiveTime=1240734367, windowingMode=1, isThumbnailBlur=false, isAccessLocked=false, isScreening=false, topActivity=null, mHashCode=433071798}, title=Aagah, titleDescription=Aagah, bounds=null, isLaunchTarget=false, isStackTask=true, isSystemApp=false, isDockable=true, baseActivity=null, isLocked=false, mNeedHide=false, hasMultipleTasks=false, cti1Key=, cti2Key=] 
12-27 11:48:01.168 14624 15146 E ActivityManagerWrapper:  mainTaskId=14506   userId=0   windowMode=1   baseIntent=Intent { act=android.intent.action.MAIN flag=270532608 cmp=ComponentInfo{com.aagah/com.aagah.MainActivity} }
12-27 11:48:01.193 14624 15146 D RecentsTaskLoader: reloadTasksData [TaskKey{id=14506, stackId=0, baseIntent=Intent { act=android.intent.action.MAIN cat=[android.intent.category.LAUNCHER] flg=0x10200000 cmp=com.aagah/.MainActivity }, userId=0, lastActiveTime=1240734367, windowingMode=1, isThumbnailBlur=false, isAccessLocked=false, isScreening=false, topActivity=null, mHashCode=433071798}, title=Aagah, titleDescription=Aagah, bounds=null, isLaunchTarget=false, isStackTask=true, isSystemApp=false, isDockable=true, baseActivity=null, isLocked=false, mNeedHide=false, hasMultipleTasks=false, cti1Key=, cti2Key=] 
12-27 11:48:01.264 14624 15146 E ActivityManagerWrapper:  mainTaskId=14506   userId=0   windowMode=1   baseIntent=Intent { act=android.intent.action.MAIN flag=270532608 cmp=ComponentInfo{com.aagah/com.aagah.MainActivity} }
12-27 11:48:01.275 14624 15146 D RecentsTaskLoader: reloadTasksData [TaskKey{id=14506, stackId=0, baseIntent=Intent { act=android.intent.action.MAIN cat=[android.intent.category.LAUNCHER] flg=0x10200000 cmp=com.aagah/.MainActivity }, userId=0, lastActiveTime=1240734367, windowingMode=1, isThumbnailBlur=false, isAccessLocked=false, isScreening=false, topActivity=null, mHashCode=433071798}, title=Aagah, titleDescription=Aagah, bounds=null, isLaunchTarget=false, isStackTask=true, isSystemApp=false, isDockable=true, baseActivity=null, isLocked=false, mNeedHide=false, hasMultipleTasks=false, cti1Key=, cti2Key=] 
12-27 11:48:01.402  7406  7414 W tycenter.remote: ApkAssets: Deleting an ApkAssets object '<empty> and /data/app/~~qy4ZllvxKA2v8xQL2tAYsQ==/com.aagah-MjiGuxvOAIC7oQ5hWMIs7g==/base.apk' with 1 weak references
12-27 11:48:01.782 14624 15146 E ActivityManagerWrapper:  mainTaskId=14506   userId=0   windowMode=1   baseIntent=Intent { act=android.intent.action.MAIN flag=270532608 cmp=ComponentInfo{com.aagah/com.aagah.MainActivity} }
12-27 11:48:01.805 14624 15146 D RecentsTaskLoader: reloadTasksData [TaskKey{id=14506, stackId=0, baseIntent=Intent { act=android.intent.action.MAIN cat=[android.intent.category.LAUNCHER] flg=0x10200000 cmp=com.aagah/.MainActivity }, userId=0, lastActiveTime=1240734367, windowingMode=1, isThumbnailBlur=false, isAccessLocked=false, isScreening=false, topActivity=null, mHashCode=433071798}, title=Aagah, titleDescription=Aagah, bounds=null, isLaunchTarget=false, isStackTask=true, isSystemApp=false, isDockable=true, baseActivity=null, isLocked=false, mNeedHide=false, hasMultipleTasks=false, cti1Key=, cti2Key=] 
12-27 11:48:02.734  5615  5686 I Indus-SystemSettingsManager: extraSettingsSecureGetInt key: com.xiaomi.market.need_update_game_count, value: 0
12-27 11:48:03.106 14624 14624 D Launcher_DragView: new DragView:ShortcutInfo, id=-1, itemType=0, user=UserHandle{0}, mIconType=0, pkgName=com.aagah, className=com.aagah.MainActivity
12-27 11:48:03.125  1816  2801 D ShortcutService: Getting shortcuts for launcher= com.miui.homeuser=0 pkg=com.aagah
12-27 11:48:03.126  1816  2801 D ShortcutService: getShortcutsInnerLocked() returned empty results because com.aagah isn't loaded
12-27 11:48:03.339 14624 14624 D Launcher.ShortcutMenu: hide ShortcutMenu, pkgName=com.aagah, reason=drag_over_threshold
12-27 11:48:03.915  5955  6032 I Indus-SystemSettingsManager: extraSettingsSecureGetInt key: com.xiaomi.market.need_update_game_count, value: 0
12-27 11:48:04.204 14624 14624 D Launcher.DragController: drop, from=ShortcutInfo, id=-1, itemType=0, user=UserHandle{0}, mIconType=0, pkgName=com.aagah, className=com.aagah.MainActivity, screenId=-1, container=-1, cellX=-1, cellY=-1, spanX=1, spanY=1
12-27 11:48:04.210 14624 15041 W PreviewDisappear: getIcon info target: ComponentInfo{com.aagah/com.aagah.MainActivity}
12-27 11:48:04.210 14624 15041 W PreviewDisappear: getIcon info intent: Intent { act=android.intent.action.MAIN cat=[android.intent.category.LAUNCHER] flg=0x10200000 cmp=com.aagah/.MainActivity (has extras) }
12-27 11:48:04.211 14624 14624 W System.err: android.content.pm.PackageManager$NameNotFoundException: com.aagah
12-27 11:48:04.213 14624 14624 D Launcher.DragController: drop succeed, to ShortcutInfo, id=-1, itemType=0, user=UserHandle{0}, mIconType=0, pkgName=com.aagah, className=com.aagah.MainActivity, screenId=-1, container=-1, cellX=-1, cellY=-1, spanX=1, spanY=1
12-27 11:48:04.970 14624 14624 W System.err: android.content.pm.PackageManager$NameNotFoundException: com.aagah
12-27 11:48:04.979 14624 15025 D Launcher.LauncherUtils: app(com.aagah|UserHandle{0}) isDisable=false, backupProcessingPkg=null
12-27 11:48:04.992 14624 15025 D AutoInstallsParser: isPAIPackageName: com.aagah
12-27 11:48:04.992  1816  4265 D PackageManager: Uninstall pkg: com.aagah u0 flags:4 from u10151/14624 of com.miui.home
12-27 11:48:04.994 14624 15025 D Launcher.Model: onReceiveBackground, mAllAppsList=add=[], remove=[(0, AppInfo, id=-1, itemType=0, user=UserHandle{0}, mIconType=0, pkgName=com.aagah, className=com.aagah.MainActivity, screenId=-1, container=-1, cellX=-1, cellY=-1, spanX=1, spanY=1)], modified=[]
12-27 11:48:05.009 14624 14624 D Launcher: remove icon when bind apps removed:ShortcutInfo, id=196, itemType=0, user=UserHandle{0}, mIconType=0, pkgName=com.aagah, className=com.aagah.MainActivity, screenId=7, container=-100, cellX=3, cellY=0, spanX=1, spanY=1
12-27 11:48:05.009 14624 14624 D Launcher.CellLayout: remove icon for ShortcutInfo, id=196, itemType=0, user=UserHandle{0}, mIconType=0, pkgName=com.aagah, className=com.aagah.MainActivity, screenId=7, container=-100, cellX=3, cellY=0, spanX=1, spanY=1
12-27 11:48:05.009 14624 14624 D Launcher.CellLayout: updateCellOccupiedMarks, remove, ShortcutInfo, id=196, itemType=0, user=UserHandle{0}, mIconType=0, pkgName=com.aagah, className=com.aagah.MainActivity, screenId=7, container=-100, cellX=3, cellY=0, spanX=1, spanY=1
12-27 11:48:05.010 14624 14624 D Launcher: removeShortcutIcon, info=(ShortcutInfo, id=196, itemType=0, user=UserHandle{0}, mIconType=0, pkgName=com.aagah, className=com.aagah.MainActivity, screenId=7, container=-100, cellX=3, cellY=0, spanX=1, spanY=1), removeFromDB=true
12-27 11:48:05.010 14624 14624 D Launcher.Model: deleteItemFromDatabase, item=ShortcutInfo, id=196, itemType=0, user=UserHandle{0}, mIconType=0, pkgName=com.aagah, className=com.aagah.MainActivity, screenId=7, container=-100, cellX=3, cellY=0, spanX=1, spanY=1
12-27 11:48:05.023  1816  1927 I ActivityManager: Force stopping com.aagah appid=10401 user=0: deletePackageX
12-27 11:48:05.024  1816  1965 I AppsFilter: interaction: PackageSetting{90820f6 com.urbanpulseplus/10054} -> PackageSetting{2ff111d com.aagah/10401} BLOCKED
12-27 11:48:05.025  1816  1965 I AppsFilter: interaction: PackageSetting{398f4a0 com.finalagain/10142} -> PackageSetting{2ff111d com.aagah/10401} BLOCKED
12-27 11:48:05.025  1816  1965 I AppsFilter: interaction: PackageSetting{dcd3407 com.android.microdroid.empty_payload/10364} -> PackageSetting{2ff111d com.aagah/10401} BLOCKED
12-27 11:48:05.025  1816  1965 I AppsFilter: interaction: PackageSetting{d6af572 com.learn1/10303} -> PackageSetting{2ff111d com.aagah/10401} BLOCKED
12-27 11:48:05.026  1816  1965 I AppsFilter: interaction: PackageSetting{dbe4e36 com.example.attendanceiitmandi/10288} -> PackageSetting{2ff111d com.aagah/10401} BLOCKED
12-27 11:48:05.026  1816  1965 I AppsFilter: interaction: PackageSetting{226b644 com.example.motionapplication/10313} -> PackageSetting{2ff111d com.aagah/10401} BLOCKED
12-27 11:48:05.027  1816  1965 I AppsFilter: interaction: PackageSetting{738dbb9 com.example.iitmandifaceattendance/10284} -> PackageSetting{2ff111d com.aagah/10401} BLOCKED
12-27 11:48:05.027  1816  1965 I AppsFilter: interaction: PackageSetting{e4a2980 com.example.thirdsplashscreen/10283} -> PackageSetting{2ff111d com.aagah/10401} BLOCKED
12-27 11:48:05.027  1816  1965 I AppsFilter: interaction: PackageSetting{e8afd81 com.collageattendance/10291} -> PackageSetting{2ff111d com.aagah/10401} BLOCKED
12-27 11:48:05.027  1816  1965 I AppsFilter: interaction: PackageSetting{bf30c50 com.share_it/10311} -> PackageSetting{2ff111d com.aagah/10401} BLOCKED
12-27 11:48:05.028  1816  1965 I AppsFilter: interaction: PackageSetting{8caae1d com.spotify/10317} -> PackageSetting{2ff111d com.aagah/10401} BLOCKED
12-27 11:48:05.028  1816  1965 I AppsFilter: interaction: PackageSetting{b37f6f4 com.finalsharing/10310} -> PackageSetting{2ff111d com.aagah/10401} BLOCKED
12-27 11:48:05.028  1816  1965 I AppsFilter: interaction: PackageSetting{1474c3a com.sharing/10309} -> PackageSetting{2ff111d com.aagah/10401} BLOCKED
12-27 11:48:05.028  1816  1965 I AppsFilter: interaction: PackageSetting{d7e83d7 com.example.allinoneapplication/10286} -> PackageSetting{2ff111d com.aagah/10401} BLOCKED
12-27 11:48:05.662  1816  1965 W PackageFreezer: Freeze package com.aagah about 0.659 seconds for reason: deletePackageX
12-27 11:48:05.743  1816  1965 I ActivityManager: Force stopping com.aagah appid=10401 user=0: pkg removed
12-27 11:48:05.844  2955  3406 W QSTileHostExt: package info not found: com.aagah
12-27 11:48:05.847  1816  2546 W WifiService: Couldn't get PackageInfo for package:com.aagah
12-27 11:48:05.847  1816  2546 D WifiService: Remove settings for package:com.aagah
12-27 11:48:05.848  1816  2546 D WifiConfigManager: Remove all networks for app ApplicationInfo{c5012bb com.aagah}
12-27 11:48:05.849  1816  2545 D MiuiNetworkPolicyAppBuckets: updateAppPN packageName=com.aagah,uid=10401,installed=false
12-27 11:48:05.853  2955  2955 D MiuiClockController: receive package changed com.aagah
12-27 11:48:05.857  2934  2934 D CarrierSvcBindHelper: onPackageRemoved: com.aagah
12-27 11:48:05.858  2955  2955 D MiuiShortcut-PackageChangedManager: uninstall success : com.aagah
12-27 11:48:05.864  1816  2546 I PasspointManager: No app ops listener found for com.aagah
12-27 11:48:05.865  1816  2647 D ShortcutService: removing package: com.aagah userId0
12-27 11:48:05.867  1816  2647 D ShortcutService: handlePackageRemoved: com.aagah user=0
12-27 11:48:05.882  1816  2125 I RollbackManager: broadcast=ACTION_PACKAGE_FULLY_REMOVED pkg=com.aagah
12-27 11:48:05.886 14624 14624 D Launcher.Model: LauncherAppsCallback onPackageRemoved|com.aagah|UserHandle{0}|false
12-27 11:48:05.886 14624 14624 D Launcher.Model: onPackageRemoved: packageName = com.aagah
12-27 11:48:05.888 14624 14624 D Launcher.Model: checkWidgetBlurState: post WidgetBlurStateMessage com.aagah
12-27 11:48:05.889 14624 14624 D MaMlHostView: onMessageEvent: message = WidgetBlurStateMessage{packageName='com.aagah'}
12-27 11:48:05.889 14624 14624 D Launcher.Widget: onMessageEvent: message = WidgetBlurStateMessage{packageName='com.aagah'}
12-27 11:48:05.889  1816  2546 W WifiService: Couldn't get PackageInfo for package:com.aagah
12-27 11:48:05.889  1816  2546 D WifiService: Remove settings for package:com.aagah
12-27 11:48:05.889  1816  2546 D WifiConfigManager: Remove all networks for app ApplicationInfo{25f3308 com.aagah}
12-27 11:48:05.889  1816  2546 I PasspointManager: No app ops listener found for com.aagah
12-27 11:48:05.907 14624 15025 D AutoInstallsParser: isPAIPackageName: com.aagah
12-27 11:48:05.927  3726  3726 E MiuiScanManagerV2: Uninstalled package name : com.aagah
12-27 11:48:05.972  1816  1816 I Telecom : CarModeTracker: Package com.aagah is not tracked.: SSH.oR@rIc
12-27 11:48:06.019  7406  7406 I InstalledAppMonitor: com.aagahonReceive remove pkg=com.aagah
12-27 11:48:06.298  1816  1816 I ConditionProviders: Disallowing condition provider com.aagah (userSet: true)
12-27 11:48:06.366 14624 14747 E InstallApkReceiver: uninstall:package:com.aagah
12-27 11:48:06.565 22645 31755 E PackageUtils: android.content.pm.PackageManager$NameNotFoundException: com.aagah
12-27 11:48:06.718  6065  6360 I ProximityAuth: [RecentAppsMediator] Package removed: (user=UserHandle{0}) com.aagah
12-27 11:48:06.757  4161  4161 I Finsky  : [2] AIM: AppInfoCacheUpdater -> invalidating apps: [com.aagah]
12-27 11:48:06.762  4161  6383 I Finsky  : [3557] Asset module storage cleared for package com.aagah.
12-27 11:48:06.767  4161  4273 I Finsky  : [2526] AIM: AppInfoManager-Perf > OnDeviceAppInfo > cacheHitCount=0, cacheMissCount=1. Missed  in cache (limit 10) : [com.aagah]
12-27 11:48:06.969  4161  4161 W Finsky  : [2] STU: Failed to get storage stats for package 'com.aagah' (1601: Error getting stats: android.content.pm.PackageManager.NameNotFoundException)
12-27 11:48:07.138 19457 19457 D AppFinder:AppFinderLoadModel: package removed received com.aagah
12-27 11:48:07.149 19457 19457 I PackageInstallReceiver: action = android.intent.action.PACKAGE_REMOVED packageName = com.aagah
12-27 11:48:07.150 19457 19594 D AppFinder:PackageUpdatedTask: Removing app iconcom.aagah
12-27 11:48:07.166  4090  6437 D ContactDirectoryManager: onPackageChanged,updateDirectoriesForPackage, packageName:com.aagah
12-27 11:48:07.249 26931 27468 E WorkSourceUtil: Could not find package: com.aagah
12-27 11:48:07.282 26931  6385 W RWIPackageIntentOps: Registries cleared for package: com.aagah
12-27 11:48:07.335 26931  6450 I Icing   : doRemovePackageData com.aagah
12-27 11:48:07.406 26931  6315 W SQLiteLog: (28) double-quoted string literal: "com.aagah"
12-27 11:48:07.440  4161  4161 I Finsky  : [2] Received an install/uninstall event for package com.aagah
12-27 11:48:07.556  6355  6355 I Finsky:background: [2] Package no longer installed: com.aagah
12-27 11:48:07.561  6355  6355 I Finsky:background: [2] Package no longer installed: com.aagah
12-27 11:48:07.932  7407  9032 D MediaProvider: Deleted 0 Android/media items belonging to com.aagah on /data/user/0/com.google.android.providers.media.module/databases/external.db
12-27 11:48:08.068  7407  9032 I FuseDaemon: Successfully deleted rows in leveldb for owner_id:  and ownerPackageIdentifier: com.aagah::0
12-27 11:48:08.109  7407  9032 D MediaGrants: Removed 0 media_grants for 0 user for [com.aagah]. Reason: Package orphaned
12-27 11:48:08.587  6607  6607 D PersistedStoragePackageUninstalledReceiver: Received android.intent.action.PACKAGE_FULLY_REMOVED for com.aagah for u0
12-27 11:48:09.157  7406  9047 W MIUISafety-Monitor: checkRunningOp end for com.aagah cost 0ms, should sync = false
12-27 11:48:09.269  6766  6766 I VSC-AppInstallReceiver: action: android.intent.action.PACKAGE_FULLY_REMOVED, packageName: com.aagah
12-27 11:48:10.450  4161  4161 I Finsky  : [2] VerifyApps: Install-time verification requested for package com.aagah, PackageManager id = 222, Verifier id = 38fb4df1-f2ec-4009-9122-88d8538249dd
12-27 11:48:10.786  4161  6404 I Finsky  : [3561] VerifyApps: Anti-malware verification task started for package=com.aagah
12-27 11:48:11.041  4161  4292 I Finsky  : [2538] VerifyApps: Starting APK Analysis scan for com.aagah.
12-27 11:48:11.042  4161  4292 I Finsky  : [2538] Scanning package com.aagah contents with client side protections. File: [jXmtMEJnLuFdLm93h2UErHuiAZfTU0nFAwmhiMI_0ko]
12-27 11:48:11.160  4161  4292 I Finsky  : [2538] VerifyApps: APK Analysis scan finished for com.aagah. Verdict: SAFE
12-27 11:48:11.852  4161  6423 I Finsky  : [3563] VerifyApps: Verification package=com.aagah, id=222, response=0, upload_requested=true, enable_ecm=false
12-27 11:48:11.854  4161  6423 I Finsky  : [3563] VerifyApps: Verification package=com.aagah, id=222, upload_requested=true, upload_consent=1
12-27 11:48:11.859  4161  6423 I Finsky  : [3563] VerifyApps: PAM result saving to datastore delayed for package: com.aagah
12-27 11:48:11.869  4161  4292 I Finsky  : [2538] VerifyApps: Adding apk for upload: com.aagah:1
12-27 11:48:11.869  4161  4161 I Finsky  : [2] VerifyApps: Install-time verification complete: id=222, package_name=com.aagah
12-27 11:48:17.509  7407  7423 D MediaGrants: Removed 0 media_grants for 0 user for [com.aagah]. Reason: Mode changed: android:read_external_storage
12-27 11:48:17.544  1816  1965 I PackageManager: Running dexopt (packageName=com.aagah)
12-27 11:48:17.562  1816  1965 I ArtService: Adjusting the compiler filter for 'com.aagah' from 'speed-profile' to 'verify' because there is no valid profile
12-27 11:48:17.742  6263  6267 I artd    : GetBestInfo: /data/app/~~nrauHYvo_jMdn5Aiy_qMow==/com.aagah-whZHYkVYaCD5ga_dOA6V5Q==/base.apk has no usable artifacts
12-27 11:48:17.766  6263  6267 I artd    : Running dex2oat: /apex/com.android.art/bin/art_exec --drop-capabilities --set-task-profile=Dex2OatBootComplete --set-priority=background --keep-fds=7:8:9:10 -- /apex/com.android.art/bin/dex2oat64 --zip-fd=7 --zip-location=/data/app/~~nrauHYvo_jMdn5Aiy_qMow==/com.aagah-whZHYkVYaCD5ga_dOA6V5Q==/base.apk --oat-fd=8 --oat-location=/data/app/~~nrauHYvo_jMdn5Aiy_qMow==/com.aagah-whZHYkVYaCD5ga_dOA6V5Q==/oat/arm64/base.odex --output-vdex-fd=9 --swap-fd=10 --class-loader-context=PCL[] --classpath-dir=/data/app/~~nrauHYvo_jMdn5Aiy_qMow==/com.aagah-whZHYkVYaCD5ga_dOA6V5Q== --instruction-set=arm64 --instruction-set-features=default --instruction-set-variant=cortex-a55 --compiler-filter=verify --compilation-reason=install --max-image-block-size=524288 --resolve-startup-const-strings=true --generate-mini-debug-info --runtime-arg -Xtarget-sdk-version:36 --runtime-arg -Xhidden-api-policy:enabled -j6 --runtime-arg -Xms64m --runtime-arg -Xmx512m --comments=app-name:com.aagah,app-version-name:1.0,app-version-code:1,art-version:360910040
12-27 11:48:17.766  6263  6267 I artd    : Opened FDs: 7:/data/app/~~nrauHYvo_jMdn5Aiy_qMow==/com.aagah-whZHYkVYaCD5ga_dOA6V5Q==/base.apk 8:/data/app/~~nrauHYvo_jMdn5Aiy_qMow==/com.aagah-whZHYkVYaCD5ga_dOA6V5Q==/oat/arm64/base.odex.v6U1Fs.tmp 9:/data/app/~~nrauHYvo_jMdn5Aiy_qMow==/com.aagah-whZHYkVYaCD5ga_dOA6V5Q==/oat/arm64/base.vdex.6Boa18.tmp 10:/data/app/~~nrauHYvo_jMdn5Aiy_qMow==/com.aagah-whZHYkVYaCD5ga_dOA6V5Q==/oat/arm64/base.odex.swap.C9icE0.tmp 
12-27 11:48:17.836  7776  7776 W dex2oat64: /apex/com.android.art/bin/dex2oat64 --zip-fd=7 --zip-location=/data/app/~~nrauHYvo_jMdn5Aiy_qMow==/com.aagah-whZHYkVYaCD5ga_dOA6V5Q==/base.apk --oat-fd=8 --oat-location=/data/app/~~nrauHYvo_jMdn5Aiy_qMow==/com.aagah-whZHYkVYaCD5ga_dOA6V5Q==/oat/arm64/base.odex --output-vdex-fd=9 --swap-fd=10 --class-loader-context=PCL[] --classpath-dir=/data/app/~~nrauHYvo_jMdn5Aiy_qMow==/com.aagah-whZHYkVYaCD5ga_dOA6V5Q== --instruction-set=arm64 --instruction-set-features=default --instruction-set-variant=cortex-a55 --compiler-filter=verify --compilation-reason=install --max-image-block-size=524288 --resolve-startup-const-strings=true --generate-mini-debug-info --runtime-arg -Xtarget-sdk-version:36 --runtime-arg -Xhidden-api-policy:enabled -j6 --runtime-arg -Xms64m --runtime-arg -Xmx512m --comments=app-name:com.aagah,app-version-name:1.0,app-version-code:1,art-version:360910040
12-27 11:48:17.839  7776  7776 I dex2oat64: /apex/com.android.art/bin/dex2oat64 --output-vdex-fd=9 --class-loader-context=PCL[] --classpath-dir=/data/app/~~nrauHYvo_jMdn5Aiy_qMow==/com.aagah-whZHYkVYaCD5ga_dOA6V5Q== --compiler-filter=verify --compilation-reason=install --max-image-block-size=524288 --resolve-startup-const-strings=true --generate-mini-debug-info -j6 --comments=app-name:com.aagah,app-version-name:1.0,app-version-code:1,art-version:360910040
12-27 11:48:19.062  1816  1965 I ArtService: Dexopt result: [packageName = com.aagah] DexContainerFileDexoptResult{dexContainerFile=/data/app/~~nrauHYvo_jMdn5Aiy_qMow==/com.aagah-whZHYkVYaCD5ga_dOA6V5Q==/base.apk, primaryAbi=true, abi=arm64-v8a, actualCompilerFilter=verify, status=PERFORMED, dex2oatWallTimeMillis=1286, dex2oatCpuTimeMillis=2830, sizeBytes=28655108, sizeBeforeBytes=0, extendedStatusFlags=[]}
12-27 11:48:19.070  1816  1965 W PackageFreezer: Freeze package com.aagah about 1.683 seconds for reason: installPackageLI
12-27 11:48:19.072  1816  1965 I BackupManagerService: [UserID:0] restoreAtInstall pkg=com.aagah token=da restoreSet=0
12-27 11:48:19.074  1816  1965 I InstallationTiming: com.aagah|null|9809|886|196|11|0|1452|1522
12-27 11:48:19.074  1816  1965 I AppsFilter: interaction: PackageSetting{2a9110c com.urbanpulseplus/10054} -> PackageSetting{ab9e0b8 com.aagah/10402} BLOCKED
12-27 11:48:19.074  1816  1965 I AppsFilter: interaction: PackageSetting{10d4c6a com.finalagain/10142} -> PackageSetting{ab9e0b8 com.aagah/10402} BLOCKED
12-27 11:48:19.074  1816  1965 I AppsFilter: interaction: PackageSetting{94b06d1 com.android.microdroid.empty_payload/10364} -> PackageSetting{ab9e0b8 com.aagah/10402} BLOCKED
12-27 11:48:19.075  1816  1965 I AppsFilter: interaction: PackageSetting{7abc536 com.learn1/10303} -> PackageSetting{ab9e0b8 com.aagah/10402} BLOCKED
12-27 11:48:19.075  1816  1965 I AppsFilter: interaction: PackageSetting{7fd9c37 com.example.attendanceiitmandi/10288} -> PackageSetting{ab9e0b8 com.aagah/10402} BLOCKED
12-27 11:48:19.075  1816  1965 I AppsFilter: interaction: PackageSetting{61e75a4 com.example.motionapplication/10313} -> PackageSetting{ab9e0b8 com.aagah/10402} BLOCKED
12-27 11:48:19.075  1816  1965 I AppsFilter: interaction: PackageSetting{3a83f0d com.example.iitmandifaceattendance/10284} -> PackageSetting{ab9e0b8 com.aagah/10402} BLOCKED
12-27 11:48:19.075  1816  1965 I AppsFilter: interaction: PackageSetting{2e6fec2 com.example.thirdsplashscreen/10283} -> PackageSetting{ab9e0b8 com.aagah/10402} BLOCKED
12-27 11:48:19.075  1816  1965 I AppsFilter: interaction: PackageSetting{a05c4d3 com.collageattendance/10291} -> PackageSetting{ab9e0b8 com.aagah/10402} BLOCKED
12-27 11:48:19.075  1816  1965 I AppsFilter: interaction: PackageSetting{49f4810 com.share_it/10311} -> PackageSetting{ab9e0b8 com.aagah/10402} BLOCKED
12-27 11:48:19.075  1816  1965 I AppsFilter: interaction: PackageSetting{c26bf09 com.spotify/10317} -> PackageSetting{ab9e0b8 com.aagah/10402} BLOCKED
12-27 11:48:19.075  1816  1965 I AppsFilter: interaction: PackageSetting{4aa450e com.finalsharing/10310} -> PackageSetting{ab9e0b8 com.aagah/10402} BLOCKED
12-27 11:48:19.075  1816  1965 I AppsFilter: interaction: PackageSetting{45ddb2f com.sharing/10309} -> PackageSetting{ab9e0b8 com.aagah/10402} BLOCKED
12-27 11:48:19.075  1816  1965 I AppsFilter: interaction: PackageSetting{a18d53c com.example.allinoneapplication/10286} -> PackageSetting{ab9e0b8 com.aagah/10402} BLOCKED
12-27 11:48:19.083  1816 27059 D BaselineProfile: com.aagah prepare DexMetadata profile success, effective profile is: baseline
12-27 11:48:19.083  1816 27059 D BaselineProfile: com.aagah prepareDexMetadata success: true
12-27 11:48:19.083  1816 27059 W DexoptOptions: DEXOPT_INSTALL_WITH_DEX_METADATA_FILE not set in request to optimise com.aagah - ART Service will unconditionally use a DM file if present.
