12-27 11:10:50.087  9551  9551 F DEBUG   :       #08 pc 00000000002d9988  /data/app/~~CWLi9S-uTjHC4-hKqP-JKg==/com.aagah-gXqi6X6Y2YP12KDcv3RS5A==/base.apk!libreactnative.so (offset 0x121c000) (facebook::react::JsErrorHandler::handleError(facebook::jsi::Runtime&, facebook::jsi::JSError&, bool, bool)+1684) (BuildId: 691b347289c731b84861047df2aaafbd84f47080)
12-27 11:10:50.087  9551  9551 F DEBUG   :       #09 pc 000000000028d420  /data/app/~~CWLi9S-uTjHC4-hKqP-JKg==/com.aagah-gXqi6X6Y2YP12KDcv3RS5A==/base.apk!libreactnative.so (offset 0x121c000) (BuildId: 691b347289c731b84861047df2aaafbd84f47080)
12-27 11:10:50.087  9551  9551 F DEBUG   :       #10 pc 00000000000abe48  /data/app/~~CWLi9S-uTjHC4-hKqP-JKg==/com.aagah-gXqi6X6Y2YP12KDcv3RS5A==/base.apk!libhermesvm.so (offset 0xd60000) (BuildId: 5ecc060199caaf24c191abad40cb4d0af7fb15d6)
12-27 11:10:50.087  9551  9551 F DEBUG   :       #11 pc 00000000000abb84  /data/app/~~CWLi9S-uTjHC4-hKqP-JKg==/com.aagah-gXqi6X6Y2YP12KDcv3RS5A==/base.apk!libhermesvm.so (offset 0xd60000) (BuildId: 5ecc060199caaf24c191abad40cb4d0af7fb15d6)
12-27 11:10:50.087  9551  9551 F DEBUG   :       #12 pc 00000000000b4370  /data/app/~~CWLi9S-uTjHC4-hKqP-JKg==/com.aagah-gXqi6X6Y2YP12KDcv3RS5A==/base.apk!libhermesvm.so (offset 0xd60000) (BuildId: 5ecc060199caaf24c191abad40cb4d0af7fb15d6)
12-27 11:10:50.087  9551  9551 F DEBUG   :       #13 pc 00000000000c6758  /data/app/~~CWLi9S-uTjHC4-hKqP-JKg==/com.aagah-gXqi6X6Y2YP12KDcv3RS5A==/base.apk!libhermesvm.so (offset 0xd60000) (BuildId: 5ecc060199caaf24c191abad40cb4d0af7fb15d6)
12-27 11:10:50.087  9551  9551 F DEBUG   :       #14 pc 00000000000c60b8  /data/app/~~CWLi9S-uTjHC4-hKqP-JKg==/com.aagah-gXqi6X6Y2YP12KDcv3RS5A==/base.apk!libhermesvm.so (offset 0xd60000) (BuildId: 5ecc060199caaf24c191abad40cb4d0af7fb15d6)
12-27 11:10:50.087  9551  9551 F DEBUG   :       #15 pc 00000000000f5b80  /data/app/~~CWLi9S-uTjHC4-hKqP-JKg==/com.aagah-gXqi6X6Y2YP12KDcv3RS5A==/base.apk!libhermesvm.so (offset 0xd60000) (BuildId: 5ecc060199caaf24c191abad40cb4d0af7fb15d6)
12-27 11:10:50.087  9551  9551 F DEBUG   :       #16 pc 00000000000a0cb0  /data/app/~~CWLi9S-uTjHC4-hKqP-JKg==/com.aagah-gXqi6X6Y2YP12KDcv3RS5A==/base.apk!libhermesvm.so (offset 0xd60000) (BuildId: 5ecc060199caaf24c191abad40cb4d0af7fb15d6)
12-27 11:10:50.087  9551  9551 F DEBUG   :       #17 pc 00000000000a70c4  /data/app/~~CWLi9S-uTjHC4-hKqP-JKg==/com.aagah-gXqi6X6Y2YP12KDcv3RS5A==/base.apk!libhermesvm.so (offset 0xd60000) (BuildId: 5ecc060199caaf24c191abad40cb4d0af7fb15d6)
12-27 11:10:50.087  9551  9551 F DEBUG   :       #18 pc 00000000000a0ab0  /data/app/~~CWLi9S-uTjHC4-hKqP-JKg==/com.aagah-gXqi6X6Y2YP12KDcv3RS5A==/base.apk!libhermesvm.so (offset 0xd60000) (BuildId: 5ecc060199caaf24c191abad40cb4d0af7fb15d6)
12-27 11:10:50.087  9551  9551 F DEBUG   :       #19 pc 0000000000288e3c  /data/app/~~CWLi9S-uTjHC4-hKqP-JKg==/com.aagah-gXqi6X6Y2YP12KDcv3RS5A==/base.apk!libreactnative.so (offset 0x121c000) (BuildId: 691b347289c731b84861047df2aaafbd84f47080)
12-27 11:10:50.087  9551  9551 F DEBUG   :       #20 pc 0000000000457ce4  /data/app/~~CWLi9S-uTjHC4-hKqP-JKg==/com.aagah-gXqi6X6Y2YP12KDcv3RS5A==/base.apk!libreactnative.so (offset 0x121c000) (facebook::react::Task::execute(facebook::jsi::Runtime&, bool)+312) (BuildId: 691b347289c731b84861047df2aaafbd84f47080)
12-27 11:10:50.087  9551  9551 F DEBUG   :       #21 pc 0000000000455e74  /data/app/~~CWLi9S-uTjHC4-hKqP-JKg==/com.aagah-gXqi6X6Y2YP12KDcv3RS5A==/base.apk!libreactnative.so (offset 0x121c000) (facebook::react::RuntimeScheduler_Modern::executeTask(facebook::jsi::Runtime&, facebook::react::Task&, bool) const+60) (BuildId: 691b347289c731b84861047df2aaafbd84f47080)
12-27 11:10:50.087  9551  9551 F DEBUG   :       #22 pc 0000000000456784  /data/app/~~CWLi9S-uTjHC4-hKqP-JKg==/com.aagah-gXqi6X6Y2YP12KDcv3RS5A==/base.apk!libreactnative.so (offset 0x121c000) (facebook::react::RuntimeScheduler_Modern::runEventLoopTick(facebook::jsi::Runtime&, facebook::react::Task&)+124) (BuildId: 691b347289c731b84861047df2aaafbd84f47080)
12-27 11:10:50.087  9551  9551 F DEBUG   :       #23 pc 0000000000456494  /data/app/~~CWLi9S-uTjHC4-hKqP-JKg==/com.aagah-gXqi6X6Y2YP12KDcv3RS5A==/base.apk!libreactnative.so (offset 0x121c000) (facebook::react::RuntimeScheduler_Modern::runEventLoop(facebook::jsi::Runtime&)+88) (BuildId: 691b347289c731b84861047df2aaafbd84f47080)
12-27 11:10:50.087  9551  9551 F DEBUG   :       #24 pc 00000000002869c4  /data/app/~~CWLi9S-uTjHC4-hKqP-JKg==/com.aagah-gXqi6X6Y2YP12KDcv3RS5A==/base.apk!libreactnative.so (offset 0x121c000) (BuildId: 691b347289c731b84861047df2aaafbd84f47080)
12-27 11:10:50.087  9551  9551 F DEBUG   :       #25 pc 000000000049671c  /data/app/~~CWLi9S-uTjHC4-hKqP-JKg==/com.aagah-gXqi6X6Y2YP12KDcv3RS5A==/base.apk!libreactnative.so (offset 0x121c000) (BuildId: 691b347289c731b84861047df2aaafbd84f47080)
12-27 11:10:50.087  9551  9551 F DEBUG   :       #26 pc 0000000000017dd0  /data/app/~~CWLi9S-uTjHC4-hKqP-JKg==/com.aagah-gXqi6X6Y2YP12KDcv3RS5A==/base.apk!libfbjni.so (offset 0xd04000) (facebook::jni::detail::MethodWrapper<void (facebook::jni::JNativeRunnable::*)(), &facebook::jni::JNativeRunnable::run(), facebook::jni::JNativeRunnable, void>::dispatch(facebook::jni::alias_ref<facebook::jni::detail::JTypeFor<facebook::jni::HybridClass<facebook::jni::JNativeRunnable, facebook::jni::JRunnable>::JavaPart, facebook::jni::JRunnable, void>::_javaobject*>)+72) (BuildId: e438f6554af1d86b210a05412e96c4251e570157)
12-27 11:10:50.087  9551  9551 F DEBUG   :       #27 pc 0000000000017d10  /data/app/~~CWLi9S-uTjHC4-hKqP-JKg==/com.aagah-gXqi6X6Y2YP12KDcv3RS5A==/base.apk!libfbjni.so (offset 0xd04000) (facebook::jni::detail::FunctionWrapper<void (*)(facebook::jni::alias_ref<facebook::jni::detail::JTypeFor<facebook::jni::HybridClass<facebook::jni::JNativeRunnable, facebook::jni::JRunnable>::JavaPart, facebook::jni::JRunnable, void>::_javaobject*>), facebook::jni::detail::JTypeFor<facebook::jni::HybridClass<facebook::jni::JNativeRunnable, facebook::jni::JRunnable>::JavaPart, facebook::jni::JRunnable, void>::_javaobject*, void>::call(_JNIEnv*, _jobject*, void (*)(facebook::jni::alias_ref<facebook::jni::detail::JTypeFor<facebook::jni::HybridClass<facebook::jni::JNativeRunnable, facebook::jni::JRunnable>::JavaPart, facebook::jni::JRunnable, void>::_javaobject*>))+60) (BuildId: e438f6554af1d86b210a05412e96c4251e570157)
12-27 11:10:50.087  9551  9551 F DEBUG   :       #31 pc 0000000000bac972  /data/app/~~CWLi9S-uTjHC4-hKqP-JKg==/com.aagah-gXqi6X6Y2YP12KDcv3RS5A==/oat/arm64/base.vdex (com.facebook.react.bridge.queue.MessageQueueThreadHandler.dispatchMessage+10)
12-27 11:10:50.087  9551  9551 F DEBUG   :       #35 pc 0000000000bacc1c  /data/app/~~CWLi9S-uTjHC4-hKqP-JKg==/com.aagah-gXqi6X6Y2YP12KDcv3RS5A==/oat/arm64/base.vdex (com.facebook.react.bridge.queue.MessageQueueThreadImpl$Companion.startNewBackgroundThread$lambda$0+28)
12-27 11:10:50.087  9551  9551 F DEBUG   :       #37 pc 0000000000bacbb8  /data/app/~~CWLi9S-uTjHC4-hKqP-JKg==/com.aagah-gXqi6X6Y2YP12KDcv3RS5A==/oat/arm64/base.vdex (com.facebook.react.bridge.queue.MessageQueueThreadImpl$Companion.$r8$lambda$YYXYCFexeoKtAeDpeNYkxZZlpbA+0)
12-27 11:10:50.087  9551  9551 F DEBUG   :       #39 pc 0000000000baca08  /data/app/~~CWLi9S-uTjHC4-hKqP-JKg==/com.aagah-gXqi6X6Y2YP12KDcv3RS5A==/oat/arm64/base.vdex (com.facebook.react.bridge.queue.MessageQueueThreadImpl$Companion$$ExternalSyntheticLambda0.run+4)
12-27 11:10:50.218  1816  2834 I Transition: finishTransition: updateLastSurfacePosition tf=Task{38c8110 #14501 type=standard A=10400:com.aagah}
12-27 11:10:50.251  1816  9827 W ActivityTaskManager:   Force finishing activity com.aagah/.MainActivity
12-27 11:10:50.254  1816  9827 D MiuiFreeFormGestureController: deliverResultForFinishActivity resultTo: null resultFrom: ActivityRecord{7a1ea4 u0 com.aagah/.MainActivity t14501 f}} isInVideoOrGameScene: false intent: Intent { act=android.intent.action.MAIN cat=[android.intent.category.LAUNCHER] flg=0x10200000 cmp=com.aagah/.MainActivity bnds=[31,32][137,138] (has extras) }
12-27 11:10:50.254  1816  9827 D WindowManager: Collecting in transition 12664: Task{38c8110 #14501 type=standard A=10400:com.aagah} init visibleRequested:true
12-27 11:10:50.254  1816  9827 D WindowManager: Collecting in transition 12664: ActivityRecord{7a1ea4 u0 com.aagah/.MainActivity t14501 f}} init visibleRequested:true
12-27 11:10:50.259  1816  9827 D WindowManager:  applyPostLayoutPolicyLw modify AppearanceRegion  win = Window{ec70d9c u0 com.aagah/com.aagah.MainActivity} isEnable = false appearance = 0 getRecordAppearance() = 0
12-27 11:10:50.262  1816  1853 D WindowManager: wms.Focus not requested for window=Window{ec70d9c u0 com.aagah/com.aagah.MainActivity} because it has no surface or is not focusable.
12-27 11:10:50.279  1816  3006 W WindowManager: Changing focus from Window{ec70d9c u0 com.aagah/com.aagah.MainActivity} to null displayId=0 Callers=com.android.server.wm.RootWindowContainer.updateFocusedWindowLocked:594 com.android.server.wm.WindowManagerService.updateFocusedWindowLocked:7208 com.android.server.wm.ActivityTaskManagerService.setLastResumedActivityUncheckLocked:5845 com.android.server.wm.ActivityTaskSupervisor.updateTopResumedActivityIfNeeded:2452 
12-27 11:10:50.282  1816  3006 D WindowManager:  applyPostLayoutPolicyLw modify AppearanceRegion  win = Window{ec70d9c u0 com.aagah/com.aagah.MainActivity} isEnable = false appearance = 0 getRecordAppearance() = 0
12-27 11:10:50.288  1816  1853 D WindowManager:  applyPostLayoutPolicyLw modify AppearanceRegion  win = Window{ec70d9c u0 com.aagah/com.aagah.MainActivity} isEnable = false appearance = 0 getRecordAppearance() = 0
12-27 11:10:50.299  1816  3416 D WindowManager:  applyPostLayoutPolicyLw modify AppearanceRegion  win = Window{ec70d9c u0 com.aagah/com.aagah.MainActivity} isEnable = false appearance = 0 getRecordAppearance() = 0
12-27 11:10:50.324  1816  1853 D WindowManager:  applyPostLayoutPolicyLw modify AppearanceRegion  win = Window{ec70d9c u0 com.aagah/com.aagah.MainActivity} isEnable = false appearance = 0 getRecordAppearance() = 0
12-27 11:10:50.344  1816  3416 D WindowManager:  applyPostLayoutPolicyLw modify AppearanceRegion  win = Window{ec70d9c u0 com.aagah/com.aagah.MainActivity} isEnable = false appearance = 0 getRecordAppearance() = 0
12-27 11:10:50.368  1816  8321 I WindowManager: WIN DEATH: Window{ec70d9c u0 com.aagah/com.aagah.MainActivity}
12-27 11:10:50.368  1816  3525 I ActivityManager: Process com.aagah (pid 9405) has died: prcp CRE 
12-27 11:10:50.372  1816  8321 D WindowManager:  applyPostLayoutPolicyLw modify AppearanceRegion  win = Window{ec70d9c u0 com.aagah/com.aagah.MainActivity EXITING} isEnable = false appearance = 0 getRecordAppearance() = 0
12-27 11:10:50.377  1816  8321 D WindowManager:  applyPostLayoutPolicyLw modify AppearanceRegion  win = Window{ec70d9c u0 com.aagah/com.aagah.MainActivity EXITING} isEnable = false appearance = 0 getRecordAppearance() = 0
12-27 11:10:50.380  1816  8322 D WindowManager:  applyPostLayoutPolicyLw modify AppearanceRegion  win = Window{ec70d9c u0 com.aagah/com.aagah.MainActivity EXITING} isEnable = false appearance = 0 getRecordAppearance() = 0
12-27 11:10:50.388  1816  1853 D WindowManager:  applyPostLayoutPolicyLw modify AppearanceRegion  win = Window{ec70d9c u0 com.aagah/com.aagah.MainActivity EXITING} isEnable = false appearance = 0 getRecordAppearance() = 0
12-27 11:10:50.391  1816  7604 D WindowManager:  applyPostLayoutPolicyLw modify AppearanceRegion  win = Window{ec70d9c u0 com.aagah/com.aagah.MainActivity EXITING} isEnable = false appearance = 0 getRecordAppearance() = 0
12-27 11:10:50.396  1816  1853 D WindowManager:  applyPostLayoutPolicyLw modify AppearanceRegion  win = Window{ec70d9c u0 com.aagah/com.aagah.MainActivity EXITING} isEnable = false appearance = 0 getRecordAppearance() = 0
12-27 11:10:50.399  1816  3525 D WindowManager: Collecting in transition 12664: Task{38c8110 #14501 type=standard A=10400:com.aagah} init visibleRequested:false
12-27 11:10:50.400  1816  3525 D WindowManager: Collecting in transition 12664: ActivityRecord{7a1ea4 u0 com.aagah/.MainActivity t14501 f}} init visibleRequested:false
12-27 11:10:50.484  1816  1853 D WindowManager:  applyPostLayoutPolicyLw modify AppearanceRegion  win = Window{ec70d9c u0 com.aagah/com.aagah.MainActivity EXITING} isEnable = false appearance = 0 getRecordAppearance() = 0
12-27 11:10:50.489  1816  1853 D WindowManager: Final targets: [Task{b4ece55 #12784 type=home}, Task{38c8110 #14501 type=standard A=10400:com.aagah}, WallpaperWindowToken{bfdeabe token=android.os.Binder@56fad79}, WallpaperWindowToken{f51222b token=android.os.Binder@1316fb3}]
12-27 11:10:50.496  1816  1853 E WindowManager:  source = Task{38c8110 #14501 type=standard A=10400:com.aagah} excludeMiuiNavBar = true excludeMiuiStatusBar = true excludeIme = false excludeNavBar = true miuiNavSurfaceControl = Surface(name=Miui Fake NavBar#48)/@0x97cc389 miuiStatusSurfaceControl = Surface(name=Miui Fake StatusBar#47)/@0xe8e1553
12-27 11:10:50.504  1816  1853 D WindowManager: snapshot isNothing = false source = Task{38c8110 #14501 type=standard A=10400:com.aagah}
12-27 11:10:51.003  1816  8322 E WindowManager: setClientVisible ActivityRecord{7a1ea4 u0 com.aagah/.MainActivity t14501 f} isExiting} false
12-27 11:10:51.007  1816  8322 W WindowManager: Exception thrown during dispatchAppVisibility Window{ec70d9c u0 com.aagah/com.aagah.MainActivity EXITING}
12-27 11:10:51.008  1816  8322 I Transition: finishTransition: updateLastSurfacePosition tf=Task{38c8110 #14501 type=standard A=10400:com.aagah}
12-27 11:10:51.015  1816  8322 D WindowManager: setParent old=ActivityRecord{7a1ea4 u0 com.aagah/.MainActivity t14501 f}},new=null,this window=Window{ec70d9c u0 com.aagah/com.aagah.MainActivity EXITING},callers=com.android.server.wm.WindowContainer.removeChild:914 com.android.server.wm.ActivityRecord.removeChild:5553 com.android.server.wm.ActivityRecord.removeChild:509 com.android.server.wm.WindowContainer.removeImmediately:984 com.android.server.wm.WindowState.removeImmediately:2550 com.android.server.wm.WindowContainer.removeImmediately:948 
12-27 11:10:51.016  1816  8322 D WindowManager: setParent old=Task{38c8110 #14501 type=standard A=10400:com.aagah},new=null,this window=ActivityRecord{7a1ea4 u0 com.aagah/.MainActivity t14501 f}},callers=com.android.server.wm.WindowContainer.removeChild:914 com.android.server.wm.TaskFragment.removeChild:3343 com.android.server.wm.Task.removeChild:1913 com.android.server.wm.Task.removeChild:1892 com.android.server.wm.WindowContainer.removeImmediately:984 com.android.server.wm.WindowToken.removeImmediately:395 
12-27 11:10:51.019  1816  8322 D WindowManager: setParent old=DefaultTaskDisplayArea@170837467,new=null,this window=Task{38c8110 #14501 type=standard A=10400:com.aagah},callers=com.android.server.wm.WindowContainer.removeChild:914 com.android.server.wm.TaskDisplayArea.removeChildTask:360 com.android.server.wm.TaskDisplayArea.removeChild:351 com.android.server.wm.WindowContainer.removeImmediately:984 com.android.server.wm.TaskFragment.removeImmediately:3423 com.android.server.wm.Task.removeImmediately:3404 
12-27 11:10:58.956  1816  8322 E WindowManager: setClientVisible ActivityRecord{8b42779 u0 com.aagah/.MainActivity true
12-27 11:10:58.958  1816  8322 D WindowManager: Collecting in transition 12667: ActivityRecord{8b42779 u0 com.aagah/.MainActivity t-1} init visibleRequested:false
12-27 11:10:58.961  1816  8322 D WindowManager: setLockTaskAuth: task=Task{4c6c235 #14503 type=standard A=10400:com.aagah} mLockTaskAuth=LOCK_TASK_AUTH_PINNABLE
12-27 11:10:58.961  1816  8322 D WindowManager: Collecting in transition 12667: Task{4c6c235 #14503 type=standard A=10400:com.aagah} init visibleRequested:false
12-27 11:10:58.963  1816  8322 D WindowManager: setLockTaskAuth: task=Task{4c6c235 #14503 type=standard A=10400:com.aagah} mLockTaskAuth=LOCK_TASK_AUTH_PINNABLE
12-27 11:10:58.964  1816  8322 D MiuiFreeFormManagerService: onStartActivityInner as = Task{4c6c235 #14503 type=standard A=10400:com.aagah} op = ActivityOptions(34300760), mPackageName=null, mAnimationType=13, mStartX=0, mStartY=0, mWidth=0, mHeight=0, mLaunchDisplayId=-1, mLaunchBoundsnull, mElementSurfaceTransition = null, activityOptionsInjector=ActivityOptionsInjector={freeformScale: -1.0, miniFreeformMode: false, needAnimation: true, useCustomLaunchBounds:false}
12-27 11:10:58.965  1816  8322 I WindowManager: Try to add startingWindow type = STARTING_WINDOW_TYPE_SPLASH_SCREEN this = ActivityRecord{8b42779 u0 com.aagah/.MainActivity t14503} preAllowTaskSnapshot = true afterAllowTaskSnapshot = true newTask = true taskSwitch = true processRunning = false activityCreated = false activityAllDrawn = false isSnapshotCompatible = false resolvedTheme = 2131951629 theme = 2131951629
12-27 11:10:58.968  1816  8322 D WindowManager: Collecting in transition 12667: ActivityRecord{8b42779 u0 com.aagah/.MainActivity t14503} init visibleRequested:false
12-27 11:10:58.968  1816  8322 E WindowManager: setClientVisible ActivityRecord{8b42779 u0 com.aagah/.MainActivity t14503} true
12-27 11:10:58.969  1816  8322 D WindowManager: Collecting in transition 12667: ActivityRecord{8b42779 u0 com.aagah/.MainActivity t14503} init visibleRequested:true
12-27 11:10:58.970  1816  8322 D ActivityStarterImpl: notifyHomeStartActivityFinish info = ActivityStartInfo{mPackageName='com.aagah', mIsTranslucent=false, mTransitionSyncId=12667, mStartingWindowColor=ff000000, mBounds=Rect(0, 0 - 720, 1600), mLaunchFromHome=true, mLaunchSuccess=true, mStartingWindowType=0, mTaskId=14503}
12-27 11:10:58.971  2955  3057 I SoScStageCoordinator: Transition requested:TransitionRequestInfo { type = OPEN, triggerTask = TaskInfo{userId=0 taskId=14503 displayId=0 isRunning=true baseIntent=Intent { act=android.intent.action.MAIN cat=[android.intent.category.LAUNCHER] flg=0x10200000 cmp=com.aagah/.MainActivity } baseActivity=ComponentInfo{com.aagah/com.aagah.MainActivity} topActivity=ComponentInfo{com.aagah/com.aagah.MainActivity} origActivity=null realActivity=ComponentInfo{com.aagah/com.aagah.MainActivity} numActivities=1 lastActiveTime=1240128320 supportsSplitScreenMultiWindow=true supportsMultiWindow=true resizeMode=1 isResizeable=true minWidth=-1 minHeight=-1 defaultMinSize=200 token=WCT{android.window.IWindowContainerToken$Stub$Proxy@446bb49} topActivityType=1 pictureInPictureParams=null shouldDockBigOverlays=false launchIntoPipHostTaskId=-1 lastParentTaskIdBeforePip=-1 displayCutoutSafeInsets=Rect(0, 52 - 0, 0) topActivityInfo=ActivityInfo{2a42c4e com.aagah.MainActivity} launchCookies=[] positionInParent=Point(0, 0) parentTaskId=-1 isFocused=false isVisible=false isVisibleRequested=true isSleeping=false locusId=null displayAreaFeatureId=1 isTopActivityTransparent=false appCompatTaskInfo=AppCompatTaskInfo { topActivityInSizeCompat=false topActivityEligibleForLetterboxEducation= falseisLetterboxEducationEnabled= false isLetterboxDoubleTapEnabled= false topActivityEligibleForUserAspectRatioButton= false topActivityBoundsLetterboxed= false isFromLetterboxDoubleTap= false topActivityLetterboxVerticalPosition= -1 topActivityLetterboxHorizontalPosition= -1 topActivityLetterboxWidth=720 topActivityLetterboxHeight=1600 isUserFullscreenOverrideEnabled=false isSystemFullscreenOverrideEnabled=false cameraCompatTaskInfo=CameraCompatTaskInfo { cameraCompatControlState=hidden freeformCameraCompatMode=inactive}} isImmersive=false mTopActivityRequestOrientation=-1 mBehindAppLockPkg=null mOriginatingUid=0 isEmbedded=false shouldBeVisible=true isCreatedByOrganizer=false mIsCastMode=false mTopActivityMediaSize=null mTopActivityRecordName=ActivityRecord{8b42779 u0 com.aagah/.MainActivity t14503} mTopActivityOrientation=-1}, pipTask = null, remoteTransition = RemoteTransition { remoteTransition = android.window.IRemoteTransition$Stub$Proxy@7bad16f, appThread = null, debugName = null, hyperRemoteTransition = null }, displayChange = null, flags = 0, debugId = 12667 } isSoScActive:false triggerTask:TaskInfo{userId=0 taskId=14503 displayId=0 isRunning=true baseIntent=Intent { act=android.intent.action.MAIN cat=[android.intent.category.LAUNCHER] flg=0x10200000 cmp=com.aagah/.MainActivity } baseActivity=ComponentInfo{com.aagah/com.aagah.MainActivity} topActivity=ComponentInfo{com.aagah/com.aagah.MainActivity} origActivity=null realActivity=ComponentInfo{com.aagah/com.aagah.MainActivity} numActivities=1 lastActiveTime=1240128320 supportsSplitScreenMultiWindow=true supportsMultiWindow=true resizeMode=1 isResizeable=true minWidth=-1 minHeight=-1 defaultMinSize=200 token=WCT{android.window.IWindowContainerToken$Stub$Proxy@446bb49} topActivityType=1 pictureInPictureParams=null shouldDockBigOverlays=false launchIntoPipHostTaskId=-1 lastParentTaskIdBeforePip=-1 displayCutoutSafeInsets=Rect(0, 52 - 0, 0) topActivityInfo=ActivityInfo{2a42c4e com.aagah.MainActivity} launchCookies=[] positionInParent=Point(0, 0) parentTaskId=-1 isFocused=false isVisible=false isVisibleRequested=true isSleeping=false locusId=null displayAreaFeatureId=1 isTopActivityTransparent=false appCompatTaskInfo=AppCompatTaskInfo { topActivityInSizeCompat=false topActivityEligibleForLetterboxEducation= falseisLetterboxEducationEnabled= false isLetterboxDoubleTapEnabled= false topActivityEligibleForUserAspectRatioButton= false topActivityBoundsLetterboxed= false isFromLetterboxDoubleTap= false topActivityLetterboxVerticalPosition= -1 topActivityLetterboxHorizontalPosition= -1 topActivityLetterboxWidth=720 topActivityLetterboxHeight=1600 isUserFullscreenOverrideEnabled=false isSystemFullscreenOverrideEnabled=false cameraCompatTaskInfo=CameraCompatTaskInfo { cameraCompatControlState
12-27 11:10:58.971  1816  8322 I ActivityTaskManager: START u0 {act=android.intent.action.MAIN cat=[android.intent.category.LAUNCHER] flg=0x10200000 cmp=com.aagah/.MainActivity bnds=[31,32][137,138] (has extras)} with LAUNCH_SINGLE_TASK from uid 10151 from pid 14624 callingPackage com.miui.home (BAL_ALLOW_VISIBLE_WINDOW) result code=0
12-27 11:10:58.998  1816  1928 I ActivityManager: Start proc 10073:com.aagah/u0a400 for top-activity {com.aagah/com.aagah.MainActivity} caller=com.miui.home
12-27 11:10:59.002  1816  8322 I WindowManager: Add startingWindow, surfaceControl = Surface(name=b0e0e9 Splash Screen com.aagah#149612)/@0x926800f layerId = 149612
12-27 11:10:59.008  1816  3525 D CoreBackPreview: Window{b0e0e9 u0 Splash Screen com.aagah}: Setting back callback OnBackInvokedCallbackInfo{mCallback=android.window.IOnBackInvokedCallback$Stub$Proxy@b03489c, mPriority=0, mIsAnimationCallback=false}
12-27 11:10:59.031  1816  1853 I SmartPower: com.aagah/10400(0): died->visible(8663ms) R(become visible) adj=-10000.
12-27 11:10:59.031  1816  1853 E WindowManager: setClientVisible ActivityRecord{8b42779 u0 com.aagah/.MainActivity t14503} true
12-27 11:10:59.031  1816  1853 I WindowManager: wms.showSurfaceRobustly mWin:Window{b0e0e9 u0 Splash Screen com.aagah}
12-27 11:10:59.031  1816  1853 D WindowManager: Final targets: [Task{4c6c235 #14503 type=standard A=10400:com.aagah}, Task{b4ece55 #12784 type=home}]
12-27 11:10:59.040  1816  1853 D WindowManager:  applyPostLayoutPolicyLw modify AppearanceRegion  win = Window{b0e0e9 u0 Splash Screen com.aagah} isEnable = false appearance = 0 getRecordAppearance() = 0
12-27 11:10:59.182  1816  8322 D PackageManager: set app component=ComponentInfo{com.aagah/androidx.work.impl.background.systemjob.SystemJobService} enabled state: 1 from com.aagah,uid=10400,pid=10073
12-27 11:10:59.263  1816  8322 I Transition: finishTransition: updateLastSurfacePosition tf=Task{4c6c235 #14503 type=standard A=10400:com.aagah}
12-27 11:10:59.275  1816  1853 D WindowManager:  applyPostLayoutPolicyLw modify AppearanceRegion  win = Window{b0e0e9 u0 Splash Screen com.aagah} isEnable = false appearance = 0 getRecordAppearance() = 0
12-27 11:10:59.278  1816  3006 D WindowManager:  applyPostLayoutPolicyLw modify AppearanceRegion  win = Window{b0e0e9 u0 Splash Screen com.aagah} isEnable = false appearance = 0 getRecordAppearance() = 0
12-27 11:10:59.291  1816  4264 D WindowManager:  applyPostLayoutPolicyLw modify AppearanceRegion  win = Window{b0e0e9 u0 Splash Screen com.aagah} isEnable = false appearance = 0 getRecordAppearance() = 0
12-27 11:10:59.291  2955  3057 D MiuiFreeformModeController: onFocusTaskChanged taskInfo: TaskInfo{userId=0 taskId=14503 displayId=0 isRunning=true baseIntent=Intent { act=android.intent.action.MAIN cat=[android.intent.category.LAUNCHER] flg=0x10200000 cmp=com.aagah/.MainActivity } baseActivity=ComponentInfo{com.aagah/com.aagah.MainActivity} topActivity=ComponentInfo{com.aagah/com.aagah.MainActivity} origActivity=null realActivity=ComponentInfo{com.aagah/com.aagah.MainActivity} numActivities=1 lastActiveTime=1240128632 supportsSplitScreenMultiWindow=true supportsMultiWindow=true resizeMode=1 isResizeable=true minWidth=-1 minHeight=-1 defaultMinSize=200 token=WCT{android.window.IWindowContainerToken$Stub$Proxy@e78e72} topActivityType=1 pictureInPictureParams=null shouldDockBigOverlays=false launchIntoPipHostTaskId=-1 lastParentTaskIdBeforePip=-1 displayCutoutSafeInsets=null topActivityInfo=ActivityInfo{e2a92c3 com.aagah.MainActivity} launchCookies=[] positionInParent=Point(0, 0) parentTaskId=-1 isFocused=true isVisible=true isVisibleRequested=true isSleeping=false locusId=null displayAreaFeatureId=1 isTopActivityTransparent=false appCompatTaskInfo=AppCompatTaskInfo { topActivityInSizeCompat=false topActivityEligibleForLetterboxEducation= falseisLetterboxEducationEnabled= false isLetterboxDoubleTapEnabled= false topActivityEligibleForUserAspectRatioButton= false topActivityBoundsLetterboxed= false isFromLetterboxDoubleTap= false topActivityLetterboxVerticalPosition= -1 topActivityLetterboxHorizontalPosition= -1 topActivityLetterboxWidth=720 topActivityLetterboxHeight=1600 isUserFullscreenOverrideEnabled=false isSystemFullscreenOverrideEnabled=false cameraCompatTaskInfo=CameraCompatTaskInfo { cameraCompatControlState=hidden freeformCameraCompatMode=inactive}} isImmersive=false mTopActivityRequestOrientation=-1 mBehindAppLockPkg=null mOriginatingUid=0 isEmbedded=false shouldBeVisible=true isCreatedByOrganizer=false mIsCastMode=false mTopActivityMediaSize=null mTopActivityRecordName=ActivityRecord{8b42779 u0 com.aagah/.MainActivity t14503} mTopActivityOrientation=-1}
12-27 11:10:59.296  1816  1853 D WindowManager:  applyPostLayoutPolicyLw modify AppearanceRegion  win = Window{b0e0e9 u0 Splash Screen com.aagah} isEnable = false appearance = 0 getRecordAppearance() = 0
12-27 11:10:59.299  1816  8322 D WindowManager:  applyPostLayoutPolicyLw modify AppearanceRegion  win = Window{b0e0e9 u0 Splash Screen com.aagah} isEnable = false appearance = 0 getRecordAppearance() = 0
12-27 11:10:59.370 10073 10073 E TransactionExecutor: tId:-2101043896     LaunchActivityItem{activityToken=android.os.BinderProxy@469264d,intent=Intent { act=android.intent.action.MAIN cat=[android.intent.category.LAUNCHER] flg=0x10200000 cmp=com.aagah/.MainActivity bnds=[31,32][137,138] (has extras) },ident=146024313,info=ActivityInfo{a5288ff com.aagah.MainActivity},curConfig={1.0 405mcc856mnc [en_IN] ldltr sw360dp w360dp h800dp 320dpi nrml long port night finger -keyb/v/h -nav/h winConfig={ mBounds=Rect(0, 0 - 720, 1600) mAppBounds=Rect(0, 0 - 720, 1600) mMaxBounds=Rect(0, 0 - 720, 1600) mDisplayRotation=ROTATION_0 mWindowingMode=fullscreen mActivityType=undefined mAlwaysOnTop=undefined mRotation=ROTATION_0 mInSplitScreen=false letterBoxed=false foScaled=false isSpecificEmbedded=false screenType=0} s.8462 fontWeightAdjustment=0/d themeChanged=0 themeChangedFlags=0 extraData = Bundle[EMPTY_PARCEL] screenType=0/0},overrideConfig={1.0 405mcc856mnc [en_IN] ldltr sw360dp w360dp h800dp 320dpi nrml long port night finger -keyb/v/h -nav/h winConfig={ mBounds=Rect(0, 0 - 720, 1600) mAppBounds=Rect(0, 0 - 720, 1600) mMaxBounds=Rect(0, 0 - 720, 1600) mDisplayRotation=ROTATION_0 mWindowingMode=fullscreen mActivityType=standard mAlwaysOnTop=undefined mRotation=ROTATION_0 mInSplitScreen=false letterBoxed=false foScaled=false isSpecificEmbedded=false screenType=0} s.2 fontWeightAdjustment=0/d themeChanged=0 themeChangedFlags=0 extraData = Bundle[{}] screenType=0/0},deviceId=0,referrer=com.miui.home,procState=2,state=null,persistentState=null,pendingResults=null,pendingNewIntents=null,sceneTransitionInfo=null,profilerInfo=null,assistToken=android.os.BinderProxy@8cb0a0,shareableActivityToken=android.os.BinderProxy@5782459,activityWindowInfo=ActivityWindowInfo{isEmbedded=false, taskBounds=Rect(0, 0 - 720, 1600), taskFragmentBounds=Rect(0, 0 - 720, 1600)}}
12-27 11:10:59.370 10073 10073 E TransactionExecutor: tId:-2101043896     Target activity: com.aagah.MainActivity
12-27 11:10:59.371 10073 10073 E AndroidRuntime: FATAL EXCEPTION: main
12-27 11:10:59.371 10073 10073 E AndroidRuntime: Process: com.aagah, PID: 10073
12-27 11:10:59.371 10073 10073 E AndroidRuntime: java.lang.RuntimeException: Unable to resume activity {com.aagah/com.aagah.MainActivity}: java.lang.NullPointerException: Attempt to invoke virtual method 'boolean com.ninty.system.setting.SystemSetting$VolumeBroadcastReceiver.isRegistered()' on a null object reference
12-27 11:10:59.371 10073 10073 E AndroidRuntime: 	at android.app.ActivityThread.performResumeActivity(ActivityThread.java:5725)
12-27 11:10:59.371 10073 10073 E AndroidRuntime: 	at android.app.ActivityThread.handleResumeActivity(ActivityThread.java:5758)
12-27 11:10:59.371 10073 10073 E AndroidRuntime: 	at android.app.servertransaction.ResumeActivityItem.execute(ResumeActivityItem.java:57)
12-27 11:10:59.371 10073 10073 E AndroidRuntime: 	at android.app.servertransaction.ActivityTransactionItem.execute(ActivityTransactionItem.java:60)
12-27 11:10:59.371 10073 10073 E AndroidRuntime: 	at android.app.servertransaction.TransactionExecutor.executeLifecycleItem(TransactionExecutor.java:237)
12-27 11:10:59.371 10073 10073 E AndroidRuntime: 	at android.app.servertransaction.TransactionExecutor.executeTransactionItems(TransactionExecutor.java:110)
12-27 11:10:59.371 10073 10073 E AndroidRuntime: 	at android.app.servertransaction.TransactionExecutor.execute(TransactionExecutor.java:84)
12-27 11:10:59.371 10073 10073 E AndroidRuntime: 	at android.app.ActivityThread$H.handleMessage(ActivityThread.java:2878)
12-27 11:10:59.371 10073 10073 E AndroidRuntime: 	at android.os.Handler.dispatchMessage(Handler.java:107)
12-27 11:10:59.371 10073 10073 E AndroidRuntime: 	at android.os.Looper.loopOnce(Looper.java:249)
12-27 11:10:59.371 10073 10073 E AndroidRuntime: 	at android.os.Looper.loop(Looper.java:337)
12-27 11:10:59.371 10073 10073 E AndroidRuntime: 	at android.app.ActivityThread.main(ActivityThread.java:9469)
12-27 11:10:59.371 10073 10073 E AndroidRuntime: 	at java.lang.reflect.Method.invoke(Native Method)
12-27 11:10:59.371 10073 10073 E AndroidRuntime: 	at com.android.internal.os.RuntimeInit$MethodAndArgsCaller.run(RuntimeInit.java:636)
12-27 11:10:59.371 10073 10073 E AndroidRuntime: 	at com.android.internal.os.ZygoteInit.main(ZygoteInit.java:1005)
12-27 11:10:59.371 10073 10073 E AndroidRuntime: Caused by: java.lang.NullPointerException: Attempt to invoke virtual method 'boolean com.ninty.system.setting.SystemSetting$VolumeBroadcastReceiver.isRegistered()' on a null object reference
12-27 11:10:59.371 10073 10073 E AndroidRuntime: 	at com.ninty.system.setting.SystemSetting.registerVolumeReceiver(SystemSetting.java:68)
12-27 11:10:59.371 10073 10073 E AndroidRuntime: 	at com.ninty.system.setting.SystemSetting.onHostResume(SystemSetting.java:535)
12-27 11:10:59.371 10073 10073 E AndroidRuntime: 	at com.facebook.react.bridge.ReactContext.onHostResume(ReactContext.java:255)
12-27 11:10:59.371 10073 10073 E AndroidRuntime: 	at com.facebook.react.runtime.ReactLifecycleStateManager.moveToOnHostResume(ReactLifecycleStateManager.kt:38)
12-27 11:10:59.371 10073 10073 E AndroidRuntime: 	at com.facebook.react.runtime.ReactHostImpl.onHostResume(ReactHostImpl.kt:251)
12-27 11:10:59.371 10073 10073 E AndroidRuntime: 	at com.facebook.react.runtime.ReactHostImpl.onHostResume(ReactHostImpl.kt:241)
12-27 11:10:59.371 10073 10073 E AndroidRuntime: 	at com.facebook.react.ReactDelegate.onHostResume(ReactDelegate.kt:130)
12-27 11:10:59.371 10073 10073 E AndroidRuntime: 	at com.facebook.react.ReactActivityDelegate.onResume(ReactActivityDelegate.java:200)
12-27 11:10:59.371 10073 10073 E AndroidRuntime: 	at com.facebook.react.ReactActivity.onResume(ReactActivity.java:76)
12-27 11:10:59.371 10073 10073 E AndroidRuntime: 	at android.app.Instrumentation.callActivityOnResume(Instrumentation.java:1733)
12-27 11:10:59.371 10073 10073 E AndroidRuntime: 	at android.app.Activity.performResume(Activity.java:9378)
12-27 11:10:59.371 10073 10073 E AndroidRuntime: 	at android.app.ActivityThread.performResumeActivity(ActivityThread.java:5712)
12-27 11:10:59.371 10073 10073 E AndroidRuntime: 	... 14 more
12-27 11:10:59.378  1816  3006 W ActivityTaskManager:   Force finishing activity com.aagah/.MainActivity
12-27 11:10:59.380  1816  3006 D MiuiFreeFormGestureController: deliverResultForFinishActivity resultTo: null resultFrom: ActivityRecord{8b42779 u0 com.aagah/.MainActivity t14503 f}} isInVideoOrGameScene: false intent: Intent { act=android.intent.action.MAIN cat=[android.intent.category.LAUNCHER] flg=0x10200000 cmp=com.aagah/.MainActivity bnds=[31,32][137,138] (has extras) }
12-27 11:10:59.380  1816  3006 D WindowManager: Collecting in transition 12668: Task{4c6c235 #14503 type=standard A=10400:com.aagah} init visibleRequested:true
12-27 11:10:59.380  1816  3006 D WindowManager: Collecting in transition 12668: ActivityRecord{8b42779 u0 com.aagah/.MainActivity t14503 f}} init visibleRequested:true
12-27 11:10:59.383  1816  3006 D WindowManager:  applyPostLayoutPolicyLw modify AppearanceRegion  win = Window{b0e0e9 u0 Splash Screen com.aagah} isEnable = false appearance = 0 getRecordAppearance() = 0
12-27 11:10:59.385  1816  1850 I ActivityManager: Showing crash dialog for package com.aagah u0
12-27 11:10:59.393  1816  4264 D WindowManager:  applyPostLayoutPolicyLw modify AppearanceRegion  win = Window{b0e0e9 u0 Splash Screen com.aagah} isEnable = false appearance = 0 getRecordAppearance() = 0
12-27 11:10:59.403  1816  3525 D WindowManager:  applyPostLayoutPolicyLw modify AppearanceRegion  win = Window{b0e0e9 u0 Splash Screen com.aagah} isEnable = false appearance = 0 getRecordAppearance() = 0
12-27 11:10:59.412  1816  4265 D WindowManager:  applyPostLayoutPolicyLw modify AppearanceRegion  win = Window{b0e0e9 u0 Splash Screen com.aagah} isEnable = false appearance = 0 getRecordAppearance() = 0
12-27 11:10:59.421  1816  1853 D WindowManager:  applyPostLayoutPolicyLw modify AppearanceRegion  win = Window{b0e0e9 u0 Splash Screen com.aagah} isEnable = false appearance = 0 getRecordAppearance() = 0
12-27 11:10:59.423  1816  4265 D WindowManager:  applyPostLayoutPolicyLw modify AppearanceRegion  win = Window{b0e0e9 u0 Splash Screen com.aagah} isEnable = false appearance = 0 getRecordAppearance() = 0
12-27 11:10:59.431  1816  1853 D WindowManager:  applyPostLayoutPolicyLw modify AppearanceRegion  win = Window{b0e0e9 u0 Splash Screen com.aagah} isEnable = false appearance = 0 getRecordAppearance() = 0
12-27 11:10:59.435  1816  3525 D WindowManager:  applyPostLayoutPolicyLw modify AppearanceRegion  win = Window{b0e0e9 u0 Splash Screen com.aagah} isEnable = false appearance = 0 getRecordAppearance() = 0
12-27 11:10:59.441  1816  1853 D WindowManager:  applyPostLayoutPolicyLw modify AppearanceRegion  win = Window{b0e0e9 u0 Splash Screen com.aagah} isEnable = false appearance = 0 getRecordAppearance() = 0
12-27 11:10:59.442  1816  1853 D WindowManager:  applyPostLayoutPolicyLw modify AppearanceRegion  win = Window{b0e0e9 u0 Splash Screen com.aagah} isEnable = false appearance = 0 getRecordAppearance() = 0
12-27 11:10:59.522 10073 10131 F libc    : Fatal signal 6 (SIGABRT), code -1 (SI_QUEUE) in tid 10131 (mqt_v_js), pid 10073 (com.aagah)
12-27 11:10:59.558  1816  1850 W WindowManager: Changing focus from Window{38b8212 u0 com.miui.home/com.miui.home.launcher.Launcher} to Window{fb5cb33 u0 Application Error: com.aagah} displayId=0 Callers=com.android.server.wm.RootWindowContainer.updateFocusedWindowLocked:594 com.android.server.wm.WindowManagerService.updateFocusedWindowLocked:7208 com.android.server.wm.WindowManagerService.addWindow:2252 com.android.server.wm.Session.addToDisplayAsUser:273 
12-27 11:10:59.564  1816  1850 D WindowManager: wms.Input focus has changed to Window{fb5cb33 u0 Application Error: com.aagah} display=0 updateInputWindows = false
12-27 11:10:59.570  1816  1853 D WindowManager: wms.Focus not requested for window=Window{fb5cb33 u0 Application Error: com.aagah} because it has no surface or is not focusable.
12-27 11:10:59.578  1816  1850 D CoreBackPreview: Window{fb5cb33 u0 Application Error: com.aagah}: Setting back callback OnBackInvokedCallbackInfo{mCallback=android.window.WindowOnBackInvokedDispatcher$OnBackInvokedCallbackWrapper@387e723, mPriority=0, mIsAnimationCallback=false}
12-27 11:10:59.599  1816  1850 D WindowManager:  applyPostLayoutPolicyLw modify AppearanceRegion  win = Window{b0e0e9 u0 Splash Screen com.aagah} isEnable = false appearance = 0 getRecordAppearance() = 0
12-27 11:10:59.669  1816  1850 D WindowManager: wms.finishDrawingLocked: mDrawState=COMMIT_DRAW_PENDING Window{fb5cb33 u0 Application Error: com.aagah} in Surface(name=Application Error: com.aagah#149626)/@0x8fa7738
12-27 11:10:59.671  1816  1853 D WindowManager:  applyPostLayoutPolicyLw modify AppearanceRegion  win = Window{b0e0e9 u0 Splash Screen com.aagah} isEnable = false appearance = 0 getRecordAppearance() = 0
12-27 11:10:59.679  1816  1853 I WindowManager: wms.showSurfaceRobustly mWin:Window{fb5cb33 u0 Application Error: com.aagah}
12-27 11:10:59.880  1816  1852 W ActivityTaskManager: Activity top resumed state loss timeout for ActivityRecord{8b42779 u0 com.aagah/.MainActivity t14503 f}}
12-27 11:10:59.882  1816  1852 W ActivityTaskManager: Activity pause timeout for ActivityRecord{8b42779 u0 com.aagah/.MainActivity t14503 f}}
12-27 11:10:59.896  1816  1852 D WindowManager: Final targets: [Task{b4ece55 #12784 type=home}, Task{4c6c235 #14503 type=standard A=10400:com.aagah}, WallpaperWindowToken{bfdeabe token=android.os.Binder@56fad79}, WallpaperWindowToken{f51222b token=android.os.Binder@1316fb3}]
12-27 11:10:59.904  1816  1852 E WindowManager:  source = Task{4c6c235 #14503 type=standard A=10400:com.aagah} excludeMiuiNavBar = true excludeMiuiStatusBar = true excludeIme = false excludeNavBar = true miuiNavSurfaceControl = Surface(name=Miui Fake NavBar#48)/@0x97cc389 miuiStatusSurfaceControl = Surface(name=Miui Fake StatusBar#47)/@0xe8e1553
12-27 11:10:59.909  1816  1852 D WindowManager: snapshot isNothing = false source = Task{4c6c235 #14503 type=standard A=10400:com.aagah}
12-27 11:11:00.033 10150 10150 F DEBUG   : Cmdline: com.aagah
12-27 11:11:00.033 10150 10150 F DEBUG   : pid: 10073, tid: 10131, name: mqt_v_js  >>> com.aagah <<<
12-27 11:11:00.033 10150 10150 F DEBUG   :       #01 pc 00000000000a0210  /data/app/~~CWLi9S-uTjHC4-hKqP-JKg==/com.aagah-gXqi6X6Y2YP12KDcv3RS5A==/base.apk!libc++_shared.so (offset 0xbc4000) (BuildId: 6783a7f3a0d9c67c55a74cadc441ed55aaa493da)
12-27 11:11:00.033 10150 10150 F DEBUG   :       #02 pc 000000000009eeb0  /data/app/~~CWLi9S-uTjHC4-hKqP-JKg==/com.aagah-gXqi6X6Y2YP12KDcv3RS5A==/base.apk!libc++_shared.so (offset 0xbc4000) (BuildId: 6783a7f3a0d9c67c55a74cadc441ed55aaa493da)
12-27 11:11:00.033 10150 10150 F DEBUG   :       #03 pc 000000000009f374  /data/app/~~CWLi9S-uTjHC4-hKqP-JKg==/com.aagah-gXqi6X6Y2YP12KDcv3RS5A==/base.apk!libc++_shared.so (offset 0xbc4000) (BuildId: 6783a7f3a0d9c67c55a74cadc441ed55aaa493da)
12-27 11:11:00.033 10150 10150 F DEBUG   :       #04 pc 000000000009f314  /data/app/~~CWLi9S-uTjHC4-hKqP-JKg==/com.aagah-gXqi6X6Y2YP12KDcv3RS5A==/base.apk!libc++_shared.so (offset 0xbc4000) (std::terminate()+56) (BuildId: 6783a7f3a0d9c67c55a74cadc441ed55aaa493da)
12-27 11:11:00.033 10150 10150 F DEBUG   :       #05 pc 000000000027e224  /data/app/~~CWLi9S-uTjHC4-hKqP-JKg==/com.aagah-gXqi6X6Y2YP12KDcv3RS5A==/base.apk!libreactnative.so (offset 0x121c000) (BuildId: 691b347289c731b84861047df2aaafbd84f47080)
12-27 11:11:00.033 10150 10150 F DEBUG   :       #06 pc 00000000004bf374  /data/app/~~CWLi9S-uTjHC4-hKqP-JKg==/com.aagah-gXqi6X6Y2YP12KDcv3RS5A==/base.apk!libreactnative.so (offset 0x121c000) (BuildId: 691b347289c731b84861047df2aaafbd84f47080)
12-27 11:11:00.033 10150 10150 F DEBUG   :       #07 pc 00000000002db9e4  /data/app/~~CWLi9S-uTjHC4-hKqP-JKg==/com.aagah-gXqi6X6Y2YP12KDcv3RS5A==/base.apk!libreactnative.so (offset 0x121c000) (facebook::react::JsErrorHandler::handleErrorWithCppPipeline(facebook::jsi::Runtime&, facebook::jsi::JSError&, bool, bool)+7440) (BuildId: 691b347289c731b84861047df2aaafbd84f47080)
12-27 11:11:00.033 10150 10150 F DEBUG   :       #08 pc 00000000002d9988  /data/app/~~CWLi9S-uTjHC4-hKqP-JKg==/com.aagah-gXqi6X6Y2YP12KDcv3RS5A==/base.apk!libreactnative.so (offset 0x121c000) (facebook::react::JsErrorHandler::handleError(facebook::jsi::Runtime&, facebook::jsi::JSError&, bool, bool)+1684) (BuildId: 691b347289c731b84861047df2aaafbd84f47080)
12-27 11:11:00.033 10150 10150 F DEBUG   :       #09 pc 000000000028d420  /data/app/~~CWLi9S-uTjHC4-hKqP-JKg==/com.aagah-gXqi6X6Y2YP12KDcv3RS5A==/base.apk!libreactnative.so (offset 0x121c000) (BuildId: 691b347289c731b84861047df2aaafbd84f47080)
12-27 11:11:00.033 10150 10150 F DEBUG   :       #10 pc 00000000000abe48  /data/app/~~CWLi9S-uTjHC4-hKqP-JKg==/com.aagah-gXqi6X6Y2YP12KDcv3RS5A==/base.apk!libhermesvm.so (offset 0xd60000) (BuildId: 5ecc060199caaf24c191abad40cb4d0af7fb15d6)
12-27 11:11:00.033 10150 10150 F DEBUG   :       #11 pc 00000000000abb84  /data/app/~~CWLi9S-uTjHC4-hKqP-JKg==/com.aagah-gXqi6X6Y2YP12KDcv3RS5A==/base.apk!libhermesvm.so (offset 0xd60000) (BuildId: 5ecc060199caaf24c191abad40cb4d0af7fb15d6)
12-27 11:11:00.033 10150 10150 F DEBUG   :       #12 pc 00000000000b4370  /data/app/~~CWLi9S-uTjHC4-hKqP-JKg==/com.aagah-gXqi6X6Y2YP12KDcv3RS5A==/base.apk!libhermesvm.so (offset 0xd60000) (BuildId: 5ecc060199caaf24c191abad40cb4d0af7fb15d6)
12-27 11:11:00.033 10150 10150 F DEBUG   :       #13 pc 00000000000c6758  /data/app/~~CWLi9S-uTjHC4-hKqP-JKg==/com.aagah-gXqi6X6Y2YP12KDcv3RS5A==/base.apk!libhermesvm.so (offset 0xd60000) (BuildId: 5ecc060199caaf24c191abad40cb4d0af7fb15d6)
12-27 11:11:00.033 10150 10150 F DEBUG   :       #14 pc 00000000000c60b8  /data/app/~~CWLi9S-uTjHC4-hKqP-JKg==/com.aagah-gXqi6X6Y2YP12KDcv3RS5A==/base.apk!libhermesvm.so (offset 0xd60000) (BuildId: 5ecc060199caaf24c191abad40cb4d0af7fb15d6)
12-27 11:11:00.033 10150 10150 F DEBUG   :       #15 pc 00000000000f5b80  /data/app/~~CWLi9S-uTjHC4-hKqP-JKg==/com.aagah-gXqi6X6Y2YP12KDcv3RS5A==/base.apk!libhermesvm.so (offset 0xd60000) (BuildId: 5ecc060199caaf24c191abad40cb4d0af7fb15d6)
12-27 11:11:00.033 10150 10150 F DEBUG   :       #16 pc 00000000000a0cb0  /data/app/~~CWLi9S-uTjHC4-hKqP-JKg==/com.aagah-gXqi6X6Y2YP12KDcv3RS5A==/base.apk!libhermesvm.so (offset 0xd60000) (BuildId: 5ecc060199caaf24c191abad40cb4d0af7fb15d6)
12-27 11:11:00.033 10150 10150 F DEBUG   :       #17 pc 00000000000a70c4  /data/app/~~CWLi9S-uTjHC4-hKqP-JKg==/com.aagah-gXqi6X6Y2YP12KDcv3RS5A==/base.apk!libhermesvm.so (offset 0xd60000) (BuildId: 5ecc060199caaf24c191abad40cb4d0af7fb15d6)
12-27 11:11:00.033 10150 10150 F DEBUG   :       #18 pc 00000000000a0ab0  /data/app/~~CWLi9S-uTjHC4-hKqP-JKg==/com.aagah-gXqi6X6Y2YP12KDcv3RS5A==/base.apk!libhermesvm.so (offset 0xd60000) (BuildId: 5ecc060199caaf24c191abad40cb4d0af7fb15d6)
12-27 11:11:00.033 10150 10150 F DEBUG   :       #19 pc 0000000000288e3c  /data/app/~~CWLi9S-uTjHC4-hKqP-JKg==/com.aagah-gXqi6X6Y2YP12KDcv3RS5A==/base.apk!libreactnative.so (offset 0x121c000) (BuildId: 691b347289c731b84861047df2aaafbd84f47080)
12-27 11:11:00.033 10150 10150 F DEBUG   :       #20 pc 0000000000457ce4  /data/app/~~CWLi9S-uTjHC4-hKqP-JKg==/com.aagah-gXqi6X6Y2YP12KDcv3RS5A==/base.apk!libreactnative.so (offset 0x121c000) (facebook::react::Task::execute(facebook::jsi::Runtime&, bool)+312) (BuildId: 691b347289c731b84861047df2aaafbd84f47080)
12-27 11:11:00.033 10150 10150 F DEBUG   :       #21 pc 0000000000455e74  /data/app/~~CWLi9S-uTjHC4-hKqP-JKg==/com.aagah-gXqi6X6Y2YP12KDcv3RS5A==/base.apk!libreactnative.so (offset 0x121c000) (facebook::react::RuntimeScheduler_Modern::executeTask(facebook::jsi::Runtime&, facebook::react::Task&, bool) const+60) (BuildId: 691b347289c731b84861047df2aaafbd84f47080)
12-27 11:11:00.033 10150 10150 F DEBUG   :       #22 pc 0000000000456784  /data/app/~~CWLi9S-uTjHC4-hKqP-JKg==/com.aagah-gXqi6X6Y2YP12KDcv3RS5A==/base.apk!libreactnative.so (offset 0x121c000) (facebook::react::RuntimeScheduler_Modern::runEventLoopTick(facebook::jsi::Runtime&, facebook::react::Task&)+124) (BuildId: 691b347289c731b84861047df2aaafbd84f47080)
12-27 11:11:00.033 10150 10150 F DEBUG   :       #23 pc 0000000000456494  /data/app/~~CWLi9S-uTjHC4-hKqP-JKg==/com.aagah-gXqi6X6Y2YP12KDcv3RS5A==/base.apk!libreactnative.so (offset 0x121c000) (facebook::react::RuntimeScheduler_Modern::runEventLoop(facebook::jsi::Runtime&)+88) (BuildId: 691b347289c731b84861047df2aaafbd84f47080)
12-27 11:11:00.033 10150 10150 F DEBUG   :       #24 pc 00000000002869c4  /data/app/~~CWLi9S-uTjHC4-hKqP-JKg==/com.aagah-gXqi6X6Y2YP12KDcv3RS5A==/base.apk!libreactnative.so (offset 0x121c000) (BuildId: 691b347289c731b84861047df2aaafbd84f47080)
12-27 11:11:00.033 10150 10150 F DEBUG   :       #25 pc 000000000049671c  /data/app/~~CWLi9S-uTjHC4-hKqP-JKg==/com.aagah-gXqi6X6Y2YP12KDcv3RS5A==/base.apk!libreactnative.so (offset 0x121c000) (BuildId: 691b347289c731b84861047df2aaafbd84f47080)
12-27 11:11:00.033 10150 10150 F DEBUG   :       #26 pc 0000000000017dd0  /data/app/~~CWLi9S-uTjHC4-hKqP-JKg==/com.aagah-gXqi6X6Y2YP12KDcv3RS5A==/base.apk!libfbjni.so (offset 0xd04000) (facebook::jni::detail::MethodWrapper<void (facebook::jni::JNativeRunnable::*)(), &facebook::jni::JNativeRunnable::run(), facebook::jni::JNativeRunnable, void>::dispatch(facebook::jni::alias_ref<facebook::jni::detail::JTypeFor<facebook::jni::HybridClass<facebook::jni::JNativeRunnable, facebook::jni::JRunnable>::JavaPart, facebook::jni::JRunnable, void>::_javaobject*>)+72) (BuildId: e438f6554af1d86b210a05412e96c4251e570157)
12-27 11:11:00.033 10150 10150 F DEBUG   :       #27 pc 0000000000017d10  /data/app/~~CWLi9S-uTjHC4-hKqP-JKg==/com.aagah-gXqi6X6Y2YP12KDcv3RS5A==/base.apk!libfbjni.so (offset 0xd04000) (facebook::jni::detail::FunctionWrapper<void (*)(facebook::jni::alias_ref<facebook::jni::detail::JTypeFor<facebook::jni::HybridClass<facebook::jni::JNativeRunnable, facebook::jni::JRunnable>::JavaPart, facebook::jni::JRunnable, void>::_javaobject*>), facebook::jni::detail::JTypeFor<facebook::jni::HybridClass<facebook::jni::JNativeRunnable, facebook::jni::JRunnable>::JavaPart, facebook::jni::JRunnable, void>::_javaobject*, void>::call(_JNIEnv*, _jobject*, void (*)(facebook::jni::alias_ref<facebook::jni::detail::JTypeFor<facebook::jni::HybridClass<facebook::jni::JNativeRunnable, facebook::jni::JRunnable>::JavaPart, facebook::jni::JRunnable, void>::_javaobject*>))+60) (BuildId: e438f6554af1d86b210a05412e96c4251e570157)
12-27 11:11:00.034 10150 10150 F DEBUG   :       #31 pc 0000000000bac972  /data/app/~~CWLi9S-uTjHC4-hKqP-JKg==/com.aagah-gXqi6X6Y2YP12KDcv3RS5A==/oat/arm64/base.vdex (com.facebook.react.bridge.queue.MessageQueueThreadHandler.dispatchMessage+10)
12-27 11:11:00.034 10150 10150 F DEBUG   :       #35 pc 0000000000bacc1c  /data/app/~~CWLi9S-uTjHC4-hKqP-JKg==/com.aagah-gXqi6X6Y2YP12KDcv3RS5A==/oat/arm64/base.vdex (com.facebook.react.bridge.queue.MessageQueueThreadImpl$Companion.startNewBackgroundThread$lambda$0+28)
12-27 11:11:00.034 10150 10150 F DEBUG   :       #37 pc 0000000000bacbb8  /data/app/~~CWLi9S-uTjHC4-hKqP-JKg==/com.aagah-gXqi6X6Y2YP12KDcv3RS5A==/oat/arm64/base.vdex (com.facebook.react.bridge.queue.MessageQueueThreadImpl$Companion.$r8$lambda$YYXYCFexeoKtAeDpeNYkxZZlpbA+0)
12-27 11:11:00.034 10150 10150 F DEBUG   :       #39 pc 0000000000baca08  /data/app/~~CWLi9S-uTjHC4-hKqP-JKg==/com.aagah-gXqi6X6Y2YP12KDcv3RS5A==/oat/arm64/base.vdex (com.facebook.react.bridge.queue.MessageQueueThreadImpl$Companion$$ExternalSyntheticLambda0.run+4)
12-27 11:11:00.089  1816 10195 W ActivityManager: Process com.aagah has crashed too many times, killing! Reason: crashed quickly
12-27 11:11:00.089  1816 10195 W ActivityTaskManager:   Force finishing activity com.aagah/.MainActivity
12-27 11:11:00.091  1816 10195 D WindowManager: Collecting in transition 12669: ActivityRecord{8b42779 u0 com.aagah/.MainActivity t14503 f}} init visibleRequested:false
12-27 11:11:00.093  1816 10195 I WindowManager: Not remove startingWindow because this = ActivityRecord{8b42779 u0 com.aagah/.MainActivity t14503 f}} activityState = DESTROYED mOnFirstWindowDrawn = false mStartingData = SplashScreenStartingData{52e4cb1 waitForSyncTransactionCommit=false removeAfterTransaction= 1} WaitForSyncTransactionCommit = false mSyncState = 2 inPlaying = true isCollecting = true collecting = TransitionRecord{e93cd82 id=12669 type=CLOSE flags=0x10}
12-27 11:11:00.094  1816 10195 W TaskSnapshot_CInjector: doSnapshotQS()...ago! activity=com.aagah/.MainActivity, state=DESTROYED, lastVisibleTime=0
12-27 11:11:00.095  1816 10195 W AppStandbyController: Tried to restrict recently used app: com.aagah due to 1540
12-27 11:11:00.095  1816 10195 I PowerManagerServiceImpl: Partial wakeLock:[PARTIAL_WAKE_LOCK                 'fiid-sync' ACQ=-917ms (uid=10400 pid=10073 pkg=com.aagah)], disabled: true, procState: 18, reason: Process Priority
12-27 11:11:00.098  1816 10195 I ActivityManager: Killing 10073:com.aagah/u0a400 (adj 200): crash
