12-27 11:11:00.100  1816  1832 D CoreBackPreview: Window{b0e0e9 u0 Splash Screen com.aagah}: Setting back callback null
12-27 11:11:00.104  1816  7604 D WindowManager: Starting window removed Window{b0e0e9 u0 Splash Screen com.aagah}
12-27 11:11:00.105  1816  7604 D WindowManager: setParent old=ActivityRecord{8b42779 u0 com.aagah/.MainActivity t14503 f} isExiting},new=null,this window=Window{b0e0e9 u0 Splash Screen com.aagah},callers=com.android.server.wm.WindowContainer.removeChild:914 com.android.server.wm.ActivityRecord.removeChild:5553 com.android.server.wm.ActivityRecord.removeChild:509 com.android.server.wm.WindowContainer.removeImmediately:984 com.android.server.wm.WindowState.removeImmediately:2550 com.android.server.wm.WindowState.removeIfPossible:2738 
12-27 11:11:00.105  1816  7604 D WindowManager: postWindowRemoveCleanupLocked: Removing startingWindow Window{b0e0e9 u0 Splash Screen com.aagah} from ActivityRecord{8b42779 u0 com.aagah/.MainActivity t14503 f} isExiting} activity = ActivityRecord{8b42779 u0 com.aagah/.MainActivity t14503 f} isExiting}
12-27 11:11:00.118  1816  1850 D CoreBackPreview: Window{fb5cb33 u0 Application Error: com.aagah}: Setting back callback null
12-27 11:11:00.119  1816  3006 W ActivityManager: Ignoring remove of inactive process: ProcessRecord{aa02ed 0:com.aagah/u0a400}
12-27 11:11:00.127  1816  1850 W WindowManager: Changing focus from Window{fb5cb33 u0 Application Error: com.aagah EXITING} to Window{38b8212 u0 com.miui.home/com.miui.home.launcher.Launcher} displayId=0 Callers=com.android.server.wm.RootWindowContainer.updateFocusedWindowLocked:594 com.android.server.wm.WindowManagerService.updateFocusedWindowLocked:7208 com.android.server.wm.WindowState.setupWindowForRemoveOnExit:2765 com.android.server.wm.WindowState.removeIfPossible:2727 
12-27 11:11:00.301  1816  1853 D WindowManager: setParent old=WindowToken{a13866d type=2003 android.view.ViewRootImpl$W@d56be84},new=null,this window=Window{fb5cb33 u0 Application Error: com.aagah},callers=com.android.server.wm.WindowContainer.removeChild:914 com.android.server.wm.WindowContainer.removeImmediately:984 com.android.server.wm.WindowState.removeImmediately:2550 com.android.server.wm.WindowState.handleCompleteDeferredRemoval:5378 com.android.server.wm.WindowContainer.handleCompleteDeferredRemoval:1599 com.android.server.wm.WindowContainer.handleCompleteDeferredRemoval:1599 
12-27 11:11:00.418  1816  8613 E WindowManager: setClientVisible ActivityRecord{8b42779 u0 com.aagah/.MainActivity t14503 f} isExiting} false
12-27 11:11:00.418  1816  8613 I Transition: finishTransition: updateLastSurfacePosition tf=Task{4c6c235 #14503 type=standard A=10400:com.aagah}
12-27 11:11:00.423  1816  1853 D WindowManager: setParent old=Task{4c6c235 #14503 type=standard A=10400:com.aagah},new=null,this window=ActivityRecord{8b42779 u0 com.aagah/.MainActivity t14503 f}},callers=com.android.server.wm.WindowContainer.removeChild:914 com.android.server.wm.TaskFragment.removeChild:3343 com.android.server.wm.Task.removeChild:1913 com.android.server.wm.Task.removeChild:1892 com.android.server.wm.WindowContainer.removeImmediately:984 com.android.server.wm.WindowToken.removeImmediately:395 
12-27 11:11:00.425  1816  1853 D WindowManager: setParent old=DefaultTaskDisplayArea@170837467,new=null,this window=Task{4c6c235 #14503 type=standard A=10400:com.aagah},callers=com.android.server.wm.WindowContainer.removeChild:914 com.android.server.wm.TaskDisplayArea.removeChildTask:360 com.android.server.wm.TaskDisplayArea.removeChild:351 com.android.server.wm.WindowContainer.removeImmediately:984 com.android.server.wm.TaskFragment.removeImmediately:3423 com.android.server.wm.Task.removeImmediately:3404 
12-27 11:20:38.484  1816  3525 D ShortcutService: Getting shortcuts for launcher= com.miui.homeuser=0 pkg=com.aagah
12-27 11:20:40.613  1816  8611 D PackageManager: Uninstall pkg: com.aagah u0 flags:4 from u10151/14624 of com.miui.home
12-27 11:20:40.644  1816  1927 I ActivityManager: Force stopping com.aagah appid=10400 user=0: deletePackageX
12-27 11:20:40.645  1816  1965 I AppsFilter: interaction: PackageSetting{90820f6 com.urbanpulseplus/10054} -> PackageSetting{9abbab9 com.aagah/10400} BLOCKED
12-27 11:20:40.646  1816  1965 I AppsFilter: interaction: PackageSetting{398f4a0 com.finalagain/10142} -> PackageSetting{9abbab9 com.aagah/10400} BLOCKED
12-27 11:20:40.646  1816  1965 I AppsFilter: interaction: PackageSetting{dcd3407 com.android.microdroid.empty_payload/10364} -> PackageSetting{9abbab9 com.aagah/10400} BLOCKED
12-27 11:20:40.646  1816  1965 I AppsFilter: interaction: PackageSetting{d6af572 com.learn1/10303} -> PackageSetting{9abbab9 com.aagah/10400} BLOCKED
12-27 11:20:40.646  1816  1965 I AppsFilter: interaction: PackageSetting{dbe4e36 com.example.attendanceiitmandi/10288} -> PackageSetting{9abbab9 com.aagah/10400} BLOCKED
12-27 11:20:40.646  1816  1965 I AppsFilter: interaction: PackageSetting{226b644 com.example.motionapplication/10313} -> PackageSetting{9abbab9 com.aagah/10400} BLOCKED
12-27 11:20:40.647  1816  1965 I AppsFilter: interaction: PackageSetting{738dbb9 com.example.iitmandifaceattendance/10284} -> PackageSetting{9abbab9 com.aagah/10400} BLOCKED
12-27 11:20:40.647  1816  1965 I AppsFilter: interaction: PackageSetting{e4a2980 com.example.thirdsplashscreen/10283} -> PackageSetting{9abbab9 com.aagah/10400} BLOCKED
12-27 11:20:40.647  1816  1965 I AppsFilter: interaction: PackageSetting{e8afd81 com.collageattendance/10291} -> PackageSetting{9abbab9 com.aagah/10400} BLOCKED
12-27 11:20:40.647  1816  1965 I AppsFilter: interaction: PackageSetting{bf30c50 com.share_it/10311} -> PackageSetting{9abbab9 com.aagah/10400} BLOCKED
12-27 11:20:40.647  1816  1965 I AppsFilter: interaction: PackageSetting{8caae1d com.spotify/10317} -> PackageSetting{9abbab9 com.aagah/10400} BLOCKED
12-27 11:20:40.648  1816  1965 I AppsFilter: interaction: PackageSetting{b37f6f4 com.finalsharing/10310} -> PackageSetting{9abbab9 com.aagah/10400} BLOCKED
12-27 11:20:40.648  1816  1965 I AppsFilter: interaction: PackageSetting{1474c3a com.sharing/10309} -> PackageSetting{9abbab9 com.aagah/10400} BLOCKED
12-27 11:20:40.648  1816  1965 I AppsFilter: interaction: PackageSetting{d7e83d7 com.example.allinoneapplication/10286} -> PackageSetting{9abbab9 com.aagah/10400} BLOCKED
12-27 11:20:41.046  1816  1965 W PackageFreezer: Freeze package com.aagah about 0.424 seconds for reason: deletePackageX
12-27 11:20:41.096  1816  1965 I ActivityManager: Force stopping com.aagah appid=10400 user=0: pkg removed
12-27 11:20:41.159  1816  2647 D ShortcutService: removing package: com.aagah userId0
12-27 11:20:41.159  1816  2647 D ShortcutService: handlePackageRemoved: com.aagah user=0
12-27 11:20:41.239  1816  2125 I RollbackManager: broadcast=ACTION_PACKAGE_FULLY_REMOVED pkg=com.aagah
12-27 11:20:41.603  1816  1816 I Telecom : CarModeTracker: Package com.aagah is not tracked.: SSH.oR@q9Y
12-27 11:20:41.980  1816  1816 I ConditionProviders: Disallowing condition provider com.aagah (userSet: true)
12-27 11:20:58.814  1816  1965 W PackageFreezer: Freeze package com.aagah about 1.99 seconds for reason: installPackageLI
12-27 11:20:58.815  1816  1965 I BackupManagerService: [UserID:0] restoreAtInstall pkg=com.aagah token=d9 restoreSet=0
12-27 11:20:58.827  1816  1965 I InstallationTiming: com.aagah|null|9254|890|110|23|0|1123|1876
12-27 11:20:58.830  1816  1965 I AppsFilter: interaction: PackageSetting{25e092e com.urbanpulseplus/10054} -> PackageSetting{d9aefd1 com.aagah/10401} BLOCKED
12-27 11:20:58.830  1816  1965 I AppsFilter: interaction: PackageSetting{90f865c com.finalagain/10142} -> PackageSetting{d9aefd1 com.aagah/10401} BLOCKED
12-27 11:20:58.830  1816  1965 I AppsFilter: interaction: PackageSetting{db46d65 com.android.microdroid.empty_payload/10364} -> PackageSetting{d9aefd1 com.aagah/10401} BLOCKED
12-27 11:20:58.830  1816  1965 I AppsFilter: interaction: PackageSetting{458a3a com.learn1/10303} -> PackageSetting{d9aefd1 com.aagah/10401} BLOCKED
12-27 11:20:58.830  1816  1965 I AppsFilter: interaction: PackageSetting{95b6eb com.example.attendanceiitmandi/10288} -> PackageSetting{d9aefd1 com.aagah/10401} BLOCKED
12-27 11:20:58.830  1816  1965 I AppsFilter: interaction: PackageSetting{23cac48 com.example.motionapplication/10313} -> PackageSetting{d9aefd1 com.aagah/10401} BLOCKED
12-27 11:20:58.830  1816  1965 I AppsFilter: interaction: PackageSetting{8037ae1 com.example.iitmandifaceattendance/10284} -> PackageSetting{d9aefd1 com.aagah/10401} BLOCKED
12-27 11:20:58.831  1816  1965 I AppsFilter: interaction: PackageSetting{3f21006 com.example.thirdsplashscreen/10283} -> PackageSetting{d9aefd1 com.aagah/10401} BLOCKED
12-27 11:20:58.831  1816  1965 I AppsFilter: interaction: PackageSetting{996d6c7 com.collageattendance/10291} -> PackageSetting{d9aefd1 com.aagah/10401} BLOCKED
12-27 11:20:58.831  1816  1965 I AppsFilter: interaction: PackageSetting{f9444f4 com.share_it/10311} -> PackageSetting{d9aefd1 com.aagah/10401} BLOCKED
12-27 11:20:58.831  1816  1965 I AppsFilter: interaction: PackageSetting{7dbe41d com.spotify/10317} -> PackageSetting{d9aefd1 com.aagah/10401} BLOCKED
12-27 11:20:58.831  1816  1965 I AppsFilter: interaction: PackageSetting{38f2692 com.finalsharing/10310} -> PackageSetting{d9aefd1 com.aagah/10401} BLOCKED
12-27 11:20:58.831  1816  1965 I AppsFilter: interaction: PackageSetting{8a01863 com.sharing/10309} -> PackageSetting{d9aefd1 com.aagah/10401} BLOCKED
12-27 11:20:58.831  1816  1965 I AppsFilter: interaction: PackageSetting{32abc60 com.example.allinoneapplication/10286} -> PackageSetting{d9aefd1 com.aagah/10401} BLOCKED
12-27 11:20:58.835  1816 27059 D BaselineProfile: com.aagah prepare DexMetadata profile success, effective profile is: baseline
12-27 11:20:58.836  1816 27059 D BaselineProfile: com.aagah prepareDexMetadata success: true
12-27 11:20:58.870  1816  1921 I MiuiCompatModePackages: package com.aagah updated, removing config
12-27 11:20:58.874  1816  2599 D GreezeManager: uid: 10401  pkg:com.aagah package added.
12-27 11:20:58.883  1816  2647 D ShortcutService: adding package: com.aagah userId0
12-27 11:20:58.883  1816  2647 D ShortcutService: handlePackageAdded: com.aagah user=0
12-27 11:20:58.883  1816  2647 D ShortcutService: rescanPackageIfNeeded 0@com.aagah, forceRescan=true , isNewApp=true
12-27 11:20:58.885  1816  2647 D ShortcutService: Package com.aagah has 0 manifest shortcut(s), and 0 share target(s)
12-27 11:20:59.007  1816  1816 I AppsFilter: interaction: PackageSetting{2a9110c com.urbanpulseplus/10054} -> PackageSetting{761a55 com.aagah/10401} BLOCKED
12-27 11:20:59.007  1816  1816 I AppsFilter: interaction: PackageSetting{10d4c6a com.finalagain/10142} -> PackageSetting{761a55 com.aagah/10401} BLOCKED
12-27 11:20:59.007  1816  1816 I AppsFilter: interaction: PackageSetting{94b06d1 com.android.microdroid.empty_payload/10364} -> PackageSetting{761a55 com.aagah/10401} BLOCKED
12-27 11:20:59.007  1816  1816 I AppsFilter: interaction: PackageSetting{7abc536 com.learn1/10303} -> PackageSetting{761a55 com.aagah/10401} BLOCKED
12-27 11:20:59.007  1816  1816 I AppsFilter: interaction: PackageSetting{7fd9c37 com.example.attendanceiitmandi/10288} -> PackageSetting{761a55 com.aagah/10401} BLOCKED
12-27 11:20:59.007  1816  1816 I AppsFilter: interaction: PackageSetting{61e75a4 com.example.motionapplication/10313} -> PackageSetting{761a55 com.aagah/10401} BLOCKED
12-27 11:20:59.007  1816  1816 I AppsFilter: interaction: PackageSetting{3a83f0d com.example.iitmandifaceattendance/10284} -> PackageSetting{761a55 com.aagah/10401} BLOCKED
12-27 11:20:59.007  1816  1816 I AppsFilter: interaction: PackageSetting{2e6fec2 com.example.thirdsplashscreen/10283} -> PackageSetting{761a55 com.aagah/10401} BLOCKED
12-27 11:20:59.007  1816  1816 I AppsFilter: interaction: PackageSetting{a05c4d3 com.collageattendance/10291} -> PackageSetting{761a55 com.aagah/10401} BLOCKED
12-27 11:20:59.007  1816  1816 I AppsFilter: interaction: PackageSetting{49f4810 com.share_it/10311} -> PackageSetting{761a55 com.aagah/10401} BLOCKED
12-27 11:20:59.008  1816  1816 I AppsFilter: interaction: PackageSetting{c26bf09 com.spotify/10317} -> PackageSetting{761a55 com.aagah/10401} BLOCKED
12-27 11:20:59.008  1816  1816 I AppsFilter: interaction: PackageSetting{4aa450e com.finalsharing/10310} -> PackageSetting{761a55 com.aagah/10401} BLOCKED
12-27 11:20:59.008  1816  1816 I AppsFilter: interaction: PackageSetting{45ddb2f com.sharing/10309} -> PackageSetting{761a55 com.aagah/10401} BLOCKED
12-27 11:20:59.008  1816  1816 I AppsFilter: interaction: PackageSetting{a18d53c com.example.allinoneapplication/10286} -> PackageSetting{761a55 com.aagah/10401} BLOCKED
12-27 11:20:59.062  1816  2647 D ShortcutService: changing package: com.aagah userId0
12-27 11:20:59.074  1816  2647 D ShortcutService: handlePackageChanged: com.aagah user=0
12-27 11:20:59.074  1816  2647 D ShortcutService: rescanPackageIfNeeded 0@com.aagah, forceRescan=true , isNewApp=true
12-27 11:20:59.074  1816  2647 D ShortcutService: Package com.aagah has 0 manifest shortcut(s), and 0 share target(s)
12-27 11:20:59.853  1816  1927 D InternationalPolicyManager: isAutoStartRestrict packageName=com.aagah mode=1
12-27 11:20:59.853  1816  1927 D InternationalPolicyManager: OnOpChangedListener pkg=com.aagah allow=false
12-27 11:20:59.857  1816  8321 D ShortcutService: Getting shortcuts for launcher= com.mi.globalminusscreenuser=0 pkg=com.aagah
12-27 11:21:01.269  1816 27059 D BaselineProfile: packageName: com.aagah prepareDexMetadataTime: 24 totalTime: 2457 asyncDexMetadataDexopt success: true
12-27 11:21:01.275  1816 27059 D BaselineProfile: com.aagah exception:android.os.DeadObjectException
12-27 11:21:01.788  1816  8393 E WindowManager: setClientVisible ActivityRecord{2f92ff4 u0 com.aagah/.MainActivity true
12-27 11:21:01.791  1816  8393 D WindowManager: Collecting in transition 12675: ActivityRecord{2f92ff4 u0 com.aagah/.MainActivity t-1} init visibleRequested:false
12-27 11:21:01.798  1816  8393 D WindowManager: setLockTaskAuth: task=Task{1a6898c #14506 type=standard A=10401:com.aagah} mLockTaskAuth=LOCK_TASK_AUTH_PINNABLE
12-27 11:21:01.800  1816  8393 D WindowManager: Collecting in transition 12675: Task{1a6898c #14506 type=standard A=10401:com.aagah} init visibleRequested:false
12-27 11:21:01.806  1816  8393 D WindowManager: setLockTaskAuth: task=Task{1a6898c #14506 type=standard A=10401:com.aagah} mLockTaskAuth=LOCK_TASK_AUTH_PINNABLE
12-27 11:21:01.807  1816  8393 D MiuiFreeFormManagerService: onStartActivityInner as = Task{1a6898c #14506 type=standard A=10401:com.aagah} op = ActivityOptions(236240209), mPackageName=null, mAnimationType=13, mStartX=0, mStartY=0, mWidth=0, mHeight=0, mLaunchDisplayId=-1, mLaunchBoundsnull, mElementSurfaceTransition = null, activityOptionsInjector=ActivityOptionsInjector={freeformScale: -1.0, miniFreeformMode: false, needAnimation: true, useCustomLaunchBounds:false}
12-27 11:21:01.809  1816  8393 I WindowManager: Try to add startingWindow type = STARTING_WINDOW_TYPE_SPLASH_SCREEN this = ActivityRecord{2f92ff4 u0 com.aagah/.MainActivity t14506} preAllowTaskSnapshot = true afterAllowTaskSnapshot = true newTask = true taskSwitch = true processRunning = false activityCreated = false activityAllDrawn = false isSnapshotCompatible = false resolvedTheme = 2131951629 theme = 2131951629
12-27 11:21:01.814  1816  8393 D WindowManager: Collecting in transition 12675: ActivityRecord{2f92ff4 u0 com.aagah/.MainActivity t14506} init visibleRequested:false
12-27 11:21:01.814  1816  8393 E WindowManager: setClientVisible ActivityRecord{2f92ff4 u0 com.aagah/.MainActivity t14506} true
12-27 11:21:01.820  1816  8393 I AppsFilter: interaction: PackageSetting{2a9110c com.urbanpulseplus/10054} -> PackageSetting{82e9cc1 com.aagah/10401} BLOCKED
12-27 11:21:01.821  1816  8393 I AppsFilter: interaction: PackageSetting{10d4c6a com.finalagain/10142} -> PackageSetting{82e9cc1 com.aagah/10401} BLOCKED
12-27 11:21:01.821  1816  8393 I AppsFilter: interaction: PackageSetting{94b06d1 com.android.microdroid.empty_payload/10364} -> PackageSetting{82e9cc1 com.aagah/10401} BLOCKED
12-27 11:21:01.821  1816  8393 I AppsFilter: interaction: PackageSetting{7abc536 com.learn1/10303} -> PackageSetting{82e9cc1 com.aagah/10401} BLOCKED
12-27 11:21:01.821  1816  8393 I AppsFilter: interaction: PackageSetting{7fd9c37 com.example.attendanceiitmandi/10288} -> PackageSetting{82e9cc1 com.aagah/10401} BLOCKED
12-27 11:21:01.821  1816  8393 I AppsFilter: interaction: PackageSetting{61e75a4 com.example.motionapplication/10313} -> PackageSetting{82e9cc1 com.aagah/10401} BLOCKED
12-27 11:21:01.821  1816  8393 I AppsFilter: interaction: PackageSetting{3a83f0d com.example.iitmandifaceattendance/10284} -> PackageSetting{82e9cc1 com.aagah/10401} BLOCKED
12-27 11:21:01.821  1816  8393 I AppsFilter: interaction: PackageSetting{2e6fec2 com.example.thirdsplashscreen/10283} -> PackageSetting{82e9cc1 com.aagah/10401} BLOCKED
12-27 11:21:01.821  1816  8393 I AppsFilter: interaction: PackageSetting{a05c4d3 com.collageattendance/10291} -> PackageSetting{82e9cc1 com.aagah/10401} BLOCKED
12-27 11:21:01.821  1816  8393 I AppsFilter: interaction: PackageSetting{49f4810 com.share_it/10311} -> PackageSetting{82e9cc1 com.aagah/10401} BLOCKED
12-27 11:21:01.821  1816  8393 I AppsFilter: interaction: PackageSetting{c26bf09 com.spotify/10317} -> PackageSetting{82e9cc1 com.aagah/10401} BLOCKED
12-27 11:21:01.821  1816  8393 I AppsFilter: interaction: PackageSetting{4aa450e com.finalsharing/10310} -> PackageSetting{82e9cc1 com.aagah/10401} BLOCKED
12-27 11:21:01.821  1816  8393 I AppsFilter: interaction: PackageSetting{45ddb2f com.sharing/10309} -> PackageSetting{82e9cc1 com.aagah/10401} BLOCKED
12-27 11:21:01.821  1816  8393 I AppsFilter: interaction: PackageSetting{a18d53c com.example.allinoneapplication/10286} -> PackageSetting{82e9cc1 com.aagah/10401} BLOCKED
12-27 11:21:01.821  1816  8393 D WindowManager: Collecting in transition 12675: ActivityRecord{2f92ff4 u0 com.aagah/.MainActivity t14506} init visibleRequested:true
12-27 11:21:01.822  1816  8393 D ActivityStarterImpl: notifyHomeStartActivityFinish info = ActivityStartInfo{mPackageName='com.aagah', mIsTranslucent=false, mTransitionSyncId=12675, mStartingWindowColor=ff000000, mBounds=Rect(0, 0 - 720, 1600), mLaunchFromHome=true, mLaunchSuccess=true, mStartingWindowType=0, mTaskId=14506}
12-27 11:21:01.824  1816  8393 I ActivityTaskManager: START u0 {act=android.intent.action.MAIN cat=[android.intent.category.LAUNCHER] flg=0x10200000 cmp=com.aagah/.MainActivity bnds=[31,32][137,138] (has extras)} with LAUNCH_SINGLE_TASK from uid 10151 from pid 14624 callingPackage com.miui.home (BAL_ALLOW_VISIBLE_WINDOW) result code=0
12-27 11:21:01.826  2955  3057 I SoScStageCoordinator: Transition requested:TransitionRequestInfo { type = OPEN, triggerTask = TaskInfo{userId=0 taskId=14506 displayId=0 isRunning=true baseIntent=Intent { act=android.intent.action.MAIN cat=[android.intent.category.LAUNCHER] flg=0x10200000 cmp=com.aagah/.MainActivity } baseActivity=ComponentInfo{com.aagah/com.aagah.MainActivity} topActivity=ComponentInfo{com.aagah/com.aagah.MainActivity} origActivity=null realActivity=ComponentInfo{com.aagah/com.aagah.MainActivity} numActivities=1 lastActiveTime=1240731172 supportsSplitScreenMultiWindow=true supportsMultiWindow=true resizeMode=1 isResizeable=true minWidth=-1 minHeight=-1 defaultMinSize=200 token=WCT{android.window.IWindowContainerToken$Stub$Proxy@a3c3308} topActivityType=1 pictureInPictureParams=null shouldDockBigOverlays=false launchIntoPipHostTaskId=-1 lastParentTaskIdBeforePip=-1 displayCutoutSafeInsets=Rect(0, 52 - 0, 0) topActivityInfo=ActivityInfo{35e5aa1 com.aagah.MainActivity} launchCookies=[] positionInParent=Point(0, 0) parentTaskId=-1 isFocused=false isVisible=false isVisibleRequested=true isSleeping=false locusId=null displayAreaFeatureId=1 isTopActivityTransparent=false appCompatTaskInfo=AppCompatTaskInfo { topActivityInSizeCompat=false topActivityEligibleForLetterboxEducation= falseisLetterboxEducationEnabled= false isLetterboxDoubleTapEnabled= false topActivityEligibleForUserAspectRatioButton= false topActivityBoundsLetterboxed= false isFromLetterboxDoubleTap= false topActivityLetterboxVerticalPosition= -1 topActivityLetterboxHorizontalPosition= -1 topActivityLetterboxWidth=720 topActivityLetterboxHeight=1600 isUserFullscreenOverrideEnabled=false isSystemFullscreenOverrideEnabled=false cameraCompatTaskInfo=CameraCompatTaskInfo { cameraCompatControlState=hidden freeformCameraCompatMode=inactive}} isImmersive=false mTopActivityRequestOrientation=-1 mBehindAppLockPkg=null mOriginatingUid=0 isEmbedded=false shouldBeVisible=true isCreatedByOrganizer=false mIsCastMode=false mTopActivityMediaSize=null mTopActivityRecordName=ActivityRecord{2f92ff4 u0 com.aagah/.MainActivity t14506} mTopActivityOrientation=-1}, pipTask = null, remoteTransition = RemoteTransition { remoteTransition = android.window.IRemoteTransition$Stub$Proxy@84fd4c6, appThread = null, debugName = null, hyperRemoteTransition = null }, displayChange = null, flags = 0, debugId = 12675 } isSoScActive:false triggerTask:TaskInfo{userId=0 taskId=14506 displayId=0 isRunning=true baseIntent=Intent { act=android.intent.action.MAIN cat=[android.intent.category.LAUNCHER] flg=0x10200000 cmp=com.aagah/.MainActivity } baseActivity=ComponentInfo{com.aagah/com.aagah.MainActivity} topActivity=ComponentInfo{com.aagah/com.aagah.MainActivity} origActivity=null realActivity=ComponentInfo{com.aagah/com.aagah.MainActivity} numActivities=1 lastActiveTime=1240731172 supportsSplitScreenMultiWindow=true supportsMultiWindow=true resizeMode=1 isResizeable=true minWidth=-1 minHeight=-1 defaultMinSize=200 token=WCT{android.window.IWindowContainerToken$Stub$Proxy@a3c3308} topActivityType=1 pictureInPictureParams=null shouldDockBigOverlays=false launchIntoPipHostTaskId=-1 lastParentTaskIdBeforePip=-1 displayCutoutSafeInsets=Rect(0, 52 - 0, 0) topActivityInfo=ActivityInfo{35e5aa1 com.aagah.MainActivity} launchCookies=[] positionInParent=Point(0, 0) parentTaskId=-1 isFocused=false isVisible=false isVisibleRequested=true isSleeping=false locusId=null displayAreaFeatureId=1 isTopActivityTransparent=false appCompatTaskInfo=AppCompatTaskInfo { topActivityInSizeCompat=false topActivityEligibleForLetterboxEducation= falseisLetterboxEducationEnabled= false isLetterboxDoubleTapEnabled= false topActivityEligibleForUserAspectRatioButton= false topActivityBoundsLetterboxed= false isFromLetterboxDoubleTap= false topActivityLetterboxVerticalPosition= -1 topActivityLetterboxHorizontalPosition= -1 topActivityLetterboxWidth=720 topActivityLetterboxHeight=1600 isUserFullscreenOverrideEnabled=false isSystemFullscreenOverrideEnabled=false cameraCompatTaskInfo=CameraCompatTaskInfo { cameraCompatControlState
12-27 11:21:01.851  1816  8481 I WindowManager: Add startingWindow, surfaceControl = Surface(name=7972b43 Splash Screen com.aagah#149729)/@0x861f23e layerId = 149729
12-27 11:21:01.853  1816  8481 D WindowManager: applyFixedRotationTransform ActivityRecord{2f92ff4 u0 com.aagah/.MainActivity t14506} config={0.0 ?mcc0mnc ?localeList ?layoutDir sw360dp w800dp h360dp ?density nrml long ?ldr ?wideColorGamut land ?uimode ?night ?touch ?keyb/?/? ?nav/? winConfig={ mBounds=Rect(0, 0 - 1600, 720) mAppBounds=Rect(0, 0 - 1600, 720) mMaxBounds=Rect(0, 0 - 1600, 720) mDisplayRotation=ROTATION_90 mWindowingMode=undefined mActivityType=undefined mAlwaysOnTop=undefined mRotation=ROTATION_90 mInSplitScreen=false letterBoxed=false foScaled=false isSpecificEmbedded=false screenType=-1} ?fontWeightAdjustment/0 themeChanged=0 themeChangedFlags=0 extraData = Bundle[{}] screenType=-1/0}
12-27 11:21:01.867  1816  8481 D WindowManager: setFixedRotationLaunchingApp 0 prev=null now=ActivityRecord{2f92ff4 u0 com.aagah/.MainActivity t14506} rotation=1
12-27 11:21:01.895  1816  1833 D CoreBackPreview: Window{7972b43 u0 Splash Screen com.aagah}: Setting back callback OnBackInvokedCallbackInfo{mCallback=android.window.IOnBackInvokedCallback$Stub$Proxy@7d0dab, mPriority=0, mIsAnimationCallback=false}
12-27 11:21:01.917  1816  1928 I ActivityManager: Start proc 18455:com.aagah/u0a401 for top-activity {com.aagah/com.aagah.MainActivity} caller=com.miui.home
12-27 11:21:01.955  1816  8321 I SmartPower: com.aagah/10401(18455): -1->invisible(57ms) R(process start ) adj=-10000.
12-27 11:21:01.999  1816  1853 I SmartPower: com.aagah/10401(18455): invisible->visible(44ms) R(become visible) adj=0.
12-27 11:21:02.046  1816  8487 D PackageManager: set app component=ComponentInfo{com.aagah/androidx.work.impl.background.systemjob.SystemJobService} enabled state: 1 from com.aagah,uid=10401,pid=18455
12-27 11:21:02.087  1816  1853 E WindowManager: setClientVisible ActivityRecord{2f92ff4 u0 com.aagah/.MainActivity t14506} true
12-27 11:21:02.087  1816  1853 I WindowManager: wms.showSurfaceRobustly mWin:Window{7972b43 u0 Splash Screen com.aagah}
12-27 11:21:02.089  1816  1853 D WindowManager: Final targets: [Task{1a6898c #14506 type=standard A=10401:com.aagah}, Task{b4ece55 #12784 type=home}]
12-27 11:21:02.123  1816  1853 D WindowManager:  applyPostLayoutPolicyLw modify AppearanceRegion  win = Window{7972b43 u0 Splash Screen com.aagah} isEnable = false appearance = 0 getRecordAppearance() = 0
12-27 11:21:02.282  1816  1924 D PeriodicCleaner: com.aagah re-installed, NewAppId=10401, OldAppId=10400
12-27 11:21:02.374  1816  1833 I Transition: finishTransition: updateLastSurfacePosition tf=Task{1a6898c #14506 type=standard A=10401:com.aagah}
12-27 11:21:02.382  1816  1833 I WindowManager: rotation changed from 0 to 1 due ActivityRecord{2f92ff4 u0 com.aagah/.MainActivity t14506}
12-27 11:21:02.463  2955  3057 D MiuiFreeformModeController: onFocusTaskChanged taskInfo: TaskInfo{userId=0 taskId=14506 displayId=0 isRunning=true baseIntent=Intent { act=android.intent.action.MAIN cat=[android.intent.category.LAUNCHER] flg=0x10200000 cmp=com.aagah/.MainActivity } baseActivity=ComponentInfo{com.aagah/com.aagah.MainActivity} topActivity=ComponentInfo{com.aagah/com.aagah.MainActivity} origActivity=null realActivity=ComponentInfo{com.aagah/com.aagah.MainActivity} numActivities=1 lastActiveTime=1240731606 supportsSplitScreenMultiWindow=true supportsMultiWindow=true resizeMode=1 isResizeable=true minWidth=-1 minHeight=-1 defaultMinSize=200 token=WCT{android.window.IWindowContainerToken$Stub$Proxy@dc4034e} topActivityType=1 pictureInPictureParams=null shouldDockBigOverlays=false launchIntoPipHostTaskId=-1 lastParentTaskIdBeforePip=-1 displayCutoutSafeInsets=null topActivityInfo=ActivityInfo{1cb5c6f com.aagah.MainActivity} launchCookies=[] positionInParent=Point(0, 0) parentTaskId=-1 isFocused=true isVisible=true isVisibleRequested=true isSleeping=false locusId=null displayAreaFeatureId=1 isTopActivityTransparent=false appCompatTaskInfo=AppCompatTaskInfo { topActivityInSizeCompat=false topActivityEligibleForLetterboxEducation= falseisLetterboxEducationEnabled= false isLetterboxDoubleTapEnabled= false topActivityEligibleForUserAspectRatioButton= false topActivityBoundsLetterboxed= false isFromLetterboxDoubleTap= false topActivityLetterboxVerticalPosition= -1 topActivityLetterboxHorizontalPosition= -1 topActivityLetterboxWidth=1600 topActivityLetterboxHeight=720 isUserFullscreenOverrideEnabled=false isSystemFullscreenOverrideEnabled=false cameraCompatTaskInfo=CameraCompatTaskInfo { cameraCompatControlState=hidden freeformCameraCompatMode=inactive}} isImmersive=false mTopActivityRequestOrientation=-1 mBehindAppLockPkg=null mOriginatingUid=0 isEmbedded=false shouldBeVisible=true isCreatedByOrganizer=false mIsCastMode=false mTopActivityMediaSize=null mTopActivityRecordName=ActivityRecord{2f92ff4 u0 com.aagah/.MainActivity t14506} mTopActivityOrientation=-1}
12-27 11:21:02.586  1816  1852 D WindowManager: finishFixedRotationTransform ActivityRecord{2f92ff4 u0 com.aagah/.MainActivity t14506} applyDisplayRotation=false size=1
12-27 11:21:02.589  1816  1852 D WindowManager: setFixedRotationLaunchingApp 0 prev=ActivityRecord{2f92ff4 u0 com.aagah/.MainActivity t14506} now=null rotation=-1
12-27 11:21:02.589  1816  1852 D WindowManager: Collecting in transition 12676: Task{1a6898c #14506 type=standard A=10401:com.aagah} init visibleRequested:true
12-27 11:21:02.599  1816  1852 D WindowManager:  applyPostLayoutPolicyLw modify AppearanceRegion  win = Window{7972b43 u0 Splash Screen com.aagah} isEnable = false appearance = 0 getRecordAppearance() = 0
12-27 11:21:02.606  1816  1852 D WindowManager: Final targets: [Task{1a6898c #14506 type=standard A=10401:com.aagah}, DefaultTaskDisplayArea@170837467, Display{#0 state=ON size=1600x720 ROTATION_90}]
12-27 11:21:02.835  1816  8613 D CoreBackPreview: Window{8e89664 u0 com.aagah/com.aagah.MainActivity}: Setting back callback OnBackInvokedCallbackInfo{mCallback=android.window.IOnBackInvokedCallback$Stub$Proxy@cdf2e2c, mPriority=0, mIsAnimationCallback=false}
12-27 11:21:02.844  1816  2834 D WindowManager:  applyPostLayoutPolicyLw modify AppearanceRegion  win = Window{7972b43 u0 Splash Screen com.aagah} isEnable = false appearance = 0 getRecordAppearance() = 0
12-27 11:21:02.845  1816  2834 W WindowManager: Changing focus from null to Window{8e89664 u0 com.aagah/com.aagah.MainActivity} displayId=0 Callers=com.android.server.wm.RootWindowContainer.updateFocusedWindowLocked:594 com.android.server.wm.WindowManagerService.updateFocusedWindowLocked:7208 com.android.server.wm.WindowManagerService.relayoutWindowInner:3084 com.android.server.wm.WindowManagerService.relayoutWindow:2729 
12-27 11:21:02.851  1816  2834 D WindowManager: wms.Input focus has changed to Window{8e89664 u0 com.aagah/com.aagah.MainActivity} display=0 updateInputWindows = true
12-27 11:21:02.851  1816  2834 I WindowManager: Relayout Window{8e89664 u0 com.aagah/com.aagah.MainActivity}: oldVis=4 newVis=0 focusMayChange = true requestedWidth = 1600 requestedHeight = 720 outFrames = ClientWindowFrames{frame=[0,0][1600,720] display=[0,0][1600,720] parentFrame=[0,0][0,0]} outSurfaceControl = Surface(name=com.aagah/com.aagah.MainActivity#149740)/@0x1b3f956
12-27 11:21:02.939 18455 18580 F libc    : Fatal signal 6 (SIGABRT), code -1 (SI_QUEUE) in tid 18580 (mqt_v_js), pid 18455 (com.aagah)
12-27 11:21:03.047  1816  1965 I AppsFilter: interaction: PackageSetting{2a9110c com.urbanpulseplus/10054} -> PackageSetting{81e09ea com.aagah/10401} BLOCKED
12-27 11:21:03.047  1816  1965 I AppsFilter: interaction: PackageSetting{10d4c6a com.finalagain/10142} -> PackageSetting{81e09ea com.aagah/10401} BLOCKED
12-27 11:21:03.047  1816  1965 I AppsFilter: interaction: PackageSetting{94b06d1 com.android.microdroid.empty_payload/10364} -> PackageSetting{81e09ea com.aagah/10401} BLOCKED
12-27 11:21:03.047  1816  1965 I AppsFilter: interaction: PackageSetting{7abc536 com.learn1/10303} -> PackageSetting{81e09ea com.aagah/10401} BLOCKED
12-27 11:21:03.047  1816  1965 I AppsFilter: interaction: PackageSetting{7fd9c37 com.example.attendanceiitmandi/10288} -> PackageSetting{81e09ea com.aagah/10401} BLOCKED
12-27 11:21:03.047  1816  1965 I AppsFilter: interaction: PackageSetting{61e75a4 com.example.motionapplication/10313} -> PackageSetting{81e09ea com.aagah/10401} BLOCKED
12-27 11:21:03.047  1816  1965 I AppsFilter: interaction: PackageSetting{3a83f0d com.example.iitmandifaceattendance/10284} -> PackageSetting{81e09ea com.aagah/10401} BLOCKED
12-27 11:21:03.047  1816  1965 I AppsFilter: interaction: PackageSetting{2e6fec2 com.example.thirdsplashscreen/10283} -> PackageSetting{81e09ea com.aagah/10401} BLOCKED
12-27 11:21:03.047  1816  1965 I AppsFilter: interaction: PackageSetting{a05c4d3 com.collageattendance/10291} -> PackageSetting{81e09ea com.aagah/10401} BLOCKED
12-27 11:21:03.047  1816  1965 I AppsFilter: interaction: PackageSetting{49f4810 com.share_it/10311} -> PackageSetting{81e09ea com.aagah/10401} BLOCKED
12-27 11:21:03.047  1816  1965 I AppsFilter: interaction: PackageSetting{c26bf09 com.spotify/10317} -> PackageSetting{81e09ea com.aagah/10401} BLOCKED
12-27 11:21:03.047  1816  1965 I AppsFilter: interaction: PackageSetting{4aa450e com.finalsharing/10310} -> PackageSetting{81e09ea com.aagah/10401} BLOCKED
12-27 11:21:03.047  1816  1965 I AppsFilter: interaction: PackageSetting{45ddb2f com.sharing/10309} -> PackageSetting{81e09ea com.aagah/10401} BLOCKED
12-27 11:21:03.047  1816  1965 I AppsFilter: interaction: PackageSetting{a18d53c com.example.allinoneapplication/10286} -> PackageSetting{81e09ea com.aagah/10401} BLOCKED
12-27 11:21:03.071  1816  2647 D ShortcutService: changing package: com.aagah userId0
12-27 11:21:03.071  1816  2647 D ShortcutService: handlePackageChanged: com.aagah user=0
12-27 11:21:03.071  1816  2647 D ShortcutService: rescanPackageIfNeeded 0@com.aagah, forceRescan=true , isNewApp=true
12-27 11:21:03.072  1816  2647 D ShortcutService: Package com.aagah has 0 manifest shortcut(s), and 0 share target(s)
12-27 11:21:03.420  1816  1833 D WindowManager: wms.finishDrawingLocked: mDrawState=COMMIT_DRAW_PENDING Window{8e89664 u0 com.aagah/com.aagah.MainActivity} in Surface(name=com.aagah/com.aagah.MainActivity#149740)/@0x6270118
12-27 11:21:03.421  1816  1853 D WindowManager:  applyPostLayoutPolicyLw modify AppearanceRegion  win = Window{7972b43 u0 Splash Screen com.aagah} isEnable = false appearance = 0 getRecordAppearance() = 0
12-27 11:21:03.423  1816  1853 I WindowManager: onFirstWindowDrawn, try to remove startingWindow. this = ActivityRecord{2f92ff4 u0 com.aagah/.MainActivity t14506} associatedTask = null isMainWindow = true mStartingWindow = Window{7972b43 u0 Splash Screen com.aagah} mStartingData = SplashScreenStartingData{38276b7 waitForSyncTransactionCommit=true removeAfterTransaction= 0}
12-27 11:21:03.423  1816  1853 I WindowManager: Not remove startingWindow because this = ActivityRecord{2f92ff4 u0 com.aagah/.MainActivity t14506} activityState = RESUMED mOnFirstWindowDrawn = true mStartingData = SplashScreenStartingData{38276b7 waitForSyncTransactionCommit=true removeAfterTransaction= 1} WaitForSyncTransactionCommit = true mSyncState = 0 inPlaying = true isCollecting = false collecting = null
12-27 11:21:03.424  1816  1853 I SmartPower: Miui monitor launch : com.aagah/.MainActivity  transitionTime:339  launchTime:1650  launchFrom:com.miui.home  launchType:1
12-27 11:21:03.431  1816  1853 D WindowManager:  applyPostLayoutPolicyLw modify AppearanceRegion  win = Window{7972b43 u0 Splash Screen com.aagah} isEnable = false appearance = 0 getRecordAppearance() = 0
12-27 11:21:03.443  1816  1853 I WindowManager: wms.showSurfaceRobustly mWin:Window{8e89664 u0 com.aagah/com.aagah.MainActivity}
12-27 11:21:03.444  1816 27059 D BaselineProfile: com.aagah exception:android.os.DeadObjectException
12-27 11:21:03.476  1816  1853 D WindowManager:  applyPostLayoutPolicyLw modify AppearanceRegion  win = Window{7972b43 u0 Splash Screen com.aagah} isEnable = false appearance = 0 getRecordAppearance() = 0
12-27 11:21:03.506  1816  1850 D WindowManager:  applyPostLayoutPolicyLw modify AppearanceRegion  win = Window{7972b43 u0 Splash Screen com.aagah} isEnable = false appearance = 0 getRecordAppearance() = 0
12-27 11:21:03.510  1816  1853 D WindowManager:  applyPostLayoutPolicyLw modify AppearanceRegion  win = Window{7972b43 u0 Splash Screen com.aagah} isEnable = false appearance = 0 getRecordAppearance() = 0
12-27 11:21:03.537  1816  7522 I Transition: finishTransition: updateLastSurfacePosition tf=Task{1a6898c #14506 type=standard A=10401:com.aagah}
12-27 11:21:03.573  1816  7509 W TaskSnapshot_CInjector: doSnapshotQS()...ago! activity=com.aagah/.MainActivity, state=RESUMED, lastVisibleTime=607128470
12-27 11:21:03.631  1816  7509 D CoreBackPreview: Window{7972b43 u0 Splash Screen com.aagah}: Setting back callback null
12-27 11:21:03.640  1816  4015 D WindowManager: Starting window removed Window{7972b43 u0 Splash Screen com.aagah}
12-27 11:21:03.644  1816  2834 W PackageConfigPersister: App-specific configuration not found for packageName: com.aagah and userId: 0
12-27 11:21:03.651  1816  4015 D WindowManager:  applyPostLayoutPolicyLw modify AppearanceRegion  win = Window{7972b43 u0 Splash Screen com.aagah EXITING} isEnable = false appearance = 0 getRecordAppearance() = 0
12-27 11:21:03.660  1816  1853 D WindowManager:  applyPostLayoutPolicyLw modify AppearanceRegion  win = Window{7972b43 u0 Splash Screen com.aagah EXITING} isEnable = false appearance = 0 getRecordAppearance() = 0
12-27 11:21:03.719  1816  8605 D WindowManager:  applyPostLayoutPolicyLw modify AppearanceRegion  win = Window{7972b43 u0 Splash Screen com.aagah EXITING} isEnable = false appearance = 0 getRecordAppearance() = 0
12-27 11:21:03.796  1816  8605 D WindowManager:  applyPostLayoutPolicyLw modify AppearanceRegion  win = Window{7972b43 u0 Splash Screen com.aagah EXITING} isEnable = false appearance = 0 getRecordAppearance() = 0
12-27 11:21:03.813  1816  1853 I WindowManager: StartingWindow exit animation finished, win = Window{7972b43 u0 Splash Screen com.aagah EXITING} remove = true
12-27 11:21:03.814  1816  1853 D WindowManager: setParent old=ActivityRecord{2f92ff4 u0 com.aagah/.MainActivity t14506},new=null,this window=Window{7972b43 u0 Splash Screen com.aagah},callers=com.android.server.wm.WindowContainer.removeChild:914 com.android.server.wm.ActivityRecord.removeChild:5553 com.android.server.wm.ActivityRecord.removeChild:509 com.android.server.wm.WindowContainer.removeImmediately:984 com.android.server.wm.WindowState.removeImmediately:2550 com.android.server.wm.WindowState.destroySurface:3638 
12-27 11:21:03.814  1816  1853 D WindowManager: postWindowRemoveCleanupLocked: Removing startingWindow Window{7972b43 u0 Splash Screen com.aagah} from ActivityRecord{2f92ff4 u0 com.aagah/.MainActivity t14506} activity = ActivityRecord{2f92ff4 u0 com.aagah/.MainActivity t14506}
12-27 11:21:03.814  1816  1853 D WindowManager:  applyPostLayoutPolicyLw modify AppearanceRegion  win = Window{8e89664 u0 com.aagah/com.aagah.MainActivity} isEnable = false appearance = 0 getRecordAppearance() = 0
12-27 11:21:03.823  1816  1852 W TaskSnapshot_CInjector: isTop()...current=com.aagah/.MainActivity, topActivity=com.aagah/.MainActivity
12-27 11:21:03.831  1816  1853 D WindowManager:  applyPostLayoutPolicyLw modify AppearanceRegion  win = Window{8e89664 u0 com.aagah/com.aagah.MainActivity} isEnable = false appearance = 0 getRecordAppearance() = 0
12-27 11:21:03.957  1816  3416 D WindowManager:  applyPostLayoutPolicyLw modify AppearanceRegion  win = Window{8e89664 u0 com.aagah/com.aagah.MainActivity} isEnable = false appearance = 0 getRecordAppearance() = 0
12-27 11:21:03.983  1816  1853 D WindowManager:  applyPostLayoutPolicyLw modify AppearanceRegion  win = Window{8e89664 u0 com.aagah/com.aagah.MainActivity} isEnable = false appearance = 0 getRecordAppearance() = 0
12-27 11:21:04.019  1816  1850 D WindowManager:  applyPostLayoutPolicyLw modify AppearanceRegion  win = Window{8e89664 u0 com.aagah/com.aagah.MainActivity} isEnable = false appearance = 0 getRecordAppearance() = 0
12-27 11:21:04.023  1816  1853 D WindowManager:  applyPostLayoutPolicyLw modify AppearanceRegion  win = Window{8e89664 u0 com.aagah/com.aagah.MainActivity} isEnable = false appearance = 0 getRecordAppearance() = 0
12-27 11:21:04.512  1816  1853 D WindowManager:  applyPostLayoutPolicyLw modify AppearanceRegion  win = Window{8e89664 u0 com.aagah/com.aagah.MainActivity} isEnable = false appearance = 0 getRecordAppearance() = 0
12-27 11:21:04.521  1816  1853 D WindowManager:  applyPostLayoutPolicyLw modify AppearanceRegion  win = Window{8e89664 u0 com.aagah/com.aagah.MainActivity} isEnable = false appearance = 0 getRecordAppearance() = 0
12-27 11:21:04.542  1816  1850 D WindowManager:  applyPostLayoutPolicyLw modify AppearanceRegion  win = Window{8e89664 u0 com.aagah/com.aagah.MainActivity} isEnable = false appearance = 0 getRecordAppearance() = 0
12-27 11:21:04.544  1816  1853 D WindowManager:  applyPostLayoutPolicyLw modify AppearanceRegion  win = Window{8e89664 u0 com.aagah/com.aagah.MainActivity} isEnable = false appearance = 0 getRecordAppearance() = 0
12-27 11:21:04.912 18604 18604 F DEBUG   : Cmdline: com.aagah
12-27 11:21:04.912 18604 18604 F DEBUG   : pid: 18455, tid: 18580, name: mqt_v_js  >>> com.aagah <<<
12-27 11:21:04.913 18604 18604 F DEBUG   :       #01 pc 00000000000a0210  /data/app/~~qy4ZllvxKA2v8xQL2tAYsQ==/com.aagah-MjiGuxvOAIC7oQ5hWMIs7g==/base.apk!libc++_shared.so (offset 0xbc4000) (BuildId: 6783a7f3a0d9c67c55a74cadc441ed55aaa493da)
12-27 11:21:04.913 18604 18604 F DEBUG   :       #02 pc 000000000009eeb0  /data/app/~~qy4ZllvxKA2v8xQL2tAYsQ==/com.aagah-MjiGuxvOAIC7oQ5hWMIs7g==/base.apk!libc++_shared.so (offset 0xbc4000) (BuildId: 6783a7f3a0d9c67c55a74cadc441ed55aaa493da)
12-27 11:21:04.913 18604 18604 F DEBUG   :       #03 pc 000000000009f374  /data/app/~~qy4ZllvxKA2v8xQL2tAYsQ==/com.aagah-MjiGuxvOAIC7oQ5hWMIs7g==/base.apk!libc++_shared.so (offset 0xbc4000) (BuildId: 6783a7f3a0d9c67c55a74cadc441ed55aaa493da)
12-27 11:21:04.913 18604 18604 F DEBUG   :       #04 pc 000000000009f314  /data/app/~~qy4ZllvxKA2v8xQL2tAYsQ==/com.aagah-MjiGuxvOAIC7oQ5hWMIs7g==/base.apk!libc++_shared.so (offset 0xbc4000) (std::terminate()+56) (BuildId: 6783a7f3a0d9c67c55a74cadc441ed55aaa493da)
12-27 11:21:04.913 18604 18604 F DEBUG   :       #05 pc 000000000027e224  /data/app/~~qy4ZllvxKA2v8xQL2tAYsQ==/com.aagah-MjiGuxvOAIC7oQ5hWMIs7g==/base.apk!libreactnative.so (offset 0x121c000) (BuildId: 691b347289c731b84861047df2aaafbd84f47080)
12-27 11:21:04.913 18604 18604 F DEBUG   :       #06 pc 00000000004bf374  /data/app/~~qy4ZllvxKA2v8xQL2tAYsQ==/com.aagah-MjiGuxvOAIC7oQ5hWMIs7g==/base.apk!libreactnative.so (offset 0x121c000) (BuildId: 691b347289c731b84861047df2aaafbd84f47080)
12-27 11:21:04.913 18604 18604 F DEBUG   :       #07 pc 00000000002db9e4  /data/app/~~qy4ZllvxKA2v8xQL2tAYsQ==/com.aagah-MjiGuxvOAIC7oQ5hWMIs7g==/base.apk!libreactnative.so (offset 0x121c000) (facebook::react::JsErrorHandler::handleErrorWithCppPipeline(facebook::jsi::Runtime&, facebook::jsi::JSError&, bool, bool)+7440) (BuildId: 691b347289c731b84861047df2aaafbd84f47080)
12-27 11:21:04.913 18604 18604 F DEBUG   :       #08 pc 00000000002d9988  /data/app/~~qy4ZllvxKA2v8xQL2tAYsQ==/com.aagah-MjiGuxvOAIC7oQ5hWMIs7g==/base.apk!libreactnative.so (offset 0x121c000) (facebook::react::JsErrorHandler::handleError(facebook::jsi::Runtime&, facebook::jsi::JSError&, bool, bool)+1684) (BuildId: 691b347289c731b84861047df2aaafbd84f47080)
12-27 11:21:04.913 18604 18604 F DEBUG   :       #09 pc 000000000028d420  /data/app/~~qy4ZllvxKA2v8xQL2tAYsQ==/com.aagah-MjiGuxvOAIC7oQ5hWMIs7g==/base.apk!libreactnative.so (offset 0x121c000) (BuildId: 691b347289c731b84861047df2aaafbd84f47080)
12-27 11:21:04.913 18604 18604 F DEBUG   :       #10 pc 00000000000abe48  /data/app/~~qy4ZllvxKA2v8xQL2tAYsQ==/com.aagah-MjiGuxvOAIC7oQ5hWMIs7g==/base.apk!libhermesvm.so (offset 0xd60000) (BuildId: 5ecc060199caaf24c191abad40cb4d0af7fb15d6)
12-27 11:21:04.913 18604 18604 F DEBUG   :       #11 pc 00000000000abb84  /data/app/~~qy4ZllvxKA2v8xQL2tAYsQ==/com.aagah-MjiGuxvOAIC7oQ5hWMIs7g==/base.apk!libhermesvm.so (offset 0xd60000) (BuildId: 5ecc060199caaf24c191abad40cb4d0af7fb15d6)
12-27 11:21:04.913 18604 18604 F DEBUG   :       #12 pc 00000000000b4370  /data/app/~~qy4ZllvxKA2v8xQL2tAYsQ==/com.aagah-MjiGuxvOAIC7oQ5hWMIs7g==/base.apk!libhermesvm.so (offset 0xd60000) (BuildId: 5ecc060199caaf24c191abad40cb4d0af7fb15d6)
12-27 11:21:04.913 18604 18604 F DEBUG   :       #13 pc 00000000000c6758  /data/app/~~qy4ZllvxKA2v8xQL2tAYsQ==/com.aagah-MjiGuxvOAIC7oQ5hWMIs7g==/base.apk!libhermesvm.so (offset 0xd60000) (BuildId: 5ecc060199caaf24c191abad40cb4d0af7fb15d6)
12-27 11:21:04.913 18604 18604 F DEBUG   :       #14 pc 00000000000c60b8  /data/app/~~qy4ZllvxKA2v8xQL2tAYsQ==/com.aagah-MjiGuxvOAIC7oQ5hWMIs7g==/base.apk!libhermesvm.so (offset 0xd60000) (BuildId: 5ecc060199caaf24c191abad40cb4d0af7fb15d6)
12-27 11:21:04.913 18604 18604 F DEBUG   :       #15 pc 00000000000f5b80  /data/app/~~qy4ZllvxKA2v8xQL2tAYsQ==/com.aagah-MjiGuxvOAIC7oQ5hWMIs7g==/base.apk!libhermesvm.so (offset 0xd60000) (BuildId: 5ecc060199caaf24c191abad40cb4d0af7fb15d6)
12-27 11:21:04.913 18604 18604 F DEBUG   :       #16 pc 00000000000a0cb0  /data/app/~~qy4ZllvxKA2v8xQL2tAYsQ==/com.aagah-MjiGuxvOAIC7oQ5hWMIs7g==/base.apk!libhermesvm.so (offset 0xd60000) (BuildId: 5ecc060199caaf24c191abad40cb4d0af7fb15d6)
12-27 11:21:04.913 18604 18604 F DEBUG   :       #17 pc 00000000000a70c4  /data/app/~~qy4ZllvxKA2v8xQL2tAYsQ==/com.aagah-MjiGuxvOAIC7oQ5hWMIs7g==/base.apk!libhermesvm.so (offset 0xd60000) (BuildId: 5ecc060199caaf24c191abad40cb4d0af7fb15d6)
12-27 11:21:04.913 18604 18604 F DEBUG   :       #18 pc 00000000000a0ab0  /data/app/~~qy4ZllvxKA2v8xQL2tAYsQ==/com.aagah-MjiGuxvOAIC7oQ5hWMIs7g==/base.apk!libhermesvm.so (offset 0xd60000) (BuildId: 5ecc060199caaf24c191abad40cb4d0af7fb15d6)
12-27 11:21:04.913 18604 18604 F DEBUG   :       #19 pc 0000000000288e3c  /data/app/~~qy4ZllvxKA2v8xQL2tAYsQ==/com.aagah-MjiGuxvOAIC7oQ5hWMIs7g==/base.apk!libreactnative.so (offset 0x121c000) (BuildId: 691b347289c731b84861047df2aaafbd84f47080)
12-27 11:21:04.913 18604 18604 F DEBUG   :       #20 pc 0000000000457ce4  /data/app/~~qy4ZllvxKA2v8xQL2tAYsQ==/com.aagah-MjiGuxvOAIC7oQ5hWMIs7g==/base.apk!libreactnative.so (offset 0x121c000) (facebook::react::Task::execute(facebook::jsi::Runtime&, bool)+312) (BuildId: 691b347289c731b84861047df2aaafbd84f47080)
12-27 11:21:04.913 18604 18604 F DEBUG   :       #21 pc 0000000000455e74  /data/app/~~qy4ZllvxKA2v8xQL2tAYsQ==/com.aagah-MjiGuxvOAIC7oQ5hWMIs7g==/base.apk!libreactnative.so (offset 0x121c000) (facebook::react::RuntimeScheduler_Modern::executeTask(facebook::jsi::Runtime&, facebook::react::Task&, bool) const+60) (BuildId: 691b347289c731b84861047df2aaafbd84f47080)
12-27 11:21:04.913 18604 18604 F DEBUG   :       #22 pc 0000000000456784  /data/app/~~qy4ZllvxKA2v8xQL2tAYsQ==/com.aagah-MjiGuxvOAIC7oQ5hWMIs7g==/base.apk!libreactnative.so (offset 0x121c000) (facebook::react::RuntimeScheduler_Modern::runEventLoopTick(facebook::jsi::Runtime&, facebook::react::Task&)+124) (BuildId: 691b347289c731b84861047df2aaafbd84f47080)
12-27 11:21:04.913 18604 18604 F DEBUG   :       #23 pc 0000000000456494  /data/app/~~qy4ZllvxKA2v8xQL2tAYsQ==/com.aagah-MjiGuxvOAIC7oQ5hWMIs7g==/base.apk!libreactnative.so (offset 0x121c000) (facebook::react::RuntimeScheduler_Modern::runEventLoop(facebook::jsi::Runtime&)+88) (BuildId: 691b347289c731b84861047df2aaafbd84f47080)
12-27 11:21:04.913 18604 18604 F DEBUG   :       #24 pc 00000000002869c4  /data/app/~~qy4ZllvxKA2v8xQL2tAYsQ==/com.aagah-MjiGuxvOAIC7oQ5hWMIs7g==/base.apk!libreactnative.so (offset 0x121c000) (BuildId: 691b347289c731b84861047df2aaafbd84f47080)
12-27 11:21:04.913 18604 18604 F DEBUG   :       #25 pc 000000000049671c  /data/app/~~qy4ZllvxKA2v8xQL2tAYsQ==/com.aagah-MjiGuxvOAIC7oQ5hWMIs7g==/base.apk!libreactnative.so (offset 0x121c000) (BuildId: 691b347289c731b84861047df2aaafbd84f47080)
12-27 11:21:04.913 18604 18604 F DEBUG   :       #26 pc 0000000000017dd0  /data/app/~~qy4ZllvxKA2v8xQL2tAYsQ==/com.aagah-MjiGuxvOAIC7oQ5hWMIs7g==/base.apk!libfbjni.so (offset 0xd04000) (facebook::jni::detail::MethodWrapper<void (facebook::jni::JNativeRunnable::*)(), &facebook::jni::JNativeRunnable::run(), facebook::jni::JNativeRunnable, void>::dispatch(facebook::jni::alias_ref<facebook::jni::detail::JTypeFor<facebook::jni::HybridClass<facebook::jni::JNativeRunnable, facebook::jni::JRunnable>::JavaPart, facebook::jni::JRunnable, void>::_javaobject*>)+72) (BuildId: e438f6554af1d86b210a05412e96c4251e570157)
12-27 11:21:04.913 18604 18604 F DEBUG   :       #27 pc 0000000000017d10  /data/app/~~qy4ZllvxKA2v8xQL2tAYsQ==/com.aagah-MjiGuxvOAIC7oQ5hWMIs7g==/base.apk!libfbjni.so (offset 0xd04000) (facebook::jni::detail::FunctionWrapper<void (*)(facebook::jni::alias_ref<facebook::jni::detail::JTypeFor<facebook::jni::HybridClass<facebook::jni::JNativeRunnable, facebook::jni::JRunnable>::JavaPart, facebook::jni::JRunnable, void>::_javaobject*>), facebook::jni::detail::JTypeFor<facebook::jni::HybridClass<facebook::jni::JNativeRunnable, facebook::jni::JRunnable>::JavaPart, facebook::jni::JRunnable, void>::_javaobject*, void>::call(_JNIEnv*, _jobject*, void (*)(facebook::jni::alias_ref<facebook::jni::detail::JTypeFor<facebook::jni::HybridClass<facebook::jni::JNativeRunnable, facebook::jni::JRunnable>::JavaPart, facebook::jni::JRunnable, void>::_javaobject*>))+60) (BuildId: e438f6554af1d86b210a05412e96c4251e570157)
12-27 11:21:04.913 18604 18604 F DEBUG   :       #31 pc 0000000000bac992  /data/app/~~qy4ZllvxKA2v8xQL2tAYsQ==/com.aagah-MjiGuxvOAIC7oQ5hWMIs7g==/oat/arm64/base.vdex (com.facebook.react.bridge.queue.MessageQueueThreadHandler.dispatchMessage+10)
12-27 11:21:04.913 18604 18604 F DEBUG   :       #35 pc 0000000000bacc3c  /data/app/~~qy4ZllvxKA2v8xQL2tAYsQ==/com.aagah-MjiGuxvOAIC7oQ5hWMIs7g==/oat/arm64/base.vdex (com.facebook.react.bridge.queue.MessageQueueThreadImpl$Companion.startNewBackgroundThread$lambda$0+28)
12-27 11:21:04.913 18604 18604 F DEBUG   :       #37 pc 0000000000bacbd8  /data/app/~~qy4ZllvxKA2v8xQL2tAYsQ==/com.aagah-MjiGuxvOAIC7oQ5hWMIs7g==/oat/arm64/base.vdex (com.facebook.react.bridge.queue.MessageQueueThreadImpl$Companion.$r8$lambda$YYXYCFexeoKtAeDpeNYkxZZlpbA+0)
12-27 11:21:04.913 18604 18604 F DEBUG   :       #39 pc 0000000000baca28  /data/app/~~qy4ZllvxKA2v8xQL2tAYsQ==/com.aagah-MjiGuxvOAIC7oQ5hWMIs7g==/oat/arm64/base.vdex (com.facebook.react.bridge.queue.MessageQueueThreadImpl$Companion$$ExternalSyntheticLambda0.run+4)
12-27 11:21:05.004  1816 18820 W ActivityTaskManager:   Force finishing activity com.aagah/.MainActivity
